--------- beginning of system
03-11 21:50:41.099   686  2745 I ActivityManager: Force stopping com.mahfilfund.app appid=10220 user=0: from pid 26735
03-11 21:50:41.101   686  2745 I AppsFilter: interaction: PackageSetting{166a991 com.primenow.app/10216} -> PackageSetting{b70c4a3 com.mahfilfund.app/10220} BLOCKED
--------- beginning of main
03-11 21:50:41.109  1255  1255 D CarrierSvcBindHelper: onHandleForceStop: [com.mahfilfund.app]
03-11 21:50:41.110  1255  1255 D CarrierSvcBindHelper: No carrier app for: 0
03-11 21:50:41.217 26738 26738 D AndroidRuntime: >>>>>> START com.android.internal.os.RuntimeInit uid 2000 <<<<<<
03-11 21:50:41.224 26738 26738 I AndroidRuntime: Using default boot image
03-11 21:50:41.224 26738 26738 I AndroidRuntime: Leaving lock profiling enabled
03-11 21:50:41.228 26738 26738 I app_process: Using CollectorTypeCMC GC.
03-11 21:50:41.306 26738 26738 D nativeloader: InitDefaultPublicLibraries for_preload=1: libandroid.so:libaaudio.so:libamidi.so:libbinder_ndk.so:libc.so:libcamera2ndk.so:libdl.so:libEGL.so:libGLESv1_CM.so:libGLESv2.so:libGLESv3.so:libicu.so:libicui18n.so:libicuuc.so:libjnigraphics.so:liblog.so:libmediandk.so:libm.so:libnativehelper.so:libnativewindow.so:libOpenMAXAL.so:libOpenSLES.so:libRS.so:libstdc++.so:libsync.so:libvulkan.so:libwebviewchromium_plat_support.so:libz.so
03-11 21:50:41.316 26738 26738 D nativeloader: Load libicu_jni.so using APEX ns com_android_art for caller /apex/com.android.art/javalib/core-oj.jar: ok
03-11 21:50:41.316 26738 26738 D app_process: u_setTimeZoneFilesDirectory("/apex/com.android.tzdata/etc/tz/versioned/9/icu") succeeded. 
03-11 21:50:41.317 26738 26738 D app_process: I18n APEX ICU file found: /apex/com.android.i18n/etc/icu/icudt76l.dat
03-11 21:50:41.318 26738 26738 D nativeloader: Load libjavacore.so using APEX ns com_android_art for caller /apex/com.android.art/javalib/core-oj.jar: ok
03-11 21:50:41.318 26738 26738 D nativeloader: Load libopenjdk.so using APEX ns com_android_art for caller /apex/com.android.art/javalib/core-oj.jar: ok
03-11 21:50:41.320 26738 26738 I app_process: Priority-to-niceness mapping: 19, 16, 13, 10, 0, -2, -4, -5, -6, -8
03-11 21:50:41.341 26738 26738 D nativeloader: Load libframework-connectivity-tiramisu-jni.so using APEX ns com_android_tethering for caller /apex/com.android.tethering/javalib/framework-connectivity-t.jar: ok
03-11 21:50:41.342 26738 26738 D AndroidRuntime: Calling main entry com.android.commands.monkey.Monkey
03-11 21:50:41.342 26738 26738 D nativeloader: Load /system/lib64/libmonkey_jni.so using ns default for caller /system/framework/monkey.jar in same partition (is_bridged=0): ok
03-11 21:50:41.343 26738 26738 W Monkey  : args: [-p, com.mahfilfund.app, -c, android.intent.category.LAUNCHER, 1]
03-11 21:50:41.346 26738 26738 I AconfigPackage: android.media.swcodec.flags is mapped to com.android.media.swcodec
03-11 21:50:41.346 26738 26738 I AconfigPackage: com.android.permission.flags is mapped to com.android.permission
03-11 21:50:41.346 26738 26738 I AconfigPackage: com.android.permissioncontroller.flags is mapped to com.android.permission
03-11 21:50:41.346 26738 26738 I AconfigPackage: com.android.icu is mapped to com.android.i18n
03-11 21:50:41.346 26738 26738 I AconfigPackage: com.android.appsearch.flags is mapped to com.android.appsearch
03-11 21:50:41.346 26738 26738 I AconfigPackage: android.uprobestats.mainline.flags is mapped to com.android.uprobestats
03-11 21:50:41.346 26738 26738 I AconfigPackage: com.android.crashrecovery.flags is mapped to com.android.crashrecovery
03-11 21:50:41.346 26738 26738 I AconfigPackage: android.provider.flags is mapped to com.android.configinfrastructure
03-11 21:50:41.346 26738 26738 I AconfigPackage: com.android.server.deviceconfig is mapped to com.android.configinfrastructure
03-11 21:50:41.346 26738 26738 I AconfigPackage: com.android.art.flags is mapped to com.android.art
03-11 21:50:41.346 26738 26738 I AconfigPackage: com.android.art.rw.flags is mapped to com.android.art
03-11 21:50:41.346 26738 26738 I AconfigPackage: com.android.libcore is mapped to com.android.art
03-11 21:50:41.346 26738 26738 I AconfigPackage: com.android.telephony.flags is mapped to com.android.telephonycore
03-11 21:50:41.346 26738 26738 I AconfigPackage: com.android.media.extractor.flags is mapped to com.android.media
03-11 21:50:41.346 26738 26738 I AconfigPackage: com.android.media.mainline.flags is mapped to com.android.media
03-11 21:50:41.346 26738 26738 I AconfigPackage: com.android.wifi.flags is mapped to com.android.wifi
03-11 21:50:41.346 26738 26738 I AconfigPackage: com.android.org.conscrypt.flags is mapped to com.android.conscrypt
03-11 21:50:41.346 26738 26738 I AconfigPackage: com.android.org.conscrypt.net.flags is mapped to com.android.conscrypt
03-11 21:50:41.346 26738 26738 I AconfigPackage: com.android.healthfitness.flags is mapped to com.android.healthfitness
03-11 21:50:41.346 26738 26738 I AconfigPackage: com.android.ipsec.flags is mapped to com.android.ipsec
03-11 21:50:41.347 26738 26738 I AconfigPackage: com.android.nfc.module.flags is mapped to com.android.nfcservices
03-11 21:50:41.347 26738 26738 I AconfigPackage: com.android.adservices.ondevicepersonalization.flags is mapped to com.android.ondevicepersonalization
03-11 21:50:41.347 26738 26738 I AconfigPackage: com.android.adbd.flags is mapped to com.android.adbd
03-11 21:50:41.347 26738 26738 I AconfigPackage: com.android.bluetooth.flags is mapped to com.android.bt
03-11 21:50:41.347 26738 26738 I AconfigPackage: com.android.devicelock.flags is mapped to com.android.devicelock
03-11 21:50:41.347 26738 26738 I AconfigPackage: android.os.profiling is mapped to com.android.profiling
03-11 21:50:41.347 26738 26738 I AconfigPackage: android.os.profiling.anomaly.flags is mapped to com.android.profiling
03-11 21:50:41.347 26738 26738 I AconfigPackage: com.android.os.statsd.flags is mapped to com.android.os.statsd
03-11 21:50:41.347 26738 26738 I AconfigPackage: com.android.rkpd.flags is mapped to com.android.rkpd
03-11 21:50:41.347 26738 26738 I AconfigPackage: com.android.cellbroadcastreceiver.flags is mapped to com.android.cellbroadcast
03-11 21:50:41.347 26738 26738 I AconfigPackage: com.android.adservices.flags is mapped to com.android.adservices
03-11 21:50:41.347 26738 26738 I AconfigPackage: com.android.sdksandbox.flags is mapped to com.android.adservices
03-11 21:50:41.347 26738 26738 I AconfigPackage: com.android.uwb.flags is mapped to com.android.uwb
03-11 21:50:41.347 26738 26738 I AconfigPackage: com.android.ranging.flags is mapped to com.android.uwb
03-11 21:50:41.347 26738 26738 I AconfigPackage: android.graphics.pdf.flags is mapped to com.android.mediaprovider
03-11 21:50:41.347 26738 26738 I AconfigPackage: com.android.providers.media.flags is mapped to com.android.mediaprovider
03-11 21:50:41.347 26738 26738 I AconfigPackage: android.graphics.pdf.flags.readonly is mapped to com.android.mediaprovider
03-11 21:50:41.347 26738 26738 I AconfigPackage: com.android.tethering.mainline.beta is mapped to com.android.tethering
03-11 21:50:41.347 26738 26738 I AconfigPackage: android.net.http is mapped to com.android.tethering
03-11 21:50:41.347 26738 26738 I AconfigPackage: com.android.tethering.readonly.flags is mapped to com.android.tethering
03-11 21:50:41.347 26738 26738 I AconfigPackage: android.net.vcn is mapped to com.android.tethering
03-11 21:50:41.347 26738 26738 I AconfigPackage: com.android.net.flags is mapped to com.android.tethering
03-11 21:50:41.347 26738 26738 I AconfigPackage: com.android.tethering.beta.test is mapped to com.android.tethering
03-11 21:50:41.347 26738 26738 I AconfigPackage: com.android.nearby.flags is mapped to com.android.tethering
03-11 21:50:41.347 26738 26738 I AconfigPackage: com.android.net.ct.flags is mapped to com.android.tethering
03-11 21:50:41.347 26738 26738 I AconfigPackage: com.android.net.thread.flags is mapped to com.android.tethering
03-11 21:50:41.347 26738 26738 I AconfigPackage: com.android.system.virtualmachine.flags is mapped to com.android.virt
03-11 21:50:41.347 26738 26738 E FeatureFlagsImplExport: android.os.flagging.AconfigStorageReadException: ERROR_PACKAGE_NOT_FOUND: package android.xr cannot be found on the device
03-11 21:50:41.354 26738 26738 W Monkey  :  arg: "-p"
03-11 21:50:41.354 26738 26738 W Monkey  :  arg: "com.mahfilfund.app"
03-11 21:50:41.354 26738 26738 W Monkey  :  arg: "-c"
03-11 21:50:41.354 26738 26738 W Monkey  :  arg: "android.intent.category.LAUNCHER"
03-11 21:50:41.354 26738 26738 W Monkey  :  arg: "1"
03-11 21:50:41.354 26738 26738 W Monkey  : data="com.mahfilfund.app"
03-11 21:50:41.354 26738 26738 W Monkey  : data="android.intent.category.LAUNCHER"
03-11 21:50:41.356   686   823 D EventHub: No input device configuration file found for device 'Monkey touch'.
03-11 21:50:41.357   686   823 I EventHub: usingClockIoctl=true
03-11 21:50:41.357   686   823 I EventHub: New device: id=14, fd=657, path='/dev/input/event13', name='Monkey touch', classes=TOUCH | TOUCH_MT, configuration='', keyLayout='', keyCharacterMap='', builtinKeyboard=false, 
03-11 21:50:41.362   686   823 I InputReader: Device reconfigured: id=14, name='Monkey touch', size 1080x2400, orientation Rotation0, mode DIRECT, display id 0
03-11 21:50:41.363   686   823 I InputReader: Device added: id=14, eventHubId=14, name='Monkey touch', descriptor='e1fe28b90f915c7d1febbd52c1ef84b3c4cbed9f',sources=TOUCHSCREEN
03-11 21:50:41.376   686   715 D WindowManager: Direct invocation of sendNewConfiguration: Display{#0 state=ON size=1080x2400 ROTATION_0}
03-11 21:50:41.378   686   715 W libbinder.IPCThreadState: Sending oneway calls to frozen process.
03-11 21:50:41.378   686   715 W libbinder.IPCThreadState: Sending oneway calls to frozen process.
03-11 21:50:41.388  6892  6892 I PkDeviceHelper: PkDeviceHelper.refreshDevices():93 refreshing devices
03-11 21:50:41.393  6892  6892 I PkDeviceHelper: PkDeviceHelper.addDevice():133 device qwerty2 added
03-11 21:50:41.400   686   705 W ActivityManager: registerReceiverWithFeature: no app for null
03-11 21:50:41.406   686  2745 W ActivityTaskManager: callingPackage for (uid=2000, pid=26738) has no WPC
03-11 21:50:41.406   686  2745 V WindowManager: DesktopModeLaunchParamsModifier: phase= 0 task=null activity=null display-area-from-current-params=null display-area-from-default-fallback=DefaultTaskDisplayArea@67953473 display-id=0 task-display-area-windowing-mode=1 suggested-display-area=DefaultTaskDisplayArea@67953473 task null, skipping
03-11 21:50:41.406   686  2745 V WindowManager: TaskLaunchParamsModifier:phase=0 task=null activity=null display-area-from-current-params=null display-area-from-default-fallback=DefaultTaskDisplayArea@67953473 display-id=0 task-display-area-windowing-mode=1 suggested-display-area=DefaultTaskDisplayArea@67953473
03-11 21:50:41.407   686  2745 V GrammaticalInflectionUtils: AttributionSource: android.content.AttributionSource@47e1b70 does not have READ_SYSTEM_GRAMMATICAL_GENDER permission.
03-11 21:50:41.407  6892  6892 I AbstractOpenableExtension: AbstractOpenableExtension.createKeyboardGroupManagerListenableFuture():121 Create keyboard group manager listenable future in emp
03-11 21:50:41.408   686  2745 V WindowManager: DesktopModeLaunchParamsModifier: phase= 0 task=null activity=ActivityRecord{234559938 u0 com.mahfilfund.app/.MainActivity display-area-from-current-params=null display-area-from-default-fallback=DefaultTaskDisplayArea@67953473 display-id=0 task-display-area-windowing-mode=1 suggested-display-area=DefaultTaskDisplayArea@67953473 task null, skipping
03-11 21:50:41.408   686  2745 V WindowManager: TaskLaunchParamsModifier:phase=0 task=null activity=ActivityRecord{234559938 u0 com.mahfilfund.app/.MainActivity t-1} display-area-from-current-params=null display-area-from-default-fallback=DefaultTaskDisplayArea@67953473 display-id=0 task-display-area-windowing-mode=1 suggested-display-area=DefaultTaskDisplayArea@67953473
03-11 21:50:41.408   686  2745 V WindowManager: DesktopModeLaunchParamsModifier: phase= 3 task=null activity=ActivityRecord{234559938 u0 com.mahfilfund.app/.MainActivity t-1} display-area-from-current-params=null display-area-from-default-fallback=DefaultTaskDisplayArea@67953473 display-id=0 task-display-area-windowing-mode=1 suggested-display-area=DefaultTaskDisplayArea@67953473 task null, skipping
03-11 21:50:41.408   686  2745 V WindowManager: TaskLaunchParamsModifier:phase=3 task=null activity=ActivityRecord{234559938 u0 com.mahfilfund.app/.MainActivity t-1} display-area-from-current-params=null display-area-from-default-fallback=DefaultTaskDisplayArea@67953473 display-id=0 task-display-area-windowing-mode=1 suggested-display-area=DefaultTaskDisplayArea@67953473 non-freeform-task-display-area display-area=DefaultTaskDisplayArea@67953473 skip-bounds-fullscreen
03-11 21:50:41.410   686  2745 V WindowManager: DesktopModeLaunchParamsModifier: phase= 3 task=Task{3cf43d3 #25 type=standard A=10220:com.mahfilfund.app} activity=ActivityRecord{234559938 u0 com.mahfilfund.app/.MainActivity t-1} display-from-task=0 display-id=0 task-display-area-windowing-mode=1 suggested-display-area=DefaultTaskDisplayArea@67953473 not entering desktop mode, skipping
03-11 21:50:41.411   686  2745 V WindowManager: TaskLaunchParamsModifier:phase=3 task=Task{3cf43d3 #25 type=standard A=10220:com.mahfilfund.app} activity=ActivityRecord{234559938 u0 com.mahfilfund.app/.MainActivity t-1} display-from-task=0 display-id=0 task-display-area-windowing-mode=1 suggested-display-area=DefaultTaskDisplayArea@67953473 inherit-from-task=fullscreen non-freeform-task-display-area display-area=DefaultTaskDisplayArea@67953473 skip-bounds-fullscreen
03-11 21:50:41.412  6892  6892 W NotificationCenter: NotificationCenter$NotificationQueue.notifyPendingNotificationsOnExecutor():877 Heavy notify work detected on UI thread: [lom->jpv, lom->ngr, jri->fhc, jri->hbg, moh->mog] takes 26ms
03-11 21:50:41.415   545   664 I libbinder.BpBinder: onLastStrongRef automatically unlinking death recipients for descriptor: '(not cached)'
03-11 21:50:41.417   686  2745 I ActivityTaskManager: START u0 {act=android.intent.action.MAIN cat=[android.intent.category.LAUNCHER] flg=0x10200000 cmp=com.mahfilfund.app/.MainActivity} with LAUNCH_SINGLE_TASK from uid 2000 (com.android.shell) (BAL_ALLOW_PERMISSION) result code=0
03-11 21:50:41.417 26738 26738 I Monkey  : Events injected: 1
03-11 21:50:41.438  1323  1323 D BaseActivity: Launcher flags updated: [state_started|state_resumed|state_deferred_resumed|state_window_focused] -[state_user_active]
03-11 21:50:41.439  1323  1323 D BaseActivity: Launcher flags updated: [state_started|state_window_focused] -[state_resumed|state_deferred_resumed]
03-11 21:50:41.441  1078  1155 D WindowManagerShell: setLauncherKeepClearAreaHeight: visible=false, height=495
03-11 21:50:41.442  1323  1323 W SplitSelectStateCtor: Missing session instanceIds
03-11 21:50:41.442  1323  1323 D StatsLog: LAUNCHER_SPLIT_SELECTION_EXIT_INTERRUPTED
03-11 21:50:41.443   686   715 V GrammaticalInflectionUtils: AttributionSource: android.content.AttributionSource@47e1b70 does not have READ_SYSTEM_GRAMMATICAL_GENDER permission.
03-11 21:50:41.443   686   704 I AppsFilter: interaction: PackageSetting{166a991 com.primenow.app/10216} -> PackageSetting{ac04a2f com.mahfilfund.app/10220} BLOCKED
03-11 21:50:41.448  6892 26749 I KeyboardGroupDefParser: KeyboardGroupDefParser.parseKeyboardGroupDef():86 parseKeyboardGroupDef() 2132213996 -> 0_resource_name_obfuscated : WaitTime = 1 ms : RunTime = 39 ms
03-11 21:50:41.448  1078  1155 V WindowManagerShell: Transition requested (#93): android.os.BinderProxy@92ca009 TransitionRequestInfo { type = OPEN, triggerTask = TaskInfo{userId=0 taskId=25 effectiveUid=10220 displayId=0 isRunning=true baseIntent=Intent { act=android.intent.action.MAIN cat=[android.intent.category.LAUNCHER] flg=0x10200000 cmp=com.mahfilfund.app/.MainActivity } baseActivity=ComponentInfo{com.mahfilfund.app/com.mahfilfund.app.MainActivity} topActivity=ComponentInfo{com.mahfilfund.app/com.mahfilfund.app.MainActivity} origActivity=null realActivity=ComponentInfo{com.mahfilfund.app/com.mahfilfund.app.MainActivity} numActivities=1 lastActiveTime=23646242 supportsMultiWindow=true resizeMode=1 isResizeable=true minWidth=-1 minHeight=-1 defaultMinSize=220 token=WCT{android.os.BinderProxy@b9120e} topActivityType=1 pictureInPictureParams=null shouldDockBigOverlays=false launchIntoPipHostTaskId=-1 lastParentTaskIdBeforePip=-1 displayCutoutSafeInsets=Rect(0, 0 - 0, 0) topActivityInfo=ActivityInfo{721242f com.mahfilfund.app.MainActivity} launchCookies=[] positionInParent=Point(0, 0) parentTaskId=-1 isFocused=false isVisible=false isVisibleRequested=false isTopActivityNoDisplay=false isSleeping=false locusId=null displayAreaFeatureId=1 isTopActivityTransparent=false isActivityStackTransparent=false lastNonFullscreenBounds=null capturedLink=null capturedLinkTimestamp=0 requestedVisibleTypes=503 topActivityRequestOpenInBrowserEducationTimestamp=0 appCompatTaskInfo=AppCompatTaskInfo { topActivityInSizeCompat=false isLeafTask= true eligibleForLetterboxEducation= false isLetterboxEducationEnabled= true isLetterboxDoubleTapEnabled= false eligibleForUserAspectRatioButton= false topActivityBoundsLetterboxed= false isFromLetterboxDoubleTap= false topActivityLetterboxVerticalPosition= -1 topActivityLetterboxHorizontalPosition= -1 topActivityLetterboxWidth=-1 topActivityLetterboxHeight=-1 topActivityAppBounds=Rect(0, 0 - 1080, 2400) isUserFullscreenOverrideEnabled=false isSystemFullscreenOverrideEnabled=false hasMinAspectRatioOverride=false topActivityLetterboxBounds=null cameraCompatTaskInfo=CameraCompatTaskInfo { cameraCompatMode=inactive0} topNonResizableActivityAspectRatio=-1.0} topActivityMainWindowFrame=null isAppBubble=false}, pipChange = null, remoteTransition = null, displayChange = null, requestedLocation = null, userChange = null, windowingLayerChange = null, flags = 0, debugId = 93 }
03-11 21:50:41.452  1078  1155 D ShellSplitScreen: logExit: no-op, mLoggerSessionId is null
03-11 21:50:41.466   472   472 D Zygote  : Forked child process 26750
03-11 21:50:41.471   686   704 V WindowManager: Defer transition id=93 for TaskFragmentTransaction=android.os.Binder@9d4183c
03-11 21:50:41.471   686   704 V WindowManager: deferTransitionReady deferReadyDepth=1 stack=com.android.server.wm.TransitionController.deferTransitionReady:1061 com.android.server.wm.TaskFragmentOrganizerController$TaskFragmentOrganizerState.dispatchTransaction:517 com.android.server.wm.TaskFragmentOrganizerController.dispatchPendingEvents:1259 com.android.server.wm.TaskFragmentOrganizerController.dispatchPendingEvents:1228 com.android.server.wm.RootWindowContainer.performSurfacePlacement:777 
03-11 21:50:41.472  1323  1323 D RecentsView: onTaskDisplayChanged: 25, new displayId = 0
03-11 21:50:41.474   686  1040 D BackgroundInstallControlService: Package event received: 0
03-11 21:50:41.475  1323  1323 D b/417220811: invalidateLoadedTasks - previous requestLoadId: -1
03-11 21:50:41.475  1323  1323 D b/417220811: invalidateLoadedTasks - previous requestLoadId: -1
03-11 21:50:41.480   686   723 I ActivityManager: Start proc 26750:com.mahfilfund.app/u0a220 for next-top-activity {com.mahfilfund.app/com.mahfilfund.app.MainActivity}
03-11 21:50:41.481   686   704 V WindowManager: Continue transition id=93 for TaskFragmentTransaction=android.os.Binder@9d4183c
03-11 21:50:41.481   686   704 V WindowManager: continueTransitionReady deferReadyDepth=0 stack=com.android.server.wm.TransitionController.continueTransitionReady:1071 com.android.server.wm.TaskFragmentOrganizerController$TaskFragmentOrganizerState.onTransactionFinished:546 com.android.server.wm.TaskFragmentOrganizerController.onTransactionHandled:740 android.window.ITaskFragmentOrganizerController$Stub.onTransact:225 android.os.Binder.execTransactInternal:1473 
03-11 21:50:41.482   567   681 W libbinder.IPCThreadState: Sending oneway calls to frozen process.
03-11 21:50:41.484 26750 26750 I Zygote  : Process 26750 created for com.mahfilfund.app
03-11 21:50:41.486  6892  6892 W NotificationCenter: NotificationCenter$NotificationQueue.notifyPendingNotificationsOnExecutor():877 Heavy notify work detected on UI thread: [lom->mda, lom->guo, lom->hvg, lom->mda, lom->guo, jri->lzw] takes 69ms
03-11 21:50:41.486 26738 26738 I Monkey  : ## Network stats: elapsed time=82ms (0ms mobile, 0ms wifi, 82ms not connected)
03-11 21:50:41.489 26738 26738 I app_process: System.exit called, status: 0
03-11 21:50:41.489 26738 26738 I AndroidRuntime: VM exiting with result code 0.
03-11 21:50:41.495 26750 26750 I .mahfilfund.app: Late-enabling -Xcheck:jni
03-11 21:50:41.511  1323  1323 D BaseActivity: Launcher flags updated: [state_started] -[state_window_focused]
03-11 21:50:41.532 26750 26750 I .mahfilfund.app: Using CollectorTypeCMC GC.
03-11 21:50:41.533   686   823 I EventHub: Removing device Monkey touch due to epoll hang-up event.
03-11 21:50:41.533   686   823 I EventHub: Removed device: path=/dev/input/event13 name=Monkey touch id=14 fd=657 classes=TOUCH | TOUCH_MT
03-11 21:50:41.535  1428  1437 I adbd    : jdwp connection from 26750
03-11 21:50:41.555   686   823 I InputReader: Device removed: id=14, eventHubId=14, name='Monkey touch', descriptor='e1fe28b90f915c7d1febbd52c1ef84b3c4cbed9f', sources=TOUCHSCREEN
03-11 21:50:41.561   686   823 I EventHub: Removing device '/dev/input/event13' due to inotify event
03-11 21:50:41.581   686   712 V WindowManager: Sent Transition (#93) createdAt=03-11 21:50:41.408 via request=TransitionRequestInfo { type = OPEN, triggerTask = TaskInfo{userId=0 taskId=25 effectiveUid=10220 displayId=0 isRunning=true baseIntent=Intent { act=android.intent.action.MAIN cat=[android.intent.category.LAUNCHER] flg=0x10200000 cmp=com.mahfilfund.app/.MainActivity } baseActivity=ComponentInfo{com.mahfilfund.app/com.mahfilfund.app.MainActivity} topActivity=ComponentInfo{com.mahfilfund.app/com.mahfilfund.app.MainActivity} origActivity=null realActivity=ComponentInfo{com.mahfilfund.app/com.mahfilfund.app.MainActivity} numActivities=1 lastActiveTime=23646242 supportsMultiWindow=true resizeMode=1 isResizeable=true minWidth=-1 minHeight=-1 defaultMinSize=220 token=WCT{RemoteToken{89482ca Task{3cf43d3 #25 type=standard A=10220:com.mahfilfund.app}}} topActivityType=1 pictureInPictureParams=null shouldDockBigOverlays=false launchIntoPipHostTaskId=-1 lastParentTaskIdBeforePip=-1 displayCutoutSafeInsets=Rect(0, 0 - 0, 0) topActivityInfo=ActivityInfo{9516c3b com.mahfilfund.app.MainActivity} launchCookies=[] positionInParent=Point(0, 0) parentTaskId=-1 isFocused=false isVisible=false isVisibleRequested=false isTopActivityNoDisplay=false isSleeping=false locusId=null displayAreaFeatureId=1 isTopActivityTransparent=false isActivityStackTransparent=false lastNonFullscreenBounds=null capturedLink=null capturedLinkTimestamp=0 requestedVisibleTypes=503 topActivityRequestOpenInBrowserEducationTimestamp=0 appCompatTaskInfo=AppCompatTaskInfo { topActivityInSizeCompat=false isLeafTask= true eligibleForLetterboxEducation= false isLetterboxEducationEnabled= true isLetterboxDoubleTapEnabled= false eligibleForUserAspectRatioButton= false topActivityBoundsLetterboxed= false isFromLetterboxDoubleTap= false topActivityLetterboxVerticalPosition= -1 topActivityLetterboxHorizontalPosition= -1 topActivityLetterboxWidth=-1 topActivityLetterboxHeight=-1 topActivityAppBounds=Rect(0, 0 - 1080, 2400) isUserFullscreenOverrideEnabled=false isSystemFullscreenOverrideEnabled=false hasMinAspectRatioOverride=false topActivityLetterboxBounds=null cameraCompatTaskInfo=CameraCompatTaskInfo { cameraCompatMode=inactive0} topNonResizableActivityAspectRatio=-1.0} topActivityMainWindowFrame=null isAppBubble=false}, pipChange = null, remoteTransition = null, displayChange = null, requestedLocation = null, userChange = null, windowingLayerChange = null, flags = 0, debugId = 93 }
03-11 21:50:41.582   686   712 V WindowManager:     startWCT=WindowContainerTransaction { changes= {} hops= [] errorCallbackToken=null taskFragmentOrganizer=null }
03-11 21:50:41.582   686   712 V WindowManager:     info={id=93 t=OPEN f=0x0 trk=0 r=[0@Point(0, 0)] c=[
03-11 21:50:41.582   686   712 V WindowManager:         {WCT{RemoteToken{89482ca Task{3cf43d3 #25 type=standard A=10220:com.mahfilfund.app}}} m=OPEN f=NONE leash=Surface(name=Task=25#1162)/@0x76c086c sb=Rect(0, 0 - 1080, 2400) eb=Rect(0, 0 - 1080, 2400) epz=Point(1080, 2400) d=0 taskParent=-1 winMode=1 userId=0},
03-11 21:50:41.582   686   712 V WindowManager:         {WCT{RemoteToken{4dba70a Task{73e266c #1 type=home}}} m=TO_BACK f=SHOW_WALLPAPER leash=Surface(name=Task=1#44)/@0xfd2e2cb sb=Rect(0, 0 - 1080, 2400) eb=Rect(0, 0 - 1080, 2400) epz=Point(1080, 2400) d=0 taskParent=-1 winMode=1 userId=0},
03-11 21:50:41.582   686   712 V WindowManager:         {m=TO_BACK f=IS_WALLPAPER leash=Surface(name=WallpaperWindowToken{9563342}#61)/@0x597fe45 sb=Rect(0, 0 - 1080, 2400) eb=Rect(0, 0 - 1080, 2400) epz=Point(1080, 2400) d=0}
03-11 21:50:41.582   686   712 V WindowManager:     ]}
03-11 21:50:41.583  1078  2132 V WindowManagerShell: onTransitionReady(transaction=2946347577077)
03-11 21:50:41.583   686   715 D WindowManager: Direct invocation of sendNewConfiguration: Display{#0 state=ON size=1080x2400 ROTATION_0}
03-11 21:50:41.583   686   715 W libbinder.IPCThreadState: Sending oneway calls to frozen process.
03-11 21:50:41.584   686   715 W libbinder.IPCThreadState: Sending oneway calls to frozen process.
03-11 21:50:41.586  1078  1155 V WindowManagerShell: onTransitionReady (#93) android.os.BinderProxy@92ca009: {id=93 t=OPEN f=0x0 trk=0 r=[0@Point(0, 0)] c=[
03-11 21:50:41.586  1078  1155 V WindowManagerShell:         {m=OPEN f=NONE leash=Surface(name=Task=25#1162)/@0xf29771f sb=Rect(0, 0 - 1080, 2400) eb=Rect(0, 0 - 1080, 2400) epz=Point(1080, 2400) d=0 taskParent=-1 winMode=1 userId=0},
03-11 21:50:41.586  1078  1155 V WindowManagerShell:         {m=TO_BACK f=SHOW_WALLPAPER leash=Surface(name=Task=1#44)/@0x7ed5a6c sb=Rect(0, 0 - 1080, 2400) eb=Rect(0, 0 - 1080, 2400) epz=Point(1080, 2400) d=0 taskParent=-1 winMode=1 userId=0},
03-11 21:50:41.586  1078  1155 V WindowManagerShell:         {m=TO_BACK f=IS_WALLPAPER leash=Surface(name=WallpaperWindowToken{9563342}#61)/@0xd249835 sb=Rect(0, 0 - 1080, 2400) eb=Rect(0, 0 - 1080, 2400) epz=Point(1080, 2400) d=0}
03-11 21:50:41.586  1078  1155 V WindowManagerShell:     ]}
03-11 21:50:41.595  6892  6892 I PkDeviceHelper: PkDeviceHelper.refreshDevices():93 refreshing devices
03-11 21:50:41.595  6892  6892 I PkDeviceHelper: PkDeviceHelper.addDevice():133 device qwerty2 added
03-11 21:50:41.596  1078  1155 V WindowManagerShell: Playing animation for (#93) android.os.BinderProxy@92ca009@0
03-11 21:50:41.596  1078  1155 V ShellRecents: RecentsTransitionHandler.startAnimation: no controller found
03-11 21:50:41.597  1078  1155 V WindowManagerShell: Transition doesn't have explicit remote, search filters for match for {id=93 t=OPEN f=0x0 trk=0 r=[0@Point(0, 0)] c=[{m=OPEN f=NONE leash=Surface(name=Task=25#1162)/@0xf29771f sb=Rect(0, 0 - 1080, 2400) eb=Rect(0, 0 - 1080, 2400) epz=Point(1080, 2400) d=0 taskParent=-1 winMode=1 userId=0},{m=TO_BACK f=SHOW_WALLPAPER leash=Surface(name=Task=1#44)/@0x7ed5a6c sb=Rect(0, 0 - 1080, 2400) eb=Rect(0, 0 - 1080, 2400) epz=Point(1080, 2400) d=0 taskParent=-1 winMode=1 userId=0},{m=TO_BACK f=IS_WALLPAPER leash=Surface(name=WallpaperWindowToken{9563342}#61)/@0xd249835 sb=Rect(0, 0 - 1080, 2400) eb=Rect(0, 0 - 1080, 2400) epz=Point(1080, 2400) d=0}]}
03-11 21:50:41.597  1078  1155 V WindowManagerShell:  Checking filter Pair{{types=[] flags=0x0] notFlags=0x0 checks=[{atype=undefined independent=true modes=[CLOSE,TO_BACK] flags=IN_TASK_WITH_EMBEDDED_ACTIVITY mustBeTask=false order=ANY topActivity=null launchCookie=null taskFragmentToken=android.os.BinderProxy@f0eb7a7 windowingMode=undefined isCrossDisplayMove=false}]} RemoteTransition { remoteTransition = android.window.IRemoteTransition$Stub$Proxy@7634454, appThread = android.app.IApplicationThread$Stub$Proxy@10ddffd, debugName = overlayBackTransition }}
03-11 21:50:41.597  1078  1155 V WindowManagerShell:  Checking filter Pair{{types=[] flags=0x0] notFlags=0x0 checks=[{atype=dream independent=true modes=[OPEN,TO_FRONT] flags=NONE mustBeTask=false order=ANY topActivity=null launchCookie=null windowingMode=undefined isCrossDisplayMove=false},{atype=home independent=true modes=[CLOSE,TO_BACK] flags=NONE mustBeTask=false order=ANY topActivity=null launchCookie=null windowingMode=undefined isCrossDisplayMove=false}]} RemoteTransition { remoteTransition = android.window.IRemoteTransition$Stub$Proxy@7d5a4f2, appThread = android.app.IApplicationThread$Stub$Proxy@3652743, debugName = LauncherToDream }}
03-11 21:50:41.597  1078  1155 V WindowManagerShell:  Checking filter Pair{{types=[] flags=0x0] notFlags=0x100 checks=[{atype=home independent=true modes=[OPEN,TO_FRONT] flags=NONE mustBeTask=false order=TOP topActivity=ComponentInfo{com.google.android.apps.nexuslauncher/com.google.android.apps.nexuslauncher.NexusLauncherActivity} launchCookie=null windowingMode=undefined isCrossDisplayMove=false},{atype=standard independent=true modes=[CLOSE,TO_BACK] flags=NONE mustBeTask=false order=ANY topActivity=null launchCookie=null windowingMode=undefined isCrossDisplayMove=false},{NOT atype=undefined independent=true modes=[] flags=NONE mustBeTask=true order=ANY topActivity=null launchCookie=null customAnim=true windowingMode=undefined isCrossDisplayMove=false}]} RemoteTransition { remoteTransition = android.window.IRemoteTransition$Stub$Proxy@4da51c0, appThread = android.app.IApplicationThread$Stub$Proxy@5d7ef9, debugName = QuickstepLaunchHome }}
03-11 21:50:41.597  1078  1155 V WindowManagerShell:  Delegate animation for (#93) to null
03-11 21:50:41.598  1078  1155 V WindowManagerShell: start default transition animation, info = {id=93 t=OPEN f=0x0 trk=0 r=[0@Point(0, 0)] c=[{m=OPEN f=NONE leash=Surface(name=Task=25#1162)/@0xf29771f sb=Rect(0, 0 - 1080, 2400) eb=Rect(0, 0 - 1080, 2400) epz=Point(1080, 2400) d=0 taskParent=-1 winMode=1 userId=0},{m=TO_BACK f=SHOW_WALLPAPER leash=Surface(name=Task=1#44)/@0x7ed5a6c sb=Rect(0, 0 - 1080, 2400) eb=Rect(0, 0 - 1080, 2400) epz=Point(1080, 2400) d=0 taskParent=-1 winMode=1 userId=0},{m=TO_BACK f=IS_WALLPAPER leash=Surface(name=WallpaperWindowToken{9563342}#61)/@0xd249835 sb=Rect(0, 0 - 1080, 2400) eb=Rect(0, 0 - 1080, 2400) epz=Point(1080, 2400) d=0}]}
03-11 21:50:41.598  1078  1155 V WindowManagerShell: loadAnimation: anim=android.view.animation.AnimationSet@6fd2b17 animAttr=0x13 type=OPEN isEntrance=false
03-11 21:50:41.599  1078  1155 V WindowManagerShell: loadAnimation: anim=android.view.animation.AnimationSet@7b68b04 animAttr=0x12 type=OPEN isEntrance=true
03-11 21:50:41.601  1078  1155 V WindowManagerShell:  animated by com.android.wm.shell.transition.DefaultTransitionHandler@7f09a46
03-11 21:50:41.607  1323  1323 D b/417220811: invalidateLoadedTasks - previous requestLoadId: -1
03-11 21:50:41.611  1078  1155 V ShellTaskOrganizer: Task appeared taskId=25 listener=FullscreenTaskListener
03-11 21:50:41.611  1078  1155 V ShellTaskOrganizer: Fullscreen Task Appeared: #25
03-11 21:50:41.612   686   715 W PermissionService: getPermissionFlags: Unknown user -1
03-11 21:50:41.612   686   715 W PermissionService: getPermissionFlags: Unknown user -1
03-11 21:50:41.623  1323  1323 D b/417220811: invalidateLoadedTasks - previous requestLoadId: -1
03-11 21:50:41.633 26750 26750 D nativeloader: Load libframework-connectivity-tiramisu-jni.so using APEX ns com_android_tethering for caller /apex/com.android.tethering/javalib/framework-connectivity-t.jar: ok
03-11 21:50:41.637   493   515 I RanchuHwc: logCompositionFallbackIfChanged: layer 209 CompositionType fallback from 2 to 1
03-11 21:50:41.640   686  1040 D BackgroundInstallControlService: Package event received: 0
03-11 21:50:41.647  1078  1078 D NavigationModeController: getCurrentUserContext: contextUser=0 currentUser=0
03-11 21:50:41.816   686   686 V ActivityThread: getPackageInfo() caused update to cached ApplicationInfo for package android
03-11 21:50:41.826  1677  2176 W AiAiEcho: LyftNotificationParser Ridesharing ETA not enabled
03-11 21:50:41.826  1677  2176 I AiAiEcho: SmartspaceNotificationPredictor no parser can handle this notification or notification is invalid
03-11 21:50:41.828 26750 26750 D nativeloader: Configuring clns-9 for other apk /data/app/~~WyOcgC4LdlBsTZsDdB-xEQ==/com.mahfilfund.app-uBEj0Mf85eFOPoJIlmgWMg==/base.apk. target_sdk_version=36, uses_libraries=, library_path=/data/app/~~WyOcgC4LdlBsTZsDdB-xEQ==/com.mahfilfund.app-uBEj0Mf85eFOPoJIlmgWMg==/lib/arm64:/data/app/~~WyOcgC4LdlBsTZsDdB-xEQ==/com.mahfilfund.app-uBEj0Mf85eFOPoJIlmgWMg==/base.apk!/lib/arm64-v8a, permitted_path=/data:/mnt/expand:/data/user/0/com.mahfilfund.app
03-11 21:50:41.834 26750 26750 V GraphicsEnvironment: Currently set values for:
03-11 21:50:41.834 26750 26750 V GraphicsEnvironment:   angle_gl_driver_selection_pkgs=[]
03-11 21:50:41.834 26750 26750 V GraphicsEnvironment:   angle_gl_driver_selection_values=[]
03-11 21:50:41.834 26750 26750 V GraphicsEnvironment: com.mahfilfund.app is not listed in per-application setting
03-11 21:50:41.834 26750 26750 V GraphicsEnvironment: ANGLE allowlist from config: com.dreamgames.royalmatch com.dts.freefiremax com.dxx.firenow com.gramgames.mergedragons com.ludo.king com.mojang.minecraftpe com.my.defense com.nintendo.zaka com.os.airforce com.playrix.fishdomdd.gplay io.teslatech.callbreak jp.konami.prospia net.peakgames.toonblast
03-11 21:50:41.834 26750 26750 V GraphicsEnvironment: No special selections for ANGLE, returning default driver choice
03-11 21:50:41.834 26750 26750 V GraphicsEnvironment: Neither updatable production driver nor prerelease driver is supported.
03-11 21:50:41.858 26750 26750 W SoLoader: Initializing SoLoader: 0
03-11 21:50:41.859 26750 26750 W SoLoader: Recording new base apk path: /data/app/~~WyOcgC4LdlBsTZsDdB-xEQ==/com.mahfilfund.app-uBEj0Mf85eFOPoJIlmgWMg==/base.apk
03-11 21:50:41.859 26750 26750 W SoLoader: Previously recorded 0 base apk paths.
03-11 21:50:41.860 26750 26750 I SoLoader: Preparing SO source: DirectorySoSource[root = /vendor/lib64 flags = 2]
03-11 21:50:41.860 26750 26750 I SoLoader: Preparing SO source: DirectorySoSource[root = /system/lib64 flags = 2]
03-11 21:50:41.860 26750 26750 I SoLoader: Preparing SO source: DirectApkSoSource[root = [/data/app/~~WyOcgC4LdlBsTZsDdB-xEQ==/com.mahfilfund.app-uBEj0Mf85eFOPoJIlmgWMg==/base.apk!/lib/arm64-v8a]]
03-11 21:50:41.890 26750 26750 I SoLoader: Preparing SO source: ApplicationSoSource[DirectorySoSource[root = /data/app/~~WyOcgC4LdlBsTZsDdB-xEQ==/com.mahfilfund.app-uBEj0Mf85eFOPoJIlmgWMg==/lib/arm64 flags = 0]]
03-11 21:50:41.890 26750 26750 I SoLoader: init finish: 4 SO sources prepared
03-11 21:50:41.890 26750 26750 W SoLoader: SoLoader initialized: 8
03-11 21:50:41.908  1078  1155 V WindowManagerShell: Transition animation finished (aborted=false), notifying core (#93) android.os.BinderProxy@92ca009@0
03-11 21:50:41.909   686   712 V WindowManager: Finish Transition (#93): created at 03-11 21:50:41.408 collect-started=0.022ms request-sent=7.291ms started=76.513ms ready=154.92ms sent=172.751ms commit=25.506ms finished=500.848ms
03-11 21:50:41.909  1078  1155 V WindowManagerShell: Track 0 became idle
03-11 21:50:41.909  1078  1155 V WindowManagerShell: All active transition animations finished
03-11 21:50:41.909  1323  1323 D VRI[NexusLauncherActivity]: visibilityChanged oldVisibility=true newVisibility=false
03-11 21:50:41.913  1078  1315 D WallpaperService: onVisibilityChanged(false): com.android.systemui.wallpapers.ImageWallpaper$CanvasEngine@fc995a3
03-11 21:50:41.922  1323  1323 D NexusLauncherModelDelegate: notifySmartspaceEvent: SmartspaceTargetEvent{mSmartspaceTarget=null, mSmartspaceActionId='null', mEventType=7}
03-11 21:50:41.930  1078  1155 D Bubbles : onLocusVisibilityChanged=Overview|DISABLED visible=false taskId=1
03-11 21:50:41.942 26750 26750 D nativeloader: Load /data/app/~~WyOcgC4LdlBsTZsDdB-xEQ==/com.mahfilfund.app-uBEj0Mf85eFOPoJIlmgWMg==/base.apk!/lib/arm64-v8a/libc++_shared.so using class loader ns clns-9 (caller=/data/app/~~WyOcgC4LdlBsTZsDdB-xEQ==/com.mahfilfund.app-uBEj0Mf85eFOPoJIlmgWMg==/base.apk): ok
03-11 21:50:41.959 26750 26750 D nativeloader: Load /data/app/~~WyOcgC4LdlBsTZsDdB-xEQ==/com.mahfilfund.app-uBEj0Mf85eFOPoJIlmgWMg==/base.apk!/lib/arm64-v8a/libjsi.so using class loader ns clns-9 (caller=/data/app/~~WyOcgC4LdlBsTZsDdB-xEQ==/com.mahfilfund.app-uBEj0Mf85eFOPoJIlmgWMg==/base.apk): ok
03-11 21:50:41.976 26750 26750 D nativeloader: Load /data/app/~~WyOcgC4LdlBsTZsDdB-xEQ==/com.mahfilfund.app-uBEj0Mf85eFOPoJIlmgWMg==/base.apk!/lib/arm64-v8a/libfbjni.so using class loader ns clns-9 (caller=/data/app/~~WyOcgC4LdlBsTZsDdB-xEQ==/com.mahfilfund.app-uBEj0Mf85eFOPoJIlmgWMg==/base.apk): ok
03-11 21:50:41.981 26750 26750 D nativeloader: Load /data/app/~~WyOcgC4LdlBsTZsDdB-xEQ==/com.mahfilfund.app-uBEj0Mf85eFOPoJIlmgWMg==/base.apk!/lib/arm64-v8a/libreactnative.so using class loader ns clns-9 (caller=/data/app/~~WyOcgC4LdlBsTZsDdB-xEQ==/com.mahfilfund.app-uBEj0Mf85eFOPoJIlmgWMg==/base.apk): ok
03-11 21:50:41.981 26750 26750 D jni_lib_merge: Entering merged library JNI_OnLoad.
03-11 21:50:41.981 26750 26750 D jni_lib_merge: Preparing 12 pre-merged libs (including stub)
03-11 21:50:41.981 26750 26750 D jni_lib_merge: Preparing to register libfabricjni_so.  onload_func: 0x79f04af948
03-11 21:50:41.981 26750 26750 D jni_lib_merge: Preparing to register libreact_devsupportjni_so.  onload_func: 0x79f06c52a4
03-11 21:50:41.981 26750 26750 D jni_lib_merge: Preparing to register libreact_featureflagsjni_so.  onload_func: 0x79f06d0f10
03-11 21:50:41.981 26750 26750 D jni_lib_merge: Preparing to register libreact_newarchdefaults_so.  onload_func: 0x79f0739eac
03-11 21:50:41.981 26750 26750 D jni_lib_merge: Preparing to register libreactnativeblob_so.  onload_func: 0x79f092a95c
03-11 21:50:41.981 26750 26750 D jni_lib_merge: Preparing to register libreactnativejni_so.  onload_func: 0x79f0978114
03-11 21:50:41.981 26750 26750 D jni_lib_merge: Preparing to register libreactnativejni_common_so.  onload_func: 0x79f0988a9c
03-11 21:50:41.981 26750 26750 D jni_lib_merge: Preparing to register librninstance_so.  onload_func: 0x79f09bf250
03-11 21:50:41.981 26750 26750 D jni_lib_merge: Preparing to register libturbomodulejsijni_so.  onload_func: 0x79f0ad6a24
03-11 21:50:41.981 26750 26750 D jni_lib_merge: Preparing to register libuimanagerjni_so.  onload_func: 0x79f0aefa74
03-11 21:50:41.981 26750 26750 D jni_lib_merge: Preparing to register libyoga_so.  onload_func: 0x79f0aff4f8
03-11 21:50:41.981 26750 26750 D jni_lib_merge: About to register 11 actual methods.
03-11 21:50:42.018 26750 26750 D nativeloader: Load /data/app/~~WyOcgC4LdlBsTZsDdB-xEQ==/com.mahfilfund.app-uBEj0Mf85eFOPoJIlmgWMg==/base.apk!/lib/arm64-v8a/libreact_codegen_rnscreens.so using class loader ns clns-9 (caller=/data/app/~~WyOcgC4LdlBsTZsDdB-xEQ==/com.mahfilfund.app-uBEj0Mf85eFOPoJIlmgWMg==/base.apk): ok
03-11 21:50:42.018 26750 26750 D jni_lib_merge: Entering merged library JNI_OnLoad.
03-11 21:50:42.018 26750 26750 D jni_lib_merge: Preparing 12 pre-merged libs (including stub)
03-11 21:50:42.018 26750 26750 D jni_lib_merge: Preparing to register libfabricjni_so.  onload_func: 0x79f04af948
03-11 21:50:42.018 26750 26750 D jni_lib_merge: Preparing to register libreact_devsupportjni_so.  onload_func: 0x79f06c52a4
03-11 21:50:42.018 26750 26750 D jni_lib_merge: Preparing to register libreact_featureflagsjni_so.  onload_func: 0x79f06d0f10
03-11 21:50:42.018 26750 26750 D jni_lib_merge: Preparing to register libreact_newarchdefaults_so.  onload_func: 0x79f0739eac
03-11 21:50:42.018 26750 26750 D jni_lib_merge: Preparing to register libreactnativeblob_so.  onload_func: 0x79f092a95c
03-11 21:50:42.018 26750 26750 D jni_lib_merge: Preparing to register libreactnativejni_so.  onload_func: 0x79f0978114
03-11 21:50:42.018 26750 26750 D jni_lib_merge: Preparing to register libreactnativejni_common_so.  onload_func: 0x79f0988a9c
03-11 21:50:42.018 26750 26750 D jni_lib_merge: Preparing to register librninstance_so.  onload_func: 0x79f09bf250
03-11 21:50:42.018 26750 26750 D jni_lib_merge: Preparing to register libturbomodulejsijni_so.  onload_func: 0x79f0ad6a24
03-11 21:50:42.018 26750 26750 D jni_lib_merge: Preparing to register libuimanagerjni_so.  onload_func: 0x79f0aefa74
03-11 21:50:42.018 26750 26750 D jni_lib_merge: Preparing to register libyoga_so.  onload_func: 0x79f0aff4f8
03-11 21:50:42.018 26750 26750 D jni_lib_merge: About to register 11 actual methods.
03-11 21:50:42.035 26750 26750 D nativeloader: Load /data/app/~~WyOcgC4LdlBsTZsDdB-xEQ==/com.mahfilfund.app-uBEj0Mf85eFOPoJIlmgWMg==/base.apk!/lib/arm64-v8a/libreact_codegen_rnsvg.so using class loader ns clns-9 (caller=/data/app/~~WyOcgC4LdlBsTZsDdB-xEQ==/com.mahfilfund.app-uBEj0Mf85eFOPoJIlmgWMg==/base.apk): ok
03-11 21:50:42.035 26750 26750 D jni_lib_merge: Entering merged library JNI_OnLoad.
03-11 21:50:42.035 26750 26750 D jni_lib_merge: Preparing 12 pre-merged libs (including stub)
03-11 21:50:42.035 26750 26750 D jni_lib_merge: Preparing to register libfabricjni_so.  onload_func: 0x79f04af948
03-11 21:50:42.035 26750 26750 D jni_lib_merge: Preparing to register libreact_devsupportjni_so.  onload_func: 0x79f06c52a4
03-11 21:50:42.035 26750 26750 D jni_lib_merge: Preparing to register libreact_featureflagsjni_so.  onload_func: 0x79f06d0f10
03-11 21:50:42.035 26750 26750 D jni_lib_merge: Preparing to register libreact_newarchdefaults_so.  onload_func: 0x79f0739eac
03-11 21:50:42.035 26750 26750 D jni_lib_merge: Preparing to register libreactnativeblob_so.  onload_func: 0x79f092a95c
03-11 21:50:42.035 26750 26750 D jni_lib_merge: Preparing to register libreactnativejni_so.  onload_func: 0x79f0978114
03-11 21:50:42.035 26750 26750 D jni_lib_merge: Preparing to register libreactnativejni_common_so.  onload_func: 0x79f0988a9c
03-11 21:50:42.035 26750 26750 D jni_lib_merge: Preparing to register librninstance_so.  onload_func: 0x79f09bf250
03-11 21:50:42.035 26750 26750 D jni_lib_merge: Preparing to register libturbomodulejsijni_so.  onload_func: 0x79f0ad6a24
03-11 21:50:42.035 26750 26750 D jni_lib_merge: Preparing to register libuimanagerjni_so.  onload_func: 0x79f0aefa74
03-11 21:50:42.035 26750 26750 D jni_lib_merge: Preparing to register libyoga_so.  onload_func: 0x79f0aff4f8
03-11 21:50:42.035 26750 26750 D jni_lib_merge: About to register 11 actual methods.
03-11 21:50:42.051 26750 26750 D nativeloader: Load /data/app/~~WyOcgC4LdlBsTZsDdB-xEQ==/com.mahfilfund.app-uBEj0Mf85eFOPoJIlmgWMg==/base.apk!/lib/arm64-v8a/libreact_codegen_safeareacontext.so using class loader ns clns-9 (caller=/data/app/~~WyOcgC4LdlBsTZsDdB-xEQ==/com.mahfilfund.app-uBEj0Mf85eFOPoJIlmgWMg==/base.apk): ok
03-11 21:50:42.067 26750 26750 D nativeloader: Load /data/app/~~WyOcgC4LdlBsTZsDdB-xEQ==/com.mahfilfund.app-uBEj0Mf85eFOPoJIlmgWMg==/base.apk!/lib/arm64-v8a/libreact-native-mmkv.so using class loader ns clns-9 (caller=/data/app/~~WyOcgC4LdlBsTZsDdB-xEQ==/com.mahfilfund.app-uBEj0Mf85eFOPoJIlmgWMg==/base.apk): ok
03-11 21:50:42.069 26750 26750 D nativeloader: Load /data/app/~~WyOcgC4LdlBsTZsDdB-xEQ==/com.mahfilfund.app-uBEj0Mf85eFOPoJIlmgWMg==/base.apk!/lib/arm64-v8a/libappmodules.so using class loader ns clns-9 (caller=/data/app/~~WyOcgC4LdlBsTZsDdB-xEQ==/com.mahfilfund.app-uBEj0Mf85eFOPoJIlmgWMg==/base.apk): ok
03-11 21:50:42.071   686  1040 D BackgroundInstallControlService: Package event received: 0
03-11 21:50:42.071   686  1040 D BackgroundInstallControlService: Package event received: 0
03-11 21:50:42.074 26750 26767 I DisplayManager: Choreographer implicitly registered for the refresh rate.
03-11 21:50:42.083 26750 26750 D DesktopExperienceFlags: Toggle override initialized to: false
03-11 21:50:42.085 26750 26750 D AppCompatDelegate: Checking for metadata for AppLocalesMetadataHolderService : Service not found
03-11 21:50:42.086 26750 26750 E ashmem  : Pinning is deprecated since Android Q. Please use trim or other methods.
03-11 21:50:42.125 26750 26767 I GFXSTREAM: [eglDisplay.cpp(297)] Opening libGLESv1_CM_emulation.so
03-11 21:50:42.129 26750 26767 I GFXSTREAM: [eglDisplay.cpp(297)] Opening libGLESv2_emulation.so
03-11 21:50:42.132 26750 26767 W HWUI    : Failed to choose config with EGL_SWAP_BEHAVIOR_PRESERVED, retrying without...
03-11 21:50:42.136 26750 26767 W HWUI    : Failed to initialize 101010-2 format, error = EGL_SUCCESS
03-11 21:50:42.136 26750 26750 D nativeloader: Load /data/app/~~WyOcgC4LdlBsTZsDdB-xEQ==/com.mahfilfund.app-uBEj0Mf85eFOPoJIlmgWMg==/base.apk!/lib/arm64-v8a/libhermes.so using class loader ns clns-9 (caller=/data/app/~~WyOcgC4LdlBsTZsDdB-xEQ==/com.mahfilfund.app-uBEj0Mf85eFOPoJIlmgWMg==/base.apk): ok
03-11 21:50:42.137 26750 26750 D nativeloader: Load /data/app/~~WyOcgC4LdlBsTZsDdB-xEQ==/com.mahfilfund.app-uBEj0Mf85eFOPoJIlmgWMg==/base.apk!/lib/arm64-v8a/libhermestooling.so using class loader ns clns-9 (caller=/data/app/~~WyOcgC4LdlBsTZsDdB-xEQ==/com.mahfilfund.app-uBEj0Mf85eFOPoJIlmgWMg==/base.apk): ok
03-11 21:50:42.137 26750 26750 D jni_lib_merge: Entering merged library JNI_OnLoad.
03-11 21:50:42.137 26750 26750 D jni_lib_merge: Preparing 4 pre-merged libs (including stub)
03-11 21:50:42.137 26750 26750 D jni_lib_merge: Preparing to register libhermes_executor_so.  onload_func: 0x79ec0b89d4
03-11 21:50:42.137 26750 26750 D jni_lib_merge: Preparing to register libhermesinstancejni_so.  onload_func: 0x79ec0ed78c
03-11 21:50:42.137 26750 26750 D jni_lib_merge: Preparing to register libjsijniprofiler_so.  onload_func: 0x79ec0ef788
03-11 21:50:42.137 26750 26750 D jni_lib_merge: About to register 3 actual methods.
03-11 21:50:42.158 26750 26750 W unknown:BridgelessReact: ReactHost{0}.startSurface(surfaceId = 0): Schedule
03-11 21:50:42.158 26750 26750 W unknown:BridgelessReact: ReactHost{0}.attachSurface(surfaceId = 0)
03-11 21:50:42.159 26750 26773 W unknown:BridgelessReact: ReactHost{0}.getOrCreateReactInstanceTask()
03-11 21:50:42.159 26750 26773 W unknown:BridgelessReact: ReactHost{0}.getOrCreateReactInstanceTask(): Start
03-11 21:50:42.159 26750 26773 W unknown:BridgelessReact: ReactHost{0}.getJSBundleLoader()
03-11 21:50:42.159 26750 26773 W unknown:BridgelessReact: ReactHost{0}.isMetroRunning()
03-11 21:50:42.160 26750 26750 D CompatChangeReporter: Compat change id reported: 377864165; UID 10220; state: ENABLED
03-11 21:50:42.160 26750 26750 D DesktopModeFlags: Toggle override initialized to: OVERRIDE_UNSET
03-11 21:50:42.164 26750 26750 I .mahfilfund.app: hiddenapi: Accessing hidden method Landroid/view/ViewGroup;->makeOptionalFitsSystemWindows()V (runtime_flags=0, domain=platform, api=unsupported) from Landroidx/appcompat/widget/ViewUtils; (domain=app, TargetSdkVersion=36) using reflection: allowed
03-11 21:50:42.168 26750 26750 W unknown:BridgelessReact: ReactHost{0}.onHostResume(activity)
03-11 21:50:42.176 26750 26750 W HWUI    : Unknown dataspace 0
03-11 21:50:42.178 26750 26750 D InsetsController: Setting requestedVisibleTypes to 498 (was 503)
03-11 21:50:42.190 26750 26750 D WindowOnBackDispatcher: setTopOnBackInvokedCallback (unwrapped): android.app.Activity$$ExternalSyntheticLambda0@4639516
03-11 21:50:42.190   686   784 D CoreBackPreview: Window{896a391 u0 com.mahfilfund.app/com.mahfilfund.app.MainActivity}: Setting back callback OnBackInvokedCallbackInfo{mCallback=android.window.IOnBackInvokedCallback$Stub$Proxy@7714964, mPriority=-1, mIsAnimationCallback=false, mOverrideBehavior=0}
03-11 21:50:42.191 26750 26750 D WindowOnBackDispatcher: setTopOnBackInvokedCallback (unwrapped): androidx.activity.OnBackPressedDispatcher$Api34Impl$createOnBackAnimationCallback$1@ad75e97
03-11 21:50:42.191   686   784 D CoreBackPreview: Window{896a391 u0 com.mahfilfund.app/com.mahfilfund.app.MainActivity}: Setting back callback OnBackInvokedCallbackInfo{mCallback=android.window.IOnBackInvokedCallback$Stub$Proxy@6f0e7cd, mPriority=0, mIsAnimationCallback=true, mOverrideBehavior=0}
03-11 21:50:42.191 26750 26750 D VRI[MainActivity]: WindowInsets changed: 1080x2400 statusBars:[0,63,0,0] navigationBars:[0,0,0,63] mandatorySystemGestures:[0,63,0,84] 
03-11 21:50:42.194 26750 26750 D VRI[MainActivity]: WindowInsets changed: statusBars:null 
03-11 21:50:42.210   686   712 I ActivityTaskManager: Displayed com.mahfilfund.app/.MainActivity for user 0: +804ms
03-11 21:50:42.211  1323  1323 D BaseActivity: Launcher flags updated: [] -[state_started]
03-11 21:50:42.211  1323  1323 D BaseDepthController: setSurface:
03-11 21:50:42.211  1323  1323 D BaseDepthController: 	mWaitingOnSurfaceValidity: false
03-11 21:50:42.211  1323  1323 D BaseDepthController: 	mBaseSurface: null
03-11 21:50:42.211  1323  1323 D BaseDepthController: mSurface is null and mCurrentBlur is: 79
03-11 21:50:42.211  1323  1323 D ActivityContext: hideKeyboard
03-11 21:50:42.211  1323  1323 D ActivityContext: isImeShown: false
03-11 21:50:42.211  1323  1323 D StatsLog: LAUNCHER_ONSTOP
03-11 21:50:42.214  1323  1323 D StatsLog: LAUNCHER_GOOGLE_SEARCH_RESTORE_LIST_SIZE_AFTER_ACTIVITY_RESTART
03-11 21:50:42.233   686   981 I HalDevMgr: bestIfaceCreationProposal is null, requestIface=STA, existingIface=[name=wlan0 type=STA]
03-11 21:50:42.235   686  1040 D BackgroundInstallControlService: Package event received: 0
03-11 21:50:42.242 26750 26750 W unknown:BridgelessReact: ReactHost{0}.raiseSoftException(onWindowFocusChange(hasFocus = "true")): Tried to access onWindowFocusChange while context is not ready
03-11 21:50:42.243 26750 26750 E unknown:ReactHost: Unhandled SoftException
