03-11 21:58:05.550  1428  1437 I adbd    : jdwp connection from 27329
03-11 21:58:05.560  1323  1323 D b/417220811: invalidateLoadedTasks - previous requestLoadId: -1
03-11 21:58:05.574  1078 16579 V WindowManagerShell: onTransitionReady(transaction=2946347578050)
03-11 21:58:05.576   686   712 V WindowManager: Sent Transition (#97) createdAt=03-11 21:58:05.207 via request=TransitionRequestInfo { type = OPEN, triggerTask = TaskInfo{userId=0 taskId=27 effectiveUid=10220 displayId=0 isRunning=true baseIntent=Intent { act=android.intent.action.MAIN cat=[android.intent.category.LAUNCHER] flg=0x10200000 cmp=com.mahfilfund.app/.MainActivity } baseActivity=ComponentInfo{com.mahfilfund.app/com.mahfilfund.app.MainActivity} topActivity=ComponentInfo{com.mahfilfund.app/com.mahfilfund.app.MainActivity} origActivity=null realActivity=ComponentInfo{com.mahfilfund.app/com.mahfilfund.app.MainActivity} numActivities=1 lastActiveTime=24090045 supportsMultiWindow=true resizeMode=1 isResizeable=true minWidth=-1 minHeight=-1 defaultMinSize=220 token=WCT{RemoteToken{547e807 Task{29e7abe #27 type=standard A=10220:com.mahfilfund.app}}} topActivityType=1 pictureInPictureParams=null shouldDockBigOverlays=false launchIntoPipHostTaskId=-1 lastParentTaskIdBeforePip=-1 displayCutoutSafeInsets=Rect(0, 0 - 0, 0) topActivityInfo=ActivityInfo{4ba1d34 com.mahfilfund.app.MainActivity} launchCookies=[] positionInParent=Point(0, 0) parentTaskId=-1 isFocused=false isVisible=false isVisibleRequested=false isTopActivityNoDisplay=false isSleeping=false locusId=null displayAreaFeatureId=1 isTopActivityTransparent=false isActivityStackTransparent=false lastNonFullscreenBounds=null capturedLink=null capturedLinkTimestamp=0 requestedVisibleTypes=503 topActivityRequestOpenInBrowserEducationTimestamp=0 appCompatTaskInfo=AppCompatTaskInfo { topActivityInSizeCompat=false isLeafTask= true eligibleForLetterboxEducation= false isLetterboxEducationEnabled= true isLetterboxDoubleTapEnabled= false eligibleForUserAspectRatioButton= false topActivityBoundsLetterboxed= false isFromLetterboxDoubleTap= false topActivityLetterboxVerticalPosition= -1 topActivityLetterboxHorizontalPosition= -1 topActivityLetterboxWidth=-1 topActivityLetterboxHeight=-1 topActivityAppBounds=Rect(0, 0 - 1080, 2400) isUserFullscreenOverrideEnabled=false isSystemFullscreenOverrideEnabled=false hasMinAspectRatioOverride=false topActivityLetterboxBounds=null cameraCompatTaskInfo=CameraCompatTaskInfo { cameraCompatMode=inactive0} topNonResizableActivityAspectRatio=-1.0} topActivityMainWindowFrame=null isAppBubble=false}, pipChange = null, remoteTransition = null, displayChange = null, requestedLocation = null, userChange = null, windowingLayerChange = null, flags = 0, debugId = 97 }
03-11 21:58:05.576   686   712 V WindowManager:     startWCT=WindowContainerTransaction { changes= {} hops= [] errorCallbackToken=null taskFragmentOrganizer=null }
03-11 21:58:05.576   686   712 V WindowManager:     info={id=97 t=OPEN f=0x0 trk=0 r=[0@Point(0, 0)] c=[
03-11 21:58:05.576   686   712 V WindowManager:         {WCT{RemoteToken{547e807 Task{29e7abe #27 type=standard A=10220:com.mahfilfund.app}}} m=OPEN f=NONE leash=Surface(name=Task=27#1258)/@0x7255a21 sb=Rect(0, 0 - 1080, 2400) eb=Rect(0, 0 - 1080, 2400) epz=Point(1080, 2400) d=0 taskParent=-1 winMode=1 userId=0},
03-11 21:58:05.576   686   712 V WindowManager:         {WCT{RemoteToken{4dba70a Task{73e266c #1 type=home}}} m=TO_BACK f=SHOW_WALLPAPER leash=Surface(name=Task=1#44)/@0xfd2e2cb sb=Rect(0, 0 - 1080, 2400) eb=Rect(0, 0 - 1080, 2400) epz=Point(1080, 2400) d=0 taskParent=-1 winMode=1 userId=0},
03-11 21:58:05.576   686   712 V WindowManager:         {m=TO_BACK f=IS_WALLPAPER leash=Surface(name=WallpaperWindowToken{9563342}#61)/@0x597fe45 sb=Rect(0, 0 - 1080, 2400) eb=Rect(0, 0 - 1080, 2400) epz=Point(1080, 2400) d=0}
03-11 21:58:05.576   686   712 V WindowManager:     ]}
03-11 21:58:05.579   686   715 D WindowManager: Direct invocation of sendNewConfiguration: Display{#0 state=ON size=1080x2400 ROTATION_0}
03-11 21:58:05.581   686   715 W libbinder.IPCThreadState: Sending oneway calls to frozen process.
03-11 21:58:05.581   686   715 W libbinder.IPCThreadState: Sending oneway calls to frozen process.
03-11 21:58:05.582  6892  6892 I PkDeviceHelper: PkDeviceHelper.refreshDevices():93 refreshing devices
03-11 21:58:05.582  6892  6892 I PkDeviceHelper: PkDeviceHelper.addDevice():133 device qwerty2 added
03-11 21:58:05.586  1078  1155 V ShellTaskOrganizer: Task appeared taskId=27 listener=FullscreenTaskListener
03-11 21:58:05.586  1078  1155 V ShellTaskOrganizer: Fullscreen Task Appeared: #27
03-11 21:58:05.602  1078  1155 V WindowManagerShell: onTransitionReady (#97) android.os.BinderProxy@6f62b23: {id=97 t=OPEN f=0x0 trk=0 r=[0@Point(0, 0)] c=[
03-11 21:58:05.602  1078  1155 V WindowManagerShell:         {m=OPEN f=NONE leash=Surface(name=Task=27#1258)/@0x4582313 sb=Rect(0, 0 - 1080, 2400) eb=Rect(0, 0 - 1080, 2400) epz=Point(1080, 2400) d=0 taskParent=-1 winMode=1 userId=0},
03-11 21:58:05.602  1078  1155 V WindowManagerShell:         {m=TO_BACK f=SHOW_WALLPAPER leash=Surface(name=Task=1#44)/@0x7e8e950 sb=Rect(0, 0 - 1080, 2400) eb=Rect(0, 0 - 1080, 2400) epz=Point(1080, 2400) d=0 taskParent=-1 winMode=1 userId=0},
03-11 21:58:05.602  1078  1155 V WindowManagerShell:         {m=TO_BACK f=IS_WALLPAPER leash=Surface(name=WallpaperWindowToken{9563342}#61)/@0x921e749 sb=Rect(0, 0 - 1080, 2400) eb=Rect(0, 0 - 1080, 2400) epz=Point(1080, 2400) d=0}
03-11 21:58:05.602  1078  1155 V WindowManagerShell:     ]}
03-11 21:58:05.603  1078  1155 V WindowManagerShell: Playing animation for (#97) android.os.BinderProxy@6f62b23@0
03-11 21:58:05.603  1323  1323 D b/417220811: invalidateLoadedTasks - previous requestLoadId: -1
03-11 21:58:05.614  1078  1155 V ShellRecents: RecentsTransitionHandler.startAnimation: no controller found
03-11 21:58:05.618  1078  1155 V WindowManagerShell: Transition doesn't have explicit remote, search filters for match for {id=97 t=OPEN f=0x0 trk=0 r=[0@Point(0, 0)] c=[{m=OPEN f=NONE leash=Surface(name=Task=27#1258)/@0x4582313 sb=Rect(0, 0 - 1080, 2400) eb=Rect(0, 0 - 1080, 2400) epz=Point(1080, 2400) d=0 taskParent=-1 winMode=1 userId=0},{m=TO_BACK f=SHOW_WALLPAPER leash=Surface(name=Task=1#44)/@0x7e8e950 sb=Rect(0, 0 - 1080, 2400) eb=Rect(0, 0 - 1080, 2400) epz=Point(1080, 2400) d=0 taskParent=-1 winMode=1 userId=0},{m=TO_BACK f=IS_WALLPAPER leash=Surface(name=WallpaperWindowToken{9563342}#61)/@0x921e749 sb=Rect(0, 0 - 1080, 2400) eb=Rect(0, 0 - 1080, 2400) epz=Point(1080, 2400) d=0}]}
03-11 21:58:05.631  1078  1155 V WindowManagerShell:  Checking filter Pair{{types=[] flags=0x0] notFlags=0x0 checks=[{atype=undefined independent=true modes=[CLOSE,TO_BACK] flags=IN_TASK_WITH_EMBEDDED_ACTIVITY mustBeTask=false order=ANY topActivity=null launchCookie=null taskFragmentToken=android.os.BinderProxy@f0eb7a7 windowingMode=undefined isCrossDisplayMove=false}]} RemoteTransition { remoteTransition = android.window.IRemoteTransition$Stub$Proxy@7634454, appThread = android.app.IApplicationThread$Stub$Proxy@10ddffd, debugName = overlayBackTransition }}
03-11 21:58:05.631  1078  1155 V WindowManagerShell:  Checking filter Pair{{types=[] flags=0x0] notFlags=0x0 checks=[{atype=dream independent=true modes=[OPEN,TO_FRONT] flags=NONE mustBeTask=false order=ANY topActivity=null launchCookie=null windowingMode=undefined isCrossDisplayMove=false},{atype=home independent=true modes=[CLOSE,TO_BACK] flags=NONE mustBeTask=false order=ANY topActivity=null launchCookie=null windowingMode=undefined isCrossDisplayMove=false}]} RemoteTransition { remoteTransition = android.window.IRemoteTransition$Stub$Proxy@7d5a4f2, appThread = android.app.IApplicationThread$Stub$Proxy@3652743, debugName = LauncherToDream }}
03-11 21:58:05.631  1078  1155 V WindowManagerShell:  Checking filter Pair{{types=[] flags=0x0] notFlags=0x100 checks=[{atype=home independent=true modes=[OPEN,TO_FRONT] flags=NONE mustBeTask=false order=TOP topActivity=ComponentInfo{com.google.android.apps.nexuslauncher/com.google.android.apps.nexuslauncher.NexusLauncherActivity} launchCookie=null windowingMode=undefined isCrossDisplayMove=false},{atype=standard independent=true modes=[CLOSE,TO_BACK] flags=NONE mustBeTask=false order=ANY topActivity=null launchCookie=null windowingMode=undefined isCrossDisplayMove=false},{NOT atype=undefined independent=true modes=[] flags=NONE mustBeTask=true order=ANY topActivity=null launchCookie=null customAnim=true windowingMode=undefined isCrossDisplayMove=false}]} RemoteTransition { remoteTransition = android.window.IRemoteTransition$Stub$Proxy@4da51c0, appThread = android.app.IApplicationThread$Stub$Proxy@5d7ef9, debugName = QuickstepLaunchHome }}
03-11 21:58:05.631  1078  1155 V WindowManagerShell:  Delegate animation for (#97) to null
03-11 21:58:05.631  1078  1155 V WindowManagerShell: start default transition animation, info = {id=97 t=OPEN f=0x0 trk=0 r=[0@Point(0, 0)] c=[{m=OPEN f=NONE leash=Surface(name=Task=27#1258)/@0x4582313 sb=Rect(0, 0 - 1080, 2400) eb=Rect(0, 0 - 1080, 2400) epz=Point(1080, 2400) d=0 taskParent=-1 winMode=1 userId=0},{m=TO_BACK f=SHOW_WALLPAPER leash=Surface(name=Task=1#44)/@0x7e8e950 sb=Rect(0, 0 - 1080, 2400) eb=Rect(0, 0 - 1080, 2400) epz=Point(1080, 2400) d=0 taskParent=-1 winMode=1 userId=0},{m=TO_BACK f=IS_WALLPAPER leash=Surface(name=WallpaperWindowToken{9563342}#61)/@0x921e749 sb=Rect(0, 0 - 1080, 2400) eb=Rect(0, 0 - 1080, 2400) epz=Point(1080, 2400) d=0}]}
03-11 21:58:05.634  1078  1155 V WindowManagerShell: loadAnimation: anim=android.view.animation.AnimationSet@f709268 animAttr=0x13 type=OPEN isEntrance=false
03-11 21:58:05.635  1078  1155 V WindowManagerShell: loadAnimation: anim=android.view.animation.AnimationSet@3f06d14 animAttr=0x12 type=OPEN isEntrance=true
03-11 21:58:05.636  1078  1155 V WindowManagerShell:  animated by com.android.wm.shell.transition.DefaultTransitionHandler@7f09a46
03-11 21:58:05.641 27329 27329 D nativeloader: Load libframework-connectivity-tiramisu-jni.so using APEX ns com_android_tethering for caller /apex/com.android.tethering/javalib/framework-connectivity-t.jar: ok
03-11 21:58:05.641   686   715 W PermissionService: getPermissionFlags: Unknown user -1
03-11 21:58:05.641   686   715 W PermissionService: getPermissionFlags: Unknown user -1
03-11 21:58:05.666   686  1040 D BackgroundInstallControlService: Package event received: 0
03-11 21:58:05.675  1078  1078 D NavigationModeController: getCurrentUserContext: contextUser=0 currentUser=0
03-11 21:58:05.687   493   515 I RanchuHwc: logCompositionFallbackIfChanged: layer 233 CompositionType fallback from 2 to 1
03-11 21:58:05.881  1677  2176 W AiAiEcho: LyftNotificationParser Ridesharing ETA not enabled
03-11 21:58:05.885  1677  2176 I AiAiEcho: SmartspaceNotificationPredictor no parser can handle this notification or notification is invalid
03-11 21:58:05.957  1078  1155 V WindowManagerShell: Transition animation finished (aborted=false), notifying core (#97) android.os.BinderProxy@6f62b23@0
03-11 21:58:05.962   686   712 V WindowManager: Finish Transition (#97): created at 03-11 21:58:05.207 collect-started=0.027ms request-sent=12.426ms started=147.357ms ready=306.84ms sent=357.839ms commit=74.251ms finished=754.918ms
03-11 21:58:05.963  1323  1323 D VRI[NexusLauncherActivity]: visibilityChanged oldVisibility=true newVisibility=false
03-11 21:58:05.966  1078  1315 D WallpaperService: onVisibilityChanged(false): com.android.systemui.wallpapers.ImageWallpaper$CanvasEngine@fc995a3
03-11 21:58:05.970  1078  1155 V WindowManagerShell: Track 0 became idle
03-11 21:58:05.970  1078  1155 V WindowManagerShell: All active transition animations finished
03-11 21:58:05.975  1323  1323 D NexusLauncherModelDelegate: notifySmartspaceEvent: SmartspaceTargetEvent{mSmartspaceTarget=null, mSmartspaceActionId='null', mEventType=7}
03-11 21:58:05.995  1078  1155 D Bubbles : onLocusVisibilityChanged=Overview|DISABLED visible=false taskId=1
03-11 21:58:06.099 27329 27329 D nativeloader: Configuring clns-9 for other apk /data/app/~~iq_tSn7_PUgOT48JT8EJ4Q==/com.mahfilfund.app-5SXW__JfknWCzy6od2DzrA==/base.apk. target_sdk_version=36, uses_libraries=, library_path=/data/app/~~iq_tSn7_PUgOT48JT8EJ4Q==/com.mahfilfund.app-5SXW__JfknWCzy6od2DzrA==/lib/arm64:/data/app/~~iq_tSn7_PUgOT48JT8EJ4Q==/com.mahfilfund.app-5SXW__JfknWCzy6od2DzrA==/base.apk!/lib/arm64-v8a, permitted_path=/data:/mnt/expand:/data/user/0/com.mahfilfund.app
03-11 21:58:06.108 27329 27329 V GraphicsEnvironment: Currently set values for:
03-11 21:58:06.108 27329 27329 V GraphicsEnvironment:   angle_gl_driver_selection_pkgs=[]
03-11 21:58:06.108 27329 27329 V GraphicsEnvironment:   angle_gl_driver_selection_values=[]
03-11 21:58:06.108 27329 27329 V GraphicsEnvironment: com.mahfilfund.app is not listed in per-application setting
03-11 21:58:06.108 27329 27329 V GraphicsEnvironment: ANGLE allowlist from config: com.dreamgames.royalmatch com.dts.freefiremax com.dxx.firenow com.gramgames.mergedragons com.ludo.king com.mojang.minecraftpe com.my.defense com.nintendo.zaka com.os.airforce com.playrix.fishdomdd.gplay io.teslatech.callbreak jp.konami.prospia net.peakgames.toonblast
03-11 21:58:06.108 27329 27329 V GraphicsEnvironment: No special selections for ANGLE, returning default driver choice
03-11 21:58:06.108 27329 27329 V GraphicsEnvironment: Neither updatable production driver nor prerelease driver is supported.
03-11 21:58:06.123 27329 27329 W SoLoader: Initializing SoLoader: 0
03-11 21:58:06.124 27329 27329 W SoLoader: Recording new base apk path: /data/app/~~iq_tSn7_PUgOT48JT8EJ4Q==/com.mahfilfund.app-5SXW__JfknWCzy6od2DzrA==/base.apk
03-11 21:58:06.124 27329 27329 W SoLoader: Previously recorded 0 base apk paths.
03-11 21:58:06.124 27329 27329 I SoLoader: Preparing SO source: DirectorySoSource[root = /vendor/lib64 flags = 2]
03-11 21:58:06.124 27329 27329 I SoLoader: Preparing SO source: DirectorySoSource[root = /system/lib64 flags = 2]
03-11 21:58:06.124 27329 27329 I SoLoader: Preparing SO source: DirectApkSoSource[root = [/data/app/~~iq_tSn7_PUgOT48JT8EJ4Q==/com.mahfilfund.app-5SXW__JfknWCzy6od2DzrA==/base.apk!/lib/arm64-v8a]]
03-11 21:58:06.186 27329 27329 I SoLoader: Preparing SO source: ApplicationSoSource[DirectorySoSource[root = /data/app/~~iq_tSn7_PUgOT48JT8EJ4Q==/com.mahfilfund.app-5SXW__JfknWCzy6od2DzrA==/lib/arm64 flags = 0]]
03-11 21:58:06.186 27329 27329 I SoLoader: init finish: 4 SO sources prepared
03-11 21:58:06.186 27329 27329 W SoLoader: SoLoader initialized: 8
03-11 21:58:06.246 27329 27329 D nativeloader: Load /data/app/~~iq_tSn7_PUgOT48JT8EJ4Q==/com.mahfilfund.app-5SXW__JfknWCzy6od2DzrA==/base.apk!/lib/arm64-v8a/libc++_shared.so using class loader ns clns-9 (caller=/data/app/~~iq_tSn7_PUgOT48JT8EJ4Q==/com.mahfilfund.app-5SXW__JfknWCzy6od2DzrA==/base.apk): ok
03-11 21:58:06.276 27329 27329 D nativeloader: Load /data/app/~~iq_tSn7_PUgOT48JT8EJ4Q==/com.mahfilfund.app-5SXW__JfknWCzy6od2DzrA==/base.apk!/lib/arm64-v8a/libjsi.so using class loader ns clns-9 (caller=/data/app/~~iq_tSn7_PUgOT48JT8EJ4Q==/com.mahfilfund.app-5SXW__JfknWCzy6od2DzrA==/base.apk): ok
03-11 21:58:06.300 27329 27329 D nativeloader: Load /data/app/~~iq_tSn7_PUgOT48JT8EJ4Q==/com.mahfilfund.app-5SXW__JfknWCzy6od2DzrA==/base.apk!/lib/arm64-v8a/libfbjni.so using class loader ns clns-9 (caller=/data/app/~~iq_tSn7_PUgOT48JT8EJ4Q==/com.mahfilfund.app-5SXW__JfknWCzy6od2DzrA==/base.apk): ok
03-11 21:58:06.307 27329 27329 D nativeloader: Load /data/app/~~iq_tSn7_PUgOT48JT8EJ4Q==/com.mahfilfund.app-5SXW__JfknWCzy6od2DzrA==/base.apk!/lib/arm64-v8a/libreactnative.so using class loader ns clns-9 (caller=/data/app/~~iq_tSn7_PUgOT48JT8EJ4Q==/com.mahfilfund.app-5SXW__JfknWCzy6od2DzrA==/base.apk): ok
03-11 21:58:06.307 27329 27329 D jni_lib_merge: Entering merged library JNI_OnLoad.
03-11 21:58:06.307 27329 27329 D jni_lib_merge: Preparing 12 pre-merged libs (including stub)
03-11 21:58:06.307 27329 27329 D jni_lib_merge: Preparing to register libfabricjni_so.  onload_func: 0x79f1289948
03-11 21:58:06.307 27329 27329 D jni_lib_merge: Preparing to register libreact_devsupportjni_so.  onload_func: 0x79f149f2a4
03-11 21:58:06.307 27329 27329 D jni_lib_merge: Preparing to register libreact_featureflagsjni_so.  onload_func: 0x79f14aaf10
03-11 21:58:06.307 27329 27329 D jni_lib_merge: Preparing to register libreact_newarchdefaults_so.  onload_func: 0x79f1513eac
03-11 21:58:06.307 27329 27329 D jni_lib_merge: Preparing to register libreactnativeblob_so.  onload_func: 0x79f170495c
03-11 21:58:06.307 27329 27329 D jni_lib_merge: Preparing to register libreactnativejni_so.  onload_func: 0x79f1752114
03-11 21:58:06.307 27329 27329 D jni_lib_merge: Preparing to register libreactnativejni_common_so.  onload_func: 0x79f1762a9c
03-11 21:58:06.307 27329 27329 D jni_lib_merge: Preparing to register librninstance_so.  onload_func: 0x79f1799250
03-11 21:58:06.307 27329 27329 D jni_lib_merge: Preparing to register libturbomodulejsijni_so.  onload_func: 0x79f18b0a24
03-11 21:58:06.307 27329 27329 D jni_lib_merge: Preparing to register libuimanagerjni_so.  onload_func: 0x79f18c9a74
03-11 21:58:06.307 27329 27329 D jni_lib_merge: Preparing to register libyoga_so.  onload_func: 0x79f18d94f8
03-11 21:58:06.307 27329 27329 D jni_lib_merge: About to register 11 actual methods.
03-11 21:58:06.401 27329 27329 D nativeloader: Load /data/app/~~iq_tSn7_PUgOT48JT8EJ4Q==/com.mahfilfund.app-5SXW__JfknWCzy6od2DzrA==/base.apk!/lib/arm64-v8a/libreact_codegen_rnscreens.so using class loader ns clns-9 (caller=/data/app/~~iq_tSn7_PUgOT48JT8EJ4Q==/com.mahfilfund.app-5SXW__JfknWCzy6od2DzrA==/base.apk): ok
03-11 21:58:06.401 27329 27329 D jni_lib_merge: Entering merged library JNI_OnLoad.
03-11 21:58:06.402 27329 27329 D jni_lib_merge: Preparing 12 pre-merged libs (including stub)
03-11 21:58:06.402 27329 27329 D jni_lib_merge: Preparing to register libfabricjni_so.  onload_func: 0x79f1289948
03-11 21:58:06.402 27329 27329 D jni_lib_merge: Preparing to register libreact_devsupportjni_so.  onload_func: 0x79f149f2a4
03-11 21:58:06.402 27329 27329 D jni_lib_merge: Preparing to register libreact_featureflagsjni_so.  onload_func: 0x79f14aaf10
03-11 21:58:06.402 27329 27329 D jni_lib_merge: Preparing to register libreact_newarchdefaults_so.  onload_func: 0x79f1513eac
03-11 21:58:06.402 27329 27329 D jni_lib_merge: Preparing to register libreactnativeblob_so.  onload_func: 0x79f170495c
03-11 21:58:06.402 27329 27329 D jni_lib_merge: Preparing to register libreactnativejni_so.  onload_func: 0x79f1752114
03-11 21:58:06.402 27329 27329 D jni_lib_merge: Preparing to register libreactnativejni_common_so.  onload_func: 0x79f1762a9c
03-11 21:58:06.402 27329 27329 D jni_lib_merge: Preparing to register librninstance_so.  onload_func: 0x79f1799250
03-11 21:58:06.402 27329 27329 D jni_lib_merge: Preparing to register libturbomodulejsijni_so.  onload_func: 0x79f18b0a24
03-11 21:58:06.402 27329 27329 D jni_lib_merge: Preparing to register libuimanagerjni_so.  onload_func: 0x79f18c9a74
03-11 21:58:06.402 27329 27329 D jni_lib_merge: Preparing to register libyoga_so.  onload_func: 0x79f18d94f8
03-11 21:58:06.402 27329 27329 D jni_lib_merge: About to register 11 actual methods.
03-11 21:58:06.428 27329 27329 D nativeloader: Load /data/app/~~iq_tSn7_PUgOT48JT8EJ4Q==/com.mahfilfund.app-5SXW__JfknWCzy6od2DzrA==/base.apk!/lib/arm64-v8a/libreact_codegen_rnsvg.so using class loader ns clns-9 (caller=/data/app/~~iq_tSn7_PUgOT48JT8EJ4Q==/com.mahfilfund.app-5SXW__JfknWCzy6od2DzrA==/base.apk): ok
03-11 21:58:06.428 27329 27329 D jni_lib_merge: Entering merged library JNI_OnLoad.
03-11 21:58:06.428 27329 27329 D jni_lib_merge: Preparing 12 pre-merged libs (including stub)
03-11 21:58:06.428 27329 27329 D jni_lib_merge: Preparing to register libfabricjni_so.  onload_func: 0x79f1289948
03-11 21:58:06.428 27329 27329 D jni_lib_merge: Preparing to register libreact_devsupportjni_so.  onload_func: 0x79f149f2a4
03-11 21:58:06.428 27329 27329 D jni_lib_merge: Preparing to register libreact_featureflagsjni_so.  onload_func: 0x79f14aaf10
03-11 21:58:06.428 27329 27329 D jni_lib_merge: Preparing to register libreact_newarchdefaults_so.  onload_func: 0x79f1513eac
03-11 21:58:06.428 27329 27329 D jni_lib_merge: Preparing to register libreactnativeblob_so.  onload_func: 0x79f170495c
03-11 21:58:06.428 27329 27329 D jni_lib_merge: Preparing to register libreactnativejni_so.  onload_func: 0x79f1752114
03-11 21:58:06.428 27329 27329 D jni_lib_merge: Preparing to register libreactnativejni_common_so.  onload_func: 0x79f1762a9c
03-11 21:58:06.428 27329 27329 D jni_lib_merge: Preparing to register librninstance_so.  onload_func: 0x79f1799250
03-11 21:58:06.428 27329 27329 D jni_lib_merge: Preparing to register libturbomodulejsijni_so.  onload_func: 0x79f18b0a24
03-11 21:58:06.428 27329 27329 D jni_lib_merge: Preparing to register libuimanagerjni_so.  onload_func: 0x79f18c9a74
03-11 21:58:06.428 27329 27329 D jni_lib_merge: Preparing to register libyoga_so.  onload_func: 0x79f18d94f8
03-11 21:58:06.428 27329 27329 D jni_lib_merge: About to register 11 actual methods.
03-11 21:58:06.458 27329 27329 D nativeloader: Load /data/app/~~iq_tSn7_PUgOT48JT8EJ4Q==/com.mahfilfund.app-5SXW__JfknWCzy6od2DzrA==/base.apk!/lib/arm64-v8a/libreact_codegen_safeareacontext.so using class loader ns clns-9 (caller=/data/app/~~iq_tSn7_PUgOT48JT8EJ4Q==/com.mahfilfund.app-5SXW__JfknWCzy6od2DzrA==/base.apk): ok
03-11 21:58:06.497 27329 27329 D nativeloader: Load /data/app/~~iq_tSn7_PUgOT48JT8EJ4Q==/com.mahfilfund.app-5SXW__JfknWCzy6od2DzrA==/base.apk!/lib/arm64-v8a/libreact-native-mmkv.so using class loader ns clns-9 (caller=/data/app/~~iq_tSn7_PUgOT48JT8EJ4Q==/com.mahfilfund.app-5SXW__JfknWCzy6od2DzrA==/base.apk): ok
03-11 21:58:06.510 27329 27329 D nativeloader: Load /data/app/~~iq_tSn7_PUgOT48JT8EJ4Q==/com.mahfilfund.app-5SXW__JfknWCzy6od2DzrA==/base.apk!/lib/arm64-v8a/libappmodules.so using class loader ns clns-9 (caller=/data/app/~~iq_tSn7_PUgOT48JT8EJ4Q==/com.mahfilfund.app-5SXW__JfknWCzy6od2DzrA==/base.apk): ok
03-11 21:58:06.531   686  1040 D BackgroundInstallControlService: Package event received: 0
03-11 21:58:06.534   686  1040 D BackgroundInstallControlService: Package event received: 0
03-11 21:58:06.544 27329 27346 I DisplayManager: Choreographer implicitly registered for the refresh rate.
03-11 21:58:06.570 27329 27329 D DesktopExperienceFlags: Toggle override initialized to: false
03-11 21:58:06.574   686   981 I HalDevMgr: bestIfaceCreationProposal is null, requestIface=STA, existingIface=[name=wlan0 type=STA]
03-11 21:58:06.589 27329 27329 D AppCompatDelegate: Checking for metadata for AppLocalesMetadataHolderService : Service not found
03-11 21:58:06.594 27329 27329 E ashmem  : Pinning is deprecated since Android Q. Please use trim or other methods.
03-11 21:58:06.604 27329 27346 I GFXSTREAM: [eglDisplay.cpp(297)] Opening libGLESv1_CM_emulation.so
03-11 21:58:06.604 27329 27346 I GFXSTREAM: [eglDisplay.cpp(297)] Opening libGLESv2_emulation.so
03-11 21:58:06.615 27329 27346 W HWUI    : Failed to choose config with EGL_SWAP_BEHAVIOR_PRESERVED, retrying without...
03-11 21:58:06.615 27329 27346 W HWUI    : Failed to initialize 101010-2 format, error = EGL_SUCCESS
03-11 21:58:06.658 27329 27329 D nativeloader: Load /data/app/~~iq_tSn7_PUgOT48JT8EJ4Q==/com.mahfilfund.app-5SXW__JfknWCzy6od2DzrA==/base.apk!/lib/arm64-v8a/libhermes.so using class loader ns clns-9 (caller=/data/app/~~iq_tSn7_PUgOT48JT8EJ4Q==/com.mahfilfund.app-5SXW__JfknWCzy6od2DzrA==/base.apk): ok
03-11 21:58:06.659 27329 27329 D nativeloader: Load /data/app/~~iq_tSn7_PUgOT48JT8EJ4Q==/com.mahfilfund.app-5SXW__JfknWCzy6od2DzrA==/base.apk!/lib/arm64-v8a/libhermestooling.so using class loader ns clns-9 (caller=/data/app/~~iq_tSn7_PUgOT48JT8EJ4Q==/com.mahfilfund.app-5SXW__JfknWCzy6od2DzrA==/base.apk): ok
03-11 21:58:06.659 27329 27329 D jni_lib_merge: Entering merged library JNI_OnLoad.
03-11 21:58:06.659 27329 27329 D jni_lib_merge: Preparing 4 pre-merged libs (including stub)
03-11 21:58:06.659 27329 27329 D jni_lib_merge: Preparing to register libhermes_executor_so.  onload_func: 0x79e048c9d4
03-11 21:58:06.659 27329 27329 D jni_lib_merge: Preparing to register libhermesinstancejni_so.  onload_func: 0x79e04c178c
03-11 21:58:06.659 27329 27329 D jni_lib_merge: Preparing to register libjsijniprofiler_so.  onload_func: 0x79e04c3788
03-11 21:58:06.659 27329 27329 D jni_lib_merge: About to register 3 actual methods.
03-11 21:58:06.686 27329 27329 W unknown:BridgelessReact: ReactHost{0}.startSurface(surfaceId = 0): Schedule
03-11 21:58:06.686 27329 27329 W unknown:BridgelessReact: ReactHost{0}.attachSurface(surfaceId = 0)
03-11 21:58:06.687 27329 27351 W unknown:BridgelessReact: ReactHost{0}.getOrCreateReactInstanceTask()
03-11 21:58:06.687 27329 27351 W unknown:BridgelessReact: ReactHost{0}.getOrCreateReactInstanceTask(): Start
03-11 21:58:06.687 27329 27351 W unknown:BridgelessReact: ReactHost{0}.getJSBundleLoader()
03-11 21:58:06.687 27329 27351 W unknown:BridgelessReact: ReactHost{0}.isMetroRunning()
03-11 21:58:06.689 27329 27329 D CompatChangeReporter: Compat change id reported: 377864165; UID 10220; state: ENABLED
03-11 21:58:06.690 27329 27329 D DesktopModeFlags: Toggle override initialized to: OVERRIDE_UNSET
03-11 21:58:06.694 27329 27329 I .mahfilfund.app: hiddenapi: Accessing hidden method Landroid/view/ViewGroup;->makeOptionalFitsSystemWindows()V (runtime_flags=0, domain=platform, api=unsupported) from Landroidx/appcompat/widget/ViewUtils; (domain=app, TargetSdkVersion=36) using reflection: allowed
03-11 21:58:06.700 27329 27329 W unknown:BridgelessReact: ReactHost{0}.onHostResume(activity)
03-11 21:58:06.714 27329 27329 W HWUI    : Unknown dataspace 0
03-11 21:58:06.715 27329 27329 D InsetsController: Setting requestedVisibleTypes to 498 (was 503)
03-11 21:58:06.725 27329 27329 D WindowOnBackDispatcher: setTopOnBackInvokedCallback (unwrapped): android.app.Activity$$ExternalSyntheticLambda0@91dde4a
03-11 21:58:06.725   686   786 D CoreBackPreview: Window{fcce83d u0 com.mahfilfund.app/com.mahfilfund.app.MainActivity}: Setting back callback OnBackInvokedCallbackInfo{mCallback=android.window.IOnBackInvokedCallback$Stub$Proxy@33a2700, mPriority=-1, mIsAnimationCallback=false, mOverrideBehavior=0}
03-11 21:58:06.725 27329 27329 D WindowOnBackDispatcher: setTopOnBackInvokedCallback (unwrapped): androidx.activity.OnBackPressedDispatcher$Api34Impl$createOnBackAnimationCallback$1@2ae61bb
03-11 21:58:06.725   686   786 D CoreBackPreview: Window{fcce83d u0 com.mahfilfund.app/com.mahfilfund.app.MainActivity}: Setting back callback OnBackInvokedCallbackInfo{mCallback=android.window.IOnBackInvokedCallback$Stub$Proxy@1a4cb39, mPriority=0, mIsAnimationCallback=true, mOverrideBehavior=0}
03-11 21:58:06.725 27329 27329 D VRI[MainActivity]: WindowInsets changed: 1080x2400 statusBars:[0,63,0,0] navigationBars:[0,0,0,63] mandatorySystemGestures:[0,63,0,84] 
03-11 21:58:06.730 27329 27329 D VRI[MainActivity]: WindowInsets changed: statusBars:null 
03-11 21:58:06.756  1323  1323 D BaseActivity: Launcher flags updated: [] -[state_started]
03-11 21:58:06.756  1323  1323 D BaseDepthController: setSurface:
03-11 21:58:06.756  1323  1323 D BaseDepthController: 	mWaitingOnSurfaceValidity: false
03-11 21:58:06.756  1323  1323 D BaseDepthController: 	mBaseSurface: null
03-11 21:58:06.756  1323  1323 D BaseDepthController: mSurface is null and mCurrentBlur is: 79
03-11 21:58:06.756  1323  1323 D ActivityContext: hideKeyboard
03-11 21:58:06.757  1323  1323 D ActivityContext: isImeShown: false
03-11 21:58:06.757  1323  1323 D StatsLog: LAUNCHER_ONSTOP
03-11 21:58:06.759  1323  1323 D StatsLog: LAUNCHER_GOOGLE_SEARCH_RESTORE_LIST_SIZE_AFTER_ACTIVITY_RESTART
03-11 21:58:06.765   686   712 I ActivityTaskManager: Displayed com.mahfilfund.app/.MainActivity for user 0: +1s555ms
03-11 21:58:06.774 27329 27329 W unknown:BridgelessReact: ReactHost{0}.raiseSoftException(onWindowFocusChange(hasFocus = "true")): Tried to access onWindowFocusChange while context is not ready
03-11 21:58:06.790 27329 27329 E unknown:ReactHost: Unhandled SoftException
03-11 21:58:06.790 27329 27329 E unknown:ReactHost: com.facebook.react.bridge.ReactNoCrashSoftException: raiseSoftException(onWindowFocusChange(hasFocus = "true")): Tried to access onWindowFocusChange while context is not ready
03-11 21:58:06.790 27329 27329 E unknown:ReactHost: 	at com.facebook.react.runtime.ReactHostImpl.raiseSoftException(ReactHostImpl.java:1038)
03-11 21:58:06.790 27329 27329 E unknown:ReactHost: 	at com.facebook.react.runtime.ReactHostImpl.raiseSoftException(ReactHostImpl.java:1031)
03-11 21:58:06.790 27329 27329 E unknown:ReactHost: 	at com.facebook.react.runtime.ReactHostImpl.onWindowFocusChange(ReactHostImpl.java:790)
03-11 21:58:06.790 27329 27329 E unknown:ReactHost: 	at com.facebook.react.ReactDelegate.onWindowFocusChanged(ReactDelegate.java:199)
03-11 21:58:06.790 27329 27329 E unknown:ReactHost: 	at com.facebook.react.ReactActivityDelegate.onWindowFocusChanged(ReactActivityDelegate.java:216)
03-11 21:58:06.790 27329 27329 E unknown:ReactHost: 	at com.facebook.react.ReactActivity.onWindowFocusChanged(ReactActivity.java:158)
03-11 21:58:06.790 27329 27329 E unknown:ReactHost: 	at androidx.appcompat.view.WindowCallbackWrapper.onWindowFocusChanged(WindowCallbackWrapper.java:124)
03-11 21:58:06.790 27329 27329 E unknown:ReactHost: 	at com.android.internal.policy.DecorView.onWindowFocusChanged(DecorView.java:1797)
03-11 21:58:06.790 27329 27329 E unknown:ReactHost: 	at android.view.View.dispatchWindowFocusChanged(View.java:17124)
03-11 21:58:06.790 27329 27329 E unknown:ReactHost: 	at android.view.ViewGroup.dispatchWindowFocusChanged(ViewGroup.java:1529)
03-11 21:58:06.790 27329 27329 E unknown:ReactHost: 	at android.view.ViewRootImpl.dispatchFocusEvent(ViewRootImpl.java:4962)
03-11 21:58:06.790 27329 27329 E unknown:ReactHost: 	at android.view.ViewRootImpl.handleWindowFocusChanged(ViewRootImpl.java:4866)
03-11 21:58:06.790 27329 27329 E unknown:ReactHost: 	at android.view.ViewRootImpl.-$$Nest$mhandleWindowFocusChanged(Unknown Source:0)
03-11 21:58:06.790 27329 27329 E unknown:ReactHost: 	at android.view.ViewRootImpl$ViewRootHandler.handleMessageImpl(ViewRootImpl.java:7118)
03-11 21:58:06.790 27329 27329 E unknown:ReactHost: 	at android.view.ViewRootImpl$ViewRootHandler.handleMessage(ViewRootImpl.java:7026)
03-11 21:58:06.790 27329 27329 E unknown:ReactHost: 	at android.os.Handler.dispatchMessage(Handler.java:132)
03-11 21:58:06.790 27329 27329 E unknown:ReactHost: 	at android.os.Looper.dispatchMessage(Looper.java:333)
03-11 21:58:06.790 27329 27329 E unknown:ReactHost: 	at android.os.Looper.loopOnce(Looper.java:263)
03-11 21:58:06.790 27329 27329 E unknown:ReactHost: 	at android.os.Looper.loop(Looper.java:367)
03-11 21:58:06.790 27329 27329 E unknown:ReactHost: 	at android.app.ActivityThread.main(ActivityThread.java:9282)
03-11 21:58:06.790 27329 27329 E unknown:ReactHost: 	at java.lang.reflect.Method.invoke(Native Method)
03-11 21:58:06.790 27329 27329 E unknown:ReactHost: 	at com.android.internal.os.RuntimeInit$MethodAndArgsCaller.run(RuntimeInit.java:566)
03-11 21:58:06.790 27329 27329 E unknown:ReactHost: 	at com.android.internal.os.ZygoteInit.main(ZygoteInit.java:929)
03-11 21:58:06.816   686   830 I ImeTracker: com.mahfilfund.app:d636b178: onRequestHide at ORIGIN_SERVER reason HIDE_UNSPECIFIED_WINDOW fromUser false
03-11 21:58:06.825 27329 27329 D InsetsController: hide(ime())
03-11 21:58:06.826 27329 27329 I ImeTracker: com.mahfilfund.app:d636b178: onCancelled at PHASE_CLIENT_ALREADY_HIDDEN
03-11 21:58:06.829   686  1040 D BackgroundInstallControlService: Package event received: 0
03-11 21:58:06.878  6892  6892 I GoogleInputMethodService: GoogleInputMethodService.onFinishInput():2057 
03-11 21:58:06.893   686  2319 I ImeTracker: system_server:9b569f8e: onRequestHide at ORIGIN_SERVER reason IME_REQUESTED_CHANGED_LISTENER fromUser false
03-11 21:58:06.896  6892  6892 I Module  : DeviceLockedStatusModuleProvider$Module.updateDeviceLockedStatus():100 repeatCheckTimes = 0, locked = false
03-11 21:58:06.900  6892  6892 I GoogleInputMethodService: GoogleInputMethodService.onStartInput():1318 onStartInput(EditorInfo{EditorInfo{packageName=com.mahfilfund.app, inputType=0, inputTypeString=NULL, enableLearning=false, autoCorrection=false, autoComplete=false, imeOptions=0, privateImeOptions=null, actionName=UNSPECIFIED, actionLabel=null, initialSelStart=-1, initialSelEnd=-1, initialCapsMode=0, label=null, fieldId=0, fieldName=null, extras=null, hintText=null, hintLocales=[]}}, false)
03-11 21:58:06.906  1323  1331 W System  : A resource failed to call release. 
03-11 21:58:06.907   686   715 I ImeTracker: system_server:9b569f8e: onCancelled at PHASE_SERVER_SHOULD_HIDE
03-11 21:58:06.907  1323  1331 W System  : A resource failed to call release. 
03-11 21:58:06.907  1323  1331 W System  : A resource failed to call release. 
03-11 21:58:06.909  6892  6892 I Module  : DeviceLockedStatusModuleProvider$Module.updateDeviceLockedStatus():100 repeatCheckTimes = 1, locked = false
03-11 21:58:06.910   686  2319 W PackageConfigPersister: App-specific configuration not found for packageName: com.mahfilfund.app and userId: 0
03-11 21:58:06.912  1078  3423 W HWUI    : Failed to choose config with EGL_SWAP_BEHAVIOR_PRESERVED, retrying without...
03-11 21:58:06.913  1078  3423 W HWUI    : Failed to initialize 101010-2 format, error = EGL_SUCCESS
03-11 21:58:06.974 27329 27364 W unknown:BridgelessReact: ReactHost{0}.isMetroRunning(): Async result = true
03-11 21:58:06.974 27329 27351 W unknown:BridgelessReact: ReactHost{0}.loadJSBundleFromMetro()
03-11 21:58:06.990 27329 27329 D WindowOnBackDispatcher: setTopOnBackInvokedCallback (unwrapped): android.widget.PopupWindow$PopupDecorView$$ExternalSyntheticLambda1@a37f477
03-11 21:58:06.991 27329 27329 I HWUI    : Using FreeType backend (prop=Auto)
03-11 21:58:06.992   686  2319 D CoreBackPreview: Window{aa55030 u0 PopupWindow:647599b}: Setting back callback OnBackInvokedCallbackInfo{mCallback=android.window.IOnBackInvokedCallback$Stub$Proxy@246da2e, mPriority=0, mIsAnimationCallback=false, mOverrideBehavior=0}
03-11 21:58:07.144   567   567 W libbinder.IPCThreadState: Sending oneway calls to frozen process.
03-11 21:58:07.174   686  2319 I ImeTracker: system_server:d1a091f1: onRequestHide at ORIGIN_SERVER reason IME_REQUESTED_CHANGED_LISTENER fromUser false
03-11 21:58:07.174   686   715 I ImeTracker: system_server:d1a091f1: onCancelled at PHASE_SERVER_SHOULD_HIDE
03-11 21:58:07.178 27329 27361 W InteractionJankMonitor: Initializing without READ_DEVICE_CONFIG permission. enabled=false, interval=1, missedFrameThreshold=3, frameTimeThreshold=64, package=com.mahfilfund.app
03-11 21:58:07.217  6766  7293 I FontLog : (REDACTED) Received query %s, URI %s
03-11 21:58:07.217  6766  7293 I FontLog : (REDACTED) Query [%s] resolved to %s
03-11 21:58:07.221  6766  7293 I FontLog : (REDACTED) Fetch %s end status %s
03-11 21:58:07.228  6766  7293 I FontLog : (REDACTED) Pulling font file for id = %d, cache size = %d
03-11 21:58:07.231  6766  7293 I FontLog : (REDACTED) Pulling font file for id = %d, cache size = %d
03-11 21:58:08.410 27329 27329 D WindowOnBackDispatcher: setTopOnBackInvokedCallback (unwrapped): null
03-11 21:58:08.411   686  1316 D CoreBackPreview: Window{aa55030 u0 PopupWindow:647599b}: Setting back callback null
03-11 21:58:08.412 27329 27364 W unknown:BridgelessReact: ReactHost{0}.loadJSBundleFromMetro(): Creating BundleLoader
03-11 21:58:08.413 27329 27351 W unknown:BridgelessReact: ReactHost{0}.getOrCreateReactContext(): Creating BridgelessReactContext
03-11 21:58:08.414 27329 27351 W unknown:BridgelessReact: ReactHost{0}.getOrCreateReactInstanceTask(): Creating ReactInstance
03-11 21:58:08.433   686  1040 D BackgroundInstallControlService: Package event received: 0
03-11 21:58:08.442   686  1316 D ActivityManager: sync unfroze 19674 com.android.vending for 6
03-11 21:58:08.446   686  1040 D BackgroundInstallControlService: Package event received: 0
03-11 21:58:08.464 17739 17753 I Finsky:background: [46] Stats for Executor: bgExecutor uyy@5a1d95[Running, pool size = 4, active threads = 0, queued tasks = 0, completed tasks = 220]
03-11 21:58:08.464 17739 17753 I Finsky:background: [46] Stats for Executor: LightweightExecutor uyy@d275e49[Running, pool size = 2, active threads = 0, queued tasks = 0, completed tasks = 351]
03-11 21:58:08.464 17739 17753 I Finsky:background: [46] Stats for Executor: BlockingExecutor uyy@39e6f96[Running, pool size = 2, active threads = 0, queued tasks = 0, completed tasks = 110]
03-11 21:58:08.472   686  1316 D ActivityManager: sync unfroze 17739 com.android.vending:background for 6
03-11 21:58:08.481 19674 19687 I Finsky  : [45] Stats for Executor: LightweightExecutor uyy@367cfdd[Running, pool size = 2, active threads = 0, queued tasks = 0, completed tasks = 1043]
03-11 21:58:08.481 19674 19687 I Finsky  : [45] Stats for Executor: BlockingExecutor uyy@2a8657f[Running, pool size = 3, active threads = 3, queued tasks = 0, completed tasks = 355]
03-11 21:58:08.482 19674 19687 I Finsky  : [45] Stats for Executor: bgExecutor uyy@6eec27b[Running, pool size = 4, active threads = 0, queued tasks = 0, completed tasks = 4252]
03-11 21:58:08.509 27329 27351 W unknown:BridgelessReact: ReactHost{0}.getOrCreateReactInstanceTask(): Loading JS Bundle
03-11 21:58:08.514 27329 27351 W unknown:BridgelessReact: ReactHost{0}.getOrCreateReactInstanceTask(): Calling DevSupportManagerBase.onNewReactContextCreated(reactContext)
03-11 21:58:08.522   686  1316 W ProcessStats: Tracking association SourceState{581a5ee com.android.vending/10145 ImpBg #17573} whose proc state 6 is better than process ProcessState{8f40efb com.android.vending:background/10145 pkg=com.android.vending} proc state 14 (5 skipped)
03-11 21:58:08.525 27329 27376 D InstallReferrerState: OK
03-11 21:58:08.535 27329 27351 W unknown:BridgelessReact: ReactHost{0}.startSurface(surfaceId = 0): Execute
03-11 21:58:08.541 27329 27329 W unknown:ReactNative: Packager connection already open, nooping.
03-11 21:58:08.541 27329 27329 W unknown:BridgelessReact: ReactContext.onHostResume()
03-11 21:58:08.541 27329 27329 W unknown:BridgelessReact: ReactHost{0}.getOrCreateReactInstanceTask(): Executing ReactInstanceEventListeners
03-11 21:58:08.575 17739 17739 I Finsky:background: [2] Memory trim requested to level 40
03-11 21:58:08.576 19674 19674 I Finsky  : [2] Memory trim requested to level 40
03-11 21:58:08.576 19674 19674 I Finsky  : [2] Flushing in-memory image cache
03-11 21:58:08.755   686  3227 E TaskPersister: File error accessing recents directory (directory doesn't exist?).
03-11 21:58:08.856 27329 27374 I WebViewFactory: Loading com.google.android.webview version 134.0.6998.135 (code 699813532)
03-11 21:58:08.862 27329 27374 V ResourcesManager: The following library key has been added: ResourcesKey{ mHash=cdb9a217 mResDir=null mSplitDirs=[] mOverlayDirs=[] mLibDirs=[/data/app/~~oPHDSUVLx8Uu4FEW8gfZAg==/com.google.android.webview-2P2lqU3o30Ugc9V1WsdoYA==/WebViewGoogle.apk,/data/app/~~Zmgg2nv_aONKh4nxxbXqNw==/com.google.android.trichromelibrary_699813532-1uXSaqQ09hpRzdo27rzlOw==/TrichromeLibrary.apk,/system_ext/framework/androidx.window.extensions.jar] mDisplayId=0 mOverrideConfig=v36 mCompatInfo={420dpi always-compat} mLoaders=[]}
03-11 21:58:08.863 27329 27374 W .mahfilfund.app: Failed to find entry 'classes.dex': Entry not found
03-11 21:58:08.863 27329 27374 D nativeloader: Configuring clns-10 for other apk /data/app/~~Zmgg2nv_aONKh4nxxbXqNw==/com.google.android.trichromelibrary_699813532-1uXSaqQ09hpRzdo27rzlOw==/TrichromeLibrary.apk. target_sdk_version=35, uses_libraries=ALL, library_path=/data/app/~~oPHDSUVLx8Uu4FEW8gfZAg==/com.google.android.webview-2P2lqU3o30Ugc9V1WsdoYA==/lib/arm64:/data/app/~~oPHDSUVLx8Uu4FEW8gfZAg==/com.google.android.webview-2P2lqU3o30Ugc9V1WsdoYA==/WebViewGoogle.apk!/lib/arm64-v8a:/data/app/~~Zmgg2nv_aONKh4nxxbXqNw==/com.google.android.trichromelibrary_699813532-1uXSaqQ09hpRzdo27rzlOw==/TrichromeLibrary.apk!/lib/arm64-v8a, permitted_path=/data:/mnt/expand
03-11 21:58:08.864 27329 27374 D ApplicationLoaders: Returning zygote-cached class loader: /system_ext/framework/androidx.window.extensions.jar
03-11 21:58:08.866 27329 27374 D nativeloader: Configuring clns-11 for other apk /data/app/~~oPHDSUVLx8Uu4FEW8gfZAg==/com.google.android.webview-2P2lqU3o30Ugc9V1WsdoYA==/WebViewGoogle.apk. target_sdk_version=35, uses_libraries=, library_path=/data/app/~~oPHDSUVLx8Uu4FEW8gfZAg==/com.google.android.webview-2P2lqU3o30Ugc9V1WsdoYA==/lib/arm64:/data/app/~~oPHDSUVLx8Uu4FEW8gfZAg==/com.google.android.webview-2P2lqU3o30Ugc9V1WsdoYA==/WebViewGoogle.apk!/lib/arm64-v8a:/data/app/~~Zmgg2nv_aONKh4nxxbXqNw==/com.google.android.trichromelibrary_699813532-1uXSaqQ09hpRzdo27rzlOw==/TrichromeLibrary.apk!/lib/arm64-v8a, permitted_path=/data:/mnt/expand
03-11 21:58:08.932 27329 27374 I .mahfilfund.app: Waiting for a blocking GC ClassLinker
03-11 21:58:08.939 27329 27373 W unknown:ViewManagerPropertyUpdater: Could not find generated setter for class com.th3rdwave.safeareacontext.SafeAreaProviderManager
03-11 21:58:08.941 27329 27373 W unknown:ViewManagerPropertyUpdater: Could not find generated setter for class com.facebook.react.uimanager.LayoutShadowNode
03-11 21:58:08.943 27329 27373 W unknown:ViewManagerPropertyUpdater: Could not find generated setter for class com.swmansion.rnscreens.SearchBarManager
03-11 21:58:08.945 27329 27373 W unknown:ViewManagerPropertyUpdater: Could not find generated setter for class com.swmansion.rnscreens.ScreenFooterManager
03-11 21:58:08.945 27329 27373 W unknown:ViewManagerPropertyUpdater: Could not find generated setter for class com.swmansion.rnscreens.ScreenContainerViewManager
03-11 21:58:08.945 27329 27373 W unknown:ViewManagerPropertyUpdater: Could not find generated setter for class com.dylanvann.fastimage.FastImageViewManager
03-11 21:58:08.946 27329 27373 W unknown:ViewManagerPropertyUpdater: Could not find generated setter for class com.reactnativecommunity.webview.RNCWebViewManager
03-11 21:58:08.947 27329 27373 W unknown:ViewManagerPropertyUpdater: Could not find generated setter for class com.swmansion.rnscreens.ModalScreenViewManager
03-11 21:58:08.948 27329 27373 W unknown:ViewManagerPropertyUpdater: Could not find generated setter for class com.swmansion.rnscreens.ScreenStackHeaderConfigViewManager
03-11 21:58:08.948 27329 27336 W .mahfilfund.app: userfaultfd: MOVE ioctl seems unsupported: Connection timed out
03-11 21:58:08.950 27329 27373 W unknown:ViewManagerPropertyUpdater: Could not find generated setter for class com.swmansion.rnscreens.ScreenContentWrapperManager
03-11 21:58:08.950 27329 27373 W unknown:ViewManagerPropertyUpdater: Could not find generated setter for class com.th3rdwave.safeareacontext.SafeAreaViewManager
03-11 21:58:08.951 27329 27373 W unknown:ViewManagerPropertyUpdater: Could not find generated setter for class com.th3rdwave.safeareacontext.SafeAreaViewShadowNode
03-11 21:58:08.952 27329 27373 W unknown:ViewManagerPropertyUpdater: Could not find generated setter for class com.shopify.reactnative.flash_list.AutoLayoutViewManager
03-11 21:58:08.953 27329 27373 W unknown:ViewManagerPropertyUpdater: Could not find generated setter for class com.shopify.reactnative.flash_list.CellContainerManager
03-11 21:58:08.953 27329 27373 W unknown:ViewManagerPropertyUpdater: Could not find generated setter for class com.swmansion.rnscreens.ScreenViewManager
03-11 21:58:08.953 27329 27373 W unknown:ViewManagerPropertyUpdater: Could not find generated setter for class com.reactnativepagerview.PagerViewViewManager
03-11 21:58:08.954 27329 27373 W unknown:ViewManagerPropertyUpdater: Could not find generated setter for class com.swmansion.rnscreens.ScreenStackHeaderSubviewManager
03-11 21:58:08.954 27329 27373 W unknown:ViewManagerPropertyUpdater: Could not find generated setter for class com.swmansion.rnscreens.ScreenStackViewManager
03-11 21:58:08.968 27329 27336 I .mahfilfund.app: NativeAlloc concurrent mark compact GC freed 21MB AllocSpace bytes, 29(1520KB) LOS objects, 49% free, 5119KB/10238KB, paused 919us,849us total 100.163ms
03-11 21:58:08.969 27329 27374 I .mahfilfund.app: WaitForGcToComplete blocked ClassLinker on NativeAlloc for 36.582ms
03-11 21:58:08.975 27329 27374 I cr_WVCFactoryProvider: version=134.0.6998.135 (699813532) minSdkVersion=29 isBundle=false multiprocess=true packageId=2
03-11 21:58:08.981 27329 27373 W unknown:ViewManagerPropertyUpdater: Could not find generated setter for class com.horcrux.svg.RenderableViewManager$FeMergeManager
03-11 21:58:08.983 27329 27374 D nativeloader: Load /data/app/~~Zmgg2nv_aONKh4nxxbXqNw==/com.google.android.trichromelibrary_699813532-1uXSaqQ09hpRzdo27rzlOw==/TrichromeLibrary.apk!/lib/arm64-v8a/libmonochrome_64.so using class loader ns clns-11 (caller=/data/app/~~oPHDSUVLx8Uu4FEW8gfZAg==/com.google.android.webview-2P2lqU3o30Ugc9V1WsdoYA==/WebViewGoogle.apk): ok
03-11 21:58:08.984 27329 27373 W unknown:ViewManagerPropertyUpdater: Could not find generated setter for class com.horcrux.svg.VirtualViewManager$RenderableShadowNode
03-11 21:58:08.987 27329 27373 W unknown:ViewManagerPropertyUpdater: Could not find generated setter for class com.facebook.react.views.safeareaview.ReactSafeAreaViewManager
03-11 21:58:08.987 27329 27373 W unknown:ViewManagerPropertyUpdater: Could not find generated setter for class com.facebook.react.views.safeareaview.ReactSafeAreaViewShadowNode
03-11 21:58:08.987 27329 27374 D nativeloader: Load /system/lib64/libwebviewchromium_plat_support.so using class loader ns clns-11 (caller=/data/app/~~oPHDSUVLx8Uu4FEW8gfZAg==/com.google.android.webview-2P2lqU3o30Ugc9V1WsdoYA==/WebViewGoogle.apk): ok
03-11 21:58:08.989 27329 27373 W unknown:ViewManagerPropertyUpdater: Could not find generated setter for class com.horcrux.svg.RenderableViewManager$LinearGradientManager
03-11 21:58:08.992 27329 27373 W unknown:ViewManagerPropertyUpdater: Could not find generated setter for class com.facebook.react.views.progressbar.ReactProgressBarViewManager
03-11 21:58:08.992 27329 27373 W unknown:ViewManagerPropertyUpdater: Could not find generated setter for class com.facebook.react.views.progressbar.ProgressBarShadowNode
03-11 21:58:08.994 27329 27387 E chromium: [0311/215808.993802:ERROR:variations_seed_loader.cc(39)] Seed missing signature.
03-11 21:58:08.995 27329 27373 W unknown:ViewManagerPropertyUpdater: Could not find generated setter for class com.horcrux.svg.RenderableViewManager$FeColorMatrixManager
03-11 21:58:08.995 27329 27387 I chromium: [0311/215808.995371:INFO:variations_seed_loader.cc(67)] Failed to open file for reading.: No such file or directory (2)
03-11 21:58:08.997 27329 27373 W unknown:ViewManagerPropertyUpdater: Could not find generated setter for class com.horcrux.svg.RenderableViewManager$SymbolManager
03-11 21:58:09.002 27329 27373 W unknown:ViewManagerPropertyUpdater: Could not find generated setter for class com.horcrux.svg.RenderableViewManager$PatternManager
03-11 21:58:09.006 27329 27374 I cr_LibraryLoader: Successfully loaded native library
03-11 21:58:09.007 27329 27374 I cr_CachingUmaRecorder: Flushed 6 samples from 6 histograms, 0 samples were dropped.
03-11 21:58:09.009 27329 27373 W unknown:ViewManagerPropertyUpdater: Could not find generated setter for class com.horcrux.svg.SvgViewManager
03-11 21:58:09.013 27329 27373 W unknown:ViewManagerPropertyUpdater: Could not find generated setter for class com.facebook.react.views.switchview.ReactSwitchManager
03-11 21:58:09.013 27329 27373 W unknown:ViewManagerPropertyUpdater: Could not find generated setter for class com.facebook.react.views.switchview.ReactSwitchShadowNode
03-11 21:58:09.015 27329 27373 W unknown:ViewManagerPropertyUpdater: Could not find generated setter for class com.horcrux.svg.RenderableViewManager$UseViewManager
03-11 21:58:09.018 27329 27373 W unknown:ViewManagerPropertyUpdater: Could not find generated setter for class com.horcrux.svg.RenderableViewManager$TSpanViewManager
03-11 21:58:09.022 27329 27373 W unknown:ViewManagerPropertyUpdater: Could not find generated setter for class com.horcrux.svg.RenderableViewManager$FilterManager
03-11 21:58:09.024 27329 27373 W unknown:ViewManagerPropertyUpdater: Could not find generated setter for class com.horcrux.svg.RenderableViewManager$MarkerManager
03-11 21:58:09.032 27329 27373 W unknown:ViewManagerPropertyUpdater: Could not find generated setter for class com.swmansion.gesturehandler.react.RNGestureHandlerButtonViewManager
03-11 21:58:09.034 27329 27373 W unknown:ViewManagerPropertyUpdater: Could not find generated setter for class com.horcrux.svg.RenderableViewManager$ForeignObjectManager
03-11 21:58:09.037 27329 27373 W unknown:ViewManagerPropertyUpdater: Could not find generated setter for class com.horcrux.svg.RenderableViewManager$GroupViewManager
03-11 21:58:09.039 27329 27373 W unknown:ViewManagerPropertyUpdater: Could not find generated setter for class com.horcrux.svg.RenderableViewManager$TextViewManager
03-11 21:58:09.041 27329 27373 W unknown:ViewManagerPropertyUpdater: Could not find generated setter for class com.horcrux.svg.RenderableViewManager$ImageViewManager
03-11 21:58:09.042 27329 27373 W unknown:ViewManagerPropertyUpdater: Could not find generated setter for class com.horcrux.svg.RenderableViewManager$FeCompositeManager
03-11 21:58:09.044 27329 27373 W unknown:ViewManagerPropertyUpdater: Could not find generated setter for class com.horcrux.svg.RenderableViewManager$RadialGradientManager
03-11 21:58:09.045 27329 27373 W unknown:ViewManagerPropertyUpdater: Could not find generated setter for class com.facebook.react.views.unimplementedview.ReactUnimplementedViewManager
