03-11 21:59:41.767   686  1316 V WindowManager: deferTransitionReady deferReadyDepth=1 stack=com.android.server.wm.TransitionController.deferTransitionReady:1061 com.android.server.wm.TaskFragmentOrganizerController$TaskFragmentOrganizerState.dispatchTransaction:517 com.android.server.wm.TaskFragmentOrganizerController.dispatchPendingEvents:1259 com.android.server.wm.TaskFragmentOrganizerController.dispatchPendingEvents:1228 com.android.server.wm.RootWindowContainer.performSurfacePlacement:777 
03-11 21:59:41.768  1323  1323 D RecentsView: onTaskDisplayChanged: 28, new displayId = 0
03-11 21:59:41.769   472   472 D Zygote  : Forked child process 27470
03-11 21:59:41.769  1323  1323 D b/417220811: invalidateLoadedTasks - previous requestLoadId: -1
03-11 21:59:41.769  1323  1323 D b/417220811: invalidateLoadedTasks - previous requestLoadId: -1
03-11 21:59:41.779   686   723 I ActivityManager: Start proc 27470:com.mahfilfund.app/u0a220 for next-top-activity {com.mahfilfund.app/com.mahfilfund.app.MainActivity}
03-11 21:59:41.784   686  2323 V WindowManager: Continue transition id=99 for TaskFragmentTransaction=android.os.Binder@261bda0
03-11 21:59:41.784   686  2323 V WindowManager: continueTransitionReady deferReadyDepth=0 stack=com.android.server.wm.TransitionController.continueTransitionReady:1071 com.android.server.wm.TaskFragmentOrganizerController$TaskFragmentOrganizerState.onTransactionFinished:546 com.android.server.wm.TaskFragmentOrganizerController.onTransactionHandled:740 android.window.ITaskFragmentOrganizerController$Stub.onTransact:225 android.os.Binder.execTransactInternal:1473 
03-11 21:59:41.785   686  1040 D BackgroundInstallControlService: Package event received: 0
03-11 21:59:41.790  1323  1323 D BaseActivity: Launcher flags updated: [state_started] -[state_window_focused]
03-11 21:59:41.794 27459 27459 I Monkey  : ## Network stats: elapsed time=87ms (0ms mobile, 0ms wifi, 87ms not connected)
03-11 21:59:41.795 27459 27459 I app_process: System.exit called, status: 0
03-11 21:59:41.795 27459 27459 I AndroidRuntime: VM exiting with result code 0.
03-11 21:59:41.883 27470 27470 I Zygote  : Process 27470 created for com.mahfilfund.app
03-11 21:59:41.883 27470 27470 I .mahfilfund.app: Late-enabling -Xcheck:jni
03-11 21:59:41.942   686   823 I EventHub: Removing device '/dev/input/event13' due to inotify event
03-11 21:59:41.942   686   823 I EventHub: Removed device: path=/dev/input/event13 name=Monkey touch id=16 fd=657 classes=TOUCH | TOUCH_MT
03-11 21:59:41.949   686   823 I InputReader: Device removed: id=16, eventHubId=16, name='Monkey touch', descriptor='e1fe28b90f915c7d1febbd52c1ef84b3c4cbed9f', sources=TOUCHSCREEN
03-11 21:59:41.973 27470 27470 I .mahfilfund.app: Using CollectorTypeCMC GC.
03-11 21:59:41.982  1428  1437 I adbd    : jdwp connection from 27470
03-11 21:59:41.982  1323  1323 D b/417220811: invalidateLoadedTasks - previous requestLoadId: -1
03-11 21:59:41.997   686   712 V WindowManager: Sent Transition (#99) createdAt=03-11 21:59:41.692 via request=TransitionRequestInfo { type = OPEN, triggerTask = TaskInfo{userId=0 taskId=28 effectiveUid=10220 displayId=0 isRunning=true baseIntent=Intent { act=android.intent.action.MAIN cat=[android.intent.category.LAUNCHER] flg=0x10200000 cmp=com.mahfilfund.app/.MainActivity } baseActivity=ComponentInfo{com.mahfilfund.app/com.mahfilfund.app.MainActivity} topActivity=ComponentInfo{com.mahfilfund.app/com.mahfilfund.app.MainActivity} origActivity=null realActivity=ComponentInfo{com.mahfilfund.app/com.mahfilfund.app.MainActivity} numActivities=1 lastActiveTime=24186544 supportsMultiWindow=true resizeMode=1 isResizeable=true minWidth=-1 minHeight=-1 defaultMinSize=220 token=WCT{RemoteToken{eafced0 Task{991c588 #28 type=standard A=10220:com.mahfilfund.app}}} topActivityType=1 pictureInPictureParams=null shouldDockBigOverlays=false launchIntoPipHostTaskId=-1 lastParentTaskIdBeforePip=-1 displayCutoutSafeInsets=Rect(0, 0 - 0, 0) topActivityInfo=ActivityInfo{6be9ec9 com.mahfilfund.app.MainActivity} launchCookies=[] positionInParent=Point(0, 0) parentTaskId=-1 isFocused=false isVisible=false isVisibleRequested=false isTopActivityNoDisplay=false isSleeping=false locusId=null displayAreaFeatureId=1 isTopActivityTransparent=false isActivityStackTransparent=false lastNonFullscreenBounds=null capturedLink=null capturedLinkTimestamp=0 requestedVisibleTypes=503 topActivityRequestOpenInBrowserEducationTimestamp=0 appCompatTaskInfo=AppCompatTaskInfo { topActivityInSizeCompat=false isLeafTask= true eligibleForLetterboxEducation= false isLetterboxEducationEnabled= true isLetterboxDoubleTapEnabled= false eligibleForUserAspectRatioButton= false topActivityBoundsLetterboxed= false isFromLetterboxDoubleTap= false topActivityLetterboxVerticalPosition= -1 topActivityLetterboxHorizontalPosition= -1 topActivityLetterboxWidth=-1 topActivityLetterboxHeight=-1 topActivityAppBounds=Rect(0, 0 - 1080, 2400) isUserFullscreenOverrideEnabled=false isSystemFullscreenOverrideEnabled=false hasMinAspectRatioOverride=false topActivityLetterboxBounds=null cameraCompatTaskInfo=CameraCompatTaskInfo { cameraCompatMode=inactive0} topNonResizableActivityAspectRatio=-1.0} topActivityMainWindowFrame=null isAppBubble=false}, pipChange = null, remoteTransition = null, displayChange = null, requestedLocation = null, userChange = null, windowingLayerChange = null, flags = 0, debugId = 99 }
03-11 21:59:41.997   686   712 V WindowManager:     startWCT=WindowContainerTransaction { changes= {} hops= [] errorCallbackToken=null taskFragmentOrganizer=null }
03-11 21:59:41.998   686   712 V WindowManager:     info={id=99 t=OPEN f=0x0 trk=0 r=[0@Point(0, 0)] c=[
03-11 21:59:41.998   686   712 V WindowManager:         {WCT{RemoteToken{eafced0 Task{991c588 #28 type=standard A=10220:com.mahfilfund.app}}} m=OPEN f=NONE leash=Surface(name=Task=28#1333)/@0x6eda2cd sb=Rect(0, 0 - 1080, 2400) eb=Rect(0, 0 - 1080, 2400) epz=Point(1080, 2400) d=0 taskParent=-1 winMode=1 userId=0},
03-11 21:59:41.998   686   712 V WindowManager:         {WCT{RemoteToken{4dba70a Task{73e266c #1 type=home}}} m=TO_BACK f=SHOW_WALLPAPER leash=Surface(name=Task=1#44)/@0xfd2e2cb sb=Rect(0, 0 - 1080, 2400) eb=Rect(0, 0 - 1080, 2400) epz=Point(1080, 2400) d=0 taskParent=-1 winMode=1 userId=0},
03-11 21:59:41.998   686   712 V WindowManager:         {m=TO_BACK f=IS_WALLPAPER leash=Surface(name=WallpaperWindowToken{9563342}#61)/@0x597fe45 sb=Rect(0, 0 - 1080, 2400) eb=Rect(0, 0 - 1080, 2400) epz=Point(1080, 2400) d=0}
03-11 21:59:41.998   686   712 V WindowManager:     ]}
03-11 21:59:42.011  1078  1235 V WindowManagerShell: onTransitionReady(transaction=2946347578777)
03-11 21:59:42.014   686   713 W Looper  : Slow dispatch took 121ms android.ui app=system_server main=false group=TOP_APP h=android.os.Handler c=android.database.ContentObserver$$ExternalSyntheticLambda1@527f4da m=0
03-11 21:59:42.015   686   715 D WindowManager: Direct invocation of sendNewConfiguration: Display{#0 state=ON size=1080x2400 ROTATION_0}
03-11 21:59:42.015  1078  1155 V ShellTaskOrganizer: Task appeared taskId=28 listener=FullscreenTaskListener
03-11 21:59:42.015  1078  1155 V ShellTaskOrganizer: Fullscreen Task Appeared: #28
03-11 21:59:42.016  1323  1323 D b/417220811: invalidateLoadedTasks - previous requestLoadId: -1
03-11 21:59:42.018  1078  1155 V WindowManagerShell: onTransitionReady (#99) android.os.BinderProxy@6171978: {id=99 t=OPEN f=0x0 trk=0 r=[0@Point(0, 0)] c=[
03-11 21:59:42.018  1078  1155 V WindowManagerShell:         {m=OPEN f=NONE leash=Surface(name=Task=28#1333)/@0xe3fd0a8 sb=Rect(0, 0 - 1080, 2400) eb=Rect(0, 0 - 1080, 2400) epz=Point(1080, 2400) d=0 taskParent=-1 winMode=1 userId=0},
03-11 21:59:42.018  1078  1155 V WindowManagerShell:         {m=TO_BACK f=SHOW_WALLPAPER leash=Surface(name=Task=1#44)/@0xcaf37c1 sb=Rect(0, 0 - 1080, 2400) eb=Rect(0, 0 - 1080, 2400) epz=Point(1080, 2400) d=0 taskParent=-1 winMode=1 userId=0},
03-11 21:59:42.018  1078  1155 V WindowManagerShell:         {m=TO_BACK f=IS_WALLPAPER leash=Surface(name=WallpaperWindowToken{9563342}#61)/@0x9ddbb66 sb=Rect(0, 0 - 1080, 2400) eb=Rect(0, 0 - 1080, 2400) epz=Point(1080, 2400) d=0}
03-11 21:59:42.018  1078  1155 V WindowManagerShell:     ]}
03-11 21:59:42.018  6892  6892 I PkDeviceHelper: PkDeviceHelper.refreshDevices():93 refreshing devices
03-11 21:59:42.018  6892  6892 I PkDeviceHelper: PkDeviceHelper.addDevice():133 device qwerty2 added
03-11 21:59:42.019   686   715 W libbinder.IPCThreadState: Sending oneway calls to frozen process.
03-11 21:59:42.027   686   715 W libbinder.IPCThreadState: Sending oneway calls to frozen process.
03-11 21:59:42.029  1078  1155 V WindowManagerShell: Playing animation for (#99) android.os.BinderProxy@6171978@0
03-11 21:59:42.029  1078  1155 V ShellRecents: RecentsTransitionHandler.startAnimation: no controller found
03-11 21:59:42.029  1078  1155 V WindowManagerShell: Transition doesn't have explicit remote, search filters for match for {id=99 t=OPEN f=0x0 trk=0 r=[0@Point(0, 0)] c=[{m=OPEN f=NONE leash=Surface(name=Task=28#1333)/@0xe3fd0a8 sb=Rect(0, 0 - 1080, 2400) eb=Rect(0, 0 - 1080, 2400) epz=Point(1080, 2400) d=0 taskParent=-1 winMode=1 userId=0},{m=TO_BACK f=SHOW_WALLPAPER leash=Surface(name=Task=1#44)/@0xcaf37c1 sb=Rect(0, 0 - 1080, 2400) eb=Rect(0, 0 - 1080, 2400) epz=Point(1080, 2400) d=0 taskParent=-1 winMode=1 userId=0},{m=TO_BACK f=IS_WALLPAPER leash=Surface(name=WallpaperWindowToken{9563342}#61)/@0x9ddbb66 sb=Rect(0, 0 - 1080, 2400) eb=Rect(0, 0 - 1080, 2400) epz=Point(1080, 2400) d=0}]}
03-11 21:59:42.030  1078  1155 V WindowManagerShell:  Checking filter Pair{{types=[] flags=0x0] notFlags=0x0 checks=[{atype=undefined independent=true modes=[CLOSE,TO_BACK] flags=IN_TASK_WITH_EMBEDDED_ACTIVITY mustBeTask=false order=ANY topActivity=null launchCookie=null taskFragmentToken=android.os.BinderProxy@f0eb7a7 windowingMode=undefined isCrossDisplayMove=false}]} RemoteTransition { remoteTransition = android.window.IRemoteTransition$Stub$Proxy@7634454, appThread = android.app.IApplicationThread$Stub$Proxy@10ddffd, debugName = overlayBackTransition }}
03-11 21:59:42.030  1078  1155 V WindowManagerShell:  Checking filter Pair{{types=[] flags=0x0] notFlags=0x0 checks=[{atype=dream independent=true modes=[OPEN,TO_FRONT] flags=NONE mustBeTask=false order=ANY topActivity=null launchCookie=null windowingMode=undefined isCrossDisplayMove=false},{atype=home independent=true modes=[CLOSE,TO_BACK] flags=NONE mustBeTask=false order=ANY topActivity=null launchCookie=null windowingMode=undefined isCrossDisplayMove=false}]} RemoteTransition { remoteTransition = android.window.IRemoteTransition$Stub$Proxy@7d5a4f2, appThread = android.app.IApplicationThread$Stub$Proxy@3652743, debugName = LauncherToDream }}
03-11 21:59:42.030  1078  1155 V WindowManagerShell:  Checking filter Pair{{types=[] flags=0x0] notFlags=0x100 checks=[{atype=home independent=true modes=[OPEN,TO_FRONT] flags=NONE mustBeTask=false order=TOP topActivity=ComponentInfo{com.google.android.apps.nexuslauncher/com.google.android.apps.nexuslauncher.NexusLauncherActivity} launchCookie=null windowingMode=undefined isCrossDisplayMove=false},{atype=standard independent=true modes=[CLOSE,TO_BACK] flags=NONE mustBeTask=false order=ANY topActivity=null launchCookie=null windowingMode=undefined isCrossDisplayMove=false},{NOT atype=undefined independent=true modes=[] flags=NONE mustBeTask=true order=ANY topActivity=null launchCookie=null customAnim=true windowingMode=undefined isCrossDisplayMove=false}]} RemoteTransition { remoteTransition = android.window.IRemoteTransition$Stub$Proxy@4da51c0, appThread = android.app.IApplicationThread$Stub$Proxy@5d7ef9, debugName = QuickstepLaunchHome }}
03-11 21:59:42.030  1078  1155 V WindowManagerShell:  Delegate animation for (#99) to null
03-11 21:59:42.031  1078  1155 V WindowManagerShell: start default transition animation, info = {id=99 t=OPEN f=0x0 trk=0 r=[0@Point(0, 0)] c=[{m=OPEN f=NONE leash=Surface(name=Task=28#1333)/@0xe3fd0a8 sb=Rect(0, 0 - 1080, 2400) eb=Rect(0, 0 - 1080, 2400) epz=Point(1080, 2400) d=0 taskParent=-1 winMode=1 userId=0},{m=TO_BACK f=SHOW_WALLPAPER leash=Surface(name=Task=1#44)/@0xcaf37c1 sb=Rect(0, 0 - 1080, 2400) eb=Rect(0, 0 - 1080, 2400) epz=Point(1080, 2400) d=0 taskParent=-1 winMode=1 userId=0},{m=TO_BACK f=IS_WALLPAPER leash=Surface(name=WallpaperWindowToken{9563342}#61)/@0x9ddbb66 sb=Rect(0, 0 - 1080, 2400) eb=Rect(0, 0 - 1080, 2400) epz=Point(1080, 2400) d=0}]}
03-11 21:59:42.033  1078  1155 V WindowManagerShell: loadAnimation: anim=android.view.animation.AnimationSet@7368efd animAttr=0x13 type=OPEN isEntrance=false
03-11 21:59:42.050  1078  1155 V WindowManagerShell: loadAnimation: anim=android.view.animation.AnimationSet@1e21df9 animAttr=0x12 type=OPEN isEntrance=true
03-11 21:59:42.050  1078  1155 V WindowManagerShell:  animated by com.android.wm.shell.transition.DefaultTransitionHandler@7f09a46
03-11 21:59:42.066   686   715 W PermissionService: getPermissionFlags: Unknown user -1
03-11 21:59:42.068   686   715 W PermissionService: getPermissionFlags: Unknown user -1
03-11 21:59:42.087   493   515 I RanchuHwc: logCompositionFallbackIfChanged: layer 251 CompositionType fallback from 2 to 1
03-11 21:59:42.096  1078  1078 D NavigationModeController: getCurrentUserContext: contextUser=0 currentUser=0
03-11 21:59:42.151 27470 27470 D nativeloader: Load libframework-connectivity-tiramisu-jni.so using APEX ns com_android_tethering for caller /apex/com.android.tethering/javalib/framework-connectivity-t.jar: ok
03-11 21:59:42.202   686  1040 D BackgroundInstallControlService: Package event received: 0
03-11 21:59:42.299  1677  2176 W AiAiEcho: LyftNotificationParser Ridesharing ETA not enabled
03-11 21:59:42.302  1677  2176 I AiAiEcho: SmartspaceNotificationPredictor no parser can handle this notification or notification is invalid
03-11 21:59:42.363  1078  1155 V WindowManagerShell: Transition animation finished (aborted=false), notifying core (#99) android.os.BinderProxy@6171978@0
03-11 21:59:42.383   686   712 V WindowManager: Finish Transition (#99): created at 03-11 21:59:41.692 collect-started=0.208ms request-sent=25.954ms started=57.43ms ready=193.622ms sent=290.978ms commit=72.143ms finished=690.387ms
03-11 21:59:42.398  1078  1155 V WindowManagerShell: Track 0 became idle
03-11 21:59:42.398  1078  1155 V WindowManagerShell: All active transition animations finished
03-11 21:59:42.398  1323  1323 D VRI[NexusLauncherActivity]: visibilityChanged oldVisibility=true newVisibility=false
03-11 21:59:42.402  1078  1315 D WallpaperService: onVisibilityChanged(false): com.android.systemui.wallpapers.ImageWallpaper$CanvasEngine@fc995a3
03-11 21:59:42.411  1323  1323 D NexusLauncherModelDelegate: notifySmartspaceEvent: SmartspaceTargetEvent{mSmartspaceTarget=null, mSmartspaceActionId='null', mEventType=7}
03-11 21:59:42.428  1078  1155 D Bubbles : onLocusVisibilityChanged=Overview|DISABLED visible=false taskId=1
03-11 21:59:42.673 27470 27470 D nativeloader: Configuring clns-9 for other apk /data/app/~~iq_tSn7_PUgOT48JT8EJ4Q==/com.mahfilfund.app-5SXW__JfknWCzy6od2DzrA==/base.apk. target_sdk_version=36, uses_libraries=, library_path=/data/app/~~iq_tSn7_PUgOT48JT8EJ4Q==/com.mahfilfund.app-5SXW__JfknWCzy6od2DzrA==/lib/arm64:/data/app/~~iq_tSn7_PUgOT48JT8EJ4Q==/com.mahfilfund.app-5SXW__JfknWCzy6od2DzrA==/base.apk!/lib/arm64-v8a, permitted_path=/data:/mnt/expand:/data/user/0/com.mahfilfund.app
03-11 21:59:42.690 27470 27470 V GraphicsEnvironment: Currently set values for:
03-11 21:59:42.690 27470 27470 V GraphicsEnvironment:   angle_gl_driver_selection_pkgs=[]
03-11 21:59:42.690 27470 27470 V GraphicsEnvironment:   angle_gl_driver_selection_values=[]
03-11 21:59:42.690 27470 27470 V GraphicsEnvironment: com.mahfilfund.app is not listed in per-application setting
03-11 21:59:42.691 27470 27470 V GraphicsEnvironment: ANGLE allowlist from config: com.dreamgames.royalmatch com.dts.freefiremax com.dxx.firenow com.gramgames.mergedragons com.ludo.king com.mojang.minecraftpe com.my.defense com.nintendo.zaka com.os.airforce com.playrix.fishdomdd.gplay io.teslatech.callbreak jp.konami.prospia net.peakgames.toonblast
03-11 21:59:42.691 27470 27470 V GraphicsEnvironment: No special selections for ANGLE, returning default driver choice
03-11 21:59:42.692 27470 27470 V GraphicsEnvironment: Neither updatable production driver nor prerelease driver is supported.
03-11 21:59:42.722 27470 27470 W SoLoader: Initializing SoLoader: 0
03-11 21:59:42.724 27470 27470 W SoLoader: Recording new base apk path: /data/app/~~iq_tSn7_PUgOT48JT8EJ4Q==/com.mahfilfund.app-5SXW__JfknWCzy6od2DzrA==/base.apk
03-11 21:59:42.724 27470 27470 W SoLoader: Previously recorded 0 base apk paths.
03-11 21:59:42.725 27470 27470 I SoLoader: Preparing SO source: DirectorySoSource[root = /vendor/lib64 flags = 2]
03-11 21:59:42.725 27470 27470 I SoLoader: Preparing SO source: DirectorySoSource[root = /system/lib64 flags = 2]
03-11 21:59:42.725 27470 27470 I SoLoader: Preparing SO source: DirectApkSoSource[root = [/data/app/~~iq_tSn7_PUgOT48JT8EJ4Q==/com.mahfilfund.app-5SXW__JfknWCzy6od2DzrA==/base.apk!/lib/arm64-v8a]]
03-11 21:59:42.814 27470 27470 I SoLoader: Preparing SO source: ApplicationSoSource[DirectorySoSource[root = /data/app/~~iq_tSn7_PUgOT48JT8EJ4Q==/com.mahfilfund.app-5SXW__JfknWCzy6od2DzrA==/lib/arm64 flags = 0]]
03-11 21:59:42.815 27470 27470 I SoLoader: init finish: 4 SO sources prepared
03-11 21:59:42.815 27470 27470 W SoLoader: SoLoader initialized: 8
03-11 21:59:42.904 27470 27470 D nativeloader: Load /data/app/~~iq_tSn7_PUgOT48JT8EJ4Q==/com.mahfilfund.app-5SXW__JfknWCzy6od2DzrA==/base.apk!/lib/arm64-v8a/libc++_shared.so using class loader ns clns-9 (caller=/data/app/~~iq_tSn7_PUgOT48JT8EJ4Q==/com.mahfilfund.app-5SXW__JfknWCzy6od2DzrA==/base.apk): ok
03-11 21:59:42.944 27470 27470 D nativeloader: Load /data/app/~~iq_tSn7_PUgOT48JT8EJ4Q==/com.mahfilfund.app-5SXW__JfknWCzy6od2DzrA==/base.apk!/lib/arm64-v8a/libjsi.so using class loader ns clns-9 (caller=/data/app/~~iq_tSn7_PUgOT48JT8EJ4Q==/com.mahfilfund.app-5SXW__JfknWCzy6od2DzrA==/base.apk): ok
03-11 21:59:42.966   686   981 I HalDevMgr: bestIfaceCreationProposal is null, requestIface=STA, existingIface=[name=wlan0 type=STA]
03-11 21:59:43.012 27470 27470 D nativeloader: Load /data/app/~~iq_tSn7_PUgOT48JT8EJ4Q==/com.mahfilfund.app-5SXW__JfknWCzy6od2DzrA==/base.apk!/lib/arm64-v8a/libfbjni.so using class loader ns clns-9 (caller=/data/app/~~iq_tSn7_PUgOT48JT8EJ4Q==/com.mahfilfund.app-5SXW__JfknWCzy6od2DzrA==/base.apk): ok
03-11 21:59:43.028 27470 27470 D nativeloader: Load /data/app/~~iq_tSn7_PUgOT48JT8EJ4Q==/com.mahfilfund.app-5SXW__JfknWCzy6od2DzrA==/base.apk!/lib/arm64-v8a/libreactnative.so using class loader ns clns-9 (caller=/data/app/~~iq_tSn7_PUgOT48JT8EJ4Q==/com.mahfilfund.app-5SXW__JfknWCzy6od2DzrA==/base.apk): ok
03-11 21:59:43.028 27470 27470 D jni_lib_merge: Entering merged library JNI_OnLoad.
03-11 21:59:43.028 27470 27470 D jni_lib_merge: Preparing 12 pre-merged libs (including stub)
03-11 21:59:43.028 27470 27470 D jni_lib_merge: Preparing to register libfabricjni_so.  onload_func: 0x79ebe92948
03-11 21:59:43.028 27470 27470 D jni_lib_merge: Preparing to register libreact_devsupportjni_so.  onload_func: 0x79ec0a82a4
03-11 21:59:43.028 27470 27470 D jni_lib_merge: Preparing to register libreact_featureflagsjni_so.  onload_func: 0x79ec0b3f10
03-11 21:59:43.029 27470 27470 D jni_lib_merge: Preparing to register libreact_newarchdefaults_so.  onload_func: 0x79ec11ceac
03-11 21:59:43.029 27470 27470 D jni_lib_merge: Preparing to register libreactnativeblob_so.  onload_func: 0x79ec30d95c
03-11 21:59:43.029 27470 27470 D jni_lib_merge: Preparing to register libreactnativejni_so.  onload_func: 0x79ec35b114
03-11 21:59:43.029 27470 27470 D jni_lib_merge: Preparing to register libreactnativejni_common_so.  onload_func: 0x79ec36ba9c
03-11 21:59:43.029 27470 27470 D jni_lib_merge: Preparing to register librninstance_so.  onload_func: 0x79ec3a2250
03-11 21:59:43.029 27470 27470 D jni_lib_merge: Preparing to register libturbomodulejsijni_so.  onload_func: 0x79ec4b9a24
03-11 21:59:43.029 27470 27470 D jni_lib_merge: Preparing to register libuimanagerjni_so.  onload_func: 0x79ec4d2a74
03-11 21:59:43.029 27470 27470 D jni_lib_merge: Preparing to register libyoga_so.  onload_func: 0x79ec4e24f8
03-11 21:59:43.029 27470 27470 D jni_lib_merge: About to register 11 actual methods.
03-11 21:59:43.157 27470 27470 D nativeloader: Load /data/app/~~iq_tSn7_PUgOT48JT8EJ4Q==/com.mahfilfund.app-5SXW__JfknWCzy6od2DzrA==/base.apk!/lib/arm64-v8a/libreact_codegen_rnscreens.so using class loader ns clns-9 (caller=/data/app/~~iq_tSn7_PUgOT48JT8EJ4Q==/com.mahfilfund.app-5SXW__JfknWCzy6od2DzrA==/base.apk): ok
03-11 21:59:43.157 27470 27470 D jni_lib_merge: Entering merged library JNI_OnLoad.
03-11 21:59:43.157 27470 27470 D jni_lib_merge: Preparing 12 pre-merged libs (including stub)
03-11 21:59:43.157 27470 27470 D jni_lib_merge: Preparing to register libfabricjni_so.  onload_func: 0x79ebe92948
03-11 21:59:43.157 27470 27470 D jni_lib_merge: Preparing to register libreact_devsupportjni_so.  onload_func: 0x79ec0a82a4
03-11 21:59:43.157 27470 27470 D jni_lib_merge: Preparing to register libreact_featureflagsjni_so.  onload_func: 0x79ec0b3f10
03-11 21:59:43.157 27470 27470 D jni_lib_merge: Preparing to register libreact_newarchdefaults_so.  onload_func: 0x79ec11ceac
03-11 21:59:43.157 27470 27470 D jni_lib_merge: Preparing to register libreactnativeblob_so.  onload_func: 0x79ec30d95c
03-11 21:59:43.157 27470 27470 D jni_lib_merge: Preparing to register libreactnativejni_so.  onload_func: 0x79ec35b114
03-11 21:59:43.157 27470 27470 D jni_lib_merge: Preparing to register libreactnativejni_common_so.  onload_func: 0x79ec36ba9c
03-11 21:59:43.157 27470 27470 D jni_lib_merge: Preparing to register librninstance_so.  onload_func: 0x79ec3a2250
03-11 21:59:43.157 27470 27470 D jni_lib_merge: Preparing to register libturbomodulejsijni_so.  onload_func: 0x79ec4b9a24
03-11 21:59:43.157 27470 27470 D jni_lib_merge: Preparing to register libuimanagerjni_so.  onload_func: 0x79ec4d2a74
03-11 21:59:43.157 27470 27470 D jni_lib_merge: Preparing to register libyoga_so.  onload_func: 0x79ec4e24f8
03-11 21:59:43.157 27470 27470 D jni_lib_merge: About to register 11 actual methods.
03-11 21:59:43.196 27470 27470 D nativeloader: Load /data/app/~~iq_tSn7_PUgOT48JT8EJ4Q==/com.mahfilfund.app-5SXW__JfknWCzy6od2DzrA==/base.apk!/lib/arm64-v8a/libreact_codegen_rnsvg.so using class loader ns clns-9 (caller=/data/app/~~iq_tSn7_PUgOT48JT8EJ4Q==/com.mahfilfund.app-5SXW__JfknWCzy6od2DzrA==/base.apk): ok
03-11 21:59:43.196 27470 27470 D jni_lib_merge: Entering merged library JNI_OnLoad.
03-11 21:59:43.196 27470 27470 D jni_lib_merge: Preparing 12 pre-merged libs (including stub)
03-11 21:59:43.196 27470 27470 D jni_lib_merge: Preparing to register libfabricjni_so.  onload_func: 0x79ebe92948
03-11 21:59:43.196 27470 27470 D jni_lib_merge: Preparing to register libreact_devsupportjni_so.  onload_func: 0x79ec0a82a4
03-11 21:59:43.196 27470 27470 D jni_lib_merge: Preparing to register libreact_featureflagsjni_so.  onload_func: 0x79ec0b3f10
03-11 21:59:43.196 27470 27470 D jni_lib_merge: Preparing to register libreact_newarchdefaults_so.  onload_func: 0x79ec11ceac
03-11 21:59:43.196 27470 27470 D jni_lib_merge: Preparing to register libreactnativeblob_so.  onload_func: 0x79ec30d95c
03-11 21:59:43.196 27470 27470 D jni_lib_merge: Preparing to register libreactnativejni_so.  onload_func: 0x79ec35b114
03-11 21:59:43.196 27470 27470 D jni_lib_merge: Preparing to register libreactnativejni_common_so.  onload_func: 0x79ec36ba9c
03-11 21:59:43.196 27470 27470 D jni_lib_merge: Preparing to register librninstance_so.  onload_func: 0x79ec3a2250
03-11 21:59:43.196 27470 27470 D jni_lib_merge: Preparing to register libturbomodulejsijni_so.  onload_func: 0x79ec4b9a24
03-11 21:59:43.196 27470 27470 D jni_lib_merge: Preparing to register libuimanagerjni_so.  onload_func: 0x79ec4d2a74
03-11 21:59:43.196 27470 27470 D jni_lib_merge: Preparing to register libyoga_so.  onload_func: 0x79ec4e24f8
03-11 21:59:43.196 27470 27470 D jni_lib_merge: About to register 11 actual methods.
03-11 21:59:43.246 27470 27470 D nativeloader: Load /data/app/~~iq_tSn7_PUgOT48JT8EJ4Q==/com.mahfilfund.app-5SXW__JfknWCzy6od2DzrA==/base.apk!/lib/arm64-v8a/libreact_codegen_safeareacontext.so using class loader ns clns-9 (caller=/data/app/~~iq_tSn7_PUgOT48JT8EJ4Q==/com.mahfilfund.app-5SXW__JfknWCzy6od2DzrA==/base.apk): ok
03-11 21:59:43.309 27470 27470 D nativeloader: Load /data/app/~~iq_tSn7_PUgOT48JT8EJ4Q==/com.mahfilfund.app-5SXW__JfknWCzy6od2DzrA==/base.apk!/lib/arm64-v8a/libreact-native-mmkv.so using class loader ns clns-9 (caller=/data/app/~~iq_tSn7_PUgOT48JT8EJ4Q==/com.mahfilfund.app-5SXW__JfknWCzy6od2DzrA==/base.apk): ok
03-11 21:59:43.322 27470 27470 D nativeloader: Load /data/app/~~iq_tSn7_PUgOT48JT8EJ4Q==/com.mahfilfund.app-5SXW__JfknWCzy6od2DzrA==/base.apk!/lib/arm64-v8a/libappmodules.so using class loader ns clns-9 (caller=/data/app/~~iq_tSn7_PUgOT48JT8EJ4Q==/com.mahfilfund.app-5SXW__JfknWCzy6od2DzrA==/base.apk): ok
03-11 21:59:43.347 27470 27470 I Choreographer: Skipped 37 frames!  The application may be doing too much work on its main thread.
03-11 21:59:43.347   686  1040 D BackgroundInstallControlService: Package event received: 0
03-11 21:59:43.354   686  1040 D BackgroundInstallControlService: Package event received: 0
03-11 21:59:43.366 27470 27488 I DisplayManager: Choreographer implicitly registered for the refresh rate.
03-11 21:59:43.396 27470 27470 D DesktopExperienceFlags: Toggle override initialized to: false
03-11 21:59:43.416 27470 27470 D AppCompatDelegate: Checking for metadata for AppLocalesMetadataHolderService : Service not found
03-11 21:59:43.425 27470 27470 E ashmem  : Pinning is deprecated since Android Q. Please use trim or other methods.
03-11 21:59:43.484  1078  3423 W HWUI    : Failed to choose config with EGL_SWAP_BEHAVIOR_PRESERVED, retrying without...
03-11 21:59:43.486  1078  3423 W HWUI    : Failed to initialize 101010-2 format, error = EGL_SUCCESS
03-11 21:59:43.643 27470 27470 D nativeloader: Load /data/app/~~iq_tSn7_PUgOT48JT8EJ4Q==/com.mahfilfund.app-5SXW__JfknWCzy6od2DzrA==/base.apk!/lib/arm64-v8a/libhermes.so using class loader ns clns-9 (caller=/data/app/~~iq_tSn7_PUgOT48JT8EJ4Q==/com.mahfilfund.app-5SXW__JfknWCzy6od2DzrA==/base.apk): ok
03-11 21:59:43.647 27470 27470 D nativeloader: Load /data/app/~~iq_tSn7_PUgOT48JT8EJ4Q==/com.mahfilfund.app-5SXW__JfknWCzy6od2DzrA==/base.apk!/lib/arm64-v8a/libhermestooling.so using class loader ns clns-9 (caller=/data/app/~~iq_tSn7_PUgOT48JT8EJ4Q==/com.mahfilfund.app-5SXW__JfknWCzy6od2DzrA==/base.apk): ok
03-11 21:59:43.647 27470 27470 D jni_lib_merge: Entering merged library JNI_OnLoad.
03-11 21:59:43.647 27470 27470 D jni_lib_merge: Preparing 4 pre-merged libs (including stub)
03-11 21:59:43.647 27470 27470 D jni_lib_merge: Preparing to register libhermes_executor_so.  onload_func: 0x79e93a89d4
03-11 21:59:43.647 27470 27470 D jni_lib_merge: Preparing to register libhermesinstancejni_so.  onload_func: 0x79e93dd78c
03-11 21:59:43.647 27470 27470 D jni_lib_merge: Preparing to register libjsijniprofiler_so.  onload_func: 0x79e93df788
03-11 21:59:43.647 27470 27470 D jni_lib_merge: About to register 3 actual methods.
03-11 21:59:43.649 27470 27488 I GFXSTREAM: [eglDisplay.cpp(297)] Opening libGLESv1_CM_emulation.so
03-11 21:59:43.649 27470 27488 I GFXSTREAM: [eglDisplay.cpp(297)] Opening libGLESv2_emulation.so
03-11 21:59:43.701 27470 27488 W HWUI    : Failed to choose config with EGL_SWAP_BEHAVIOR_PRESERVED, retrying without...
03-11 21:59:43.702 27470 27488 W HWUI    : Failed to initialize 101010-2 format, error = EGL_SUCCESS
03-11 21:59:43.760 27470 27470 W unknown:BridgelessReact: ReactHost{0}.startSurface(surfaceId = 0): Schedule
03-11 21:59:43.760 27470 27470 W unknown:BridgelessReact: ReactHost{0}.attachSurface(surfaceId = 0)
03-11 21:59:43.761 27470 27494 W unknown:BridgelessReact: ReactHost{0}.getOrCreateReactInstanceTask()
03-11 21:59:43.761 27470 27494 W unknown:BridgelessReact: ReactHost{0}.getOrCreateReactInstanceTask(): Start
03-11 21:59:43.761 27470 27494 W unknown:BridgelessReact: ReactHost{0}.getJSBundleLoader()
03-11 21:59:43.761 27470 27494 W unknown:BridgelessReact: ReactHost{0}.isMetroRunning()
03-11 21:59:43.763 27470 27470 D CompatChangeReporter: Compat change id reported: 377864165; UID 10220; state: ENABLED
03-11 21:59:43.764 27470 27470 D DesktopModeFlags: Toggle override initialized to: OVERRIDE_UNSET
03-11 21:59:43.776 27470 27470 I .mahfilfund.app: hiddenapi: Accessing hidden method Landroid/view/ViewGroup;->makeOptionalFitsSystemWindows()V (runtime_flags=0, domain=platform, api=unsupported) from Landroidx/appcompat/widget/ViewUtils; (domain=app, TargetSdkVersion=36) using reflection: allowed
03-11 21:59:43.790 27470 27470 W unknown:BridgelessReact: ReactHost{0}.onHostResume(activity)
03-11 21:59:43.804 27470 27470 W HWUI    : Unknown dataspace 0
03-11 21:59:43.812 27470 27470 D InsetsController: Setting requestedVisibleTypes to 498 (was 503)
03-11 21:59:43.840 27470 27470 D WindowOnBackDispatcher: setTopOnBackInvokedCallback (unwrapped): android.app.Activity$$ExternalSyntheticLambda0@4639516
03-11 21:59:43.841 27470 27470 D WindowOnBackDispatcher: setTopOnBackInvokedCallback (unwrapped): androidx.activity.OnBackPressedDispatcher$Api34Impl$createOnBackAnimationCallback$1@ad75e97
03-11 21:59:43.841   686  2319 D CoreBackPreview: Window{82c2cf u0 com.mahfilfund.app/com.mahfilfund.app.MainActivity}: Setting back callback OnBackInvokedCallbackInfo{mCallback=android.window.IOnBackInvokedCallback$Stub$Proxy@99ae83a, mPriority=-1, mIsAnimationCallback=false, mOverrideBehavior=0}
03-11 21:59:43.842   686  2323 D CoreBackPreview: Window{82c2cf u0 com.mahfilfund.app/com.mahfilfund.app.MainActivity}: Setting back callback OnBackInvokedCallbackInfo{mCallback=android.window.IOnBackInvokedCallback$Stub$Proxy@92bceb, mPriority=0, mIsAnimationCallback=true, mOverrideBehavior=0}
03-11 21:59:43.843 27470 27470 D VRI[MainActivity]: WindowInsets changed: 1080x2400 statusBars:[0,63,0,0] navigationBars:[0,0,0,63] mandatorySystemGestures:[0,63,0,84] 
03-11 21:59:43.859 27470 27470 D VRI[MainActivity]: WindowInsets changed: statusBars:null 
03-11 21:59:43.930   686   712 I ActivityTaskManager: Displayed com.mahfilfund.app/.MainActivity for user 0: +2s239ms
03-11 21:59:43.958 27470 27470 W unknown:BridgelessReact: ReactHost{0}.raiseSoftException(onWindowFocusChange(hasFocus = "true")): Tried to access onWindowFocusChange while context is not ready
03-11 21:59:43.961  1323  1323 D BaseActivity: Launcher flags updated: [] -[state_started]
03-11 21:59:43.961  1323  1323 D BaseDepthController: setSurface:
03-11 21:59:43.961  1323  1323 D BaseDepthController: 	mWaitingOnSurfaceValidity: false
03-11 21:59:43.961  1323  1323 D BaseDepthController: 	mBaseSurface: null
03-11 21:59:43.962  1323  1323 D BaseDepthController: mSurface is null and mCurrentBlur is: 79
03-11 21:59:43.964  1323  1323 D ActivityContext: hideKeyboard
03-11 21:59:43.965  1323  1323 D ActivityContext: isImeShown: false
03-11 21:59:43.965  1323  1323 D StatsLog: LAUNCHER_ONSTOP
03-11 21:59:43.966  1323  1323 D StatsLog: LAUNCHER_GOOGLE_SEARCH_RESTORE_LIST_SIZE_AFTER_ACTIVITY_RESTART
03-11 21:59:43.967 27470 27470 E unknown:ReactHost: Unhandled SoftException
03-11 21:59:43.967 27470 27470 E unknown:ReactHost: com.facebook.react.bridge.ReactNoCrashSoftException: raiseSoftException(onWindowFocusChange(hasFocus = "true")): Tried to access onWindowFocusChange while context is not ready
03-11 21:59:43.967 27470 27470 E unknown:ReactHost: 	at com.facebook.react.runtime.ReactHostImpl.raiseSoftException(ReactHostImpl.java:1038)
03-11 21:59:43.967 27470 27470 E unknown:ReactHost: 	at com.facebook.react.runtime.ReactHostImpl.raiseSoftException(ReactHostImpl.java:1031)
03-11 21:59:43.967 27470 27470 E unknown:ReactHost: 	at com.facebook.react.runtime.ReactHostImpl.onWindowFocusChange(ReactHostImpl.java:790)
03-11 21:59:43.967 27470 27470 E unknown:ReactHost: 	at com.facebook.react.ReactDelegate.onWindowFocusChanged(ReactDelegate.java:199)
03-11 21:59:43.967 27470 27470 E unknown:ReactHost: 	at com.facebook.react.ReactActivityDelegate.onWindowFocusChanged(ReactActivityDelegate.java:216)
03-11 21:59:43.967 27470 27470 E unknown:ReactHost: 	at com.facebook.react.ReactActivity.onWindowFocusChanged(ReactActivity.java:158)
03-11 21:59:43.967 27470 27470 E unknown:ReactHost: 	at androidx.appcompat.view.WindowCallbackWrapper.onWindowFocusChanged(WindowCallbackWrapper.java:124)
03-11 21:59:43.967 27470 27470 E unknown:ReactHost: 	at com.android.internal.policy.DecorView.onWindowFocusChanged(DecorView.java:1797)
03-11 21:59:43.967 27470 27470 E unknown:ReactHost: 	at android.view.View.dispatchWindowFocusChanged(View.java:17124)
03-11 21:59:43.967 27470 27470 E unknown:ReactHost: 	at android.view.ViewGroup.dispatchWindowFocusChanged(ViewGroup.java:1529)
03-11 21:59:43.967 27470 27470 E unknown:ReactHost: 	at android.view.ViewRootImpl.dispatchFocusEvent(ViewRootImpl.java:4962)
03-11 21:59:43.967 27470 27470 E unknown:ReactHost: 	at android.view.ViewRootImpl.handleWindowFocusChanged(ViewRootImpl.java:4866)
03-11 21:59:43.967 27470 27470 E unknown:ReactHost: 	at android.view.ViewRootImpl.-$$Nest$mhandleWindowFocusChanged(Unknown Source:0)
03-11 21:59:43.967 27470 27470 E unknown:ReactHost: 	at android.view.ViewRootImpl$ViewRootHandler.handleMessageImpl(ViewRootImpl.java:7118)
03-11 21:59:43.967 27470 27470 E unknown:ReactHost: 	at android.view.ViewRootImpl$ViewRootHandler.handleMessage(ViewRootImpl.java:7026)
03-11 21:59:43.967 27470 27470 E unknown:ReactHost: 	at android.os.Handler.dispatchMessage(Handler.java:132)
03-11 21:59:43.967 27470 27470 E unknown:ReactHost: 	at android.os.Looper.dispatchMessage(Looper.java:333)
03-11 21:59:43.967 27470 27470 E unknown:ReactHost: 	at android.os.Looper.loopOnce(Looper.java:263)
03-11 21:59:43.967 27470 27470 E unknown:ReactHost: 	at android.os.Looper.loop(Looper.java:367)
03-11 21:59:43.967 27470 27470 E unknown:ReactHost: 	at android.app.ActivityThread.main(ActivityThread.java:9282)
03-11 21:59:43.967 27470 27470 E unknown:ReactHost: 	at java.lang.reflect.Method.invoke(Native Method)
03-11 21:59:43.967 27470 27470 E unknown:ReactHost: 	at com.android.internal.os.RuntimeInit$MethodAndArgsCaller.run(RuntimeInit.java:566)
03-11 21:59:43.967 27470 27470 E unknown:ReactHost: 	at com.android.internal.os.ZygoteInit.main(ZygoteInit.java:929)
03-11 21:59:43.982   686   830 I ImeTracker: com.mahfilfund.app:1d57c420: onRequestHide at ORIGIN_SERVER reason HIDE_UNSPECIFIED_WINDOW fromUser false
03-11 21:59:44.008   686  1040 D BackgroundInstallControlService: Package event received: 0
03-11 21:59:44.035 27470 27470 D InsetsController: hide(ime())
03-11 21:59:44.036 27470 27470 I ImeTracker: com.mahfilfund.app:1d57c420: onCancelled at PHASE_CLIENT_ALREADY_HIDDEN
03-11 21:59:44.046  6892  6892 I GoogleInputMethodService: GoogleInputMethodService.onFinishInput():2057 
03-11 21:59:44.052  1255  1320 D SatelliteController: iisInCarrierRoamingNbIotNtn: satellite is disabled
03-11 21:59:44.058  6892  6892 I Module  : DeviceLockedStatusModuleProvider$Module.updateDeviceLockedStatus():100 repeatCheckTimes = 0, locked = false
03-11 21:59:44.059  6892  6892 I GoogleInputMethodService: GoogleInputMethodService.onStartInput():1318 onStartInput(EditorInfo{EditorInfo{packageName=com.mahfilfund.app, inputType=0, inputTypeString=NULL, enableLearning=false, autoCorrection=false, autoComplete=false, imeOptions=0, privateImeOptions=null, actionName=UNSPECIFIED, actionLabel=null, initialSelStart=-1, initialSelEnd=-1, initialCapsMode=0, label=null, fieldId=0, fieldName=null, extras=null, hintText=null, hintLocales=[]}}, false)
03-11 21:59:44.060  6892  6892 I Module  : DeviceLockedStatusModuleProvider$Module.updateDeviceLockedStatus():100 repeatCheckTimes = 1, locked = false
03-11 21:59:44.060   686   786 W PackageConfigPersister: App-specific configuration not found for packageName: com.mahfilfund.app and userId: 0
03-11 21:59:44.062  1255  1320 D SatelliteController: getCarrierRoamingNtnConnectType: Falling back to global carrier config connect type: 0
03-11 21:59:44.066   686  2319 I ImeTracker: system_server:86678348: onRequestHide at ORIGIN_SERVER reason IME_REQUESTED_CHANGED_LISTENER fromUser false
03-11 21:59:44.068   686   715 I ImeTracker: system_server:86678348: onCancelled at PHASE_SERVER_SHOULD_HIDE
03-11 21:59:44.376   567   567 W libbinder.IPCThreadState: Sending oneway calls to frozen process.
03-11 21:59:44.384  6766  7430 I FontLog : (REDACTED) Received query %s, URI %s
03-11 21:59:44.385  1078  1218 W FrameTracker: Missed App frame:UNKNOWN: 3, 1742741, 32845052, CUJ=J<SPLASHSCREEN_EXIT_ANIM>
03-11 21:59:44.385  1078  1218 W FrameTracker: Missed SF frame:UNKNOWN: 3, 1742741, 32845052, CUJ=J<SPLASHSCREEN_EXIT_ANIM>
03-11 21:59:44.385  1078  1218 W FrameTracker: Missed SF frame:JANK_COMPOSER, 1742770, 28403761, CUJ=J<SPLASHSCREEN_EXIT_ANIM>
03-11 21:59:44.385  1078  1218 W FrameTracker: Missed SF frame:JANK_COMPOSER, 1742792, 14518095, CUJ=J<SPLASHSCREEN_EXIT_ANIM>
03-11 21:59:44.385  1078  1218 W FrameTracker: Missed SF frame:JANK_COMPOSER, 1742821, 33514596, CUJ=J<SPLASHSCREEN_EXIT_ANIM>
03-11 21:59:44.385  1078  1218 W FrameTracker: Missed SF frame:JANK_COMPOSER, 1742850, 21211721, CUJ=J<SPLASHSCREEN_EXIT_ANIM>
03-11 21:59:44.385  1078  1218 W FrameTracker: Missed SF frame:JANK_COMPOSER, 1742872, 33451222, CUJ=J<SPLASHSCREEN_EXIT_ANIM>
03-11 21:59:44.385  1078  1218 W FrameTracker: Missed SF frame:JANK_COMPOSER, 1742916, 16665807, CUJ=J<SPLASHSCREEN_EXIT_ANIM>
03-11 21:59:44.385  1078  1218 W FrameTracker: Missed SF frame:JANK_COMPOSER, 1742938, 11786516, CUJ=J<SPLASHSCREEN_EXIT_ANIM>
03-11 21:59:44.385  1078  1218 W FrameTracker: Missed App frame:UNKNOWN: 3, 1742960, 26222391, CUJ=J<SPLASHSCREEN_EXIT_ANIM>
03-11 21:59:44.385  1078  1218 W FrameTracker: Missed SF frame:UNKNOWN: 3, 1742960, 26222391, CUJ=J<SPLASHSCREEN_EXIT_ANIM>
03-11 21:59:44.385  1078  1218 W FrameTracker: Missed SF frame:JANK_COMPOSER, 1742989, 9560184, CUJ=J<SPLASHSCREEN_EXIT_ANIM>
03-11 21:59:44.385  1078  1218 W FrameTracker: Missed SF frame:JANK_COMPOSER, 1743004, 33490726, CUJ=J<SPLASHSCREEN_EXIT_ANIM>
03-11 21:59:44.385  1078  1218 W FrameTracker: Missed SF frame:JANK_COMPOSER, 1743026, 26300144, CUJ=J<SPLASHSCREEN_EXIT_ANIM>
03-11 21:59:44.385  1078  1218 W FrameTracker: Missed SF frame:JANK_COMPOSER, 1743041, 12155436, CUJ=J<SPLASHSCREEN_EXIT_ANIM>
03-11 21:59:44.385  1078  1218 W FrameTracker: Missed SF frame:JANK_COMPOSER, 1743056, 33434728, CUJ=J<SPLASHSCREEN_EXIT_ANIM>
03-11 21:59:44.385  1078  1218 W FrameTracker: Missed SF frame:JANK_COMPOSER, 1743085, 25429646, CUJ=J<SPLASHSCREEN_EXIT_ANIM>
03-11 21:59:44.385  1078  1218 W FrameTracker: Missed SF frame:JANK_COMPOSER, 1743100, 11488688, CUJ=J<SPLASHSCREEN_EXIT_ANIM>
03-11 21:59:44.385  1078  1218 W FrameTracker: Missed SF frame:JANK_COMPOSER, 1743108, 9497605, CUJ=J<SPLASHSCREEN_EXIT_ANIM>
03-11 21:59:44.385  1078  1218 W FrameTracker: Missed SF frame:JANK_COMPOSER, 1743123, 25364439, CUJ=J<SPLASHSCREEN_EXIT_ANIM>
03-11 21:59:44.385  1078  1218 W FrameTracker: Missed SF frame:JANK_COMPOSER, 1743138, 8702523, CUJ=J<SPLASHSCREEN_EXIT_ANIM>
03-11 21:59:44.385  1078  1218 W FrameTracker: Missed SF frame:JANK_COMPOSER, 1743153, 11136357, CUJ=J<SPLASHSCREEN_EXIT_ANIM>
03-11 21:59:44.385  1078  1218 W FrameTracker: Missed SF frame:JANK_COMPOSER, 1743168, 32094858, CUJ=J<SPLASHSCREEN_EXIT_ANIM>
03-11 21:59:44.396   686  2319 I ImeTracker: system_server:5af7c4a4: onRequestHide at ORIGIN_SERVER reason IME_REQUESTED_CHANGED_LISTENER fromUser false
03-11 21:59:44.397  6766  7430 I FontLog : (REDACTED) Query [%s] resolved to %s
03-11 21:59:44.398   686   715 I ImeTracker: system_server:5af7c4a4: onCancelled at PHASE_SERVER_SHOULD_HIDE
03-11 21:59:44.399 27470 27504 W InteractionJankMonitor: Initializing without READ_DEVICE_CONFIG permission. enabled=false, interval=1, missedFrameThreshold=3, frameTimeThreshold=64, package=com.mahfilfund.app
03-11 21:59:44.430  6766  7430 I FontLog : (REDACTED) Fetch %s end status %s
03-11 21:59:44.461  6766  7430 I FontLog : (REDACTED) Pulling font file for id = %d, cache size = %d
03-11 21:59:44.493 27470 27505 I HWUI    : Using FreeType backend (prop=Auto)
03-11 21:59:44.532  6766  7430 I FontLog : (REDACTED) Pulling font file for id = %d, cache size = %d
03-11 21:59:44.533  1323  1331 W System  : A resource failed to call release. 
03-11 21:59:44.536  1323  1331 W System  : A resource failed to call release. 
03-11 21:59:44.536  1323  1331 W System  : A resource failed to call release. 
03-11 21:59:44.778 27470 27492 W .mahfilfund.app: Verification of void kotlin.text.Charsets.<clinit>() took 297.181ms (255.74 bytecodes/s) (0B arena alloc)
03-11 21:59:44.874 27470 27507 W unknown:BridgelessReact: ReactHost{0}.isMetroRunning(): Async result = true
03-11 21:59:44.890 27470 27494 W unknown:BridgelessReact: ReactHost{0}.loadJSBundleFromMetro()
03-11 21:59:45.059 27470 27470 D WindowOnBackDispatcher: setTopOnBackInvokedCallback (unwrapped): android.widget.PopupWindow$PopupDecorView$$ExternalSyntheticLambda1@93c4926
03-11 21:59:45.076   686  2323 D CoreBackPreview: Window{24d2653 u0 PopupWindow:ef8715a}: Setting back callback OnBackInvokedCallbackInfo{mCallback=android.window.IOnBackInvokedCallback$Stub$Proxy@514bc89, mPriority=0, mIsAnimationCallback=false, mOverrideBehavior=0}
03-11 21:59:45.113   686  3227 E TaskPersister: File error accessing recents directory (directory doesn't exist?).
03-11 21:59:45.737   686   700 I system_server: Background concurrent mark compact GC freed 23MB AllocSpace bytes, 11(264KB) LOS objects, 42% free, 32MB/56MB, paused 11.760ms,2.257ms total 1.743s
03-11 21:59:45.927  1078  1086 W System  : A resource failed to call release. 
03-11 21:59:45.933  1078  1086 W System  : A resource failed to call release. 
03-11 21:59:45.936  1078  1086 W System  : A resource failed to call release. 
03-11 21:59:45.936  1078  1086 W System  : A resource failed to call release. 
03-11 21:59:45.936  1078  1086 W System  : A resource failed to call release. 
03-11 21:59:45.937  1078  1086 W System  : A resource failed to call release. 
03-11 21:59:45.938  1078  1086 W System  : A resource failed to call release. 
03-11 21:59:45.938  1078  1086 W System  : A resource failed to call release. 
03-11 21:59:45.973   686   981 I HalDevMgr: bestIfaceCreationProposal is null, requestIface=STA, existingIface=[name=wlan0 type=STA]
03-11 21:59:48.980   686   981 I HalDevMgr: bestIfaceCreationProposal is null, requestIface=STA, existingIface=[name=wlan0 type=STA]
03-11 21:59:49.162 27470 27514 D ProfileInstaller: Installing profile for com.mahfilfund.app
03-11 21:59:49.998 27515 27515 W libbinder.BackendUnifiedServiceManager: Thread Pool max thread count is 0. Cannot cache binder as linkToDeath cannot be implemented. serviceName: package
03-11 21:59:50.193   847  7768 I artd    : GetBestInfo: odex next to the dex file (/data/app/~~BvPz18wvkCs6mLjE9QceAA==/com.google.android.gms-asv9xVa0mhrusDeL_LWLig==/oat/arm64/base.odex) is kOatUpToDate with filter 'speed-profile' executable 'false'
03-11 21:59:50.206   847   853 I artd    : GetBestInfo: odex next to the dex file (/data/app/~~BvPz18wvkCs6mLjE9QceAA==/com.google.android.gms-asv9xVa0mhrusDeL_LWLig==/oat/arm64/split_AdsDynamite_installtime.odex) is kOatUpToDate with filter 'speed' executable 'false'
03-11 21:59:50.208   847  7768 I artd    : GetBestInfo: odex next to the dex file (/data/app/~~BvPz18wvkCs6mLjE9QceAA==/com.google.android.gms-asv9xVa0mhrusDeL_LWLig==/oat/arm64/split_CronetDynamite_installtime.odex) is kOatUpToDate with filter 'speed-profile' executable 'false'
03-11 21:59:50.210   847  7768 I artd    : GetBestInfo: odex next to the dex file (/data/app/~~BvPz18wvkCs6mLjE9QceAA==/com.google.android.gms-asv9xVa0mhrusDeL_LWLig==/oat/arm64/split_DynamiteLoader_installtime.odex) is kOatUpToDate with filter 'speed' executable 'false'
03-11 21:59:50.215   847  7768 I artd    : GetBestInfo: odex next to the dex file (/data/app/~~BvPz18wvkCs6mLjE9QceAA==/com.google.android.gms-asv9xVa0mhrusDeL_LWLig==/oat/arm64/split_DynamiteModulesA_installtime.odex) is kOatUpToDate with filter 'speed' executable 'false'
03-11 21:59:50.217   847   853 I artd    : GetBestInfo: odex next to the dex file (/data/app/~~BvPz18wvkCs6mLjE9QceAA==/com.google.android.gms-asv9xVa0mhrusDeL_LWLig==/oat/arm64/split_DynamiteModulesC_installtime.odex) is kOatUpToDate with filter 'speed' executable 'false'
03-11 21:59:50.222   847  7768 I artd    : GetBestInfo: odex next to the dex file (/data/app/~~BvPz18wvkCs6mLjE9QceAA==/com.google.android.gms-asv9xVa0mhrusDeL_LWLig==/oat/arm64/split_GoogleCertificates_installtime.odex) is kOatUpToDate with filter 'speed' executable 'false'
03-11 21:59:50.224   847  7768 I artd    : GetBestInfo: odex next to the dex file (/data/app/~~BvPz18wvkCs6mLjE9QceAA==/com.google.android.gms-asv9xVa0mhrusDeL_LWLig==/oat/arm64/split_MapsDynamite_installtime.odex) is kOatUpToDate with filter 'speed' executable 'false'
03-11 21:59:50.228   847   853 I artd    : GetBestInfo: odex next to the dex file (/data/app/~~BvPz18wvkCs6mLjE9QceAA==/com.google.android.gms-asv9xVa0mhrusDeL_LWLig==/oat/arm64/split_MeasurementDynamite_installtime.odex) is kOatUpToDate with filter 'speed' executable 'false'
03-11 21:59:50.230   847   853 I artd    : GetBestInfo: odex next to the dex file (/data/app/~~BvPz18wvkCs6mLjE9QceAA==/com.google.android.gms-asv9xVa0mhrusDeL_LWLig==/oat/arm64/split_all_locale_splits.odex) is kOatUpToDate with filter 'speed' executable 'false'
03-11 21:59:50.232   847  7768 I artd    : GetBestInfo: /data/user_de/0/com.google.android.gms/app_chimera/m/00000009/dl-VisionOcr.optional_260931100000.apk has no usable artifacts
03-11 21:59:50.235   847   853 I artd    : GetBestInfo: /data/user_de/0/com.google.android.gms/app_chimera/m/0000000d/dl-MlkitOcrCommon.optional_260931100400.apk has no usable artifacts
03-11 21:59:50.236   847  7768 I artd    : GetBestInfo: /data/user_de/0/com.google.android.gms/app_chimera/m/00000001/CronetDynamite.apk has no usable artifacts
03-11 21:59:50.239   847  7768 I artd    : GetBestInfo: vdex next to the dex file (/data/user/0/com.google.android.gms/app_dg_cache/DE47351470B874CD27E2358FA315B85F3554F2AB/oat/arm64/the.vdex) is kOatUpToDate with filter 'verify' executable 'false'
03-11 21:59:50.241   847  7768 I artd    : GetBestInfo: /data/user_de/0/com.google.android.gms/app_chimera/m/00000002/DynamiteLoader.apk has no usable artifacts
03-11 21:59:50.241   847  7768 I artd    : GetBestInfo: /data/user_de/0/com.google.android.gms/app_chimera/m/00000005/GoogleCertificates.apk has no usable artifacts
03-11 21:59:50.242   847   853 I artd    : GetBestInfo: /data/user_de/0/com.google.android.gms/app_chimera/m/0000000a/dl-MlkitBarcodeUi.optional_260931100400.apk has no usable artifacts
03-11 21:59:50.243   847  7766 I artd    : GetBestInfo: /data/user_de/0/com.google.android.gms/app_chimera/m/0000000f/dl-Appsearch.optional_260931100400.apk has no usable artifacts
03-11 21:59:50.245   847   847 I artd    : GetBestInfo: /data/user_de/0/com.google.android.gms/app_chimera/m/0000000b/dl-TfliteDynamiteDynamite.integ_252130102100400.apk has no usable artifacts
03-11 21:59:50.246   847  7766 I artd    : GetBestInfo: /data/user_de/0/com.google.android.gms/app_chimera/m/00000007/MeasurementDynamite.apk has no usable artifacts
03-11 21:59:51.725 27470 27470 D WindowOnBackDispatcher: setTopOnBackInvokedCallback (unwrapped): null
03-11 21:59:51.726   686  2323 D CoreBackPreview: Window{24d2653 u0 PopupWindow:ef8715a}: Setting back callback null
03-11 21:59:51.737 27470 27507 W unknown:BridgelessReact: ReactHost{0}.loadJSBundleFromMetro(): Creating BundleLoader
03-11 21:59:51.739 27470 27494 W unknown:BridgelessReact: ReactHost{0}.getOrCreateReactContext(): Creating BridgelessReactContext
03-11 21:59:51.740 27470 27494 W unknown:BridgelessReact: ReactHost{0}.getOrCreateReactInstanceTask(): Creating ReactInstance
03-11 21:59:51.866   686  1040 D BackgroundInstallControlService: Package event received: 0
03-11 21:59:51.881   686  2319 D ActivityManager: sync unfroze 19674 com.android.vending for 6
03-11 21:59:51.885   686  1040 D BackgroundInstallControlService: Package event received: 0
03-11 21:59:51.923   686  2319 D ActivityManager: sync unfroze 17739 com.android.vending:background for 6
03-11 21:59:52.009   686   981 I HalDevMgr: bestIfaceCreationProposal is null, requestIface=STA, existingIface=[name=wlan0 type=STA]
03-11 21:59:52.034   686  2319 W ProcessStats: Tracking association SourceState{581a5ee com.android.vending/10145 ImpBg #17614} whose proc state 6 is better than process ProcessState{8f40efb com.android.vending:background/10145 pkg=com.android.vending} proc state 14 (1 skipped)
03-11 21:59:52.038 27470 27521 D InstallReferrerState: OK
03-11 21:59:52.080 17739 17739 I Finsky:background: [2] Memory trim requested to level 40
03-11 21:59:52.082 19674 19674 I Finsky  : [2] Memory trim requested to level 40
03-11 21:59:52.083 19674 19674 I Finsky  : [2] Flushing in-memory image cache
03-11 21:59:52.162 27470 27494 W unknown:BridgelessReact: ReactHost{0}.getOrCreateReactInstanceTask(): Loading JS Bundle
03-11 21:59:52.174 27470 27494 W unknown:BridgelessReact: ReactHost{0}.getOrCreateReactInstanceTask(): Calling DevSupportManagerBase.onNewReactContextCreated(reactContext)
03-11 21:59:52.198 27470 27470 W unknown:ReactNative: Packager connection already open, nooping.
03-11 21:59:52.200 27470 27494 W unknown:BridgelessReact: ReactHost{0}.startSurface(surfaceId = 0): Execute
03-11 21:59:52.201 27470 27470 W unknown:BridgelessReact: ReactContext.onHostResume()
