--------- beginning of system
03-11 21:59:39.811   686  1316 I ActivityManager: Force stopping com.mahfilfund.app appid=10220 user=0: from pid 27452
03-11 21:59:39.830   686  1316 I ActivityManager: Killing 27329:com.mahfilfund.app/u0a220 (adj 0): stop com.mahfilfund.app due to from pid 27452
--------- beginning of main
03-11 21:59:39.846   686   991 D InetDiagMessage: Destroyed 0 sockets, proto=IPPROTO_TCP, family=AF_INET, states=14
03-11 21:59:39.858   686  1316 W ActivityTaskManager: Force removing ActivityRecord{116948345 u0 com.mahfilfund.app/.MainActivity t27 f}}: app died, no saved state
03-11 21:59:39.866   686   991 D InetDiagMessage: Destroyed 4 sockets, proto=IPPROTO_TCP, family=AF_INET6, states=14
03-11 21:59:39.866   686   991 D InetDiagMessage: Destroyed live tcp sockets for uids={10220} in 30ms
03-11 21:59:39.866   686   991 D InetDiagMessage: Destroyed 0 sockets, proto=IPPROTO_TCP, family=AF_INET, states=14
03-11 21:59:39.867   686   991 D InetDiagMessage: Destroyed 0 sockets, proto=IPPROTO_TCP, family=AF_INET6, states=14
03-11 21:59:39.867   686   991 D InetDiagMessage: Destroyed live tcp sockets for uids={20220} in 0ms
03-11 21:59:39.885   545   599 I libbinder.BpBinder: onLastStrongRef automatically unlinking death recipients for descriptor: '(not cached)'
03-11 21:59:39.890   686  1040 D BackgroundInstallControlService: Package event received: 0
03-11 21:59:39.950   686   981 I HalDevMgr: bestIfaceCreationProposal is null, requestIface=STA, existingIface=[name=wlan0 type=STA]
03-11 21:59:39.987   686   822 W InputDispatcher: channel 'fcce83d com.mahfilfund.app/com.mahfilfund.app.MainActivity' ~ Consumer closed input channel or an error occurred.  events=0x9
03-11 21:59:39.987   686   822 E InputDispatcher: channel 'fcce83d com.mahfilfund.app/com.mahfilfund.app.MainActivity' ~ Channel is unrecoverably broken and will be disposed!
03-11 21:59:39.996  1428  1428 I adbd    : Remote process closed the socket (on MSG_PEEK)
03-11 21:59:40.000 27455 27455 W libbinder.BackendUnifiedServiceManager: Thread Pool max thread count is 0. Cannot cache binder as linkToDeath cannot be implemented. serviceName: package
03-11 21:59:40.003   472   472 I Zygote  : Process 27329 exited due to signal 9 (Killed)
03-11 21:59:40.007  1323  1323 D ViewRootImpl: Skipping stats log for color mode
03-11 21:59:40.015   686   991 D ConnectivityService: releasing NetworkRequest [ REQUEST id=528, [ Capabilities: INTERNET&NOT_RESTRICTED&TRUSTED&NOT_VCN_MANAGED&NOT_BANDWIDTH_CONSTRAINED Uid: 10220 RequestorUid: 10220 RequestorPkg: com.mahfilfund.app UnderlyingNetworks: Null] ] (release request)
03-11 21:59:40.018  1323  1323 D BaseActivity: Launcher flags updated: [state_started] +[state_started]
03-11 21:59:40.027  1323  1323 D BaseActivity: Launcher flags updated: [state_started|state_resumed|state_user_active] +[state_resumed|state_user_active]
03-11 21:59:40.029   686  1316 V WindowManager: Defer transition id=98 for TaskFragmentTransaction=android.os.Binder@4b2c383
03-11 21:59:40.034   686  1316 V WindowManager: deferTransitionReady deferReadyDepth=1 stack=com.android.server.wm.TransitionController.deferTransitionReady:1061 com.android.server.wm.TaskFragmentOrganizerController$TaskFragmentOrganizerState.dispatchTransaction:517 com.android.server.wm.TaskFragmentOrganizerController.dispatchPendingEvents:1259 com.android.server.wm.TaskFragmentOrganizerController.dispatchPendingEvents:1228 com.android.server.wm.RootWindowContainer.performSurfacePlacement:777 
03-11 21:59:40.035  1078  1155 V WindowManagerShell: Transition requested (#98): android.os.BinderProxy@e19b4e1 TransitionRequestInfo { type = CLOSE, triggerTask = TaskInfo{userId=0 taskId=27 effectiveUid=10220 displayId=0 isRunning=false baseIntent=Intent { act=android.intent.action.MAIN cat=[android.intent.category.LAUNCHER] flg=0x10200000 cmp=com.mahfilfund.app/.MainActivity } baseActivity=null topActivity=null origActivity=null realActivity=ComponentInfo{com.mahfilfund.app/com.mahfilfund.app.MainActivity} numActivities=0 lastActiveTime=24091349 supportsMultiWindow=true resizeMode=1 isResizeable=true minWidth=-1 minHeight=-1 defaultMinSize=220 token=WCT{android.os.BinderProxy@8073820} topActivityType=1 pictureInPictureParams=null shouldDockBigOverlays=false launchIntoPipHostTaskId=-1 lastParentTaskIdBeforePip=-1 displayCutoutSafeInsets=Rect(0, 0 - 0, 0) topActivityInfo=null launchCookies=[] positionInParent=Point(0, 0) parentTaskId=-1 isFocused=true isVisible=true isVisibleRequested=true isTopActivityNoDisplay=false isSleeping=false locusId=null displayAreaFeatureId=1 isTopActivityTransparent=false isActivityStackTransparent=true lastNonFullscreenBounds=null capturedLink=null capturedLinkTimestamp=0 requestedVisibleTypes=503 topActivityRequestOpenInBrowserEducationTimestamp=0 appCompatTaskInfo=AppCompatTaskInfo { topActivityInSizeCompat=false isLeafTask= true eligibleForLetterboxEducation= false isLetterboxEducationEnabled= false isLetterboxDoubleTapEnabled= false eligibleForUserAspectRatioButton= false topActivityBoundsLetterboxed= false isFromLetterboxDoubleTap= false topActivityLetterboxVerticalPosition= -1 topActivityLetterboxHorizontalPosition= -1 topActivityLetterboxWidth=-1 topActivityLetterboxHeight=-1 topActivityAppBounds=Rect(0, 0 - 0, 0) isUserFullscreenOverrideEnabled=false isSystemFullscreenOverrideEnabled=false hasMinAspectRatioOverride=false topActivityLetterboxBounds=null cameraCompatTaskInfo=CameraCompatTaskInfo { cameraCompatMode=undefinedundefined} topNonResizableActivityAspectRatio=-1.0} topActivityMainWindowFrame=null isAppBubble=false}, pipChange = null, remoteTransition = null, displayChange = null, requestedLocation = null, userChange = null, windowingLayerChange = null, flags = 0, debugId = 98 }
03-11 21:59:40.036   686   991 D ConnectivityService: releasing NetworkRequest [ REQUEST id=530, [ Capabilities: INTERNET&NOT_RESTRICTED&TRUSTED&NOT_VCN_MANAGED&NOT_BANDWIDTH_CONSTRAINED Uid: 10220 RequestorUid: 10220 RequestorPkg: com.mahfilfund.app UnderlyingNetworks: Null] ] (release request)
03-11 21:59:40.036   686   822 I WindowManager: WINDOW DIED Window{fcce83d u0 com.mahfilfund.app/com.mahfilfund.app.MainActivity}
03-11 21:59:40.040   686  1118 I WindowManager: WIN DEATH: Window{fcce83d u0 com.mahfilfund.app/com.mahfilfund.app.MainActivity EXITING}
03-11 21:59:40.042   686  1040 D BackgroundInstallControlService: Package event received: 0
03-11 21:59:40.042   686  1040 D BackgroundInstallControlService: Package event received: 0
03-11 21:59:40.043   686  1791 I ImeTracker: com.mahfilfund.app:fc881f1a: onRequestHide at ORIGIN_SERVER reason HIDE_REMOVE_CLIENT fromUser false
03-11 21:59:40.043   686  1791 I ImeTracker: com.mahfilfund.app:fc881f1a: onCancelled at PHASE_SERVER_SHOULD_HIDE
03-11 21:59:40.104  1323  1323 D NexusLauncherModelDelegate: notifySmartspaceEvent: SmartspaceTargetEvent{mSmartspaceTarget=null, mSmartspaceActionId='null', mEventType=6}
03-11 21:59:40.106   686   724 I libprocessgroup: Removed cgroup /sys/fs/cgroup/apps/uid_10220/pid_27329
03-11 21:59:40.110  1078  1155 D WindowManagerShell: setLauncherKeepClearAreaHeight: visible=true, height=495
03-11 21:59:40.144  1078  1315 D WallpaperService: onVisibilityChanged(true): com.android.systemui.wallpapers.ImageWallpaper$CanvasEngine@fc995a3
03-11 21:59:40.148  1323  1323 D BaseDepthController: setSurface:
03-11 21:59:40.148  1323  1323 D BaseDepthController: 	mWaitingOnSurfaceValidity: false
03-11 21:59:40.148  1323  1323 D BaseDepthController: 	mBaseSurface: Surface(name=com.google.android.apps.nexuslauncher/com.google.android.apps.nexuslauncher.NexusLauncherActivity#1324)/@0xcdbac82
03-11 21:59:40.150  1323  1323 V BaseDepthController: Applying blur: 79 to Surface(name=com.google.android.apps.nexuslauncher/com.google.android.apps.nexuslauncher.NexusLauncherActivity#1324)/@0xcdbac82 applyImmediately: false
03-11 21:59:40.152  1323  1323 D BaseDepthController: shouldBlurWorkspace: true targetState: AllApps currentStableState: AllApps mCurrentBlur: 79 mLauncher.getDepthBlurTargets(): [com.android.launcher3.Workspace{6a43f93 V.ED..... .......D 0,0-1080,2400 #7f0a049d app:id/workspace}, com.android.launcher3.Hotseat{e000bd0 V.ED..... .......D 0,1905-1080,2400 #7f0a01ee app:id/hotseat}]
03-11 21:59:40.173   686  1316 I AppsFilter: interaction: PackageSetting{166a991 com.primenow.app/10216} -> PackageSetting{204cbf5 com.mahfilfund.app/10220} BLOCKED
03-11 21:59:40.229   686   715 W ActivityManager: setHasOverlayUi called on unknown pid: 27329
03-11 21:59:40.236   686   715 V WindowManager: Unknown focus tokens, dropping reportFocusChanged
03-11 21:59:40.261   686  2049 V ActivityManager: Got obituary of 27329:com.mahfilfund.app
03-11 21:59:40.305  1323  1323 D b/417220811: invalidateLoadedTasks - previous requestLoadId: -1
03-11 21:59:40.305  1323  1323 D BaseActivity: Launcher flags updated: [state_started|state_resumed|state_deferred_resumed|state_user_active] +[state_deferred_resumed]
03-11 21:59:40.305  1323  1323 D StatsLog: LAUNCHER_ONRESUME
03-11 21:59:40.351   686  1791 V WindowManager: Continue transition id=98 for TaskFragmentTransaction=android.os.Binder@4b2c383
03-11 21:59:40.362   686  1791 V WindowManager: continueTransitionReady deferReadyDepth=0 stack=com.android.server.wm.TransitionController.continueTransitionReady:1071 com.android.server.wm.TaskFragmentOrganizerController$TaskFragmentOrganizerState.onTransactionFinished:546 com.android.server.wm.TaskFragmentOrganizerController.onTransactionHandled:740 android.window.ITaskFragmentOrganizerController$Stub.onTransact:225 android.os.Binder.execTransactInternal:1473 
03-11 21:59:40.379  1323  1385 D QuickstepModelDelegate: notifyAppTargetEvent action=1 launchLocation=
03-11 21:59:40.388  1255  1255 D CarrierSvcBindHelper: onHandleForceStop: [com.mahfilfund.app]
03-11 21:59:40.422  1255  1255 D CarrierSvcBindHelper: No carrier app for: 0
03-11 21:59:40.426   686   712 V WindowManager: Sent Transition (#98) createdAt=03-11 21:59:39.858 via request=TransitionRequestInfo { type = CLOSE, triggerTask = TaskInfo{userId=0 taskId=27 effectiveUid=10220 displayId=0 isRunning=false baseIntent=Intent { act=android.intent.action.MAIN cat=[android.intent.category.LAUNCHER] flg=0x10200000 cmp=com.mahfilfund.app/.MainActivity } baseActivity=null topActivity=null origActivity=null realActivity=ComponentInfo{com.mahfilfund.app/com.mahfilfund.app.MainActivity} numActivities=0 lastActiveTime=24091349 supportsMultiWindow=true resizeMode=1 isResizeable=true minWidth=-1 minHeight=-1 defaultMinSize=220 token=WCT{RemoteToken{547e807 Task{29e7abe #27 type=standard A=10220:com.mahfilfund.app}}} topActivityType=1 pictureInPictureParams=null shouldDockBigOverlays=false launchIntoPipHostTaskId=-1 lastParentTaskIdBeforePip=-1 displayCutoutSafeInsets=Rect(0, 0 - 0, 0) topActivityInfo=null launchCookies=[] positionInParent=Point(0, 0) parentTaskId=-1 isFocused=true isVisible=true isVisibleRequested=true isTopActivityNoDisplay=false isSleeping=false locusId=null displayAreaFeatureId=1 isTopActivityTransparent=false isActivityStackTransparent=true lastNonFullscreenBounds=null capturedLink=null capturedLinkTimestamp=0 requestedVisibleTypes=503 topActivityRequestOpenInBrowserEducationTimestamp=0 appCompatTaskInfo=AppCompatTaskInfo { topActivityInSizeCompat=false isLeafTask= true eligibleForLetterboxEducation= false isLetterboxEducationEnabled= false isLetterboxDoubleTapEnabled= false eligibleForUserAspectRatioButton= false topActivityBoundsLetterboxed= false isFromLetterboxDoubleTap= false topActivityLetterboxVerticalPosition= -1 topActivityLetterboxHorizontalPosition= -1 topActivityLetterboxWidth=-1 topActivityLetterboxHeight=-1 topActivityAppBounds=Rect(0, 0 - 0, 0) isUserFullscreenOverrideEnabled=false isSystemFullscreenOverrideEnabled=false hasMinAspectRatioOverride=false topActivityLetterboxBounds=null cameraCompatTaskInfo=CameraCompatTaskInfo { cameraCompatMode=undefinedundefined} topNonResizableActivityAspectRatio=-1.0} topActivityMainWindowFrame=null isAppBubble=false}, pipChange = null, remoteTransition = null, displayChange = null, requestedLocation = null, userChange = null, windowingLayerChange = null, flags = 0, debugId = 98 }
03-11 21:59:40.426   686   712 V WindowManager:     startWCT=WindowContainerTransaction { changes= {} hops= [] errorCallbackToken=null taskFragmentOrganizer=null }
03-11 21:59:40.426   686   712 V WindowManager:     info={id=98 t=CLOSE f=0x0 trk=0 r=[0@Point(0, 0)] c=[
03-11 21:59:40.426   686   712 V WindowManager:         {WCT{RemoteToken{4dba70a Task{73e266c #1 type=home}}} m=TO_FRONT f=SHOW_WALLPAPER|MOVE_TO_TOP leash=Surface(name=Task=1#44)/@0xfd2e2cb sb=Rect(0, 0 - 1080, 2400) eb=Rect(0, 0 - 1080, 2400) epz=Point(1080, 2400) d=0 taskParent=-1 winMode=1 userId=0},
03-11 21:59:40.426   686   712 V WindowManager:         {WCT{RemoteToken{547e807 Task{29e7abe #27 type=standard A=10220:com.mahfilfund.app}}} m=CLOSE f=NONE leash=Surface(name=Task=27#1258)/@0x7255a21 sb=Rect(0, 0 - 1080, 2400) eb=Rect(0, 0 - 1080, 2400) epz=Point(1080, 2400) d=0 taskParent=-1 winMode=1 userId=0},
03-11 21:59:40.426   686   712 V WindowManager:         {m=TO_FRONT f=IS_WALLPAPER leash=Surface(name=WallpaperWindowToken{9563342}#61)/@0x597fe45 sb=Rect(0, 0 - 1080, 2400) eb=Rect(0, 0 - 1080, 2400) epz=Point(1080, 2400) d=0}
03-11 21:59:40.426   686   712 V WindowManager:     ]}
03-11 21:59:40.443  1078  1155 D Bubbles : onLocusVisibilityChanged=Overview|DISABLED visible=true taskId=1
03-11 21:59:40.455  1078  1092 V WindowManagerShell: onTransitionReady(transaction=2946347578727)
03-11 21:59:40.486  1078  1155 V WindowManagerShell: onTransitionReady (#98) android.os.BinderProxy@e19b4e1: {id=98 t=CLOSE f=0x0 trk=0 r=[0@Point(0, 0)] c=[
03-11 21:59:40.486  1078  1155 V WindowManagerShell:         {m=TO_FRONT f=SHOW_WALLPAPER|MOVE_TO_TOP leash=Surface(name=Task=1#44)/@0x12af892 sb=Rect(0, 0 - 1080, 2400) eb=Rect(0, 0 - 1080, 2400) epz=Point(1080, 2400) d=0 taskParent=-1 winMode=1 userId=0},
03-11 21:59:40.486  1078  1155 V WindowManagerShell:         {m=CLOSE f=NONE leash=Surface(name=Task=27#1258)/@0x9f48263 sb=Rect(0, 0 - 1080, 2400) eb=Rect(0, 0 - 1080, 2400) epz=Point(1080, 2400) d=0 taskParent=-1 winMode=1 userId=0},
03-11 21:59:40.486  1078  1155 V WindowManagerShell:         {m=TO_FRONT f=IS_WALLPAPER leash=Surface(name=WallpaperWindowToken{9563342}#61)/@0x867de60 sb=Rect(0, 0 - 1080, 2400) eb=Rect(0, 0 - 1080, 2400) epz=Point(1080, 2400) d=0}
03-11 21:59:40.486  1078  1155 V WindowManagerShell:     ]}
03-11 21:59:40.496  1078  1155 V WindowManagerShell: Playing animation for (#98) android.os.BinderProxy@e19b4e1@0
03-11 21:59:40.501  1078  1155 V ShellRecents: RecentsTransitionHandler.startAnimation: no controller found
03-11 21:59:40.501  1078  1155 V WindowManagerShell: Transition doesn't have explicit remote, search filters for match for {id=98 t=CLOSE f=0x0 trk=0 r=[0@Point(0, 0)] c=[{m=TO_FRONT f=SHOW_WALLPAPER|MOVE_TO_TOP leash=Surface(name=Task=1#44)/@0x12af892 sb=Rect(0, 0 - 1080, 2400) eb=Rect(0, 0 - 1080, 2400) epz=Point(1080, 2400) d=0 taskParent=-1 winMode=1 userId=0},{m=CLOSE f=NONE leash=Surface(name=Task=27#1258)/@0x9f48263 sb=Rect(0, 0 - 1080, 2400) eb=Rect(0, 0 - 1080, 2400) epz=Point(1080, 2400) d=0 taskParent=-1 winMode=1 userId=0},{m=TO_FRONT f=IS_WALLPAPER leash=Surface(name=WallpaperWindowToken{9563342}#61)/@0x867de60 sb=Rect(0, 0 - 1080, 2400) eb=Rect(0, 0 - 1080, 2400) epz=Point(1080, 2400) d=0}]}
03-11 21:59:40.502  1078  1155 V WindowManagerShell:  Checking filter Pair{{types=[] flags=0x0] notFlags=0x0 checks=[{atype=undefined independent=true modes=[CLOSE,TO_BACK] flags=IN_TASK_WITH_EMBEDDED_ACTIVITY mustBeTask=false order=ANY topActivity=null launchCookie=null taskFragmentToken=android.os.BinderProxy@f0eb7a7 windowingMode=undefined isCrossDisplayMove=false}]} RemoteTransition { remoteTransition = android.window.IRemoteTransition$Stub$Proxy@7634454, appThread = android.app.IApplicationThread$Stub$Proxy@10ddffd, debugName = overlayBackTransition }}
03-11 21:59:40.502  1078  1155 V WindowManagerShell:  Checking filter Pair{{types=[] flags=0x0] notFlags=0x0 checks=[{atype=dream independent=true modes=[OPEN,TO_FRONT] flags=NONE mustBeTask=false order=ANY topActivity=null launchCookie=null windowingMode=undefined isCrossDisplayMove=false},{atype=home independent=true modes=[CLOSE,TO_BACK] flags=NONE mustBeTask=false order=ANY topActivity=null launchCookie=null windowingMode=undefined isCrossDisplayMove=false}]} RemoteTransition { remoteTransition = android.window.IRemoteTransition$Stub$Proxy@7d5a4f2, appThread = android.app.IApplicationThread$Stub$Proxy@3652743, debugName = LauncherToDream }}
03-11 21:59:40.502  1078  1155 V WindowManagerShell:  Checking filter Pair{{types=[] flags=0x0] notFlags=0x100 checks=[{atype=home independent=true modes=[OPEN,TO_FRONT] flags=NONE mustBeTask=false order=TOP topActivity=ComponentInfo{com.google.android.apps.nexuslauncher/com.google.android.apps.nexuslauncher.NexusLauncherActivity} launchCookie=null windowingMode=undefined isCrossDisplayMove=false},{atype=standard independent=true modes=[CLOSE,TO_BACK] flags=NONE mustBeTask=false order=ANY topActivity=null launchCookie=null windowingMode=undefined isCrossDisplayMove=false},{NOT atype=undefined independent=true modes=[] flags=NONE mustBeTask=true order=ANY topActivity=null launchCookie=null customAnim=true windowingMode=undefined isCrossDisplayMove=false}]} RemoteTransition { remoteTransition = android.window.IRemoteTransition$Stub$Proxy@4da51c0, appThread = android.app.IApplicationThread$Stub$Proxy@5d7ef9, debugName = QuickstepLaunchHome }}
03-11 21:59:40.502  1078  1155 D RemoteTransitionHandler: Found filterPair{{types=[] flags=0x0] notFlags=0x100 checks=[{atype=home independent=true modes=[OPEN,TO_FRONT] flags=NONE mustBeTask=false order=TOP topActivity=ComponentInfo{com.google.android.apps.nexuslauncher/com.google.android.apps.nexuslauncher.NexusLauncherActivity} launchCookie=null windowingMode=undefined isCrossDisplayMove=false},{atype=standard independent=true modes=[CLOSE,TO_BACK] flags=NONE mustBeTask=false order=ANY topActivity=null launchCookie=null windowingMode=undefined isCrossDisplayMove=false},{NOT atype=undefined independent=true modes=[] flags=NONE mustBeTask=true order=ANY topActivity=null launchCookie=null customAnim=true windowingMode=undefined isCrossDisplayMove=false}]} RemoteTransition { remoteTransition = android.window.IRemoteTransition$Stub$Proxy@4da51c0, appThread = android.app.IApplicationThread$Stub$Proxy@5d7ef9, debugName = QuickstepLaunchHome }}
03-11 21:59:40.502  1078  1155 V WindowManagerShell:  Delegate animation for (#98) to RemoteTransition { remoteTransition = android.window.IRemoteTransition$Stub$Proxy@4da51c0, appThread = android.app.IApplicationThread$Stub$Proxy@5d7ef9, debugName = QuickstepLaunchHome }
03-11 21:59:40.515  1078  1155 V WindowManagerShell:  animated by com.android.wm.shell.transition.RemoteTransitionHandler@f2be52b
03-11 21:59:40.518  1323  1323 D LauncherStateManager: StateManager.cancelAnimation: animation ongoing: false, partial trace:
03-11 21:59:40.518  1323  1323 D LauncherStateManager: 	at com.android.launcher3.statemanager.StateManager.setCurrentAnimation(go/retraceme 7101499b44b219b757f6885b35ae099b24fc769225595efcaaacae5b0f94500b:18)
03-11 21:59:40.518  1323  1323 D LauncherStateManager: 	at com.android.launcher3.QuickstepTransitionManager.createWallpaperOpenAnimations(go/retraceme 7101499b44b219b757f6885b35ae099b24fc769225595efcaaacae5b0f94500b:646)
03-11 21:59:40.518  1323  1323 D LauncherStateManager: 	at com.android.launcher3.QuickstepTransitionManager$WallpaperOpenLauncherAnimationRunner.onAnimationStart(go/retraceme 7101499b44b219b757f6885b35ae099b24fc769225595efcaaacae5b0f94500b:96)
03-11 21:59:40.521   493   515 I RanchuHwc: logCompositionFallbackIfChanged: layer 248 CompositionType fallback from 2 to 1
03-11 21:59:40.521   493   515 I RanchuHwc: logCompositionFallbackIfChanged: layer 247 CompositionType fallback from 2 to 1
03-11 21:59:40.542  1323  1323 D b/311077782: LauncherAnimationRunner.setAnimation
03-11 21:59:40.556  1677  1880 I AiAiEcho: Predicting[0]:  [CONTEXT sampling_count=5 ]
03-11 21:59:40.566  1677  1880 I AiAiEcho: EchoTargets: 
03-11 21:59:40.566  1677  1880 I AiAiEcho: Filtered by AiAi flag check: 
03-11 21:59:40.566  1677  1880 I AiAiEcho: [CONTEXT ratelimit_period="10 SECONDS" ]
03-11 21:59:40.567  1677  1880 I AiAiEcho: #remoteViewsTwiddler: feature disabled.
03-11 21:59:40.575  1323  1323 D BaseActivity: Launcher flags updated: [state_started|state_resumed|state_deferred_resumed|state_window_focused|state_user_active] +[state_window_focused]
03-11 21:59:40.591   686   830 I ImeTracker: com.google.android.apps.nexuslauncher:93e57e49: onRequestHide at ORIGIN_SERVER reason HIDE_UNSPECIFIED_WINDOW fromUser false
03-11 21:59:40.614  1677  1880 I AiAiEcho: #postPredictionTargets: Sending updates to UISurface home with targets# 0 (types=[])
03-11 21:59:40.709  1323  1323 D InsetsController: hide(ime())
03-11 21:59:40.713  1323  1323 I ImeTracker: com.google.android.apps.nexuslauncher:93e57e49: onCancelled at PHASE_CLIENT_ALREADY_HIDDEN
03-11 21:59:40.756  6892  6892 I GoogleInputMethodService: GoogleInputMethodService.onFinishInput():2057 
03-11 21:59:40.761   686  2049 I ImeTracker: system_server:2b21d062: onRequestHide at ORIGIN_SERVER reason IME_REQUESTED_CHANGED_LISTENER fromUser false
03-11 21:59:40.769   686   715 I ImeTracker: system_server:2b21d062: onCancelled at PHASE_SERVER_SHOULD_HIDE
03-11 21:59:40.799  6892  6892 I Module  : DeviceLockedStatusModuleProvider$Module.updateDeviceLockedStatus():100 repeatCheckTimes = 0, locked = false
03-11 21:59:40.801  6892  6892 W NotificationCenter: NotificationCenter$NotificationQueue.notifyPendingNotificationsOnExecutor():877 Heavy notify work detected on UI thread: [ltj->jtc, ltj->ngp, ltj->lsn, ltj->jtc, ltj->jtc, ltj->fum, ltj->lse, ltj->lfm, ltj->jtc, ltj->jtc, ltj->jtc, ltj->jtc, ltj->jtc, ltj->jup, ltj->jtc, ltj->hlv, ltj->fwu, ltj->jtc, ltj->kya, ltj->guu, ltj->nuz, ltj->jtc, ltj->jtc, ltj->jtc, ltj->jqp, ltj->jtc] takes 35ms
03-11 21:59:40.817  6892  6892 I GoogleInputMethodService: GoogleInputMethodService.onStartInput():1318 onStartInput(EditorInfo{EditorInfo{packageName=com.google.android.apps.nexuslauncher, inputType=0, inputTypeString=NULL, enableLearning=false, autoCorrection=false, autoComplete=false, imeOptions=0, privateImeOptions=null, actionName=UNSPECIFIED, actionLabel=null, initialSelStart=-1, initialSelEnd=-1, initialCapsMode=0, label=null, fieldId=0, fieldName=null, extras=null, hintText=null, hintLocales=[]}}, false)
03-11 21:59:40.861 27459 27459 D AndroidRuntime: >>>>>> START com.android.internal.os.RuntimeInit uid 2000 <<<<<<
03-11 21:59:40.881 27459 27459 I AndroidRuntime: Using default boot image
03-11 21:59:40.895  6892  6892 I Module  : DeviceLockedStatusModuleProvider$Module.updateDeviceLockedStatus():100 repeatCheckTimes = 1, locked = false
03-11 21:59:40.896  6892  6892 W NotificationCenter: NotificationCenter$NotificationQueue.notifyPendingNotificationsOnExecutor():877 Heavy notify work detected on UI thread: [ltj->jtc, ltj->ngp, ltj->lsn, ltj->jtc, ltj->jtc, ltj->fum, ltj->lse, ltj->lfm, ltj->jtc, ltj->jtc, ltj->jtc, ltj->jtc, ltj->jtc, ltj->jup, ltj->jtc, ltj->hlv, ltj->fwu, ltj->jtc, ltj->kya, ltj->guu, ltj->nuz, ltj->jtc, ltj->jtc, ltj->jtc, ltj->jqp, ltj->jtc] takes 52ms
03-11 21:59:40.900   686  2049 W PackageConfigPersister: App-specific configuration not found for packageName: com.google.android.apps.nexuslauncher and userId: 0
03-11 21:59:40.911 27459 27459 I AndroidRuntime: Leaving lock profiling enabled
03-11 21:59:40.932  1078  1092 V WindowManagerShell: Received remote transition finished callback for (#98)
03-11 21:59:40.932  1078  1155 V WindowManagerShell: Transition animation finished (aborted=false), notifying core (#98) android.os.BinderProxy@e19b4e1@0
03-11 21:59:40.946   847  7768 I artd    : GetBestInfo: odex next to the dex file (/data/app/~~BvPz18wvkCs6mLjE9QceAA==/com.google.android.gms-asv9xVa0mhrusDeL_LWLig==/oat/arm64/base.odex) is kOatUpToDate with filter 'speed-profile' executable 'false'
03-11 21:59:40.952   686  1800 E libbinder.IPCThreadState: Binder transaction failure. id: 3785053, cmd: BR_DEAD_REPLY (29189), error: -22 (Invalid argument)
03-11 21:59:40.958 27459 27459 I app_process: Using CollectorTypeCMC GC.
03-11 21:59:40.961   686  1800 W ActivityManager: pid 686 system sent binder code 7 with flags 1 and got error -32
03-11 21:59:40.966   686  1800 W WindowManager: Exception thrown during dispatchAppVisibility Window{fcce83d u0 com.mahfilfund.app/com.mahfilfund.app.MainActivity EXITING}
03-11 21:59:40.966   686  1800 W WindowManager: android.os.DeadObjectException
03-11 21:59:40.966   686  1800 W WindowManager: 	at android.os.BinderProxy.transactNative(Native Method)
03-11 21:59:40.966   686  1800 W WindowManager: 	at android.os.BinderProxy.transact(BinderProxy.java:599)
03-11 21:59:40.966   686  1800 W WindowManager: 	at android.view.IWindow$Stub$Proxy.dispatchAppVisibility(IWindow.java:535)
03-11 21:59:40.966   686  1800 W WindowManager: 	at com.android.server.wm.WindowState.sendAppVisibilityToClients(WindowState.java:3266)
03-11 21:59:40.966   686  1800 W WindowManager: 	at com.android.server.wm.WindowContainer.sendAppVisibilityToClients(WindowContainer.java:1218)
03-11 21:59:40.966   686  1800 W WindowManager: 	at com.android.server.wm.WindowToken.setClientVisible(WindowToken.java:394)
03-11 21:59:40.966   686  1800 W WindowManager: 	at com.android.server.wm.ActivityRecord.commitVisibility(ActivityRecord.java:5626)
03-11 21:59:40.966   686  1800 W WindowManager: 	at com.android.server.wm.Transition.finishTransition(Transition.java:1500)
03-11 21:59:40.966   686  1800 W WindowManager: 	at com.android.server.wm.TransitionController.finishTransition(TransitionController.java:1096)
03-11 21:59:40.966   686  1800 W WindowManager: 	at com.android.server.wm.WindowOrganizerController.finishTransition(WindowOrganizerController.java:518)
03-11 21:59:40.966   686  1800 W WindowManager: 	at android.window.IWindowOrganizerController$Stub.onTransact(IWindowOrganizerController.java:270)
03-11 21:59:40.966   686  1800 W WindowManager: 	at com.android.server.wm.WindowOrganizerController.onTransact(WindowOrganizerController.java:233)
03-11 21:59:40.966   686  1800 W WindowManager: 	at android.os.Binder.execTransactInternal(Binder.java:1478)
03-11 21:59:40.966   686  1800 W WindowManager: 	at android.os.Binder.execTransact(Binder.java:1418)
03-11 21:59:40.968   847   853 I artd    : GetBestInfo: odex next to the dex file (/data/app/~~BvPz18wvkCs6mLjE9QceAA==/com.google.android.gms-asv9xVa0mhrusDeL_LWLig==/oat/arm64/split_AdsDynamite_installtime.odex) is kOatUpToDate with filter 'speed' executable 'false'
03-11 21:59:40.969   686  1800 W Process : Unable to open /proc/27329/status
03-11 21:59:40.974   686   712 V WindowManager: Finish Transition (#98): created at 03-11 21:59:39.858 collect-started=0.051ms request-sent=0.303ms started=190.876ms ready=506.132ms sent=542.967ms commit=138.493ms finished=1092.826ms
03-11 21:59:40.997   847   853 I artd    : GetBestInfo: odex next to the dex file (/data/app/~~BvPz18wvkCs6mLjE9QceAA==/com.google.android.gms-asv9xVa0mhrusDeL_LWLig==/oat/arm64/split_CronetDynamite_installtime.odex) is kOatUpToDate with filter 'speed-profile' executable 'false'
03-11 21:59:41.016   847   853 I artd    : GetBestInfo: odex next to the dex file (/data/app/~~BvPz18wvkCs6mLjE9QceAA==/com.google.android.gms-asv9xVa0mhrusDeL_LWLig==/oat/arm64/split_DynamiteLoader_installtime.odex) is kOatUpToDate with filter 'speed' executable 'false'
03-11 21:59:41.047   847   853 I artd    : GetBestInfo: odex next to the dex file (/data/app/~~BvPz18wvkCs6mLjE9QceAA==/com.google.android.gms-asv9xVa0mhrusDeL_LWLig==/oat/arm64/split_DynamiteModulesA_installtime.odex) is kOatUpToDate with filter 'speed' executable 'false'
03-11 21:59:41.077  1078  1155 V WindowManagerShell: Track 0 became idle
03-11 21:59:41.077  1078  1155 V WindowManagerShell: All active transition animations finished
03-11 21:59:41.065   847   853 I artd    : GetBestInfo: odex next to the dex file (/data/app/~~BvPz18wvkCs6mLjE9QceAA==/com.google.android.gms-asv9xVa0mhrusDeL_LWLig==/oat/arm64/split_DynamiteModulesC_installtime.odex) is kOatUpToDate with filter 'speed' executable 'false'
03-11 21:59:41.098  1323  1323 D RecentsView: onTaskRemoved: 27, not handling task stack changes
03-11 21:59:41.102  1323  1323 D RecentsView: onTaskRemoved: 27, not handling task stack changes
03-11 21:59:41.103   847   853 I artd    : GetBestInfo: odex next to the dex file (/data/app/~~BvPz18wvkCs6mLjE9QceAA==/com.google.android.gms-asv9xVa0mhrusDeL_LWLig==/oat/arm64/split_GoogleCertificates_installtime.odex) is kOatUpToDate with filter 'speed' executable 'false'
03-11 21:59:41.115  1078  1155 V ShellTaskOrganizer: Task vanished taskId=27
03-11 21:59:41.115  1078  1155 V ShellTaskOrganizer: Fullscreen Task Vanished: #27
03-11 21:59:41.120   545   545 E BpTransactionCompletedListener: Failed to transact (-32)
03-11 21:59:41.129  1078  1155 D ShellDesktopMode: AppToWebRepository: Task 27 is vanishing. Removing task data from repository
03-11 21:59:41.133  1323  1323 D b/417220811: invalidateLoadedTasks - previous requestLoadId: -1
03-11 21:59:41.140   847   853 I artd    : GetBestInfo: odex next to the dex file (/data/app/~~BvPz18wvkCs6mLjE9QceAA==/com.google.android.gms-asv9xVa0mhrusDeL_LWLig==/oat/arm64/split_MapsDynamite_installtime.odex) is kOatUpToDate with filter 'speed' executable 'false'
03-11 21:59:41.143   847  7768 I artd    : GetBestInfo: odex next to the dex file (/data/app/~~BvPz18wvkCs6mLjE9QceAA==/com.google.android.gms-asv9xVa0mhrusDeL_LWLig==/oat/arm64/split_MeasurementDynamite_installtime.odex) is kOatUpToDate with filter 'speed' executable 'false'
03-11 21:59:41.155  1323  1323 D SsBaseTemplateCard: Passed-in item info is null
03-11 21:59:41.162  1323  1323 D SsBaseTemplateCard: Passed-in item info is null
03-11 21:59:41.162  1323  1323 D SsBaseTemplateCard: Passed-in item info is null
03-11 21:59:41.162  1323  1323 D SsBaseTemplateCard: Passed-in item info is null
03-11 21:59:41.162  1323  1323 I SsBaseTemplateCard: Secondary card pane is null
03-11 21:59:41.167   847  7768 I artd    : GetBestInfo: odex next to the dex file (/data/app/~~BvPz18wvkCs6mLjE9QceAA==/com.google.android.gms-asv9xVa0mhrusDeL_LWLig==/oat/arm64/split_all_locale_splits.odex) is kOatUpToDate with filter 'speed' executable 'false'
03-11 21:59:41.167   686  2319 W WindowManager: takeTaskSnapshot: taskId=27 not found or not visible
03-11 21:59:41.179   847  7768 I artd    : GetBestInfo: /data/user_de/0/com.google.android.gms/app_chimera/m/00000009/dl-VisionOcr.optional_260931100000.apk has no usable artifacts
03-11 21:59:41.210   847  7768 I artd    : GetBestInfo: /data/user_de/0/com.google.android.gms/app_chimera/m/0000000d/dl-MlkitOcrCommon.optional_260931100400.apk has no usable artifacts
03-11 21:59:41.211   686  1058 W ImageReader_JNI: Unable to acquire a buffer item, very likely client tried to acquire more than maxImages buffers
03-11 21:59:41.211   847  7768 I artd    : GetBestInfo: /data/user_de/0/com.google.android.gms/app_chimera/m/00000001/CronetDynamite.apk has no usable artifacts
03-11 21:59:41.234   847  7768 I artd    : GetBestInfo: vdex next to the dex file (/data/user/0/com.google.android.gms/app_dg_cache/DE47351470B874CD27E2358FA315B85F3554F2AB/oat/arm64/the.vdex) is kOatUpToDate with filter 'verify' executable 'false'
03-11 21:59:41.253   847  7768 I artd    : GetBestInfo: /data/user_de/0/com.google.android.gms/app_chimera/m/00000002/DynamiteLoader.apk has no usable artifacts
03-11 21:59:41.257   847  7768 I artd    : GetBestInfo: /data/user_de/0/com.google.android.gms/app_chimera/m/00000005/GoogleCertificates.apk has no usable artifacts
03-11 21:59:41.274   847  7768 I artd    : GetBestInfo: /data/user_de/0/com.google.android.gms/app_chimera/m/0000000a/dl-MlkitBarcodeUi.optional_260931100400.apk has no usable artifacts
03-11 21:59:41.284   847  7768 I artd    : GetBestInfo: /data/user_de/0/com.google.android.gms/app_chimera/m/0000000f/dl-Appsearch.optional_260931100400.apk has no usable artifacts
03-11 21:59:41.298   847  7768 I artd    : GetBestInfo: /data/user_de/0/com.google.android.gms/app_chimera/m/0000000b/dl-TfliteDynamiteDynamite.integ_252130102100400.apk has no usable artifacts
03-11 21:59:41.303   847  7768 I artd    : GetBestInfo: /data/user_de/0/com.google.android.gms/app_chimera/m/00000007/MeasurementDynamite.apk has no usable artifacts
03-11 21:59:41.334   686  2323 W libbinder.Binder: Binder transaction to android.content.pm.IPackageManager code 1598311760 took 1332ms. Data bytes: 80 Reply bytes: 4 Flags: 16
03-11 21:59:41.497 27459 27459 D nativeloader: InitDefaultPublicLibraries for_preload=1: libandroid.so:libaaudio.so:libamidi.so:libbinder_ndk.so:libc.so:libcamera2ndk.so:libdl.so:libEGL.so:libGLESv1_CM.so:libGLESv2.so:libGLESv3.so:libicu.so:libicui18n.so:libicuuc.so:libjnigraphics.so:liblog.so:libmediandk.so:libm.so:libnativehelper.so:libnativewindow.so:libOpenMAXAL.so:libOpenSLES.so:libRS.so:libstdc++.so:libsync.so:libvulkan.so:libwebviewchromium_plat_support.so:libz.so
03-11 21:59:41.514 27459 27459 D nativeloader: Load libicu_jni.so using APEX ns com_android_art for caller /apex/com.android.art/javalib/core-oj.jar: ok
03-11 21:59:41.514 27459 27459 D app_process: u_setTimeZoneFilesDirectory("/apex/com.android.tzdata/etc/tz/versioned/9/icu") succeeded. 
03-11 21:59:41.514 27459 27459 D app_process: I18n APEX ICU file found: /apex/com.android.i18n/etc/icu/icudt76l.dat
03-11 21:59:41.516 27459 27459 D nativeloader: Load libjavacore.so using APEX ns com_android_art for caller /apex/com.android.art/javalib/core-oj.jar: ok
03-11 21:59:41.516 27459 27459 D nativeloader: Load libopenjdk.so using APEX ns com_android_art for caller /apex/com.android.art/javalib/core-oj.jar: ok
03-11 21:59:41.520 27459 27459 I app_process: Priority-to-niceness mapping: 19, 16, 13, 10, 0, -2, -4, -5, -6, -8
03-11 21:59:41.574 27459 27459 D nativeloader: Load libframework-connectivity-tiramisu-jni.so using APEX ns com_android_tethering for caller /apex/com.android.tethering/javalib/framework-connectivity-t.jar: ok
03-11 21:59:41.575 27459 27459 D AndroidRuntime: Calling main entry com.android.commands.monkey.Monkey
03-11 21:59:41.576 27459 27459 D nativeloader: Load /system/lib64/libmonkey_jni.so using ns default for caller /system/framework/monkey.jar in same partition (is_bridged=0): ok
03-11 21:59:41.577 27459 27459 W Monkey  : args: [-p, com.mahfilfund.app, -c, android.intent.category.LAUNCHER, 1]
03-11 21:59:41.580 27459 27459 I AconfigPackage: android.media.swcodec.flags is mapped to com.android.media.swcodec
03-11 21:59:41.580 27459 27459 I AconfigPackage: com.android.permission.flags is mapped to com.android.permission
03-11 21:59:41.580 27459 27459 I AconfigPackage: com.android.permissioncontroller.flags is mapped to com.android.permission
03-11 21:59:41.580 27459 27459 I AconfigPackage: com.android.icu is mapped to com.android.i18n
03-11 21:59:41.580 27459 27459 I AconfigPackage: com.android.appsearch.flags is mapped to com.android.appsearch
03-11 21:59:41.581 27459 27459 I AconfigPackage: android.uprobestats.mainline.flags is mapped to com.android.uprobestats
03-11 21:59:41.581 27459 27459 I AconfigPackage: com.android.crashrecovery.flags is mapped to com.android.crashrecovery
03-11 21:59:41.581 27459 27459 I AconfigPackage: android.provider.flags is mapped to com.android.configinfrastructure
03-11 21:59:41.581 27459 27459 I AconfigPackage: com.android.server.deviceconfig is mapped to com.android.configinfrastructure
03-11 21:59:41.581 27459 27459 I AconfigPackage: com.android.art.flags is mapped to com.android.art
03-11 21:59:41.581 27459 27459 I AconfigPackage: com.android.art.rw.flags is mapped to com.android.art
03-11 21:59:41.581 27459 27459 I AconfigPackage: com.android.libcore is mapped to com.android.art
03-11 21:59:41.581 27459 27459 I AconfigPackage: com.android.telephony.flags is mapped to com.android.telephonycore
03-11 21:59:41.581 27459 27459 I AconfigPackage: com.android.media.extractor.flags is mapped to com.android.media
03-11 21:59:41.581 27459 27459 I AconfigPackage: com.android.media.mainline.flags is mapped to com.android.media
03-11 21:59:41.581 27459 27459 I AconfigPackage: com.android.wifi.flags is mapped to com.android.wifi
03-11 21:59:41.582 27459 27459 I AconfigPackage: com.android.org.conscrypt.flags is mapped to com.android.conscrypt
03-11 21:59:41.582 27459 27459 I AconfigPackage: com.android.org.conscrypt.net.flags is mapped to com.android.conscrypt
03-11 21:59:41.582 27459 27459 I AconfigPackage: com.android.healthfitness.flags is mapped to com.android.healthfitness
03-11 21:59:41.582 27459 27459 I AconfigPackage: com.android.ipsec.flags is mapped to com.android.ipsec
03-11 21:59:41.582 27459 27459 I AconfigPackage: com.android.nfc.module.flags is mapped to com.android.nfcservices
03-11 21:59:41.582 27459 27459 I AconfigPackage: com.android.adservices.ondevicepersonalization.flags is mapped to com.android.ondevicepersonalization
03-11 21:59:41.582 27459 27459 I AconfigPackage: com.android.adbd.flags is mapped to com.android.adbd
03-11 21:59:41.582 27459 27459 I AconfigPackage: com.android.bluetooth.flags is mapped to com.android.bt
03-11 21:59:41.583 27459 27459 I AconfigPackage: com.android.devicelock.flags is mapped to com.android.devicelock
03-11 21:59:41.583 27459 27459 I AconfigPackage: android.os.profiling is mapped to com.android.profiling
03-11 21:59:41.583 27459 27459 I AconfigPackage: android.os.profiling.anomaly.flags is mapped to com.android.profiling
03-11 21:59:41.583 27459 27459 I AconfigPackage: com.android.os.statsd.flags is mapped to com.android.os.statsd
03-11 21:59:41.583 27459 27459 I AconfigPackage: com.android.rkpd.flags is mapped to com.android.rkpd
03-11 21:59:41.583 27459 27459 I AconfigPackage: com.android.cellbroadcastreceiver.flags is mapped to com.android.cellbroadcast
03-11 21:59:41.583 27459 27459 I AconfigPackage: com.android.adservices.flags is mapped to com.android.adservices
03-11 21:59:41.583 27459 27459 I AconfigPackage: com.android.sdksandbox.flags is mapped to com.android.adservices
03-11 21:59:41.583 27459 27459 I AconfigPackage: com.android.uwb.flags is mapped to com.android.uwb
03-11 21:59:41.583 27459 27459 I AconfigPackage: com.android.ranging.flags is mapped to com.android.uwb
03-11 21:59:41.583 27459 27459 I AconfigPackage: android.graphics.pdf.flags is mapped to com.android.mediaprovider
03-11 21:59:41.583 27459 27459 I AconfigPackage: com.android.providers.media.flags is mapped to com.android.mediaprovider
03-11 21:59:41.583 27459 27459 I AconfigPackage: android.graphics.pdf.flags.readonly is mapped to com.android.mediaprovider
03-11 21:59:41.584 27459 27459 I AconfigPackage: com.android.tethering.mainline.beta is mapped to com.android.tethering
03-11 21:59:41.584 27459 27459 I AconfigPackage: android.net.http is mapped to com.android.tethering
03-11 21:59:41.584 27459 27459 I AconfigPackage: com.android.tethering.readonly.flags is mapped to com.android.tethering
03-11 21:59:41.584 27459 27459 I AconfigPackage: android.net.vcn is mapped to com.android.tethering
03-11 21:59:41.584 27459 27459 I AconfigPackage: com.android.net.flags is mapped to com.android.tethering
03-11 21:59:41.584 27459 27459 I AconfigPackage: com.android.tethering.beta.test is mapped to com.android.tethering
03-11 21:59:41.584 27459 27459 I AconfigPackage: com.android.nearby.flags is mapped to com.android.tethering
03-11 21:59:41.584 27459 27459 I AconfigPackage: com.android.net.ct.flags is mapped to com.android.tethering
03-11 21:59:41.584 27459 27459 I AconfigPackage: com.android.net.thread.flags is mapped to com.android.tethering
03-11 21:59:41.584 27459 27459 I AconfigPackage: com.android.system.virtualmachine.flags is mapped to com.android.virt
03-11 21:59:41.585 27459 27459 E FeatureFlagsImplExport: android.os.flagging.AconfigStorageReadException: ERROR_PACKAGE_NOT_FOUND: package android.xr cannot be found on the device
03-11 21:59:41.601   686   823 D EventHub: No input device configuration file found for device 'Monkey touch'.
03-11 21:59:41.601   686   823 I EventHub: usingClockIoctl=true
03-11 21:59:41.602 27459 27459 W Monkey  :  arg: "-p"
03-11 21:59:41.603   686   823 I EventHub: New device: id=16, fd=657, path='/dev/input/event13', name='Monkey touch', classes=TOUCH | TOUCH_MT, configuration='', keyLayout='', keyCharacterMap='', builtinKeyboard=false, 
03-11 21:59:41.606 27459 27459 W Monkey  :  arg: "com.mahfilfund.app"
03-11 21:59:41.608   686   823 I InputReader: Device reconfigured: id=16, name='Monkey touch', size 1080x2400, orientation Rotation0, mode DIRECT, display id 0
03-11 21:59:41.609   686   823 I InputReader: Device added: id=16, eventHubId=16, name='Monkey touch', descriptor='e1fe28b90f915c7d1febbd52c1ef84b3c4cbed9f',sources=TOUCHSCREEN
03-11 21:59:41.642   686   715 D WindowManager: Direct invocation of sendNewConfiguration: Display{#0 state=ON size=1080x2400 ROTATION_0}
03-11 21:59:41.648  6892  6892 I PkDeviceHelper: PkDeviceHelper.refreshDevices():93 refreshing devices
03-11 21:59:41.648 27459 27459 W Monkey  :  arg: "-c"
03-11 21:59:41.648 27459 27459 W Monkey  :  arg: "android.intent.category.LAUNCHER"
03-11 21:59:41.648 27459 27459 W Monkey  :  arg: "1"
03-11 21:59:41.648 27459 27459 W Monkey  : data="com.mahfilfund.app"
03-11 21:59:41.648 27459 27459 W Monkey  : data="android.intent.category.LAUNCHER"
03-11 21:59:41.654  6892  6892 I PkDeviceHelper: PkDeviceHelper.addDevice():133 device qwerty2 added
03-11 21:59:41.658   686   715 W libbinder.IPCThreadState: Sending oneway calls to frozen process.
03-11 21:59:41.665   686   715 W libbinder.IPCThreadState: Sending oneway calls to frozen process.
03-11 21:59:41.679   686  2323 W ActivityManager: registerReceiverWithFeature: no app for null
03-11 21:59:41.690   686  2323 W ActivityTaskManager: callingPackage for (uid=2000, pid=27459) has no WPC
03-11 21:59:41.690   686  2323 V WindowManager: DesktopModeLaunchParamsModifier: phase= 0 task=null activity=null display-area-from-current-params=null display-area-from-default-fallback=DefaultTaskDisplayArea@67953473 display-id=0 task-display-area-windowing-mode=1 suggested-display-area=DefaultTaskDisplayArea@67953473 task null, skipping
03-11 21:59:41.690   686  2323 V WindowManager: TaskLaunchParamsModifier:phase=0 task=null activity=null display-area-from-current-params=null display-area-from-default-fallback=DefaultTaskDisplayArea@67953473 display-id=0 task-display-area-windowing-mode=1 suggested-display-area=DefaultTaskDisplayArea@67953473
03-11 21:59:41.691   686  2323 V GrammaticalInflectionUtils: AttributionSource: android.content.AttributionSource@47e1b70 does not have READ_SYSTEM_GRAMMATICAL_GENDER permission.
03-11 21:59:41.692   686  2323 V WindowManager: DesktopModeLaunchParamsModifier: phase= 0 task=null activity=ActivityRecord{43412779 u0 com.mahfilfund.app/.MainActivity display-area-from-current-params=null display-area-from-default-fallback=DefaultTaskDisplayArea@67953473 display-id=0 task-display-area-windowing-mode=1 suggested-display-area=DefaultTaskDisplayArea@67953473 task null, skipping
03-11 21:59:41.692   686  2323 V WindowManager: TaskLaunchParamsModifier:phase=0 task=null activity=ActivityRecord{43412779 u0 com.mahfilfund.app/.MainActivity t-1} display-area-from-current-params=null display-area-from-default-fallback=DefaultTaskDisplayArea@67953473 display-id=0 task-display-area-windowing-mode=1 suggested-display-area=DefaultTaskDisplayArea@67953473
03-11 21:59:41.692   686  2323 V WindowManager: DesktopModeLaunchParamsModifier: phase= 3 task=null activity=ActivityRecord{43412779 u0 com.mahfilfund.app/.MainActivity t-1} display-area-from-current-params=null display-area-from-default-fallback=DefaultTaskDisplayArea@67953473 display-id=0 task-display-area-windowing-mode=1 suggested-display-area=DefaultTaskDisplayArea@67953473 task null, skipping
03-11 21:59:41.692   686  2323 V WindowManager: TaskLaunchParamsModifier:phase=3 task=null activity=ActivityRecord{43412779 u0 com.mahfilfund.app/.MainActivity t-1} display-area-from-current-params=null display-area-from-default-fallback=DefaultTaskDisplayArea@67953473 display-id=0 task-display-area-windowing-mode=1 suggested-display-area=DefaultTaskDisplayArea@67953473 non-freeform-task-display-area display-area=DefaultTaskDisplayArea@67953473 skip-bounds-fullscreen
03-11 21:59:41.694   686  2323 V WindowManager: DesktopModeLaunchParamsModifier: phase= 3 task=Task{991c588 #28 type=standard A=10220:com.mahfilfund.app} activity=ActivityRecord{43412779 u0 com.mahfilfund.app/.MainActivity t-1} display-from-task=0 display-id=0 task-display-area-windowing-mode=1 suggested-display-area=DefaultTaskDisplayArea@67953473 not entering desktop mode, skipping
03-11 21:59:41.694   686  2323 V WindowManager: TaskLaunchParamsModifier:phase=3 task=Task{991c588 #28 type=standard A=10220:com.mahfilfund.app} activity=ActivityRecord{43412779 u0 com.mahfilfund.app/.MainActivity t-1} display-from-task=0 display-id=0 task-display-area-windowing-mode=1 suggested-display-area=DefaultTaskDisplayArea@67953473 inherit-from-task=fullscreen non-freeform-task-display-area display-area=DefaultTaskDisplayArea@67953473 skip-bounds-fullscreen
03-11 21:59:41.695   545  1067 I libbinder.BpBinder: onLastStrongRef automatically unlinking death recipients for descriptor: '(not cached)'
03-11 21:59:41.701   686  2049 D CompatChangeReporter: Compat change id reported: 377864165; UID 10220; state: ENABLED
03-11 21:59:41.724   567   567 W libbinder.IPCThreadState: Sending oneway calls to frozen process.
03-11 21:59:41.725  1078  1155 V WindowManagerShell: Transition requested (#99): android.os.BinderProxy@6171978 TransitionRequestInfo { type = OPEN, triggerTask = TaskInfo{userId=0 taskId=28 effectiveUid=10220 displayId=0 isRunning=true baseIntent=Intent { act=android.intent.action.MAIN cat=[android.intent.category.LAUNCHER] flg=0x10200000 cmp=com.mahfilfund.app/.MainActivity } baseActivity=ComponentInfo{com.mahfilfund.app/com.mahfilfund.app.MainActivity} topActivity=ComponentInfo{com.mahfilfund.app/com.mahfilfund.app.MainActivity} origActivity=null realActivity=ComponentInfo{com.mahfilfund.app/com.mahfilfund.app.MainActivity} numActivities=1 lastActiveTime=24186544 supportsMultiWindow=true resizeMode=1 isResizeable=true minWidth=-1 minHeight=-1 defaultMinSize=220 token=WCT{android.os.BinderProxy@c689851} topActivityType=1 pictureInPictureParams=null shouldDockBigOverlays=false launchIntoPipHostTaskId=-1 lastParentTaskIdBeforePip=-1 displayCutoutSafeInsets=Rect(0, 0 - 0, 0) topActivityInfo=ActivityInfo{697b8b6 com.mahfilfund.app.MainActivity} launchCookies=[] positionInParent=Point(0, 0) parentTaskId=-1 isFocused=false isVisible=false isVisibleRequested=false isTopActivityNoDisplay=false isSleeping=false locusId=null displayAreaFeatureId=1 isTopActivityTransparent=false isActivityStackTransparent=false lastNonFullscreenBounds=null capturedLink=null capturedLinkTimestamp=0 requestedVisibleTypes=503 topActivityRequestOpenInBrowserEducationTimestamp=0 appCompatTaskInfo=AppCompatTaskInfo { topActivityInSizeCompat=false isLeafTask= true eligibleForLetterboxEducation= false isLetterboxEducationEnabled= true isLetterboxDoubleTapEnabled= false eligibleForUserAspectRatioButton= false topActivityBoundsLetterboxed= false isFromLetterboxDoubleTap= false topActivityLetterboxVerticalPosition= -1 topActivityLetterboxHorizontalPosition= -1 topActivityLetterboxWidth=-1 topActivityLetterboxHeight=-1 topActivityAppBounds=Rect(0, 0 - 1080, 2400) isUserFullscreenOverrideEnabled=false isSystemFullscreenOverrideEnabled=false hasMinAspectRatioOverride=false topActivityLetterboxBounds=null cameraCompatTaskInfo=CameraCompatTaskInfo { cameraCompatMode=inactive0} topNonResizableActivityAspectRatio=-1.0} topActivityMainWindowFrame=null isAppBubble=false}, pipChange = null, remoteTransition = null, displayChange = null, requestedLocation = null, userChange = null, windowingLayerChange = null, flags = 0, debugId = 99 }
03-11 21:59:41.726  1078  1155 D ShellSplitScreen: logExit: no-op, mLoggerSessionId is null
03-11 21:59:41.727   686  2323 I ActivityTaskManager: START u0 {act=android.intent.action.MAIN cat=[android.intent.category.LAUNCHER] flg=0x10200000 cmp=com.mahfilfund.app/.MainActivity} with LAUNCH_SINGLE_TASK from uid 2000 (com.android.shell) (BAL_ALLOW_PERMISSION) result code=0
03-11 21:59:41.733 27459 27459 I Monkey  : Events injected: 1
03-11 21:59:41.734   686   715 V GrammaticalInflectionUtils: AttributionSource: android.content.AttributionSource@47e1b70 does not have READ_SYSTEM_GRAMMATICAL_GENDER permission.
03-11 21:59:41.740  1323  1323 D BaseActivity: Launcher flags updated: [state_started|state_resumed|state_deferred_resumed|state_window_focused] -[state_user_active]
03-11 21:59:41.741  1323  1323 D BaseActivity: Launcher flags updated: [state_started|state_window_focused] -[state_resumed|state_deferred_resumed]
03-11 21:59:41.741  1323  1323 W SplitSelectStateCtor: Missing session instanceIds
03-11 21:59:41.741  1323  1323 D StatsLog: LAUNCHER_SPLIT_SELECTION_EXIT_INTERRUPTED
03-11 21:59:41.758  1078  1155 D WindowManagerShell: setLauncherKeepClearAreaHeight: visible=false, height=495
03-11 21:59:41.762   686  1316 I AppsFilter: interaction: PackageSetting{166a991 com.primenow.app/10216} -> PackageSetting{eb956a3 com.mahfilfund.app/10220} BLOCKED
03-11 21:59:41.767   686  1316 V WindowManager: Defer transition id=99 for TaskFragmentTransaction=android.os.Binder@261bda0
