--------- beginning of system
03-11 21:58:03.684   686  2319 I ActivityManager: Force stopping com.mahfilfund.app appid=10220 user=0: from pid 27313
--------- beginning of main
03-11 21:58:03.688   545   628 W libbinder.IPCThreadState: Sending oneway calls to frozen process.
03-11 21:58:03.692   686   991 D InetDiagMessage: Destroyed 0 sockets, proto=IPPROTO_TCP, family=AF_INET, states=14
03-11 21:58:03.695   686   991 D InetDiagMessage: Destroyed 5 sockets, proto=IPPROTO_TCP, family=AF_INET6, states=14
03-11 21:58:03.695   686   991 D InetDiagMessage: Destroyed live tcp sockets for uids={10220} in 2ms
03-11 21:58:03.695   686   991 D InetDiagMessage: Destroyed 0 sockets, proto=IPPROTO_TCP, family=AF_INET, states=14
03-11 21:58:03.696   686   991 D InetDiagMessage: Destroyed 0 sockets, proto=IPPROTO_TCP, family=AF_INET6, states=14
03-11 21:58:03.696   686   991 D InetDiagMessage: Destroyed live tcp sockets for uids={20220} in 1ms
03-11 21:58:03.696   686  2319 I ActivityManager: Killing 27148:com.mahfilfund.app/u0a220 (adj 0): stop com.mahfilfund.app due to from pid 27313
03-11 21:58:03.703   686  2319 W ActivityTaskManager: Force removing ActivityRecord{11186275 u0 com.mahfilfund.app/.MainActivity t26 f}}: app died, no saved state
03-11 21:58:03.705   545   628 W libbinder.IPCThreadState: Sending oneway calls to frozen process.
03-11 21:58:03.712  1078  1155 V WindowManagerShell: Transition requested (#96): android.os.BinderProxy@4f6dfa7 TransitionRequestInfo { type = CLOSE, triggerTask = TaskInfo{userId=0 taskId=26 effectiveUid=10220 displayId=0 isRunning=false baseIntent=Intent { act=android.intent.action.MAIN cat=[android.intent.category.LAUNCHER] flg=0x10000000 cmp=com.mahfilfund.app/.MainActivity } baseActivity=null topActivity=null origActivity=null realActivity=ComponentInfo{com.mahfilfund.app/com.mahfilfund.app.MainActivity} numActivities=0 lastActiveTime=23998201 supportsMultiWindow=true resizeMode=1 isResizeable=true minWidth=-1 minHeight=-1 defaultMinSize=220 token=WCT{android.os.BinderProxy@993b442} topActivityType=1 pictureInPictureParams=null shouldDockBigOverlays=false launchIntoPipHostTaskId=-1 lastParentTaskIdBeforePip=-1 displayCutoutSafeInsets=Rect(0, 0 - 0, 0) topActivityInfo=null launchCookies=[] positionInParent=Point(0, 0) parentTaskId=-1 isFocused=true isVisible=true isVisibleRequested=true isTopActivityNoDisplay=false isSleeping=false locusId=null displayAreaFeatureId=1 isTopActivityTransparent=false isActivityStackTransparent=true lastNonFullscreenBounds=null capturedLink=null capturedLinkTimestamp=0 requestedVisibleTypes=503 topActivityRequestOpenInBrowserEducationTimestamp=0 appCompatTaskInfo=AppCompatTaskInfo { topActivityInSizeCompat=false isLeafTask= true eligibleForLetterboxEducation= false isLetterboxEducationEnabled= false isLetterboxDoubleTapEnabled= false eligibleForUserAspectRatioButton= false topActivityBoundsLetterboxed= false isFromLetterboxDoubleTap= false topActivityLetterboxVerticalPosition= -1 topActivityLetterboxHorizontalPosition= -1 topActivityLetterboxWidth=-1 topActivityLetterboxHeight=-1 topActivityAppBounds=Rect(0, 0 - 0, 0) isUserFullscreenOverrideEnabled=false isSystemFullscreenOverrideEnabled=false hasMinAspectRatioOverride=false topActivityLetterboxBounds=null cameraCompatTaskInfo=CameraCompatTaskInfo { cameraCompatMode=undefinedundefined} topNonResizableActivityAspectRatio=-1.0} topActivityMainWindowFrame=null isAppBubble=false}, pipChange = null, remoteTransition = null, displayChange = null, requestedLocation = null, userChange = null, windowingLayerChange = null, flags = 0, debugId = 96 }
03-11 21:58:03.731   686  1040 D BackgroundInstallControlService: Package event received: 0
03-11 21:58:03.733   545   668 I libbinder.BpBinder: onLastStrongRef automatically unlinking death recipients for descriptor: '(not cached)'
03-11 21:58:03.814   686  2319 V WindowManager: Defer transition id=96 for TaskFragmentTransaction=android.os.Binder@16ce75
03-11 21:58:03.815  1323  1323 D ViewRootImpl: Skipping stats log for color mode
03-11 21:58:03.827  1323  1323 D BaseActivity: Launcher flags updated: [state_started] +[state_started]
03-11 21:58:03.831  1323  1323 D BaseActivity: Launcher flags updated: [state_started|state_resumed|state_user_active] +[state_resumed|state_user_active]
03-11 21:58:03.832   686  2319 V WindowManager: deferTransitionReady deferReadyDepth=1 stack=com.android.server.wm.TransitionController.deferTransitionReady:1061 com.android.server.wm.TaskFragmentOrganizerController$TaskFragmentOrganizerState.dispatchTransaction:517 com.android.server.wm.TaskFragmentOrganizerController.dispatchPendingEvents:1259 com.android.server.wm.TaskFragmentOrganizerController.dispatchPendingEvents:1228 com.android.server.wm.RootWindowContainer.performSurfacePlacement:777 
03-11 21:58:03.841  1323  1323 D NexusLauncherModelDelegate: notifySmartspaceEvent: SmartspaceTargetEvent{mSmartspaceTarget=null, mSmartspaceActionId='null', mEventType=6}
03-11 21:58:03.842   686  1040 D BackgroundInstallControlService: Package event received: 0
03-11 21:58:03.842   686  1040 D BackgroundInstallControlService: Package event received: 0
03-11 21:58:03.844  1078  1155 D WindowManagerShell: setLauncherKeepClearAreaHeight: visible=true, height=495
03-11 21:58:03.859   686  1040 D BackgroundInstallControlService: Package event received: 0
03-11 21:58:03.884  1078  1315 D WallpaperService: onVisibilityChanged(true): com.android.systemui.wallpapers.ImageWallpaper$CanvasEngine@fc995a3
03-11 21:58:03.889   686  1040 D BackgroundInstallControlService: Package event received: 0
03-11 21:58:03.920   686  1186 V WindowManager: Continue transition id=96 for TaskFragmentTransaction=android.os.Binder@16ce75
03-11 21:58:03.920   686  1186 V WindowManager: continueTransitionReady deferReadyDepth=0 stack=com.android.server.wm.TransitionController.continueTransitionReady:1071 com.android.server.wm.TaskFragmentOrganizerController$TaskFragmentOrganizerState.onTransactionFinished:546 com.android.server.wm.TaskFragmentOrganizerController.onTransactionHandled:740 android.window.ITaskFragmentOrganizerController$Stub.onTransact:225 android.os.Binder.execTransactInternal:1473 
03-11 21:58:03.932   472   472 I Zygote  : Process 27148 exited due to signal 9 (Killed)
03-11 21:58:03.933   686  2693 I ImeTracker: com.mahfilfund.app:2502cc2c: onRequestHide at ORIGIN_SERVER reason HIDE_REMOVE_CLIENT fromUser false
03-11 21:58:03.933   686  2693 I ImeTracker: com.mahfilfund.app:2502cc2c: onCancelled at PHASE_SERVER_SHOULD_HIDE
03-11 21:58:03.936   686   991 D ConnectivityService: releasing NetworkRequest [ REQUEST id=526, [ Capabilities: INTERNET&NOT_RESTRICTED&TRUSTED&NOT_VCN_MANAGED&NOT_BANDWIDTH_CONSTRAINED Uid: 10220 RequestorUid: 10220 RequestorPkg: com.mahfilfund.app UnderlyingNetworks: Null] ] (release request)
03-11 21:58:03.944  1428  1428 I adbd    : Remote process closed the socket (on MSG_PEEK)
03-11 21:58:03.945   686  1040 D BackgroundInstallControlService: Package event received: 0
03-11 21:58:03.947   686  1040 D BackgroundInstallControlService: Package event received: 0
03-11 21:58:03.947   686  1040 D BackgroundInstallControlService: Package event received: 0
03-11 21:58:03.947   686  1040 D BackgroundInstallControlService: Package event received: 0
03-11 21:58:03.947   686  1040 D BackgroundInstallControlService: Package event received: 0
03-11 21:58:03.947   686  1040 D BackgroundInstallControlService: Package event received: 0
03-11 21:58:03.947   686  1040 D BackgroundInstallControlService: Package event received: 0
03-11 21:58:03.947   686  1040 D BackgroundInstallControlService: Package event received: 0
03-11 21:58:03.947   686  1040 D BackgroundInstallControlService: Package event received: 0
03-11 21:58:03.947   686  1040 D BackgroundInstallControlService: Package event received: 0
03-11 21:58:03.947   686  1040 D BackgroundInstallControlService: Package event received: 0
03-11 21:58:03.947   686  1040 D BackgroundInstallControlService: Package event received: 0
03-11 21:58:03.947   686  1040 D BackgroundInstallControlService: Package event received: 0
03-11 21:58:03.947   686  1040 D BackgroundInstallControlService: Package event received: 0
03-11 21:58:03.947   686  1040 D BackgroundInstallControlService: Package event received: 0
03-11 21:58:03.947   686  1040 D BackgroundInstallControlService: Package event received: 0
03-11 21:58:03.947   686  1040 D BackgroundInstallControlService: Package event received: 0
03-11 21:58:03.947   686  1040 D BackgroundInstallControlService: Package event received: 0
03-11 21:58:03.947   686  1040 D BackgroundInstallControlService: Package event received: 0
03-11 21:58:03.948  1323  1323 D BaseDepthController: setSurface:
03-11 21:58:03.948  1323  1323 D BaseDepthController: 	mWaitingOnSurfaceValidity: false
03-11 21:58:03.948  1323  1323 D BaseDepthController: 	mBaseSurface: Surface(name=com.google.android.apps.nexuslauncher/com.google.android.apps.nexuslauncher.NexusLauncherActivity#1247)/@0xcdbac82
03-11 21:58:03.948  1323  1323 V BaseDepthController: Applying blur: 79 to Surface(name=com.google.android.apps.nexuslauncher/com.google.android.apps.nexuslauncher.NexusLauncherActivity#1247)/@0xcdbac82 applyImmediately: false
03-11 21:58:03.949   686  2319 I AppsFilter: interaction: PackageSetting{166a991 com.primenow.app/10216} -> PackageSetting{403af57 com.mahfilfund.app/10220} BLOCKED
03-11 21:58:03.949   686   724 I libprocessgroup: Removed cgroup /sys/fs/cgroup/apps/uid_10220/pid_27148
03-11 21:58:03.950  1323  1323 D BaseDepthController: shouldBlurWorkspace: true targetState: AllApps currentStableState: AllApps mCurrentBlur: 79 mLauncher.getDepthBlurTargets(): [com.android.launcher3.Workspace{6a43f93 V.ED..... .......D 0,0-1080,2400 #7f0a049d app:id/workspace}, com.android.launcher3.Hotseat{e000bd0 V.ED..... .......D 0,1905-1080,2400 #7f0a01ee app:id/hotseat}]
03-11 21:58:03.966   686   704 I WindowManager: WIN DEATH: Window{6faf559 u0 com.mahfilfund.app/com.mahfilfund.app.MainActivity}
03-11 21:58:03.969   686   784 V ActivityManager: Got obituary of 27148:com.mahfilfund.app
03-11 21:58:03.983   686   704 I WindowManager: WIN DEATH: Window{dc83dde u0 com.mahfilfund.app/com.mahfilfund.app.MainActivity}
03-11 21:58:04.007  1255  1255 D CarrierSvcBindHelper: onHandleForceStop: [com.mahfilfund.app]
03-11 21:58:04.008   686   715 V WindowManager: Unknown focus tokens, dropping reportFocusChanged
03-11 21:58:04.017  1323  1323 D BaseActivity: Launcher flags updated: [state_started|state_resumed|state_deferred_resumed|state_user_active] +[state_deferred_resumed]
03-11 21:58:04.018  1323  1323 D StatsLog: LAUNCHER_ONRESUME
03-11 21:58:04.032  1323  1323 D b/417220811: invalidateLoadedTasks - previous requestLoadId: -1
03-11 21:58:04.064  1323  1385 D QuickstepModelDelegate: notifyAppTargetEvent action=1 launchLocation=
03-11 21:58:04.101  1078  1235 V WindowManagerShell: onTransitionReady(transaction=2946347577972)
03-11 21:58:04.111   686  1040 D BackgroundInstallControlService: Package event received: 0
03-11 21:58:04.113  1255  1255 D CarrierSvcBindHelper: No carrier app for: 0
03-11 21:58:04.136   686   715 W ActivityManager: setHasOverlayUi called on unknown pid: 27148
03-11 21:58:04.173  1255  1320 D SatelliteController: iisInCarrierRoamingNbIotNtn: satellite is disabled
03-11 21:58:04.177   686   712 V WindowManager: Sent Transition (#96) createdAt=03-11 21:58:03.703 via request=TransitionRequestInfo { type = CLOSE, triggerTask = TaskInfo{userId=0 taskId=26 effectiveUid=10220 displayId=0 isRunning=false baseIntent=Intent { act=android.intent.action.MAIN cat=[android.intent.category.LAUNCHER] flg=0x10000000 cmp=com.mahfilfund.app/.MainActivity } baseActivity=null topActivity=null origActivity=null realActivity=ComponentInfo{com.mahfilfund.app/com.mahfilfund.app.MainActivity} numActivities=0 lastActiveTime=23998201 supportsMultiWindow=true resizeMode=1 isResizeable=true minWidth=-1 minHeight=-1 defaultMinSize=220 token=WCT{RemoteToken{433af6d Task{9fd7460 #26 type=standard A=10220:com.mahfilfund.app}}} topActivityType=1 pictureInPictureParams=null shouldDockBigOverlays=false launchIntoPipHostTaskId=-1 lastParentTaskIdBeforePip=-1 displayCutoutSafeInsets=Rect(0, 0 - 0, 0) topActivityInfo=null launchCookies=[] positionInParent=Point(0, 0) parentTaskId=-1 isFocused=true isVisible=true isVisibleRequested=true isTopActivityNoDisplay=false isSleeping=false locusId=null displayAreaFeatureId=1 isTopActivityTransparent=false isActivityStackTransparent=true lastNonFullscreenBounds=null capturedLink=null capturedLinkTimestamp=0 requestedVisibleTypes=503 topActivityRequestOpenInBrowserEducationTimestamp=0 appCompatTaskInfo=AppCompatTaskInfo { topActivityInSizeCompat=false isLeafTask= true eligibleForLetterboxEducation= false isLetterboxEducationEnabled= false isLetterboxDoubleTapEnabled= false eligibleForUserAspectRatioButton= false topActivityBoundsLetterboxed= false isFromLetterboxDoubleTap= false topActivityLetterboxVerticalPosition= -1 topActivityLetterboxHorizontalPosition= -1 topActivityLetterboxWidth=-1 topActivityLetterboxHeight=-1 topActivityAppBounds=Rect(0, 0 - 0, 0) isUserFullscreenOverrideEnabled=false isSystemFullscreenOverrideEnabled=false hasMinAspectRatioOverride=false topActivityLetterboxBounds=null cameraCompatTaskInfo=CameraCompatTaskInfo { cameraCompatMode=undefinedundefined} topNonResizableActivityAspectRatio=-1.0} topActivityMainWindowFrame=null isAppBubble=false}, pipChange = null, remoteTransition = null, displayChange = null, requestedLocation = null, userChange = null, windowingLayerChange = null, flags = 0, debugId = 96 }
03-11 21:58:04.177   686   712 V WindowManager:     startWCT=WindowContainerTransaction { changes= {} hops= [] errorCallbackToken=null taskFragmentOrganizer=null }
03-11 21:58:04.183  1078  1155 D Bubbles : onLocusVisibilityChanged=Overview|DISABLED visible=true taskId=1
03-11 21:58:04.190  1078  1155 V WindowManagerShell: onTransitionReady (#96) android.os.BinderProxy@4f6dfa7: {id=96 t=CLOSE f=0x0 trk=0 r=[0@Point(0, 0)] c=[
03-11 21:58:04.190  1078  1155 V WindowManagerShell:         {m=TO_FRONT f=SHOW_WALLPAPER|MOVE_TO_TOP leash=Surface(name=Task=1#44)/@0x55647fd sb=Rect(0, 0 - 1080, 2400) eb=Rect(0, 0 - 1080, 2400) epz=Point(1080, 2400) d=0 taskParent=-1 winMode=1 userId=0},
03-11 21:58:04.190  1078  1155 V WindowManagerShell:         {m=CLOSE f=NONE leash=Surface(name=Task=26#1188)/@0xa59ecf2 sb=Rect(0, 0 - 1080, 2400) eb=Rect(0, 0 - 1080, 2400) epz=Point(1080, 2400) d=0 taskParent=-1 winMode=1 userId=0},
03-11 21:58:04.190  1078  1155 V WindowManagerShell:         {m=TO_FRONT f=IS_WALLPAPER leash=Surface(name=WallpaperWindowToken{9563342}#61)/@0x3a7cf43 sb=Rect(0, 0 - 1080, 2400) eb=Rect(0, 0 - 1080, 2400) epz=Point(1080, 2400) d=0}
03-11 21:58:04.190  1078  1155 V WindowManagerShell:     ]}
03-11 21:58:04.199   686   712 V WindowManager:     info={id=96 t=CLOSE f=0x0 trk=0 r=[0@Point(0, 0)] c=[
03-11 21:58:04.199   686   712 V WindowManager:         {WCT{RemoteToken{4dba70a Task{73e266c #1 type=home}}} m=TO_FRONT f=SHOW_WALLPAPER|MOVE_TO_TOP leash=Surface(name=Task=1#44)/@0xfd2e2cb sb=Rect(0, 0 - 1080, 2400) eb=Rect(0, 0 - 1080, 2400) epz=Point(1080, 2400) d=0 taskParent=-1 winMode=1 userId=0},
03-11 21:58:04.199   686   712 V WindowManager:         {WCT{RemoteToken{433af6d Task{9fd7460 #26 type=standard A=10220:com.mahfilfund.app}}} m=CLOSE f=NONE leash=Surface(name=Task=26#1188)/@0x76a94a sb=Rect(0, 0 - 1080, 2400) eb=Rect(0, 0 - 1080, 2400) epz=Point(1080, 2400) d=0 taskParent=-1 winMode=1 userId=0},
03-11 21:58:04.199   686   712 V WindowManager:         {m=TO_FRONT f=IS_WALLPAPER leash=Surface(name=WallpaperWindowToken{9563342}#61)/@0x597fe45 sb=Rect(0, 0 - 1080, 2400) eb=Rect(0, 0 - 1080, 2400) epz=Point(1080, 2400) d=0}
03-11 21:58:04.199   686   712 V WindowManager:     ]}
03-11 21:58:04.208  1078  1155 V WindowManagerShell: Playing animation for (#96) android.os.BinderProxy@4f6dfa7@0
03-11 21:58:04.214  1078  1155 V ShellRecents: RecentsTransitionHandler.startAnimation: no controller found
03-11 21:58:04.214  1078  1155 V WindowManagerShell: Transition doesn't have explicit remote, search filters for match for {id=96 t=CLOSE f=0x0 trk=0 r=[0@Point(0, 0)] c=[{m=TO_FRONT f=SHOW_WALLPAPER|MOVE_TO_TOP leash=Surface(name=Task=1#44)/@0x55647fd sb=Rect(0, 0 - 1080, 2400) eb=Rect(0, 0 - 1080, 2400) epz=Point(1080, 2400) d=0 taskParent=-1 winMode=1 userId=0},{m=CLOSE f=NONE leash=Surface(name=Task=26#1188)/@0xa59ecf2 sb=Rect(0, 0 - 1080, 2400) eb=Rect(0, 0 - 1080, 2400) epz=Point(1080, 2400) d=0 taskParent=-1 winMode=1 userId=0},{m=TO_FRONT f=IS_WALLPAPER leash=Surface(name=WallpaperWindowToken{9563342}#61)/@0x3a7cf43 sb=Rect(0, 0 - 1080, 2400) eb=Rect(0, 0 - 1080, 2400) epz=Point(1080, 2400) d=0}]}
03-11 21:58:04.219  1078  1155 V WindowManagerShell:  Checking filter Pair{{types=[] flags=0x0] notFlags=0x0 checks=[{atype=undefined independent=true modes=[CLOSE,TO_BACK] flags=IN_TASK_WITH_EMBEDDED_ACTIVITY mustBeTask=false order=ANY topActivity=null launchCookie=null taskFragmentToken=android.os.BinderProxy@f0eb7a7 windowingMode=undefined isCrossDisplayMove=false}]} RemoteTransition { remoteTransition = android.window.IRemoteTransition$Stub$Proxy@7634454, appThread = android.app.IApplicationThread$Stub$Proxy@10ddffd, debugName = overlayBackTransition }}
03-11 21:58:04.219  1078  1155 V WindowManagerShell:  Checking filter Pair{{types=[] flags=0x0] notFlags=0x0 checks=[{atype=dream independent=true modes=[OPEN,TO_FRONT] flags=NONE mustBeTask=false order=ANY topActivity=null launchCookie=null windowingMode=undefined isCrossDisplayMove=false},{atype=home independent=true modes=[CLOSE,TO_BACK] flags=NONE mustBeTask=false order=ANY topActivity=null launchCookie=null windowingMode=undefined isCrossDisplayMove=false}]} RemoteTransition { remoteTransition = android.window.IRemoteTransition$Stub$Proxy@7d5a4f2, appThread = android.app.IApplicationThread$Stub$Proxy@3652743, debugName = LauncherToDream }}
03-11 21:58:04.219  1078  1155 V WindowManagerShell:  Checking filter Pair{{types=[] flags=0x0] notFlags=0x100 checks=[{atype=home independent=true modes=[OPEN,TO_FRONT] flags=NONE mustBeTask=false order=TOP topActivity=ComponentInfo{com.google.android.apps.nexuslauncher/com.google.android.apps.nexuslauncher.NexusLauncherActivity} launchCookie=null windowingMode=undefined isCrossDisplayMove=false},{atype=standard independent=true modes=[CLOSE,TO_BACK] flags=NONE mustBeTask=false order=ANY topActivity=null launchCookie=null windowingMode=undefined isCrossDisplayMove=false},{NOT atype=undefined independent=true modes=[] flags=NONE mustBeTask=true order=ANY topActivity=null launchCookie=null customAnim=true windowingMode=undefined isCrossDisplayMove=false}]} RemoteTransition { remoteTransition = android.window.IRemoteTransition$Stub$Proxy@4da51c0, appThread = android.app.IApplicationThread$Stub$Proxy@5d7ef9, debugName = QuickstepLaunchHome }}
03-11 21:58:04.219  1078  1155 D RemoteTransitionHandler: Found filterPair{{types=[] flags=0x0] notFlags=0x100 checks=[{atype=home independent=true modes=[OPEN,TO_FRONT] flags=NONE mustBeTask=false order=TOP topActivity=ComponentInfo{com.google.android.apps.nexuslauncher/com.google.android.apps.nexuslauncher.NexusLauncherActivity} launchCookie=null windowingMode=undefined isCrossDisplayMove=false},{atype=standard independent=true modes=[CLOSE,TO_BACK] flags=NONE mustBeTask=false order=ANY topActivity=null launchCookie=null windowingMode=undefined isCrossDisplayMove=false},{NOT atype=undefined independent=true modes=[] flags=NONE mustBeTask=true order=ANY topActivity=null launchCookie=null customAnim=true windowingMode=undefined isCrossDisplayMove=false}]} RemoteTransition { remoteTransition = android.window.IRemoteTransition$Stub$Proxy@4da51c0, appThread = android.app.IApplicationThread$Stub$Proxy@5d7ef9, debugName = QuickstepLaunchHome }}
03-11 21:58:04.219  1078  1155 V WindowManagerShell:  Delegate animation for (#96) to RemoteTransition { remoteTransition = android.window.IRemoteTransition$Stub$Proxy@4da51c0, appThread = android.app.IApplicationThread$Stub$Proxy@5d7ef9, debugName = QuickstepLaunchHome }
03-11 21:58:04.228   686   716 I ImeTracker: system_server:248b73e7: onRequestHide at ORIGIN_SERVER reason IME_REQUESTED_CHANGED_LISTENER fromUser false
03-11 21:58:04.236  1255  1320 D SatelliteController: getCarrierRoamingNtnConnectType: Falling back to global carrier config connect type: 0
03-11 21:58:04.240   686   715 I ImeTracker: system_server:248b73e7: onCancelled at PHASE_SERVER_SHOULD_HIDE
03-11 21:58:04.247  1677  1880 I AiAiEcho: Predicting[0]:  [CONTEXT sampling_count=5 ]
03-11 21:58:04.250  1078  1155 V WindowManagerShell:  animated by com.android.wm.shell.transition.RemoteTransitionHandler@f2be52b
03-11 21:58:04.266  1677  1880 I AiAiEcho: EchoTargets: 
03-11 21:58:04.266  1677  1880 I AiAiEcho: Filtered by AiAi flag check: 
03-11 21:58:04.266  1677  1880 I AiAiEcho: [CONTEXT ratelimit_period="10 SECONDS" ]
03-11 21:58:04.270   545   545 E BpTransactionCompletedListener: Failed to transact (-32)
03-11 21:58:04.291  1677  1880 I AiAiEcho: #remoteViewsTwiddler: feature disabled.
03-11 21:58:04.309  1677  1880 I AiAiEcho: #postPredictionTargets: Sending updates to UISurface home with targets# 0 (types=[])
03-11 21:58:04.321   493   515 I RanchuHwc: logCompositionFallbackIfChanged: layer 230 CompositionType fallback from 2 to 1
03-11 21:58:04.321   493   515 I RanchuHwc: logCompositionFallbackIfChanged: layer 229 CompositionType fallback from 2 to 1
03-11 21:58:04.348  1323  1323 D LauncherStateManager: StateManager.cancelAnimation: animation ongoing: false, partial trace:
03-11 21:58:04.348  1323  1323 D LauncherStateManager: 	at com.android.launcher3.statemanager.StateManager.setCurrentAnimation(go/retraceme 7101499b44b219b757f6885b35ae099b24fc769225595efcaaacae5b0f94500b:18)
03-11 21:58:04.348  1323  1323 D LauncherStateManager: 	at com.android.launcher3.QuickstepTransitionManager.createWallpaperOpenAnimations(go/retraceme 7101499b44b219b757f6885b35ae099b24fc769225595efcaaacae5b0f94500b:646)
03-11 21:58:04.348  1323  1323 D LauncherStateManager: 	at com.android.launcher3.QuickstepTransitionManager$WallpaperOpenLauncherAnimationRunner.onAnimationStart(go/retraceme 7101499b44b219b757f6885b35ae099b24fc769225595efcaaacae5b0f94500b:96)
03-11 21:58:04.351  1323  1323 D b/311077782: LauncherAnimationRunner.setAnimation
03-11 21:58:04.467  1323  1323 D BaseActivity: Launcher flags updated: [state_started|state_resumed|state_deferred_resumed|state_window_focused|state_user_active] +[state_window_focused]
03-11 21:58:04.477   686   830 I ImeTracker: com.google.android.apps.nexuslauncher:a9578797: onRequestHide at ORIGIN_SERVER reason HIDE_UNSPECIFIED_WINDOW fromUser false
03-11 21:58:04.479  6892  6892 I GoogleInputMethodService: GoogleInputMethodService.onFinishInput():2057 
03-11 21:58:04.479   686   786 I ImeTracker: system_server:fe26e0d: onRequestHide at ORIGIN_SERVER reason IME_REQUESTED_CHANGED_LISTENER fromUser false
03-11 21:58:04.484   686   715 I ImeTracker: system_server:fe26e0d: onCancelled at PHASE_SERVER_SHOULD_HIDE
03-11 21:58:04.496  6892  6892 I Module  : DeviceLockedStatusModuleProvider$Module.updateDeviceLockedStatus():100 repeatCheckTimes = 0, locked = false
03-11 21:58:04.497  1323  1323 D SsBaseTemplateCard: Passed-in item info is null
03-11 21:58:04.497  6892  6892 I GoogleInputMethodService: GoogleInputMethodService.onStartInput():1318 onStartInput(EditorInfo{EditorInfo{packageName=com.google.android.apps.nexuslauncher, inputType=0, inputTypeString=NULL, enableLearning=false, autoCorrection=false, autoComplete=false, imeOptions=0, privateImeOptions=null, actionName=UNSPECIFIED, actionLabel=null, initialSelStart=-1, initialSelEnd=-1, initialCapsMode=0, label=null, fieldId=0, fieldName=null, extras=null, hintText=null, hintLocales=[]}}, false)
03-11 21:58:04.499  1323  1323 D SsBaseTemplateCard: Passed-in item info is null
03-11 21:58:04.499  1323  1323 D SsBaseTemplateCard: Passed-in item info is null
03-11 21:58:04.499  1323  1323 D SsBaseTemplateCard: Passed-in item info is null
03-11 21:58:04.499  1323  1323 I SsBaseTemplateCard: Secondary card pane is null
03-11 21:58:04.500  6892  6892 I Module  : DeviceLockedStatusModuleProvider$Module.updateDeviceLockedStatus():100 repeatCheckTimes = 1, locked = false
03-11 21:58:04.511   686   705 W PackageConfigPersister: App-specific configuration not found for packageName: com.google.android.apps.nexuslauncher and userId: 0
03-11 21:58:04.517  1323  1323 D InsetsController: hide(ime())
03-11 21:58:04.517  1323  1323 I ImeTracker: com.google.android.apps.nexuslauncher:a9578797: onCancelled at PHASE_CLIENT_ALREADY_HIDDEN
03-11 21:58:04.567   686   705 I ImeTracker: system_server:2a832179: onRequestHide at ORIGIN_SERVER reason IME_REQUESTED_CHANGED_LISTENER fromUser false
03-11 21:58:04.571   686   715 I ImeTracker: system_server:2a832179: onCancelled at PHASE_SERVER_SHOULD_HIDE
03-11 21:58:04.663 27317 27317 D AndroidRuntime: >>>>>> START com.android.internal.os.RuntimeInit uid 2000 <<<<<<
03-11 21:58:04.691 27317 27317 I AndroidRuntime: Using default boot image
03-11 21:58:04.691 27317 27317 I AndroidRuntime: Leaving lock profiling enabled
03-11 21:58:04.699 27317 27317 I app_process: Using CollectorTypeCMC GC.
03-11 21:58:04.710  1078  2132 V WindowManagerShell: Received remote transition finished callback for (#96)
03-11 21:58:04.710  1078  1155 V WindowManagerShell: Transition animation finished (aborted=false), notifying core (#96) android.os.BinderProxy@4f6dfa7@0
03-11 21:58:04.715   686   705 E libbinder.IPCThreadState: Binder transaction failure. id: 3741845, cmd: BR_DEAD_REPLY (29189), error: -22 (Invalid argument)
03-11 21:58:04.715   686   712 V WindowManager: Finish Transition (#96): created at 03-11 21:58:03.703 collect-started=0.054ms request-sent=6.575ms started=138.012ms ready=216.911ms sent=379.846ms commit=237.439ms finished=1010.938ms
03-11 21:58:04.716   686   705 W ActivityManager: pid 686 system sent binder code 7 with flags 1 and got error -32
03-11 21:58:04.718   686   705 W WindowManager: Exception thrown during dispatchAppVisibility Window{dc83dde u0 com.mahfilfund.app/com.mahfilfund.app.MainActivity EXITING}
03-11 21:58:04.718   686   705 W WindowManager: android.os.DeadObjectException
03-11 21:58:04.718   686   705 W WindowManager: 	at android.os.BinderProxy.transactNative(Native Method)
03-11 21:58:04.718   686   705 W WindowManager: 	at android.os.BinderProxy.transact(BinderProxy.java:599)
03-11 21:58:04.718   686   705 W WindowManager: 	at android.view.IWindow$Stub$Proxy.dispatchAppVisibility(IWindow.java:535)
03-11 21:58:04.718   686   705 W WindowManager: 	at com.android.server.wm.WindowState.sendAppVisibilityToClients(WindowState.java:3266)
03-11 21:58:04.718   686   705 W WindowManager: 	at com.android.server.wm.WindowContainer.sendAppVisibilityToClients(WindowContainer.java:1218)
03-11 21:58:04.718   686   705 W WindowManager: 	at com.android.server.wm.WindowToken.setClientVisible(WindowToken.java:394)
03-11 21:58:04.718   686   705 W WindowManager: 	at com.android.server.wm.ActivityRecord.commitVisibility(ActivityRecord.java:5626)
03-11 21:58:04.718   686   705 W WindowManager: 	at com.android.server.wm.Transition.finishTransition(Transition.java:1500)
03-11 21:58:04.718   686   705 W WindowManager: 	at com.android.server.wm.TransitionController.finishTransition(TransitionController.java:1096)
03-11 21:58:04.718   686   705 W WindowManager: 	at com.android.server.wm.WindowOrganizerController.finishTransition(WindowOrganizerController.java:518)
03-11 21:58:04.718   686   705 W WindowManager: 	at android.window.IWindowOrganizerController$Stub.onTransact(IWindowOrganizerController.java:270)
03-11 21:58:04.718   686   705 W WindowManager: 	at com.android.server.wm.WindowOrganizerController.onTransact(WindowOrganizerController.java:233)
03-11 21:58:04.718   686   705 W WindowManager: 	at android.os.Binder.execTransactInternal(Binder.java:1478)
03-11 21:58:04.718   686   705 W WindowManager: 	at android.os.Binder.execTransact(Binder.java:1418)
03-11 21:58:04.724   686   705 W Process : Unable to open /proc/27148/status
03-11 21:58:04.760  1078  1155 V WindowManagerShell: Track 0 became idle
03-11 21:58:04.760  1078  1155 V WindowManagerShell: All active transition animations finished
03-11 21:58:04.763  1323  1323 D RecentsView: onTaskRemoved: 26, not handling task stack changes
03-11 21:58:04.764  1078  1155 V ShellTaskOrganizer: Task vanished taskId=26
03-11 21:58:04.764  1323  1323 D RecentsView: onTaskRemoved: 26, not handling task stack changes
03-11 21:58:04.765  1078  1155 V ShellTaskOrganizer: Fullscreen Task Vanished: #26
03-11 21:58:04.765  1323  1323 D b/417220811: invalidateLoadedTasks - previous requestLoadId: -1
03-11 21:58:04.766  1078  1155 D ShellDesktopMode: AppToWebRepository: Task 26 is vanishing. Removing task data from repository
03-11 21:58:04.768   686   784 W WindowManager: takeTaskSnapshot: taskId=26 not found or not visible
03-11 21:58:04.782   686  1058 W ImageReader_JNI: Unable to acquire a buffer item, very likely client tried to acquire more than maxImages buffers
03-11 21:58:04.787   545   545 E BpTransactionCompletedListener: Failed to transact (-32)
03-11 21:58:05.008 27317 27317 D nativeloader: InitDefaultPublicLibraries for_preload=1: libandroid.so:libaaudio.so:libamidi.so:libbinder_ndk.so:libc.so:libcamera2ndk.so:libdl.so:libEGL.so:libGLESv1_CM.so:libGLESv2.so:libGLESv3.so:libicu.so:libicui18n.so:libicuuc.so:libjnigraphics.so:liblog.so:libmediandk.so:libm.so:libnativehelper.so:libnativewindow.so:libOpenMAXAL.so:libOpenSLES.so:libRS.so:libstdc++.so:libsync.so:libvulkan.so:libwebviewchromium_plat_support.so:libz.so
03-11 21:58:05.036 27317 27317 D nativeloader: Load libicu_jni.so using APEX ns com_android_art for caller /apex/com.android.art/javalib/core-oj.jar: ok
03-11 21:58:05.036 27317 27317 D app_process: u_setTimeZoneFilesDirectory("/apex/com.android.tzdata/etc/tz/versioned/9/icu") succeeded. 
03-11 21:58:05.036 27317 27317 D app_process: I18n APEX ICU file found: /apex/com.android.i18n/etc/icu/icudt76l.dat
03-11 21:58:05.038 27317 27317 D nativeloader: Load libjavacore.so using APEX ns com_android_art for caller /apex/com.android.art/javalib/core-oj.jar: ok
03-11 21:58:05.040 27317 27317 D nativeloader: Load libopenjdk.so using APEX ns com_android_art for caller /apex/com.android.art/javalib/core-oj.jar: ok
03-11 21:58:05.042 27317 27317 I app_process: Priority-to-niceness mapping: 19, 16, 13, 10, 0, -2, -4, -5, -6, -8
03-11 21:58:05.095 27317 27317 D nativeloader: Load libframework-connectivity-tiramisu-jni.so using APEX ns com_android_tethering for caller /apex/com.android.tethering/javalib/framework-connectivity-t.jar: ok
03-11 21:58:05.096 27317 27317 D AndroidRuntime: Calling main entry com.android.commands.monkey.Monkey
03-11 21:58:05.097 27317 27317 D nativeloader: Load /system/lib64/libmonkey_jni.so using ns default for caller /system/framework/monkey.jar in same partition (is_bridged=0): ok
03-11 21:58:05.098 27317 27317 W Monkey  : args: [-p, com.mahfilfund.app, -c, android.intent.category.LAUNCHER, 1]
03-11 21:58:05.104 27317 27317 I AconfigPackage: android.media.swcodec.flags is mapped to com.android.media.swcodec
03-11 21:58:05.105 27317 27317 I AconfigPackage: com.android.permission.flags is mapped to com.android.permission
03-11 21:58:05.105 27317 27317 I AconfigPackage: com.android.permissioncontroller.flags is mapped to com.android.permission
03-11 21:58:05.105 27317 27317 I AconfigPackage: com.android.icu is mapped to com.android.i18n
03-11 21:58:05.106 27317 27317 I AconfigPackage: com.android.appsearch.flags is mapped to com.android.appsearch
03-11 21:58:05.106 27317 27317 I AconfigPackage: android.uprobestats.mainline.flags is mapped to com.android.uprobestats
03-11 21:58:05.106 27317 27317 I AconfigPackage: com.android.crashrecovery.flags is mapped to com.android.crashrecovery
03-11 21:58:05.107 27317 27317 I AconfigPackage: android.provider.flags is mapped to com.android.configinfrastructure
03-11 21:58:05.107 27317 27317 I AconfigPackage: com.android.server.deviceconfig is mapped to com.android.configinfrastructure
03-11 21:58:05.108 27317 27317 I AconfigPackage: com.android.art.flags is mapped to com.android.art
03-11 21:58:05.108 27317 27317 I AconfigPackage: com.android.art.rw.flags is mapped to com.android.art
03-11 21:58:05.108 27317 27317 I AconfigPackage: com.android.libcore is mapped to com.android.art
03-11 21:58:05.108 27317 27317 I AconfigPackage: com.android.telephony.flags is mapped to com.android.telephonycore
03-11 21:58:05.109 27317 27317 I AconfigPackage: com.android.media.extractor.flags is mapped to com.android.media
03-11 21:58:05.109 27317 27317 I AconfigPackage: com.android.media.mainline.flags is mapped to com.android.media
03-11 21:58:05.110 27317 27317 I AconfigPackage: com.android.wifi.flags is mapped to com.android.wifi
03-11 21:58:05.110 27317 27317 I AconfigPackage: com.android.org.conscrypt.flags is mapped to com.android.conscrypt
03-11 21:58:05.110 27317 27317 I AconfigPackage: com.android.org.conscrypt.net.flags is mapped to com.android.conscrypt
03-11 21:58:05.110 27317 27317 I AconfigPackage: com.android.healthfitness.flags is mapped to com.android.healthfitness
03-11 21:58:05.111 27317 27317 I AconfigPackage: com.android.ipsec.flags is mapped to com.android.ipsec
03-11 21:58:05.111 27317 27317 I AconfigPackage: com.android.nfc.module.flags is mapped to com.android.nfcservices
03-11 21:58:05.111 27317 27317 I AconfigPackage: com.android.adservices.ondevicepersonalization.flags is mapped to com.android.ondevicepersonalization
03-11 21:58:05.112 27317 27317 I AconfigPackage: com.android.adbd.flags is mapped to com.android.adbd
03-11 21:58:05.114 27317 27317 I AconfigPackage: com.android.bluetooth.flags is mapped to com.android.bt
03-11 21:58:05.114 27317 27317 I AconfigPackage: com.android.devicelock.flags is mapped to com.android.devicelock
03-11 21:58:05.115 27317 27317 I AconfigPackage: android.os.profiling is mapped to com.android.profiling
03-11 21:58:05.115 27317 27317 I AconfigPackage: android.os.profiling.anomaly.flags is mapped to com.android.profiling
03-11 21:58:05.116 27317 27317 I AconfigPackage: com.android.os.statsd.flags is mapped to com.android.os.statsd
03-11 21:58:05.117 27317 27317 I AconfigPackage: com.android.rkpd.flags is mapped to com.android.rkpd
03-11 21:58:05.117 27317 27317 I AconfigPackage: com.android.cellbroadcastreceiver.flags is mapped to com.android.cellbroadcast
03-11 21:58:05.118 27317 27317 I AconfigPackage: com.android.adservices.flags is mapped to com.android.adservices
03-11 21:58:05.118 27317 27317 I AconfigPackage: com.android.sdksandbox.flags is mapped to com.android.adservices
03-11 21:58:05.119 27317 27317 I AconfigPackage: com.android.uwb.flags is mapped to com.android.uwb
03-11 21:58:05.119 27317 27317 I AconfigPackage: com.android.ranging.flags is mapped to com.android.uwb
03-11 21:58:05.119 27317 27317 I AconfigPackage: android.graphics.pdf.flags is mapped to com.android.mediaprovider
03-11 21:58:05.119 27317 27317 I AconfigPackage: com.android.providers.media.flags is mapped to com.android.mediaprovider
03-11 21:58:05.119 27317 27317 I AconfigPackage: android.graphics.pdf.flags.readonly is mapped to com.android.mediaprovider
03-11 21:58:05.120 27317 27317 I AconfigPackage: com.android.tethering.mainline.beta is mapped to com.android.tethering
03-11 21:58:05.120 27317 27317 I AconfigPackage: android.net.http is mapped to com.android.tethering
03-11 21:58:05.120 27317 27317 I AconfigPackage: com.android.tethering.readonly.flags is mapped to com.android.tethering
03-11 21:58:05.120 27317 27317 I AconfigPackage: android.net.vcn is mapped to com.android.tethering
03-11 21:58:05.120 27317 27317 I AconfigPackage: com.android.net.flags is mapped to com.android.tethering
03-11 21:58:05.120 27317 27317 I AconfigPackage: com.android.tethering.beta.test is mapped to com.android.tethering
03-11 21:58:05.120 27317 27317 I AconfigPackage: com.android.nearby.flags is mapped to com.android.tethering
03-11 21:58:05.120 27317 27317 I AconfigPackage: com.android.net.ct.flags is mapped to com.android.tethering
03-11 21:58:05.120 27317 27317 I AconfigPackage: com.android.net.thread.flags is mapped to com.android.tethering
03-11 21:58:05.120 27317 27317 I AconfigPackage: com.android.system.virtualmachine.flags is mapped to com.android.virt
03-11 21:58:05.120 27317 27317 E FeatureFlagsImplExport: android.os.flagging.AconfigStorageReadException: ERROR_PACKAGE_NOT_FOUND: package android.xr cannot be found on the device
03-11 21:58:05.125 27317 27317 W Monkey  :  arg: "-p"
03-11 21:58:05.126 27317 27317 W Monkey  :  arg: "com.mahfilfund.app"
03-11 21:58:05.126 27317 27317 W Monkey  :  arg: "-c"
03-11 21:58:05.126 27317 27317 W Monkey  :  arg: "android.intent.category.LAUNCHER"
03-11 21:58:05.126 27317 27317 W Monkey  :  arg: "1"
03-11 21:58:05.126 27317 27317 W Monkey  : data="com.mahfilfund.app"
03-11 21:58:05.127 27317 27317 W Monkey  : data="android.intent.category.LAUNCHER"
03-11 21:58:05.132   686   823 D EventHub: No input device configuration file found for device 'Monkey touch'.
03-11 21:58:05.134   686   823 I EventHub: usingClockIoctl=true
03-11 21:58:05.134   686   823 I EventHub: New device: id=15, fd=657, path='/dev/input/event13', name='Monkey touch', classes=TOUCH | TOUCH_MT, configuration='', keyLayout='', keyCharacterMap='', builtinKeyboard=false, 
03-11 21:58:05.138   686   823 I InputReader: Device reconfigured: id=15, name='Monkey touch', size 1080x2400, orientation Rotation0, mode DIRECT, display id 0
03-11 21:58:05.139   686   823 I InputReader: Device added: id=15, eventHubId=15, name='Monkey touch', descriptor='e1fe28b90f915c7d1febbd52c1ef84b3c4cbed9f',sources=TOUCHSCREEN
03-11 21:58:05.160   686   715 D WindowManager: Direct invocation of sendNewConfiguration: Display{#0 state=ON size=1080x2400 ROTATION_0}
03-11 21:58:05.169   686   715 W libbinder.IPCThreadState: Sending oneway calls to frozen process.
03-11 21:58:05.170   686   715 W libbinder.IPCThreadState: Sending oneway calls to frozen process.
03-11 21:58:05.181  6892  6892 I PkDeviceHelper: PkDeviceHelper.refreshDevices():93 refreshing devices
03-11 21:58:05.188   686  1316 W ActivityManager: registerReceiverWithFeature: no app for null
03-11 21:58:05.189  6892  6892 I PkDeviceHelper: PkDeviceHelper.addDevice():133 device qwerty2 added
03-11 21:58:05.198   686  1316 W ActivityTaskManager: callingPackage for (uid=2000, pid=27317) has no WPC
03-11 21:58:05.202   686  1316 V WindowManager: DesktopModeLaunchParamsModifier: phase= 0 task=null activity=null display-area-from-current-params=null display-area-from-default-fallback=DefaultTaskDisplayArea@67953473 display-id=0 task-display-area-windowing-mode=1 suggested-display-area=DefaultTaskDisplayArea@67953473 task null, skipping
03-11 21:58:05.202   686  1316 V WindowManager: TaskLaunchParamsModifier:phase=0 task=null activity=null display-area-from-current-params=null display-area-from-default-fallback=DefaultTaskDisplayArea@67953473 display-id=0 task-display-area-windowing-mode=1 suggested-display-area=DefaultTaskDisplayArea@67953473
03-11 21:58:05.205   686  1316 V GrammaticalInflectionUtils: AttributionSource: android.content.AttributionSource@47e1b70 does not have READ_SYSTEM_GRAMMATICAL_GENDER permission.
03-11 21:58:05.208   686  1316 V WindowManager: DesktopModeLaunchParamsModifier: phase= 0 task=null activity=ActivityRecord{116948345 u0 com.mahfilfund.app/.MainActivity display-area-from-current-params=null display-area-from-default-fallback=DefaultTaskDisplayArea@67953473 display-id=0 task-display-area-windowing-mode=1 suggested-display-area=DefaultTaskDisplayArea@67953473 task null, skipping
03-11 21:58:05.208   686  1316 V WindowManager: TaskLaunchParamsModifier:phase=0 task=null activity=ActivityRecord{116948345 u0 com.mahfilfund.app/.MainActivity t-1} display-area-from-current-params=null display-area-from-default-fallback=DefaultTaskDisplayArea@67953473 display-id=0 task-display-area-windowing-mode=1 suggested-display-area=DefaultTaskDisplayArea@67953473
03-11 21:58:05.208   686  1316 V WindowManager: DesktopModeLaunchParamsModifier: phase= 3 task=null activity=ActivityRecord{116948345 u0 com.mahfilfund.app/.MainActivity t-1} display-area-from-current-params=null display-area-from-default-fallback=DefaultTaskDisplayArea@67953473 display-id=0 task-display-area-windowing-mode=1 suggested-display-area=DefaultTaskDisplayArea@67953473 task null, skipping
03-11 21:58:05.208   686  1316 V WindowManager: TaskLaunchParamsModifier:phase=3 task=null activity=ActivityRecord{116948345 u0 com.mahfilfund.app/.MainActivity t-1} display-area-from-current-params=null display-area-from-default-fallback=DefaultTaskDisplayArea@67953473 display-id=0 task-display-area-windowing-mode=1 suggested-display-area=DefaultTaskDisplayArea@67953473 non-freeform-task-display-area display-area=DefaultTaskDisplayArea@67953473 skip-bounds-fullscreen
03-11 21:58:05.211   686  1316 V WindowManager: DesktopModeLaunchParamsModifier: phase= 3 task=Task{29e7abe #27 type=standard A=10220:com.mahfilfund.app} activity=ActivityRecord{116948345 u0 com.mahfilfund.app/.MainActivity t-1} display-from-task=0 display-id=0 task-display-area-windowing-mode=1 suggested-display-area=DefaultTaskDisplayArea@67953473 not entering desktop mode, skipping
03-11 21:58:05.211   686  1316 V WindowManager: TaskLaunchParamsModifier:phase=3 task=Task{29e7abe #27 type=standard A=10220:com.mahfilfund.app} activity=ActivityRecord{116948345 u0 com.mahfilfund.app/.MainActivity t-1} display-from-task=0 display-id=0 task-display-area-windowing-mode=1 suggested-display-area=DefaultTaskDisplayArea@67953473 inherit-from-task=fullscreen non-freeform-task-display-area display-area=DefaultTaskDisplayArea@67953473 skip-bounds-fullscreen
03-11 21:58:05.211   545   668 I libbinder.BpBinder: onLastStrongRef automatically unlinking death recipients for descriptor: '(not cached)'
03-11 21:58:05.220   686  1316 I ActivityTaskManager: START u0 {act=android.intent.action.MAIN cat=[android.intent.category.LAUNCHER] flg=0x10200000 cmp=com.mahfilfund.app/.MainActivity} with LAUNCH_SINGLE_TASK from uid 2000 (com.android.shell) (BAL_ALLOW_PERMISSION) result code=0
03-11 21:58:05.238 27317 27317 I Monkey  : Events injected: 1
03-11 21:58:05.243  1078  1155 V WindowManagerShell: Transition requested (#97): android.os.BinderProxy@6f62b23 TransitionRequestInfo { type = OPEN, triggerTask = TaskInfo{userId=0 taskId=27 effectiveUid=10220 displayId=0 isRunning=true baseIntent=Intent { act=android.intent.action.MAIN cat=[android.intent.category.LAUNCHER] flg=0x10200000 cmp=com.mahfilfund.app/.MainActivity } baseActivity=ComponentInfo{com.mahfilfund.app/com.mahfilfund.app.MainActivity} topActivity=ComponentInfo{com.mahfilfund.app/com.mahfilfund.app.MainActivity} origActivity=null realActivity=ComponentInfo{com.mahfilfund.app/com.mahfilfund.app.MainActivity} numActivities=1 lastActiveTime=24090045 supportsMultiWindow=true resizeMode=1 isResizeable=true minWidth=-1 minHeight=-1 defaultMinSize=220 token=WCT{android.os.BinderProxy@8073820} topActivityType=1 pictureInPictureParams=null shouldDockBigOverlays=false launchIntoPipHostTaskId=-1 lastParentTaskIdBeforePip=-1 displayCutoutSafeInsets=Rect(0, 0 - 0, 0) topActivityInfo=ActivityInfo{6ecd5d9 com.mahfilfund.app.MainActivity} launchCookies=[] positionInParent=Point(0, 0) parentTaskId=-1 isFocused=false isVisible=false isVisibleRequested=false isTopActivityNoDisplay=false isSleeping=false locusId=null displayAreaFeatureId=1 isTopActivityTransparent=false isActivityStackTransparent=false lastNonFullscreenBounds=null capturedLink=null capturedLinkTimestamp=0 requestedVisibleTypes=503 topActivityRequestOpenInBrowserEducationTimestamp=0 appCompatTaskInfo=AppCompatTaskInfo { topActivityInSizeCompat=false isLeafTask= true eligibleForLetterboxEducation= false isLetterboxEducationEnabled= true isLetterboxDoubleTapEnabled= false eligibleForUserAspectRatioButton= false topActivityBoundsLetterboxed= false isFromLetterboxDoubleTap= false topActivityLetterboxVerticalPosition= -1 topActivityLetterboxHorizontalPosition= -1 topActivityLetterboxWidth=-1 topActivityLetterboxHeight=-1 topActivityAppBounds=Rect(0, 0 - 1080, 2400) isUserFullscreenOverrideEnabled=false isSystemFullscreenOverrideEnabled=false hasMinAspectRatioOverride=false topActivityLetterboxBounds=null cameraCompatTaskInfo=CameraCompatTaskInfo { cameraCompatMode=inactive0} topNonResizableActivityAspectRatio=-1.0} topActivityMainWindowFrame=null isAppBubble=false}, pipChange = null, remoteTransition = null, displayChange = null, requestedLocation = null, userChange = null, windowingLayerChange = null, flags = 0, debugId = 97 }
03-11 21:58:05.243  1323  1323 D BaseActivity: Launcher flags updated: [state_started|state_resumed|state_deferred_resumed|state_window_focused] -[state_user_active]
03-11 21:58:05.244   686   715 V GrammaticalInflectionUtils: AttributionSource: android.content.AttributionSource@47e1b70 does not have READ_SYSTEM_GRAMMATICAL_GENDER permission.
03-11 21:58:05.244  1323  1323 D BaseActivity: Launcher flags updated: [state_started|state_window_focused] -[state_resumed|state_deferred_resumed]
03-11 21:58:05.244  1078  1155 D ShellSplitScreen: logExit: no-op, mLoggerSessionId is null
03-11 21:58:05.245  1323  1323 W SplitSelectStateCtor: Missing session instanceIds
03-11 21:58:05.245  1323  1323 D StatsLog: LAUNCHER_SPLIT_SELECTION_EXIT_INTERRUPTED
03-11 21:58:05.249   686   784 I AppsFilter: interaction: PackageSetting{166a991 com.primenow.app/10216} -> PackageSetting{e762b1 com.mahfilfund.app/10220} BLOCKED
03-11 21:58:05.328   686   784 V WindowManager: Defer transition id=97 for TaskFragmentTransaction=android.os.Binder@87d2396
03-11 21:58:05.328   686   784 V WindowManager: deferTransitionReady deferReadyDepth=1 stack=com.android.server.wm.TransitionController.deferTransitionReady:1061 com.android.server.wm.TaskFragmentOrganizerController$TaskFragmentOrganizerState.dispatchTransaction:517 com.android.server.wm.TaskFragmentOrganizerController.dispatchPendingEvents:1259 com.android.server.wm.TaskFragmentOrganizerController.dispatchPendingEvents:1228 com.android.server.wm.RootWindowContainer.performSurfacePlacement:777 
03-11 21:58:05.328   686  1040 D BackgroundInstallControlService: Package event received: 0
03-11 21:58:05.332  1323  1323 D RecentsView: onTaskDisplayChanged: 27, new displayId = 0
03-11 21:58:05.355  1078  1155 D WindowManagerShell: setLauncherKeepClearAreaHeight: visible=false, height=495
03-11 21:58:05.368   472   472 D Zygote  : Forked child process 27329
03-11 21:58:05.369   686   723 W ActivityManager: Slow operation: 124ms so far, now at startProcess: returned from zygote!
03-11 21:58:05.370   686   723 W ActivityManager: Slow operation: 124ms so far, now at startProcess: done updating battery stats
03-11 21:58:05.370   686   723 W ActivityManager: Slow operation: 124ms so far, now at startProcess: building log message
03-11 21:58:05.370   686   723 I ActivityManager: Start proc 27329:com.mahfilfund.app/u0a220 for next-top-activity {com.mahfilfund.app/com.mahfilfund.app.MainActivity}
03-11 21:58:05.370   686   723 W ActivityManager: Slow operation: 124ms so far, now at startProcess: starting to update pids map
03-11 21:58:05.375  1323  1323 D b/417220811: invalidateLoadedTasks - previous requestLoadId: -1
03-11 21:58:05.375  1323  1323 D b/417220811: invalidateLoadedTasks - previous requestLoadId: -1
03-11 21:58:05.384   686   705 V WindowManager: Continue transition id=97 for TaskFragmentTransaction=android.os.Binder@87d2396
03-11 21:58:05.384   686   705 V WindowManager: continueTransitionReady deferReadyDepth=0 stack=com.android.server.wm.TransitionController.continueTransitionReady:1071 com.android.server.wm.TaskFragmentOrganizerController$TaskFragmentOrganizerState.onTransactionFinished:546 com.android.server.wm.TaskFragmentOrganizerController.onTransactionHandled:740 android.window.ITaskFragmentOrganizerController$Stub.onTransact:225 android.os.Binder.execTransactInternal:1473 
03-11 21:58:05.384   686   723 W ActivityManager: Slow operation: 138ms so far, now at startProcess: done updating pids map
03-11 21:58:05.385 27317 27317 I Monkey  : ## Network stats: elapsed time=189ms (0ms mobile, 0ms wifi, 189ms not connected)
03-11 21:58:05.389 27317 27317 I app_process: System.exit called, status: 0
03-11 21:58:05.389 27317 27317 I AndroidRuntime: VM exiting with result code 0.
03-11 21:58:05.413   567   567 W libbinder.IPCThreadState: Sending oneway calls to frozen process.
03-11 21:58:05.435 27329 27329 I Zygote  : Process 27329 created for com.mahfilfund.app
03-11 21:58:05.436 27329 27329 I .mahfilfund.app: Late-enabling -Xcheck:jni
03-11 21:58:05.441  1323  1323 D BaseActivity: Launcher flags updated: [state_started] -[state_window_focused]
03-11 21:58:05.482   686   823 I EventHub: Removing device Monkey touch due to epoll hang-up event.
03-11 21:58:05.482   686   823 I EventHub: Removed device: path=/dev/input/event13 name=Monkey touch id=15 fd=657 classes=TOUCH | TOUCH_MT
03-11 21:58:05.486   686   823 I InputReader: Device removed: id=15, eventHubId=15, name='Monkey touch', descriptor='e1fe28b90f915c7d1febbd52c1ef84b3c4cbed9f', sources=TOUCHSCREEN
03-11 21:58:05.506   686   823 I EventHub: Removing device '/dev/input/event13' due to inotify event
03-11 21:58:05.540 27329 27329 I .mahfilfund.app: Using CollectorTypeCMC GC.
03-11 21:58:05.542   686   713 W Looper  : Slow dispatch took 109ms android.ui app=system_server main=false group=TOP_APP h=com.android.server.am.ActivityManagerService$UiHandler c=com.android.server.am.UidObserverController$$ExternalSyntheticLambda0@797daf9 m=0
