03-11 21:58:09.046 27329 27373 W unknown:ViewManagerPropertyUpdater: Could not find generated setter for class com.horcrux.svg.RenderableViewManager$FeOffsetManager
03-11 21:58:09.047 27329 27373 W unknown:ViewManagerPropertyUpdater: Could not find generated setter for class com.horcrux.svg.RenderableViewManager$PathViewManager
03-11 21:58:09.049 27329 27373 W unknown:ViewManagerPropertyUpdater: Could not find generated setter for class com.facebook.react.views.drawer.ReactDrawerLayoutManager
03-11 21:58:09.051 27329 27373 W unknown:ViewManagerPropertyUpdater: Could not find generated setter for class com.facebook.react.views.textinput.ReactTextInputManager
03-11 21:58:09.053 27329 27373 W unknown:ViewManagerPropertyUpdater: Could not find generated setter for class com.facebook.react.views.textinput.ReactTextInputShadowNode
03-11 21:58:09.055 27329 27373 W unknown:ViewManagerPropertyUpdater: Could not find generated setter for class com.horcrux.svg.RenderableViewManager$DefsViewManager
03-11 21:58:09.056 27329 27373 W unknown:ViewManagerPropertyUpdater: Could not find generated setter for class com.facebook.react.views.debuggingoverlay.DebuggingOverlayManager
03-11 21:58:09.057 27329 27373 W unknown:ViewManagerPropertyUpdater: Could not find generated setter for class com.horcrux.svg.RenderableViewManager$FeGaussianBlurManager
03-11 21:58:09.059 27329 27373 W unknown:ViewManagerPropertyUpdater: Could not find generated setter for class com.facebook.react.views.scroll.ReactHorizontalScrollViewManager
03-11 21:58:09.061 27329 27373 W unknown:ViewManagerPropertyUpdater: Could not find generated setter for class com.facebook.react.views.text.ReactTextViewManager
03-11 21:58:09.061 27329 27373 W unknown:ViewManagerPropertyUpdater: Could not find generated setter for class com.facebook.react.views.text.ReactTextShadowNode
03-11 21:58:09.062 27329 27373 W unknown:ViewManagerPropertyUpdater: Could not find generated setter for class com.facebook.react.views.scroll.ReactHorizontalScrollContainerViewManager
03-11 21:58:09.063 27329 27373 W unknown:ViewManagerPropertyUpdater: Could not find generated setter for class com.horcrux.svg.RenderableViewManager$ClipPathViewManager
03-11 21:58:09.065 27329 27373 W unknown:ViewManagerPropertyUpdater: Could not find generated setter for class com.horcrux.svg.RenderableViewManager$FeBlendManager
03-11 21:58:09.066 27329 27373 W unknown:ViewManagerPropertyUpdater: Could not find generated setter for class com.facebook.react.views.view.ReactViewManager
03-11 21:58:09.070 27329 27373 W unknown:ViewManagerPropertyUpdater: Could not find generated setter for class com.horcrux.svg.RenderableViewManager$CircleViewManager
03-11 21:58:09.073 27329 27373 W unknown:ViewManagerPropertyUpdater: Could not find generated setter for class com.facebook.react.views.modal.ReactModalHostManager
03-11 21:58:09.074 27329 27373 W unknown:ViewManagerPropertyUpdater: Could not find generated setter for class com.horcrux.svg.RenderableViewManager$EllipseViewManager
03-11 21:58:09.076 27329 27373 W unknown:ViewManagerPropertyUpdater: Could not find generated setter for class com.horcrux.svg.RenderableViewManager$LineViewManager
03-11 21:58:09.077 27329 27373 W unknown:ViewManagerPropertyUpdater: Could not find generated setter for class com.facebook.react.views.text.frescosupport.FrescoBasedReactTextInlineImageViewManager
03-11 21:58:09.077 27329 27373 W unknown:ViewManagerPropertyUpdater: Could not find generated setter for class com.facebook.react.views.text.frescosupport.FrescoBasedReactTextInlineImageShadowNode
03-11 21:58:09.078 27329 27373 W unknown:ViewManagerPropertyUpdater: Could not find generated setter for class com.horcrux.svg.RenderableViewManager$FeFloodManager
03-11 21:58:09.080 27329 27373 W unknown:ViewManagerPropertyUpdater: Could not find generated setter for class com.facebook.react.views.image.ReactImageManager
03-11 21:58:09.081 27329 27373 W unknown:ViewManagerPropertyUpdater: Could not find generated setter for class com.horcrux.svg.RenderableViewManager$MaskManager
03-11 21:58:09.084 27329 27373 W unknown:ViewManagerPropertyUpdater: Could not find generated setter for class com.horcrux.svg.RenderableViewManager$RectViewManager
03-11 21:58:09.086 27329 27373 W unknown:ViewManagerPropertyUpdater: Could not find generated setter for class com.horcrux.svg.RenderableViewManager$TextPathViewManager
03-11 21:58:09.089 27329 27373 W unknown:ViewManagerPropertyUpdater: Could not find generated setter for class com.facebook.react.views.scroll.ReactScrollViewManager
03-11 21:58:09.091 27329 27373 W unknown:ViewManagerPropertyUpdater: Could not find generated setter for class com.facebook.react.views.text.ReactVirtualTextViewManager
03-11 21:58:09.091 27329 27373 W unknown:ViewManagerPropertyUpdater: Could not find generated setter for class com.facebook.react.views.text.ReactVirtualTextShadowNode
03-11 21:58:09.093 27329 27373 W unknown:ViewManagerPropertyUpdater: Could not find generated setter for class com.facebook.react.views.swiperefresh.SwipeRefreshLayoutManager
03-11 21:58:09.095 27329 27373 W unknown:ViewManagerPropertyUpdater: Could not find generated setter for class com.facebook.react.views.text.ReactRawTextManager
03-11 21:58:09.095 27329 27373 W unknown:ViewManagerPropertyUpdater: Could not find generated setter for class com.facebook.react.views.text.ReactRawTextShadowNode
03-11 21:58:09.095 27329 27373 W unknown:ViewManagerPropertyUpdater: Could not find generated setter for class com.swmansion.gesturehandler.react.RNGestureHandlerRootViewManager
03-11 21:58:09.159 27329 27373 I RNMMKV  : Initializing MMKV at /data/user/0/com.mahfilfund.app/files/mmkv...
03-11 21:58:09.160 27329 27373 I RNMMKV  : Creating MMKV instance "mmkv.default"... (Path: , Encrypted: false)
03-11 21:58:09.168 27329 27373 I ReactNativeJS: 🌐 i18next is made possible by our own product, Locize — consider powering your project with managed localization (AI, CDN, integrations): https://locize.com 💙
03-11 21:58:09.176 27329 27373 D nativeloader: Load /data/app/~~iq_tSn7_PUgOT48JT8EJ4Q==/com.mahfilfund.app-5SXW__JfknWCzy6od2DzrA==/base.apk!/lib/arm64-v8a/librnscreens.so using class loader ns clns-9 (caller=/data/app/~~iq_tSn7_PUgOT48JT8EJ4Q==/com.mahfilfund.app-5SXW__JfknWCzy6od2DzrA==/base.apk!classes14.dex): ok
03-11 21:58:09.181 27329 27373 I ReactNativeJS: Running "mahfilFund" with {"rootTag":11,"initialProps":{},"fabric":true}
03-11 21:58:09.384 27329 27373 D nativeloader: Load /data/app/~~iq_tSn7_PUgOT48JT8EJ4Q==/com.mahfilfund.app-5SXW__JfknWCzy6od2DzrA==/base.apk!/lib/arm64-v8a/libworklets.so using class loader ns clns-9 (caller=/data/app/~~iq_tSn7_PUgOT48JT8EJ4Q==/com.mahfilfund.app-5SXW__JfknWCzy6od2DzrA==/base.apk): ok
03-11 21:58:09.398 27329 27373 D nativeloader: Load /data/app/~~iq_tSn7_PUgOT48JT8EJ4Q==/com.mahfilfund.app-5SXW__JfknWCzy6od2DzrA==/base.apk!/lib/arm64-v8a/libreanimated.so using class loader ns clns-9 (caller=/data/app/~~iq_tSn7_PUgOT48JT8EJ4Q==/com.mahfilfund.app-5SXW__JfknWCzy6od2DzrA==/base.apk): ok
03-11 21:58:09.400 27329 27373 W .mahfilfund.app: CheckJNI: method to register "installJSIBindings" not in the given class. This is slow, consider changing your RegisterNatives calls.
03-11 21:58:09.585   686   981 I HalDevMgr: bestIfaceCreationProposal is null, requestIface=STA, existingIface=[name=wlan0 type=STA]
03-11 21:58:09.704   686  1316 D ConnectivityService: requestNetwork for uid/pid:10220/27329 activeRequest: null callbackRequest: 527 [NetworkRequest [ REQUEST id=528, [ Capabilities: INTERNET&NOT_RESTRICTED&TRUSTED&NOT_VCN_MANAGED&NOT_BANDWIDTH_CONSTRAINED Uid: 10220 RequestorUid: 10220 RequestorPkg: com.mahfilfund.app UnderlyingNetworks: Null] ]] callback flags: 0 order: 2147483647 isUidTracked: false declaredMethods: AVAIL|LOST
03-11 21:58:09.707   686   991 D ConnectivityService: NetReassign [528 : null → 100] [c 0] [a 1] [i 0]
03-11 21:58:09.707   686   981 D WifiNetworkFactory: got request NetworkRequest [ REQUEST id=528, [ Capabilities: INTERNET&NOT_RESTRICTED&TRUSTED&NOT_VCN_MANAGED&NOT_BANDWIDTH_CONSTRAINED Uid: 10220 RequestorUid: 10220 RequestorPkg: com.mahfilfund.app UnderlyingNetworks: Null] ]
03-11 21:58:09.707   686   981 D UntrustedWifiNetworkFactory: got request NetworkRequest [ REQUEST id=528, [ Capabilities: INTERNET&NOT_RESTRICTED&TRUSTED&NOT_VCN_MANAGED&NOT_BANDWIDTH_CONSTRAINED Uid: 10220 RequestorUid: 10220 RequestorPkg: com.mahfilfund.app UnderlyingNetworks: Null] ]
03-11 21:58:09.707   686   981 D OemPaidWifiNetworkFactory: got request NetworkRequest [ REQUEST id=528, [ Capabilities: INTERNET&NOT_RESTRICTED&TRUSTED&NOT_VCN_MANAGED&NOT_BANDWIDTH_CONSTRAINED Uid: 10220 RequestorUid: 10220 RequestorPkg: com.mahfilfund.app UnderlyingNetworks: Null] ]
03-11 21:58:09.707   686   981 D MultiInternetWifiNetworkFactory: got request NetworkRequest [ REQUEST id=528, [ Capabilities: INTERNET&NOT_RESTRICTED&TRUSTED&NOT_VCN_MANAGED&NOT_BANDWIDTH_CONSTRAINED Uid: 10220 RequestorUid: 10220 RequestorPkg: com.mahfilfund.app UnderlyingNetworks: Null] ]
03-11 21:58:09.806 27329 27329 I ReactNative: [GESTURE HANDLER] Initialize gesture handler for root view com.facebook.react.runtime.ReactSurfaceView{570c3f3 V.E...... .......D 0,0-1080,2400 #b}
03-11 21:58:09.806 27329 27329 I ReactNative: [GESTURE HANDLER] Gesture handler is already enabled for a parent view
03-11 21:58:09.831 27329 27329 D InsetsController: Setting requestedVisibleTypes to 503 (was 498)
03-11 21:58:09.832   686  1316 I ImeTracker: system_server:25ca2a3d: onRequestHide at ORIGIN_SERVER reason IME_REQUESTED_CHANGED_LISTENER fromUser false
03-11 21:58:09.833   686   715 I ImeTracker: system_server:25ca2a3d: onCancelled at PHASE_SERVER_SHOULD_HIDE
03-11 21:58:09.835 27329 27329 D VRI[MainActivity]: WindowInsets changed: statusBars:[0,63,0,0] 
03-11 21:58:09.923 27400 27400 W libbinder.BackendUnifiedServiceManager: Thread Pool max thread count is 0. Cannot cache binder as linkToDeath cannot be implemented. serviceName: package
03-11 21:58:09.960 27329 27373 I RNMMKV  : Creating MMKV instance "mahfil-supabase"... (Path: , Encrypted: false)
03-11 21:58:09.985   847   853 I artd    : GetBestInfo: odex next to the dex file (/data/app/~~BvPz18wvkCs6mLjE9QceAA==/com.google.android.gms-asv9xVa0mhrusDeL_LWLig==/oat/arm64/base.odex) is kOatUpToDate with filter 'speed-profile' executable 'false'
03-11 21:58:09.986   847  7766 I artd    : GetBestInfo: odex next to the dex file (/data/app/~~BvPz18wvkCs6mLjE9QceAA==/com.google.android.gms-asv9xVa0mhrusDeL_LWLig==/oat/arm64/split_AdsDynamite_installtime.odex) is kOatUpToDate with filter 'speed' executable 'false'
03-11 21:58:09.994   847  7766 I artd    : GetBestInfo: odex next to the dex file (/data/app/~~BvPz18wvkCs6mLjE9QceAA==/com.google.android.gms-asv9xVa0mhrusDeL_LWLig==/oat/arm64/split_CronetDynamite_installtime.odex) is kOatUpToDate with filter 'speed-profile' executable 'false'
03-11 21:58:09.996   847  7766 I artd    : GetBestInfo: odex next to the dex file (/data/app/~~BvPz18wvkCs6mLjE9QceAA==/com.google.android.gms-asv9xVa0mhrusDeL_LWLig==/oat/arm64/split_DynamiteLoader_installtime.odex) is kOatUpToDate with filter 'speed' executable 'false'
03-11 21:58:09.998   847  7766 I artd    : GetBestInfo: odex next to the dex file (/data/app/~~BvPz18wvkCs6mLjE9QceAA==/com.google.android.gms-asv9xVa0mhrusDeL_LWLig==/oat/arm64/split_DynamiteModulesA_installtime.odex) is kOatUpToDate with filter 'speed' executable 'false'
03-11 21:58:10.003   847  7766 I artd    : GetBestInfo: odex next to the dex file (/data/app/~~BvPz18wvkCs6mLjE9QceAA==/com.google.android.gms-asv9xVa0mhrusDeL_LWLig==/oat/arm64/split_DynamiteModulesC_installtime.odex) is kOatUpToDate with filter 'speed' executable 'false'
03-11 21:58:10.006   847  7766 I artd    : GetBestInfo: odex next to the dex file (/data/app/~~BvPz18wvkCs6mLjE9QceAA==/com.google.android.gms-asv9xVa0mhrusDeL_LWLig==/oat/arm64/split_GoogleCertificates_installtime.odex) is kOatUpToDate with filter 'speed' executable 'false'
03-11 21:58:10.007   847  7766 I artd    : GetBestInfo: odex next to the dex file (/data/app/~~BvPz18wvkCs6mLjE9QceAA==/com.google.android.gms-asv9xVa0mhrusDeL_LWLig==/oat/arm64/split_MapsDynamite_installtime.odex) is kOatUpToDate with filter 'speed' executable 'false'
03-11 21:58:10.008   847   853 I artd    : GetBestInfo: odex next to the dex file (/data/app/~~BvPz18wvkCs6mLjE9QceAA==/com.google.android.gms-asv9xVa0mhrusDeL_LWLig==/oat/arm64/split_MeasurementDynamite_installtime.odex) is kOatUpToDate with filter 'speed' executable 'false'
03-11 21:58:10.008   847  7766 I artd    : GetBestInfo: odex next to the dex file (/data/app/~~BvPz18wvkCs6mLjE9QceAA==/com.google.android.gms-asv9xVa0mhrusDeL_LWLig==/oat/arm64/split_all_locale_splits.odex) is kOatUpToDate with filter 'speed' executable 'false'
03-11 21:58:10.009   847   853 I artd    : GetBestInfo: /data/user_de/0/com.google.android.gms/app_chimera/m/00000009/dl-VisionOcr.optional_260931100000.apk has no usable artifacts
03-11 21:58:10.010   847   847 I artd    : GetBestInfo: /data/user_de/0/com.google.android.gms/app_chimera/m/0000000d/dl-MlkitOcrCommon.optional_260931100400.apk has no usable artifacts
03-11 21:58:10.010   847  7766 I artd    : GetBestInfo: /data/user_de/0/com.google.android.gms/app_chimera/m/00000001/CronetDynamite.apk has no usable artifacts
03-11 21:58:10.011   847  7766 I artd    : GetBestInfo: vdex next to the dex file (/data/user/0/com.google.android.gms/app_dg_cache/DE47351470B874CD27E2358FA315B85F3554F2AB/oat/arm64/the.vdex) is kOatUpToDate with filter 'verify' executable 'false'
03-11 21:58:10.011   847   847 I artd    : GetBestInfo: /data/user_de/0/com.google.android.gms/app_chimera/m/00000002/DynamiteLoader.apk has no usable artifacts
03-11 21:58:10.011   847   847 I artd    : GetBestInfo: /data/user_de/0/com.google.android.gms/app_chimera/m/00000005/GoogleCertificates.apk has no usable artifacts
03-11 21:58:10.011   847   847 I artd    : GetBestInfo: /data/user_de/0/com.google.android.gms/app_chimera/m/0000000a/dl-MlkitBarcodeUi.optional_260931100400.apk has no usable artifacts
03-11 21:58:10.012   847  7766 I artd    : GetBestInfo: /data/user_de/0/com.google.android.gms/app_chimera/m/0000000f/dl-Appsearch.optional_260931100400.apk has no usable artifacts
03-11 21:58:10.015   847   847 I artd    : GetBestInfo: /data/user_de/0/com.google.android.gms/app_chimera/m/0000000b/dl-TfliteDynamiteDynamite.integ_252130102100400.apk has no usable artifacts
03-11 21:58:10.015   847  7766 I artd    : GetBestInfo: /data/user_de/0/com.google.android.gms/app_chimera/m/00000007/MeasurementDynamite.apk has no usable artifacts
03-11 21:58:10.031 27329 27373 E ReactNativeJS: Error: supabaseUrl is required., js engine: hermes
03-11 21:58:10.049 27329 27399 W .mahfilfund.app: Verification of void com.bumptech.glide.integration.avif.AvifGlideModule.registerComponents(android.content.Context, com.bumptech.glide.Glide, com.bumptech.glide.Registry) took 130.689ms (283.11 bytecodes/s) (0B arena alloc)
03-11 21:58:10.149 27329 27373 D nativeloader: Load /data/app/~~iq_tSn7_PUgOT48JT8EJ4Q==/com.mahfilfund.app-5SXW__JfknWCzy6od2DzrA==/base.apk!/lib/arm64-v8a/libgesturehandler.so using class loader ns clns-9 (caller=/data/app/~~iq_tSn7_PUgOT48JT8EJ4Q==/com.mahfilfund.app-5SXW__JfknWCzy6od2DzrA==/base.apk): ok
03-11 21:58:10.149 27329 27373 D jni_lib_merge: Entering merged library JNI_OnLoad.
03-11 21:58:10.149 27329 27373 D jni_lib_merge: Preparing 12 pre-merged libs (including stub)
03-11 21:58:10.149 27329 27373 D jni_lib_merge: Preparing to register libfabricjni_so.  onload_func: 0x79f1289948
03-11 21:58:10.149 27329 27373 D jni_lib_merge: Preparing to register libreact_devsupportjni_so.  onload_func: 0x79f149f2a4
03-11 21:58:10.149 27329 27373 D jni_lib_merge: Preparing to register libreact_featureflagsjni_so.  onload_func: 0x79f14aaf10
03-11 21:58:10.149 27329 27373 D jni_lib_merge: Preparing to register libreact_newarchdefaults_so.  onload_func: 0x79f1513eac
03-11 21:58:10.149 27329 27373 D jni_lib_merge: Preparing to register libreactnativeblob_so.  onload_func: 0x79f170495c
03-11 21:58:10.149 27329 27373 D jni_lib_merge: Preparing to register libreactnativejni_so.  onload_func: 0x79f1752114
03-11 21:58:10.149 27329 27373 D jni_lib_merge: Preparing to register libreactnativejni_common_so.  onload_func: 0x79f1762a9c
03-11 21:58:10.149 27329 27373 D jni_lib_merge: Preparing to register librninstance_so.  onload_func: 0x79f1799250
03-11 21:58:10.149 27329 27373 D jni_lib_merge: Preparing to register libturbomodulejsijni_so.  onload_func: 0x79f18b0a24
03-11 21:58:10.149 27329 27373 D jni_lib_merge: Preparing to register libuimanagerjni_so.  onload_func: 0x79f18c9a74
03-11 21:58:10.149 27329 27373 D jni_lib_merge: Preparing to register libyoga_so.  onload_func: 0x79f18d94f8
03-11 21:58:10.149 27329 27373 D jni_lib_merge: About to register 11 actual methods.
03-11 21:58:10.164 27329 27399 D nativeloader: Load /data/app/~~iq_tSn7_PUgOT48JT8EJ4Q==/com.mahfilfund.app-5SXW__JfknWCzy6od2DzrA==/base.apk!/lib/arm64-v8a/libavif_android.so using class loader ns clns-9 (caller=/data/app/~~iq_tSn7_PUgOT48JT8EJ4Q==/com.mahfilfund.app-5SXW__JfknWCzy6od2DzrA==/base.apk!classes18.dex): ok
03-11 21:58:10.227 27329 27335 I .mahfilfund.app: Compiler allocated 5145KB to compile void android.view.ViewRootImpl.performTraversals()
03-11 21:58:10.239 27329 27329 W unknown:BridgelessReact: ReactHost{0}.startSurface(surfaceId = 0): Schedule
03-11 21:58:10.239 27329 27329 W unknown:BridgelessReact: ReactHost{0}.attachSurface(surfaceId = 0)
03-11 21:58:10.243 27329 27351 W unknown:BridgelessReact: ReactHost{0}.getOrCreateReactInstanceTask()
03-11 21:58:10.243 27329 27351 W unknown:BridgelessReact: ReactHost{0}.startSurface(surfaceId = 0): Execute
03-11 21:58:10.255 27329 27329 D InsetsController: Setting requestedVisibleTypes to 498 (was 503)
03-11 21:58:10.277 27329 27329 D WindowOnBackDispatcher: setTopOnBackInvokedCallback (unwrapped): android.app.Dialog$$ExternalSyntheticLambda2@8037d8d
03-11 21:58:10.279   686  2319 D CoreBackPreview: Window{a14661f u0 com.mahfilfund.app/com.mahfilfund.app.MainActivity}: Setting back callback OnBackInvokedCallbackInfo{mCallback=android.window.IOnBackInvokedCallback$Stub$Proxy@e4ef9b1, mPriority=-1, mIsAnimationCallback=false, mOverrideBehavior=0}
03-11 21:58:10.291 27329 27329 W unknown:ViewManagerPropertyUpdater: Could not find generated setter for class com.facebook.react.uimanager.RootViewManager
03-11 21:58:10.351 27329 27329 D VRI[MainActivity]: WindowInsets changed: statusBars:null 
03-11 21:58:10.351   686  2319 I ImeTracker: system_server:d426a651: onRequestHide at ORIGIN_SERVER reason IME_REQUESTED_CHANGED_LISTENER fromUser false
03-11 21:58:10.352   686   715 I ImeTracker: system_server:d426a651: onCancelled at PHASE_SERVER_SHOULD_HIDE
03-11 21:58:10.365   686   830 I ImeTracker: com.mahfilfund.app:d6b1df27: onRequestHide at ORIGIN_SERVER reason HIDE_UNSPECIFIED_WINDOW fromUser false
03-11 21:58:10.380 27329 27329 D InsetsController: hide(ime())
03-11 21:58:10.380 27329 27329 I ImeTracker: com.mahfilfund.app:d6b1df27: onCancelled at PHASE_CLIENT_ALREADY_HIDDEN
03-11 21:58:10.384  6892  6892 I GoogleInputMethodService: GoogleInputMethodService.onFinishInput():2057 
03-11 21:58:10.384   686  2319 I ImeTracker: system_server:cd42ec59: onRequestHide at ORIGIN_SERVER reason IME_REQUESTED_CHANGED_LISTENER fromUser false
03-11 21:58:10.385  6892  6892 I Module  : DeviceLockedStatusModuleProvider$Module.updateDeviceLockedStatus():100 repeatCheckTimes = 0, locked = false
03-11 21:58:10.386   686   715 I ImeTracker: system_server:cd42ec59: onCancelled at PHASE_SERVER_SHOULD_HIDE
03-11 21:58:10.386  6892  6892 I GoogleInputMethodService: GoogleInputMethodService.onStartInput():1318 onStartInput(EditorInfo{EditorInfo{packageName=com.mahfilfund.app, inputType=0, inputTypeString=NULL, enableLearning=false, autoCorrection=false, autoComplete=false, imeOptions=0, privateImeOptions=null, actionName=UNSPECIFIED, actionLabel=null, initialSelStart=-1, initialSelEnd=-1, initialCapsMode=0, label=null, fieldId=0, fieldName=null, extras=null, hintText=null, hintLocales=[]}}, false)
03-11 21:58:10.390  6892  6892 I Module  : DeviceLockedStatusModuleProvider$Module.updateDeviceLockedStatus():100 repeatCheckTimes = 1, locked = false
03-11 21:58:10.391   686   704 W PackageConfigPersister: App-specific configuration not found for packageName: com.mahfilfund.app and userId: 0
03-11 21:58:10.541 27329 27329 I .mahfilfund.app: hiddenapi: Accessing hidden field Landroid/widget/HorizontalScrollView;->mScroller:Landroid/widget/OverScroller; (runtime_flags=0, domain=platform, api=unsupported) from Lcom/facebook/react/views/scroll/ReactHorizontalScrollView; (domain=app, TargetSdkVersion=36) using reflection: allowed
03-11 21:58:10.550 27329 27329 I .mahfilfund.app: hiddenapi: Accessing hidden field Landroid/widget/ScrollView;->mScroller:Landroid/widget/OverScroller; (runtime_flags=0, domain=platform, api=unsupported) from Lcom/facebook/react/views/scroll/ReactScrollView; (domain=app, TargetSdkVersion=36) using reflection: allowed
03-11 21:58:10.723   686  2319 I ImeTracker: system_server:c53cbaea: onRequestHide at ORIGIN_SERVER reason IME_REQUESTED_CHANGED_LISTENER fromUser false
03-11 21:58:10.725   686   715 I ImeTracker: system_server:c53cbaea: onCancelled at PHASE_SERVER_SHOULD_HIDE
03-11 21:58:10.747 27329 27405 D nativeloader: Load /data/app/~~iq_tSn7_PUgOT48JT8EJ4Q==/com.mahfilfund.app-5SXW__JfknWCzy6od2DzrA==/base.apk!/lib/arm64-v8a/libimagepipeline.so using class loader ns clns-9 (caller=/data/app/~~iq_tSn7_PUgOT48JT8EJ4Q==/com.mahfilfund.app-5SXW__JfknWCzy6od2DzrA==/base.apk): ok
03-11 21:58:10.761 27329 27336 I .mahfilfund.app: NativeAlloc concurrent mark compact GC freed 3047KB AllocSpace bytes, 3(128KB) LOS objects, 49% free, 7322KB/14MB, paused 213us,525us total 251.631ms
03-11 21:58:11.710 27329 27373 E ReactNativeJS: Error: supabaseUrl is required., js engine: hermes
03-11 21:58:12.498 27329 27409 D ProfileInstaller: Installing profile for com.mahfilfund.app
03-11 21:58:12.602   686   981 I HalDevMgr: bestIfaceCreationProposal is null, requestIface=STA, existingIface=[name=wlan0 type=STA]
03-11 21:58:13.763 27329 27373 E ReactNativeJS: Error: supabaseUrl is required., js engine: hermes
03-11 21:58:14.036  1255  1320 D SatelliteController: iisInCarrierRoamingNbIotNtn: satellite is disabled
03-11 21:58:14.061  1255  1320 D SatelliteController: getCarrierRoamingNtnConnectType: Falling back to global carrier config connect type: 0
03-11 21:58:15.611   686   981 I HalDevMgr: bestIfaceCreationProposal is null, requestIface=STA, existingIface=[name=wlan0 type=STA]
03-11 21:58:15.776 27329 27373 E ReactNativeJS: Error: supabaseUrl is required., js engine: hermes
