03-11 21:50:42.243 26750 26750 E unknown:ReactHost: com.facebook.react.bridge.ReactNoCrashSoftException: raiseSoftException(onWindowFocusChange(hasFocus = "true")): Tried to access onWindowFocusChange while context is not ready
03-11 21:50:42.243 26750 26750 E unknown:ReactHost: 	at com.facebook.react.runtime.ReactHostImpl.raiseSoftException(ReactHostImpl.java:1038)
03-11 21:50:42.243 26750 26750 E unknown:ReactHost: 	at com.facebook.react.runtime.ReactHostImpl.raiseSoftException(ReactHostImpl.java:1031)
03-11 21:50:42.243 26750 26750 E unknown:ReactHost: 	at com.facebook.react.runtime.ReactHostImpl.onWindowFocusChange(ReactHostImpl.java:790)
03-11 21:50:42.243 26750 26750 E unknown:ReactHost: 	at com.facebook.react.ReactDelegate.onWindowFocusChanged(ReactDelegate.java:199)
03-11 21:50:42.243 26750 26750 E unknown:ReactHost: 	at com.facebook.react.ReactActivityDelegate.onWindowFocusChanged(ReactActivityDelegate.java:216)
03-11 21:50:42.243 26750 26750 E unknown:ReactHost: 	at com.facebook.react.ReactActivity.onWindowFocusChanged(ReactActivity.java:158)
03-11 21:50:42.243 26750 26750 E unknown:ReactHost: 	at androidx.appcompat.view.WindowCallbackWrapper.onWindowFocusChanged(WindowCallbackWrapper.java:124)
03-11 21:50:42.243 26750 26750 E unknown:ReactHost: 	at com.android.internal.policy.DecorView.onWindowFocusChanged(DecorView.java:1797)
03-11 21:50:42.243 26750 26750 E unknown:ReactHost: 	at android.view.View.dispatchWindowFocusChanged(View.java:17124)
03-11 21:50:42.243 26750 26750 E unknown:ReactHost: 	at android.view.ViewGroup.dispatchWindowFocusChanged(ViewGroup.java:1529)
03-11 21:50:42.243 26750 26750 E unknown:ReactHost: 	at android.view.ViewRootImpl.dispatchFocusEvent(ViewRootImpl.java:4962)
03-11 21:50:42.243 26750 26750 E unknown:ReactHost: 	at android.view.ViewRootImpl.handleWindowFocusChanged(ViewRootImpl.java:4866)
03-11 21:50:42.243 26750 26750 E unknown:ReactHost: 	at android.view.ViewRootImpl.-$$Nest$mhandleWindowFocusChanged(Unknown Source:0)
03-11 21:50:42.243 26750 26750 E unknown:ReactHost: 	at android.view.ViewRootImpl$ViewRootHandler.handleMessageImpl(ViewRootImpl.java:7118)
03-11 21:50:42.243 26750 26750 E unknown:ReactHost: 	at android.view.ViewRootImpl$ViewRootHandler.handleMessage(ViewRootImpl.java:7026)
03-11 21:50:42.243 26750 26750 E unknown:ReactHost: 	at android.os.Handler.dispatchMessage(Handler.java:132)
03-11 21:50:42.243 26750 26750 E unknown:ReactHost: 	at android.os.Looper.dispatchMessage(Looper.java:333)
03-11 21:50:42.243 26750 26750 E unknown:ReactHost: 	at android.os.Looper.loopOnce(Looper.java:263)
03-11 21:50:42.243 26750 26750 E unknown:ReactHost: 	at android.os.Looper.loop(Looper.java:367)
03-11 21:50:42.243 26750 26750 E unknown:ReactHost: 	at android.app.ActivityThread.main(ActivityThread.java:9282)
03-11 21:50:42.243 26750 26750 E unknown:ReactHost: 	at java.lang.reflect.Method.invoke(Native Method)
03-11 21:50:42.243 26750 26750 E unknown:ReactHost: 	at com.android.internal.os.RuntimeInit$MethodAndArgsCaller.run(RuntimeInit.java:566)
03-11 21:50:42.243 26750 26750 E unknown:ReactHost: 	at com.android.internal.os.ZygoteInit.main(ZygoteInit.java:929)
03-11 21:50:42.245   686   830 I ImeTracker: com.mahfilfund.app:9f951cac: onRequestHide at ORIGIN_SERVER reason HIDE_UNSPECIFIED_WINDOW fromUser false
03-11 21:50:42.247 26750 26750 D InsetsController: hide(ime())
03-11 21:50:42.247 26750 26750 I ImeTracker: com.mahfilfund.app:9f951cac: onCancelled at PHASE_CLIENT_ALREADY_HIDDEN
03-11 21:50:42.248   686   784 I ImeTracker: system_server:fad7dfbc: onRequestHide at ORIGIN_SERVER reason IME_REQUESTED_CHANGED_LISTENER fromUser false
03-11 21:50:42.248   686   715 I ImeTracker: system_server:fad7dfbc: onCancelled at PHASE_SERVER_SHOULD_HIDE
03-11 21:50:42.248  6892  6892 I GoogleInputMethodService: GoogleInputMethodService.onFinishInput():2057 
03-11 21:50:42.248  6892  6892 I Module  : DeviceLockedStatusModuleProvider$Module.updateDeviceLockedStatus():100 repeatCheckTimes = 0, locked = false
03-11 21:50:42.249  6892  6892 I GoogleInputMethodService: GoogleInputMethodService.onStartInput():1318 onStartInput(EditorInfo{EditorInfo{packageName=com.mahfilfund.app, inputType=0, inputTypeString=NULL, enableLearning=false, autoCorrection=false, autoComplete=false, imeOptions=0, privateImeOptions=null, actionName=UNSPECIFIED, actionLabel=null, initialSelStart=-1, initialSelEnd=-1, initialCapsMode=0, label=null, fieldId=0, fieldName=null, extras=null, hintText=null, hintLocales=[]}}, false)
03-11 21:50:42.249  6892  6892 I Module  : DeviceLockedStatusModuleProvider$Module.updateDeviceLockedStatus():100 repeatCheckTimes = 1, locked = false
03-11 21:50:42.250   686   784 W PackageConfigPersister: App-specific configuration not found for packageName: com.mahfilfund.app and userId: 0
03-11 21:50:42.263 26750 26783 W unknown:BridgelessReact: ReactHost{0}.isMetroRunning(): Async result = true
03-11 21:50:42.264 26750 26773 W unknown:BridgelessReact: ReactHost{0}.loadJSBundleFromMetro()
03-11 21:50:42.276 26750 26750 D WindowOnBackDispatcher: setTopOnBackInvokedCallback (unwrapped): android.widget.PopupWindow$PopupDecorView$$ExternalSyntheticLambda1@2fb6f
03-11 21:50:42.276   686   705 D CoreBackPreview: Window{d6bd394 u0 PopupWindow:f2cf14d}: Setting back callback OnBackInvokedCallbackInfo{mCallback=android.window.IOnBackInvokedCallback$Stub$Proxy@e04e632, mPriority=0, mIsAnimationCallback=false, mOverrideBehavior=0}
03-11 21:50:42.276 26750 26750 I HWUI    : Using FreeType backend (prop=Auto)
03-11 21:50:42.299  1078  3423 W HWUI    : Failed to choose config with EGL_SWAP_BEHAVIOR_PRESERVED, retrying without...
03-11 21:50:42.299  1078  3423 W HWUI    : Failed to initialize 101010-2 format, error = EGL_SUCCESS
03-11 21:50:42.594   567   681 W libbinder.IPCThreadState: Sending oneway calls to frozen process.
03-11 21:50:42.606   686   705 I ImeTracker: system_server:f41eb272: onRequestHide at ORIGIN_SERVER reason IME_REQUESTED_CHANGED_LISTENER fromUser false
03-11 21:50:42.607   686   715 I ImeTracker: system_server:f41eb272: onCancelled at PHASE_SERVER_SHOULD_HIDE
03-11 21:50:42.608 26750 26785 W InteractionJankMonitor: Initializing without READ_DEVICE_CONFIG permission. enabled=false, interval=1, missedFrameThreshold=3, frameTimeThreshold=64, package=com.mahfilfund.app
03-11 21:50:42.649  1078  1218 W FrameTracker: Missed SF frame:JANK_COMPOSER, 1647594, 9499583, CUJ=J<SPLASHSCREEN_EXIT_ANIM>
03-11 21:50:42.649  1078  1218 W FrameTracker: Missed SF frame:JANK_COMPOSER, 1647616, 5648709, CUJ=J<SPLASHSCREEN_EXIT_ANIM>
03-11 21:50:42.649  1078  1218 W FrameTracker: Missed SF frame:JANK_COMPOSER, 1647768, 7567379, CUJ=J<SPLASHSCREEN_EXIT_ANIM>
03-11 21:50:42.649  1078  1218 W FrameTracker: Missed App frame:UNKNOWN: 3, 1647848, 33391965, CUJ=J<SPLASHSCREEN_EXIT_ANIM>
03-11 21:50:42.649  1078  1218 W FrameTracker: Missed SF frame:UNKNOWN: 3, 1647848, 33391965, CUJ=J<SPLASHSCREEN_EXIT_ANIM>
03-11 21:50:42.679  6766  7293 I FontLog : (REDACTED) Received query %s, URI %s
03-11 21:50:42.680  6766  7293 I FontLog : (REDACTED) Query [%s] resolved to %s
03-11 21:50:42.683  6766  7293 I FontLog : (REDACTED) Fetch %s end status %s
03-11 21:50:42.691  6766  7293 I FontLog : (REDACTED) Pulling font file for id = %d, cache size = %d
03-11 21:50:42.693  6766  7293 I FontLog : (REDACTED) Pulling font file for id = %d, cache size = %d
03-11 21:50:43.745 26750 26750 D WindowOnBackDispatcher: setTopOnBackInvokedCallback (unwrapped): null
03-11 21:50:43.746   686   784 D CoreBackPreview: Window{d6bd394 u0 PopupWindow:f2cf14d}: Setting back callback null
03-11 21:50:43.747 26750 26783 W unknown:BridgelessReact: ReactHost{0}.loadJSBundleFromMetro(): Creating BundleLoader
03-11 21:50:43.747 26750 26773 W unknown:BridgelessReact: ReactHost{0}.getOrCreateReactContext(): Creating BridgelessReactContext
03-11 21:50:43.748 26750 26773 W unknown:BridgelessReact: ReactHost{0}.getOrCreateReactInstanceTask(): Creating ReactInstance
03-11 21:50:43.758   686  1040 D BackgroundInstallControlService: Package event received: 0
03-11 21:50:43.762   686   784 D ActivityManager: sync unfroze 19674 com.android.vending for 6
03-11 21:50:43.766   686  1040 D BackgroundInstallControlService: Package event received: 0
03-11 21:50:43.774   686   784 D ActivityManager: sync unfroze 17739 com.android.vending:background for 6
03-11 21:50:43.794   686   705 W ProcessStats: Tracking association SourceState{581a5ee com.android.vending/10145 ImpBg #17391} whose proc state 6 is better than process ProcessState{8f40efb com.android.vending:background/10145 pkg=com.android.vending} proc state 14 (1 skipped)
03-11 21:50:43.794 26750 26798 D InstallReferrerState: OK
03-11 21:50:43.804 17739 17739 I Finsky:background: [2] Memory trim requested to level 40
03-11 21:50:43.805 19674 19674 I Finsky  : [2] Memory trim requested to level 40
03-11 21:50:43.808 19674 19674 I Finsky  : [2] Flushing in-memory image cache
03-11 21:50:43.813 26750 26773 W unknown:BridgelessReact: ReactHost{0}.getOrCreateReactInstanceTask(): Loading JS Bundle
03-11 21:50:43.813 26750 26773 W unknown:BridgelessReact: ReactHost{0}.getOrCreateReactInstanceTask(): Calling DevSupportManagerBase.onNewReactContextCreated(reactContext)
03-11 21:50:43.819 26750 26773 W unknown:BridgelessReact: ReactHost{0}.startSurface(surfaceId = 0): Execute
03-11 21:50:43.820 26750 26750 W unknown:ReactNative: Packager connection already open, nooping.
03-11 21:50:43.820 26750 26750 W unknown:BridgelessReact: ReactContext.onHostResume()
03-11 21:50:43.820 26750 26750 W unknown:BridgelessReact: ReactHost{0}.getOrCreateReactInstanceTask(): Executing ReactInstanceEventListeners
03-11 21:50:43.955 26750 26796 I WebViewFactory: Loading com.google.android.webview version 134.0.6998.135 (code 699813532)
03-11 21:50:43.958 26750 26796 V ResourcesManager: The following library key has been added: ResourcesKey{ mHash=cdb9a217 mResDir=null mSplitDirs=[] mOverlayDirs=[] mLibDirs=[/data/app/~~oPHDSUVLx8Uu4FEW8gfZAg==/com.google.android.webview-2P2lqU3o30Ugc9V1WsdoYA==/WebViewGoogle.apk,/data/app/~~Zmgg2nv_aONKh4nxxbXqNw==/com.google.android.trichromelibrary_699813532-1uXSaqQ09hpRzdo27rzlOw==/TrichromeLibrary.apk,/system_ext/framework/androidx.window.extensions.jar] mDisplayId=0 mOverrideConfig=v36 mCompatInfo={420dpi always-compat} mLoaders=[]}
03-11 21:50:43.959 26750 26796 W .mahfilfund.app: Failed to find entry 'classes.dex': Entry not found
03-11 21:50:43.959 26750 26796 D nativeloader: Configuring clns-10 for other apk /data/app/~~Zmgg2nv_aONKh4nxxbXqNw==/com.google.android.trichromelibrary_699813532-1uXSaqQ09hpRzdo27rzlOw==/TrichromeLibrary.apk. target_sdk_version=35, uses_libraries=ALL, library_path=/data/app/~~oPHDSUVLx8Uu4FEW8gfZAg==/com.google.android.webview-2P2lqU3o30Ugc9V1WsdoYA==/lib/arm64:/data/app/~~oPHDSUVLx8Uu4FEW8gfZAg==/com.google.android.webview-2P2lqU3o30Ugc9V1WsdoYA==/WebViewGoogle.apk!/lib/arm64-v8a:/data/app/~~Zmgg2nv_aONKh4nxxbXqNw==/com.google.android.trichromelibrary_699813532-1uXSaqQ09hpRzdo27rzlOw==/TrichromeLibrary.apk!/lib/arm64-v8a, permitted_path=/data:/mnt/expand
03-11 21:50:43.959 26750 26796 D ApplicationLoaders: Returning zygote-cached class loader: /system_ext/framework/androidx.window.extensions.jar
03-11 21:50:43.962  1255  1320 D SatelliteController: iisInCarrierRoamingNbIotNtn: satellite is disabled
03-11 21:50:43.965 26750 26796 D nativeloader: Configuring clns-11 for other apk /data/app/~~oPHDSUVLx8Uu4FEW8gfZAg==/com.google.android.webview-2P2lqU3o30Ugc9V1WsdoYA==/WebViewGoogle.apk. target_sdk_version=35, uses_libraries=, library_path=/data/app/~~oPHDSUVLx8Uu4FEW8gfZAg==/com.google.android.webview-2P2lqU3o30Ugc9V1WsdoYA==/lib/arm64:/data/app/~~oPHDSUVLx8Uu4FEW8gfZAg==/com.google.android.webview-2P2lqU3o30Ugc9V1WsdoYA==/WebViewGoogle.apk!/lib/arm64-v8a:/data/app/~~Zmgg2nv_aONKh4nxxbXqNw==/com.google.android.trichromelibrary_699813532-1uXSaqQ09hpRzdo27rzlOw==/TrichromeLibrary.apk!/lib/arm64-v8a, permitted_path=/data:/mnt/expand
03-11 21:50:43.967  1255  1320 D SatelliteController: getCarrierRoamingNtnConnectType: Falling back to global carrier config connect type: 0
03-11 21:50:43.994 26750 26796 I .mahfilfund.app: Waiting for a blocking GC ClassLinker
03-11 21:50:44.008 19674 19692 I Finsky  : [50] WM::SCH: Logging work initialize for 12-1
03-11 21:50:44.014 19674 19700 I Finsky  : [58] SCH: Scheduling phonesky job Id: 12-1, CT: 1773241698483, Constraints: [{ L: 15000, D: 86400000, C: CHARGING_NONE, I: IDLE_NONE, N: NET_ANY, B: BATTERY_ANY }, { L: 0, D: 0, C: CHARGING_NONE, I: IDLE_NONE, N: NET_NONE, B: BATTERY_ANY }]
03-11 21:50:44.018 19674 19699 I Finsky  : [57] SCH: Scheduling 2 system job(s)
03-11 21:50:44.018 19674 19699 I Finsky  : [57] SCH: Scheduling expedited system job 9425
03-11 21:50:44.024 26750 26795 I .mahfilfund.app: Waiting for a blocking GC ClassLinker
03-11 21:50:44.025 19674 19699 I Finsky  : [57] SCH: Scheduling system job Id: 9426, L: 0, D: 54768446, C: false, I: false, N: 1
03-11 21:50:44.025 19674 19674 I Finsky  : [2] SCH: job service start with id 9425.
03-11 21:50:44.026 19674 19674 I Finsky  : [2] SCH: job service start with id 9426.
03-11 21:50:44.031 19674 26803 I Finsky  : [289] SCH: Satisfied jobs for 9425 are: 12-1
03-11 21:50:44.033 19674 19695 I Finsky  : [53] [ContentSync] finished, scheduled=true
03-11 21:50:44.033 19674 26803 I Finsky  : [289] SCH: Satisfied jobs for 9426 are: 12-1
03-11 21:50:44.035 19674 26804 I Finsky  : [290] SCH: Job 12-1 starting
03-11 21:50:44.036 19674 19674 I Finsky  : [2] WM::SCH: Logging work start for 12-1
03-11 21:50:44.036 19674 19674 I Finsky  : [2] [ContentSync] job started
03-11 21:50:44.044 26750 26758 W .mahfilfund.app: userfaultfd: MOVE ioctl seems unsupported: Connection timed out
03-11 21:50:44.052 26750 26796 I .mahfilfund.app: WaitForGcToComplete blocked ClassLinker on NativeAlloc for 58.150ms
03-11 21:50:44.057 26750 26795 I .mahfilfund.app: WaitForGcToComplete blocked ClassLinker on ClassLinker for 33.334ms
03-11 21:50:44.059 26750 26795 W unknown:ViewManagerPropertyUpdater: Could not find generated setter for class com.th3rdwave.safeareacontext.SafeAreaProviderManager
03-11 21:50:44.060 26750 26795 W unknown:ViewManagerPropertyUpdater: Could not find generated setter for class com.facebook.react.uimanager.LayoutShadowNode
03-11 21:50:44.067 26750 26796 I cr_WVCFactoryProvider: version=134.0.6998.135 (699813532) minSdkVersion=29 isBundle=false multiprocess=true packageId=2
03-11 21:50:44.075 26750 26796 D nativeloader: Load /data/app/~~Zmgg2nv_aONKh4nxxbXqNw==/com.google.android.trichromelibrary_699813532-1uXSaqQ09hpRzdo27rzlOw==/TrichromeLibrary.apk!/lib/arm64-v8a/libmonochrome_64.so using class loader ns clns-11 (caller=/data/app/~~oPHDSUVLx8Uu4FEW8gfZAg==/com.google.android.webview-2P2lqU3o30Ugc9V1WsdoYA==/WebViewGoogle.apk): ok
03-11 21:50:44.076 26750 26796 D nativeloader: Load /system/lib64/libwebviewchromium_plat_support.so using class loader ns clns-11 (caller=/data/app/~~oPHDSUVLx8Uu4FEW8gfZAg==/com.google.android.webview-2P2lqU3o30Ugc9V1WsdoYA==/WebViewGoogle.apk): ok
03-11 21:50:44.081 26750 26795 W unknown:ViewManagerPropertyUpdater: Could not find generated setter for class com.swmansion.rnscreens.SearchBarManager
03-11 21:50:44.082 26750 26795 W unknown:ViewManagerPropertyUpdater: Could not find generated setter for class com.swmansion.rnscreens.ScreenFooterManager
03-11 21:50:44.082 26750 26795 W unknown:ViewManagerPropertyUpdater: Could not find generated setter for class com.swmansion.rnscreens.ScreenContainerViewManager
03-11 21:50:44.082 26750 26795 W unknown:ViewManagerPropertyUpdater: Could not find generated setter for class com.dylanvann.fastimage.FastImageViewManager
03-11 21:50:44.082 26750 26795 W unknown:ViewManagerPropertyUpdater: Could not find generated setter for class com.reactnativecommunity.webview.RNCWebViewManager
03-11 21:50:44.084 26750 26795 W unknown:ViewManagerPropertyUpdater: Could not find generated setter for class com.swmansion.rnscreens.ModalScreenViewManager
03-11 21:50:44.084 26750 26795 W unknown:ViewManagerPropertyUpdater: Could not find generated setter for class com.swmansion.rnscreens.ScreenStackHeaderConfigViewManager
03-11 21:50:44.085 26750 26795 W unknown:ViewManagerPropertyUpdater: Could not find generated setter for class com.swmansion.rnscreens.ScreenContentWrapperManager
03-11 21:50:44.090 26750 26811 E chromium: [ERROR:variations_seed_loader.cc(39)] Seed missing signature.
03-11 21:50:44.090 26750 26811 I chromium: [INFO:variations_seed_loader.cc(67)] Failed to open file for reading.: No such file or directory (2)
03-11 21:50:44.092 26750 26796 I cr_LibraryLoader: Successfully loaded native library
03-11 21:50:44.093 26750 26796 I cr_CachingUmaRecorder: Flushed 6 samples from 6 histograms, 0 samples were dropped.
03-11 21:50:44.095 26750 26795 W unknown:ViewManagerPropertyUpdater: Could not find generated setter for class com.swmansion.rnscreens.gamma.tabs.TabsScreenViewManager
03-11 21:50:44.096 26750 26795 W unknown:ViewManagerPropertyUpdater: Could not find generated setter for class com.th3rdwave.safeareacontext.SafeAreaViewManager
03-11 21:50:44.096 26750 26795 W unknown:ViewManagerPropertyUpdater: Could not find generated setter for class com.th3rdwave.safeareacontext.SafeAreaViewShadowNode
03-11 21:50:44.097 26750 26795 W unknown:ViewManagerPropertyUpdater: Could not find generated setter for class com.swmansion.rnscreens.safearea.SafeAreaViewManager
03-11 21:50:44.097 26750 26795 W unknown:ViewManagerPropertyUpdater: Could not find generated setter for class com.swmansion.rnscreens.safearea.paper.SafeAreaViewShadowNode
03-11 21:50:44.097 26750 26795 W unknown:ViewManagerPropertyUpdater: Could not find generated setter for class com.shopify.reactnative.flash_list.AutoLayoutViewManager
03-11 21:50:44.101 26750 26795 W unknown:ViewManagerPropertyUpdater: Could not find generated setter for class com.shopify.reactnative.flash_list.CellContainerManager
03-11 21:50:44.101 26750 26795 W unknown:ViewManagerPropertyUpdater: Could not find generated setter for class com.swmansion.rnscreens.ScreenViewManager
03-11 21:50:44.101 26750 26795 W unknown:ViewManagerPropertyUpdater: Could not find generated setter for class com.reactnativepagerview.PagerViewViewManager
03-11 21:50:44.102 26750 26795 W unknown:ViewManagerPropertyUpdater: Could not find generated setter for class com.swmansion.rnscreens.gamma.stack.host.StackHostViewManager
03-11 21:50:44.102 26750 26795 W unknown:ViewManagerPropertyUpdater: Could not find generated setter for class com.swmansion.rnscreens.ScreenStackHeaderSubviewManager
03-11 21:50:44.102 26750 26795 W unknown:ViewManagerPropertyUpdater: Could not find generated setter for class com.swmansion.rnscreens.gamma.stack.screen.StackScreenViewManager
03-11 21:50:44.102 26750 26795 W unknown:ViewManagerPropertyUpdater: Could not find generated setter for class com.swmansion.rnscreens.ScreenStackViewManager
03-11 21:50:44.103 26750 26795 W unknown:ViewManagerPropertyUpdater: Could not find generated setter for class com.swmansion.rnscreens.gamma.tabs.TabsHostViewManager
03-11 21:50:44.121 19674 26805 I Finsky  : [291] App states replicator found 6 unowned apps
03-11 21:50:44.141 19674 19702 I Finsky  : [60] Completed 0 account content syncs with 0 successful.
03-11 21:50:44.148 19674 19674 I Finsky  : [2] [ContentSync] Installation state replication succeeded.
03-11 21:50:44.148 19674 19674 I Finsky  : [2] SCH: jobFinished: 12-1. TimeElapsed: 113ms.
03-11 21:50:44.149 19674 19674 I Finsky  : [2] WM::SCH: Logging work end for 12-1
03-11 21:50:44.159 19674 19702 I Finsky  : [60] SCH: Scheduling phonesky job Id: 26-1414141414, CT: 1773205970473, Constraints: [{ L: 43200000, D: 44100000, C: CHARGING_NONE, I: IDLE_NONE, N: NET_NONE, B: BATTERY_ANY }]
03-11 21:50:44.171 19674 19700 I Finsky  : [58] SCH: Scheduling 1 system job(s)
03-11 21:50:44.171 19674 19700 W JobInfo : Job 'com.android.vending/com.google.android.finsky.scheduler.process.mainimpl.PhoneskyJobServiceMain#9429' has a deadline with no functional constraints. The deadline won't improve job execution latency. Consider removing the deadline.
03-11 21:50:44.171 19674 19700 I Finsky  : [58] SCH: Scheduling system job Id: 9429, L: 4926302, D: 5826302, C: false, I: false, N: 0
03-11 21:50:44.171   686   705 W JobInfo : Job 'com.android.vending/com.google.android.finsky.scheduler.process.mainimpl.PhoneskyJobServiceMain#9429' has a deadline with no functional constraints. The deadline won't improve job execution latency. Consider removing the deadline.
03-11 21:50:44.172 26750 26795 W unknown:ViewManagerPropertyUpdater: Could not find generated setter for class com.horcrux.svg.RenderableViewManager$FeMergeManager
03-11 21:50:44.174 26750 26795 W unknown:ViewManagerPropertyUpdater: Could not find generated setter for class com.horcrux.svg.VirtualViewManager$RenderableShadowNode
03-11 21:50:44.175 19674 19698 I Finsky  : [56] SCH: Scheduling phonesky job Id: 1-1337, CT: 1773223618597, Constraints: [{ L: 32193873, D: 75393873, C: CHARGING_NONE, I: IDLE_NONE, N: NET_ANY, B: BATTERY_ANY }]
03-11 21:50:44.176 26750 26795 W unknown:ViewManagerPropertyUpdater: Could not find generated setter for class com.facebook.react.views.safeareaview.ReactSafeAreaViewManager
03-11 21:50:44.176 26750 26795 W unknown:ViewManagerPropertyUpdater: Could not find generated setter for class com.facebook.react.views.safeareaview.ReactSafeAreaViewShadowNode
03-11 21:50:44.177 19674 26804 I Finsky  : [290] SCH: job service finished with id 9425.
03-11 21:50:44.177 19674 19700 I Finsky  : [58] SCH: Scheduling 1 system job(s)
03-11 21:50:44.177 19674 19700 I Finsky  : [58] SCH: Scheduling system job Id: 9430, L: 11568293, D: 54768293, C: false, I: false, N: 1
03-11 21:50:44.180 26750 26795 W unknown:ViewManagerPropertyUpdater: Could not find generated setter for class com.horcrux.svg.RenderableViewManager$LinearGradientManager
03-11 21:50:44.181 19674 26804 I Finsky  : [290] SCH: job service finished with id 9426.
03-11 21:50:44.183 17739 17739 I Finsky:background: [2] Memory trim requested to level 40
03-11 21:50:44.183 19674 19674 I Finsky  : [2] Memory trim requested to level 40
03-11 21:50:44.183 19674 19674 I Finsky  : [2] Flushing in-memory image cache
03-11 21:50:44.184 26750 26795 W unknown:ViewManagerPropertyUpdater: Could not find generated setter for class com.facebook.react.views.progressbar.ReactProgressBarViewManager
03-11 21:50:44.185 26750 26795 W unknown:ViewManagerPropertyUpdater: Could not find generated setter for class com.facebook.react.views.progressbar.ProgressBarShadowNode
03-11 21:50:44.186 26750 26795 W unknown:ViewManagerPropertyUpdater: Could not find generated setter for class com.horcrux.svg.RenderableViewManager$FeColorMatrixManager
03-11 21:50:44.187 26750 26795 W unknown:ViewManagerPropertyUpdater: Could not find generated setter for class com.horcrux.svg.RenderableViewManager$SymbolManager
03-11 21:50:44.189 26750 26795 W unknown:ViewManagerPropertyUpdater: Could not find generated setter for class com.horcrux.svg.RenderableViewManager$PatternManager
03-11 21:50:44.192 26750 26795 W unknown:ViewManagerPropertyUpdater: Could not find generated setter for class com.horcrux.svg.SvgViewManager
03-11 21:50:44.193 26750 26795 W unknown:ViewManagerPropertyUpdater: Could not find generated setter for class com.facebook.react.views.switchview.ReactSwitchManager
03-11 21:50:44.194 26750 26795 W unknown:ViewManagerPropertyUpdater: Could not find generated setter for class com.facebook.react.views.switchview.ReactSwitchShadowNode
03-11 21:50:44.195 26750 26795 W unknown:ViewManagerPropertyUpdater: Could not find generated setter for class com.horcrux.svg.RenderableViewManager$UseViewManager
03-11 21:50:44.196 26750 26795 W unknown:ViewManagerPropertyUpdater: Could not find generated setter for class com.horcrux.svg.RenderableViewManager$TSpanViewManager
03-11 21:50:44.198 26750 26795 W unknown:ViewManagerPropertyUpdater: Could not find generated setter for class com.horcrux.svg.RenderableViewManager$FilterManager
03-11 21:50:44.199 26750 26795 W unknown:ViewManagerPropertyUpdater: Could not find generated setter for class com.horcrux.svg.RenderableViewManager$MarkerManager
03-11 21:50:44.201 26750 26795 W unknown:ViewManagerPropertyUpdater: Could not find generated setter for class com.swmansion.gesturehandler.react.RNGestureHandlerButtonViewManager
03-11 21:50:44.202 26750 26795 W unknown:ViewManagerPropertyUpdater: Could not find generated setter for class com.horcrux.svg.RenderableViewManager$ForeignObjectManager
03-11 21:50:44.204 26750 26795 W unknown:ViewManagerPropertyUpdater: Could not find generated setter for class com.horcrux.svg.RenderableViewManager$GroupViewManager
03-11 21:50:44.207 26750 26795 W unknown:ViewManagerPropertyUpdater: Could not find generated setter for class com.horcrux.svg.RenderableViewManager$TextViewManager
03-11 21:50:44.208 26750 26795 W unknown:ViewManagerPropertyUpdater: Could not find generated setter for class com.horcrux.svg.RenderableViewManager$ImageViewManager
03-11 21:50:44.210 26750 26795 W unknown:ViewManagerPropertyUpdater: Could not find generated setter for class com.horcrux.svg.RenderableViewManager$FeCompositeManager
03-11 21:50:44.212 26750 26795 W unknown:ViewManagerPropertyUpdater: Could not find generated setter for class com.horcrux.svg.RenderableViewManager$RadialGradientManager
03-11 21:50:44.213 26750 26795 W unknown:ViewManagerPropertyUpdater: Could not find generated setter for class com.facebook.react.views.unimplementedview.ReactUnimplementedViewManager
03-11 21:50:44.217 26750 26795 W unknown:ViewManagerPropertyUpdater: Could not find generated setter for class com.horcrux.svg.RenderableViewManager$FeOffsetManager
03-11 21:50:44.218 26750 26795 W unknown:ViewManagerPropertyUpdater: Could not find generated setter for class com.horcrux.svg.RenderableViewManager$PathViewManager
03-11 21:50:44.219 26750 26795 W unknown:ViewManagerPropertyUpdater: Could not find generated setter for class com.facebook.react.views.drawer.ReactDrawerLayoutManager
03-11 21:50:44.221 26750 26795 W unknown:ViewManagerPropertyUpdater: Could not find generated setter for class com.facebook.react.views.textinput.ReactTextInputManager
03-11 21:50:44.222 26750 26795 W unknown:ViewManagerPropertyUpdater: Could not find generated setter for class com.facebook.react.views.textinput.ReactTextInputShadowNode
03-11 21:50:44.224 26750 26795 W unknown:ViewManagerPropertyUpdater: Could not find generated setter for class com.horcrux.svg.RenderableViewManager$DefsViewManager
03-11 21:50:44.225 26750 26795 W unknown:ViewManagerPropertyUpdater: Could not find generated setter for class com.facebook.react.views.debuggingoverlay.DebuggingOverlayManager
03-11 21:50:44.226 26750 26795 W unknown:ViewManagerPropertyUpdater: Could not find generated setter for class com.horcrux.svg.RenderableViewManager$FeGaussianBlurManager
03-11 21:50:44.227 26750 26795 W unknown:ViewManagerPropertyUpdater: Could not find generated setter for class com.facebook.react.views.scroll.ReactHorizontalScrollViewManager
03-11 21:50:44.230 26750 26795 W unknown:ViewManagerPropertyUpdater: Could not find generated setter for class com.facebook.react.views.text.ReactTextViewManager
03-11 21:50:44.230 26750 26795 W unknown:ViewManagerPropertyUpdater: Could not find generated setter for class com.facebook.react.views.text.ReactTextShadowNode
03-11 21:50:44.231 26750 26795 W unknown:ViewManagerPropertyUpdater: Could not find generated setter for class com.facebook.react.views.scroll.ReactHorizontalScrollContainerViewManager
03-11 21:50:44.235 26750 26795 W unknown:ViewManagerPropertyUpdater: Could not find generated setter for class com.horcrux.svg.RenderableViewManager$ClipPathViewManager
03-11 21:50:44.238 26750 26795 W unknown:ViewManagerPropertyUpdater: Could not find generated setter for class com.horcrux.svg.RenderableViewManager$FeBlendManager
03-11 21:50:44.239 26750 26795 W unknown:ViewManagerPropertyUpdater: Could not find generated setter for class com.facebook.react.views.view.ReactViewManager
03-11 21:50:44.240 26750 26795 W unknown:ViewManagerPropertyUpdater: Could not find generated setter for class com.horcrux.svg.RenderableViewManager$CircleViewManager
03-11 21:50:44.244 26750 26795 W unknown:ViewManagerPropertyUpdater: Could not find generated setter for class com.facebook.react.views.modal.ReactModalHostManager
03-11 21:50:44.247 19674 19693 I Finsky  : [51] WM::SCH: Logging work initialize for 12-1
03-11 21:50:44.247 26750 26795 W unknown:ViewManagerPropertyUpdater: Could not find generated setter for class com.horcrux.svg.RenderableViewManager$EllipseViewManager
03-11 21:50:44.249 19674 19702 I Finsky  : [60] SCH: Scheduling phonesky job Id: 12-1, CT: 1773241682998, Constraints: [{ L: 15000, D: 86400000, C: CHARGING_NONE, I: IDLE_NONE, N: NET_ANY, B: BATTERY_ANY }, { L: 0, D: 0, C: CHARGING_NONE, I: IDLE_NONE, N: NET_NONE, B: BATTERY_ANY }]
03-11 21:50:44.249 19674 19698 I Finsky  : [56] SCH: Scheduling 2 system job(s)
03-11 21:50:44.249 19674 19698 I Finsky  : [56] SCH: Scheduling expedited system job 9429
03-11 21:50:44.251 19674 19698 I Finsky  : [56] SCH: Scheduling system job Id: 9430, L: 0, D: 54768219, C: false, I: false, N: 1
03-11 21:50:44.252 19674 19674 I Finsky  : [2] SCH: job service start with id 9429.
03-11 21:50:44.253 19674 26803 I Finsky  : [289] SCH: Satisfied jobs for 9429 are: 12-1
03-11 21:50:44.253 19674 26804 I Finsky  : [290] SCH: Job 12-1 starting
03-11 21:50:44.254 19674 19674 I Finsky  : [2] WM::SCH: Logging work start for 12-1
03-11 21:50:44.254 19674 19674 I Finsky  : [2] [ContentSync] job started
03-11 21:50:44.255 19674 19674 I Finsky  : [2] SCH: job service start with id 9430.
03-11 21:50:44.260 26750 26795 W unknown:ViewManagerPropertyUpdater: Could not find generated setter for class com.horcrux.svg.RenderableViewManager$LineViewManager
03-11 21:50:44.263 19674 19695 I Finsky  : [53] [ContentSync] finished, scheduled=true
03-11 21:50:44.265 26750 26795 W unknown:ViewManagerPropertyUpdater: Could not find generated setter for class com.facebook.react.views.text.frescosupport.FrescoBasedReactTextInlineImageViewManager
03-11 21:50:44.266 26750 26795 W unknown:ViewManagerPropertyUpdater: Could not find generated setter for class com.facebook.react.views.text.frescosupport.FrescoBasedReactTextInlineImageShadowNode
03-11 21:50:44.266 19674 26803 I Finsky  : [289] SCH: Satisfied jobs for 9430 are: 12-1
03-11 21:50:44.267 26750 26795 W unknown:ViewManagerPropertyUpdater: Could not find generated setter for class com.horcrux.svg.RenderableViewManager$FeFloodManager
03-11 21:50:44.274 26750 26795 W unknown:ViewManagerPropertyUpdater: Could not find generated setter for class com.facebook.react.views.image.ReactImageManager
03-11 21:50:44.278 26750 26795 W unknown:ViewManagerPropertyUpdater: Could not find generated setter for class com.horcrux.svg.RenderableViewManager$MaskManager
03-11 21:50:44.282 26750 26795 W unknown:ViewManagerPropertyUpdater: Could not find generated setter for class com.horcrux.svg.RenderableViewManager$RectViewManager
03-11 21:50:44.287 26750 26795 W unknown:ViewManagerPropertyUpdater: Could not find generated setter for class com.horcrux.svg.RenderableViewManager$TextPathViewManager
03-11 21:50:44.293 26750 26795 W unknown:ViewManagerPropertyUpdater: Could not find generated setter for class com.facebook.react.views.scroll.ReactScrollViewManager
03-11 21:50:44.296 19674 26805 I Finsky  : [291] App states replicator found 6 unowned apps
03-11 21:50:44.296 26750 26795 W unknown:ViewManagerPropertyUpdater: Could not find generated setter for class com.facebook.react.views.text.ReactVirtualTextViewManager
03-11 21:50:44.297 26750 26795 W unknown:ViewManagerPropertyUpdater: Could not find generated setter for class com.facebook.react.views.text.ReactVirtualTextShadowNode
03-11 21:50:44.298 19674 19699 I Finsky  : [57] Completed 0 account content syncs with 0 successful.
03-11 21:50:44.298 19674 19674 I Finsky  : [2] [ContentSync] Installation state replication succeeded.
03-11 21:50:44.298 19674 19674 I Finsky  : [2] SCH: jobFinished: 12-1. TimeElapsed: 45ms.
03-11 21:50:44.298 19674 19674 I Finsky  : [2] WM::SCH: Logging work end for 12-1
03-11 21:50:44.302 26750 26795 W unknown:ViewManagerPropertyUpdater: Could not find generated setter for class com.facebook.react.views.swiperefresh.SwipeRefreshLayoutManager
03-11 21:50:44.303 19674 19699 I Finsky  : [57] SCH: Scheduling phonesky job Id: 26-1414141414, CT: 1773205970473, Constraints: [{ L: 43200000, D: 44100000, C: CHARGING_NONE, I: IDLE_NONE, N: NET_NONE, B: BATTERY_ANY }]
03-11 21:50:44.304 19674 19700 I Finsky  : [58] SCH: Scheduling 1 system job(s)
03-11 21:50:44.304 19674 19700 W JobInfo : Job 'com.android.vending/com.google.android.finsky.scheduler.process.mainimpl.PhoneskyJobServiceMain#9433' has a deadline with no functional constraints. The deadline won't improve job execution latency. Consider removing the deadline.
03-11 21:50:44.304 19674 19700 I Finsky  : [58] SCH: Scheduling system job Id: 9433, L: 4926169, D: 5826169, C: false, I: false, N: 0
03-11 21:50:44.304   686   704 W JobInfo : Job 'com.android.vending/com.google.android.finsky.scheduler.process.mainimpl.PhoneskyJobServiceMain#9433' has a deadline with no functional constraints. The deadline won't improve job execution latency. Consider removing the deadline.
03-11 21:50:44.305 19674 19698 I Finsky  : [56] SCH: Scheduling phonesky job Id: 1-1337, CT: 1773223618597, Constraints: [{ L: 32193873, D: 75393873, C: CHARGING_NONE, I: IDLE_NONE, N: NET_ANY, B: BATTERY_ANY }]
03-11 21:50:44.305 19674 26804 I Finsky  : [290] SCH: job service finished with id 9429.
03-11 21:50:44.306 19674 19700 I Finsky  : [58] SCH: Scheduling 1 system job(s)
03-11 21:50:44.306 19674 19700 I Finsky  : [58] SCH: Scheduling system job Id: 9434, L: 11568164, D: 54768164, C: false, I: false, N: 1
03-11 21:50:44.307 19674 26804 I Finsky  : [290] SCH: job service finished with id 9430.
03-11 21:50:44.308 19674 19674 I Finsky  : [2] Memory trim requested to level 40
03-11 21:50:44.308 19674 19674 I Finsky  : [2] Flushing in-memory image cache
03-11 21:50:44.308 17739 17739 I Finsky:background: [2] Memory trim requested to level 40
03-11 21:50:44.308 26750 26795 W unknown:ViewManagerPropertyUpdater: Could not find generated setter for class com.facebook.react.views.text.ReactRawTextManager
03-11 21:50:44.308 26750 26795 W unknown:ViewManagerPropertyUpdater: Could not find generated setter for class com.facebook.react.views.text.ReactRawTextShadowNode
03-11 21:50:44.309 26750 26795 W unknown:ViewManagerPropertyUpdater: Could not find generated setter for class com.swmansion.gesturehandler.react.RNGestureHandlerRootViewManager
03-11 21:50:44.346 26750 26795 I RNMMKV  : Initializing MMKV at /data/user/0/com.mahfilfund.app/files/mmkv...
03-11 21:50:44.348 26750 26795 I RNMMKV  : Creating MMKV instance "mmkv.default"... (Path: , Encrypted: false)
03-11 21:50:44.356 26750 26795 I ReactNativeJS: 🌐 i18next is made possible by our own product, Locize — consider powering your project with managed localization (AI, CDN, integrations): https://locize.com 💙
03-11 21:50:44.361 26750 26795 I ReactNativeJS: Running "mahfilFund" with {"rootTag":11,"initialProps":{},"fabric":true}
03-11 21:50:44.518 26750 26795 D nativeloader: Load /data/app/~~WyOcgC4LdlBsTZsDdB-xEQ==/com.mahfilfund.app-uBEj0Mf85eFOPoJIlmgWMg==/base.apk!/lib/arm64-v8a/libworklets.so using class loader ns clns-9 (caller=/data/app/~~WyOcgC4LdlBsTZsDdB-xEQ==/com.mahfilfund.app-uBEj0Mf85eFOPoJIlmgWMg==/base.apk): ok
03-11 21:50:44.526 26750 26795 D nativeloader: Load /data/app/~~WyOcgC4LdlBsTZsDdB-xEQ==/com.mahfilfund.app-uBEj0Mf85eFOPoJIlmgWMg==/base.apk!/lib/arm64-v8a/libreanimated.so using class loader ns clns-9 (caller=/data/app/~~WyOcgC4LdlBsTZsDdB-xEQ==/com.mahfilfund.app-uBEj0Mf85eFOPoJIlmgWMg==/base.apk): ok
03-11 21:50:44.526 26750 26795 W .mahfilfund.app: CheckJNI: method to register "installJSIBindings" not in the given class. This is slow, consider changing your RegisterNatives calls.
03-11 21:50:44.677 26750 26795 D nativeloader: Load /data/app/~~WyOcgC4LdlBsTZsDdB-xEQ==/com.mahfilfund.app-uBEj0Mf85eFOPoJIlmgWMg==/base.apk!/lib/arm64-v8a/librnscreens.so using class loader ns clns-9 (caller=/data/app/~~WyOcgC4LdlBsTZsDdB-xEQ==/com.mahfilfund.app-uBEj0Mf85eFOPoJIlmgWMg==/base.apk!classes14.dex): ok
03-11 21:50:44.774   686   704 D ConnectivityService: requestNetwork for uid/pid:10220/26750 activeRequest: null callbackRequest: 523 [NetworkRequest [ REQUEST id=524, [ Capabilities: INTERNET&NOT_RESTRICTED&TRUSTED&NOT_VCN_MANAGED&NOT_BANDWIDTH_CONSTRAINED Uid: 10220 RequestorUid: 10220 RequestorPkg: com.mahfilfund.app UnderlyingNetworks: Null] ]] callback flags: 0 order: 2147483647 isUidTracked: false declaredMethods: AVAIL|LOST
03-11 21:50:44.775   686   991 D ConnectivityService: NetReassign [524 : null → 100] [c 0] [a 0] [i 0]
03-11 21:50:44.775   686   981 D WifiNetworkFactory: got request NetworkRequest [ REQUEST id=524, [ Capabilities: INTERNET&NOT_RESTRICTED&TRUSTED&NOT_VCN_MANAGED&NOT_BANDWIDTH_CONSTRAINED Uid: 10220 RequestorUid: 10220 RequestorPkg: com.mahfilfund.app UnderlyingNetworks: Null] ]
03-11 21:50:44.775   686   981 D UntrustedWifiNetworkFactory: got request NetworkRequest [ REQUEST id=524, [ Capabilities: INTERNET&NOT_RESTRICTED&TRUSTED&NOT_VCN_MANAGED&NOT_BANDWIDTH_CONSTRAINED Uid: 10220 RequestorUid: 10220 RequestorPkg: com.mahfilfund.app UnderlyingNetworks: Null] ]
03-11 21:50:44.775   686   981 D OemPaidWifiNetworkFactory: got request NetworkRequest [ REQUEST id=524, [ Capabilities: INTERNET&NOT_RESTRICTED&TRUSTED&NOT_VCN_MANAGED&NOT_BANDWIDTH_CONSTRAINED Uid: 10220 RequestorUid: 10220 RequestorPkg: com.mahfilfund.app UnderlyingNetworks: Null] ]
03-11 21:50:44.775   686   981 D MultiInternetWifiNetworkFactory: got request NetworkRequest [ REQUEST id=524, [ Capabilities: INTERNET&NOT_RESTRICTED&TRUSTED&NOT_VCN_MANAGED&NOT_BANDWIDTH_CONSTRAINED Uid: 10220 RequestorUid: 10220 RequestorPkg: com.mahfilfund.app UnderlyingNetworks: Null] ]
03-11 21:50:44.783 26750 26795 E ReactNative: /Users/sohantalukder/Development/Practices/Mahfil Fund/apps/mobile/node_modules/react-native-screens/android/src/main/jni/../../../../common/cpp/react/renderer/components/rnscreens/RNSScreenComponentDescriptor.h:54: function adopt: assertion failed (dynamic_cast<const RNSScreenProps *>( screenShadowNode.getProps().get()))
03-11 21:50:44.783 26750 26795 F ReactNative: /Users/sohantalukder/Development/Practices/Mahfil Fund/apps/mobile/node_modules/react-native-screens/android/src/main/jni/../../../../common/cpp/react/renderer/components/rnscreens/RNSScreenComponentDescriptor.h:54: function adopt: assertion failed (dynamic_cast<const RNSScreenProps *>( screenShadowNode.getProps().get()))
03-11 21:50:44.917   686  3227 E TaskPersister: File error accessing recents directory (directory doesn't exist?).
03-11 21:50:44.919 26750 26795 F .mahfilfund.app: runtime.cc:714] Runtime aborting...
03-11 21:50:44.919 26750 26795 F .mahfilfund.app: runtime.cc:714] Dumping all threads without mutator lock held
03-11 21:50:44.919 26750 26795 F .mahfilfund.app: runtime.cc:714] All threads:
03-11 21:50:44.919 26750 26795 F .mahfilfund.app: runtime.cc:714] DALVIK THREADS (45):
03-11 21:50:44.919 26750 26795 F .mahfilfund.app: runtime.cc:714] "main" prio=10 tid=1 Native
03-11 21:50:44.919 26750 26795 F .mahfilfund.app: runtime.cc:714]   | group="" sCount=1 ucsCount=0 flags=1 obj=0x0 self=0xb400007be5607be0
03-11 21:50:44.919 26750 26795 F .mahfilfund.app: runtime.cc:714]   | sysTid=26750 nice=-10 cgrp=top-app sched=0/0 handle=0x7d5072d060
03-11 21:50:44.919 26750 26795 F .mahfilfund.app: runtime.cc:714]   | state=S schedstat=( 470581916 303157424 869 ) utm=41 stm=6 core=0 HZ=100
03-11 21:50:44.919 26750 26795 F .mahfilfund.app: runtime.cc:714]   | stack=0x7fccfc9000-0x7fccfcb000 stackSize=8188KB
03-11 21:50:44.919 26750 26795 F .mahfilfund.app: runtime.cc:714]   | held mutexes=
03-11 21:50:44.919 26750 26795 F .mahfilfund.app: runtime.cc:714]   native: #00 pc 000d7c88  /apex/com.android.runtime/lib64/bionic/libc.so (__epoll_pwait+8) (BuildId: f2ee009c5f1631f9819057446c9d2fa3)
03-11 21:50:44.919 26750 26795 F .mahfilfund.app: runtime.cc:714]   native: #01 pc 0001afd0  /system/lib64/libutils.so (android::Looper::pollOnce+312) (BuildId: 37e757db39656b6e1b2383db61e3d767)
03-11 21:50:44.919 26750 26795 F .mahfilfund.app: runtime.cc:714]   native: #02 pc 001d5610  /system/lib64/libandroid_runtime.so (android::android_os_MessageQueue_nativePollOnce+44) (BuildId: 01e2931b3e7e79e8f19cd56ed189bf7f)
03-11 21:50:44.919 26750 26795 F .mahfilfund.app: runtime.cc:714]   native: #03 pc 002e5100  /apex/com.android.art/lib64/libart.so (art_quick_generic_jni_trampoline+144) (BuildId: 6cac8d43981d3cdaec56bfd359a7c85c)
03-11 21:50:44.919 26750 26795 F .mahfilfund.app: runtime.cc:714]   native: #04 pc 000766c4  [anon_shmem:dalvik-jit-code-cache] (offset 2000000) (android.os.MessageQueue.nextLegacy+356)
03-11 21:50:44.919 26750 26795 F .mahfilfund.app: runtime.cc:714]   native: #05 pc 0007640c  [anon_shmem:dalvik-jit-code-cache] (offset 2000000) (android.os.MessageQueue.next+124)
03-11 21:50:44.919 26750 26795 F .mahfilfund.app: runtime.cc:714]   native: #06 pc 00075634  [anon_shmem:dalvik-jit-code-cache] (offset 2000000) (android.os.Looper.loopOnce+164)
03-11 21:50:44.919 26750 26795 F .mahfilfund.app: runtime.cc:714]   native: #07 pc 002ce060  /apex/com.android.art/lib64/libart.so (art_quick_invoke_static_stub+640) (BuildId: 6cac8d43981d3cdaec56bfd359a7c85c)
03-11 21:50:44.919 26750 26795 F .mahfilfund.app: runtime.cc:714]   native: #08 pc 0057f1f4  /apex/com.android.art/lib64/libart.so (bool art::interpreter::DoCall<false>+1984) (BuildId: 6cac8d43981d3cdaec56bfd359a7c85c)
03-11 21:50:44.919 26750 26795 F .mahfilfund.app: runtime.cc:714]   native: #09 pc 0048b12c  /apex/com.android.art/lib64/libart.so (void art::interpreter::ExecuteSwitchImplCpp<false>+468) (BuildId: 6cac8d43981d3cdaec56bfd359a7c85c)
03-11 21:50:44.919 26750 26795 F .mahfilfund.app: runtime.cc:714]   native: #10 pc 003c49d8  /apex/com.android.art/lib64/libart.so (ExecuteSwitchImplAsm+8) (BuildId: 6cac8d43981d3cdaec56bfd359a7c85c)
03-11 21:50:44.919 26750 26795 F .mahfilfund.app: runtime.cc:714]   native: #11 pc 01007498  /system/framework/framework.jar (offset 6000) (android.os.Looper.loop)
03-11 21:50:44.919 26750 26795 F .mahfilfund.app: runtime.cc:714]   native: #12 pc 003c55a4  /apex/com.android.art/lib64/libart.so (art::interpreter::ArtInterpreterToInterpreterBridge+448) (BuildId: 6cac8d43981d3cdaec56bfd359a7c85c)
03-11 21:50:44.919 26750 26795 F .mahfilfund.app: runtime.cc:714]   native: #13 pc 0057f8a4  /apex/com.android.art/lib64/libart.so (bool art::interpreter::DoCall<false>+3696) (BuildId: 6cac8d43981d3cdaec56bfd359a7c85c)
03-11 21:50:44.919 26750 26795 F .mahfilfund.app: runtime.cc:714]   native: #14 pc 0048b12c  /apex/com.android.art/lib64/libart.so (void art::interpreter::ExecuteSwitchImplCpp<false>+468) (BuildId: 6cac8d43981d3cdaec56bfd359a7c85c)
03-11 21:50:44.919 26750 26795 F .mahfilfund.app: runtime.cc:714]   native: #15 pc 003c49d8  /apex/com.android.art/lib64/libart.so (ExecuteSwitchImplAsm+8) (BuildId: 6cac8d43981d3cdaec56bfd359a7c85c)
03-11 21:50:44.919 26750 26795 F .mahfilfund.app: runtime.cc:714]   native: #16 pc 0019948c  /system/framework/framework.jar (offset 6000) (android.app.ActivityThread.main)
03-11 21:50:44.919 26750 26795 F .mahfilfund.app: runtime.cc:714]   native: #17 pc 003c4630  /apex/com.android.art/lib64/libart.so (art::interpreter::Execute +364) (BuildId: 6cac8d43981d3cdaec56bfd359a7c85c)
03-11 21:50:44.919 26750 26795 F .mahfilfund.app: runtime.cc:714]   native: #18 pc 003c3d64  /apex/com.android.art/lib64/libart.so (artQuickToInterpreterBridge+1020) (BuildId: 6cac8d43981d3cdaec56bfd359a7c85c)
03-11 21:50:44.919 26750 26795 F .mahfilfund.app: runtime.cc:714]   native: #19 pc 002e5238  /apex/com.android.art/lib64/libart.so (art_quick_to_interpreter_bridge+88) (BuildId: 6cac8d43981d3cdaec56bfd359a7c85c)
03-11 21:50:44.919 26750 26795 F .mahfilfund.app: runtime.cc:714]   native: #20 pc 002ce060  /apex/com.android.art/lib64/libart.so (art_quick_invoke_static_stub+640) (BuildId: 6cac8d43981d3cdaec56bfd359a7c85c)
03-11 21:50:44.919 26750 26795 F .mahfilfund.app: runtime.cc:714]   native: #21 pc 002c400c  /apex/com.android.art/lib64/libart.so (_jobject* art::InvokeMethod<8>+552) (BuildId: 6cac8d43981d3cdaec56bfd359a7c85c)
03-11 21:50:44.919 26750 26795 F .mahfilfund.app: runtime.cc:714]   native: #22 pc 005a55a4  /apex/com.android.art/lib64/libart.so (art::Method_invoke +32) (BuildId: 6cac8d43981d3cdaec56bfd359a7c85c)
03-11 21:50:44.919 26750 26795 F .mahfilfund.app: runtime.cc:714]   native: #23 pc 002e5100  /apex/com.android.art/lib64/libart.so (art_quick_generic_jni_trampoline+144) (BuildId: 6cac8d43981d3cdaec56bfd359a7c85c)
03-11 21:50:44.919 26750 26795 F .mahfilfund.app: runtime.cc:714]   native: #24 pc 002cdd94  /apex/com.android.art/lib64/libart.so (art_quick_invoke_stub+612) (BuildId: 6cac8d43981d3cdaec56bfd359a7c85c)
03-11 21:50:44.919 26750 26795 F .mahfilfund.app: runtime.cc:714]   native: #25 pc 0057f4b4  /apex/com.android.art/lib64/libart.so (bool art::interpreter::DoCall<false>+2688) (BuildId: 6cac8d43981d3cdaec56bfd359a7c85c)
03-11 21:50:44.919 26750 26795 F .mahfilfund.app: runtime.cc:714]   native: #26 pc 0048b524  /apex/com.android.art/lib64/libart.so (void art::interpreter::ExecuteSwitchImplCpp<false>+1484) (BuildId: 6cac8d43981d3cdaec56bfd359a7c85c)
03-11 21:50:44.919 26750 26795 F .mahfilfund.app: runtime.cc:714]   native: #27 pc 003c49d8  /apex/com.android.art/lib64/libart.so (ExecuteSwitchImplAsm+8) (BuildId: 6cac8d43981d3cdaec56bfd359a7c85c)
03-11 21:50:44.919 26750 26795 F .mahfilfund.app: runtime.cc:714]   native: #28 pc 01eab950  /system/framework/framework.jar (offset 6000) (com.android.internal.os.RuntimeInit$MethodAndArgsCaller.run)
03-11 21:50:44.919 26750 26795 F .mahfilfund.app: runtime.cc:714]   native: #29 pc 003c4630  /apex/com.android.art/lib64/libart.so (art::interpreter::Execute +364) (BuildId: 6cac8d43981d3cdaec56bfd359a7c85c)
03-11 21:50:44.919 26750 26795 F .mahfilfund.app: runtime.cc:714]   native: #30 pc 003c3d64  /apex/com.android.art/lib64/libart.so (artQuickToInterpreterBridge+1020) (BuildId: 6cac8d43981d3cdaec56bfd359a7c85c)
03-11 21:50:44.919 26750 26795 F .mahfilfund.app: runtime.cc:714]   native: #31 pc 002e5238  /apex/com.android.art/lib64/libart.so (art_quick_to_interpreter_bridge+88) (BuildId: 6cac8d43981d3cdaec56bfd359a7c85c)
03-11 21:50:44.919 26750 26795 F .mahfilfund.app: runtime.cc:714]   at android.os.MessageQueue.nativePollOnce(Native method)
03-11 21:50:44.919 26750 26795 F .mahfilfund.app: runtime.cc:714]   at android.os.MessageQueue.nextLegacy(MessageQueue.java:983)
03-11 21:50:44.919 26750 26795 F .mahfilfund.app: runtime.cc:714]   at android.os.MessageQueue.next(MessageQueue.java:1092)
03-11 21:50:44.919 26750 26795 F .mahfilfund.app: runtime.cc:714]   at android.os.Looper.loopOnce(Looper.java:197)
03-11 21:50:44.919 26750 26795 F .mahfilfund.app: runtime.cc:714]   at android.os.Looper.loop(Looper.java:367)
03-11 21:50:44.919 26750 26795 F .mahfilfund.app: runtime.cc:714]   at android.app.ActivityThread.main(ActivityThread.java:9282)
03-11 21:50:44.919 26750 26795 F .mahfilfund.app: runtime.cc:714]   at java.lang.reflect.Method.invoke(Native method)
03-11 21:50:44.919 26750 26795 F .mahfilfund.app: runtime.cc:714]   at com.android.internal.os.RuntimeInit$MethodAndArgsCaller.run(RuntimeInit.java:566)
03-11 21:50:44.919 26750 26795 F .mahfilfund.app: runtime.cc:714]   at com.android.internal.os.ZygoteInit.main(ZygoteInit.java:929)
03-11 21:50:44.919 26750 26795 F .mahfilfund.app: runtime.cc:714] 
03-11 21:50:44.919 26750 26795 F .mahfilfund.app: runtime.cc:714] "ReferenceQueueDaemon" prio=5 tid=7 Waiting
03-11 21:50:44.919 26750 26795 F .mahfilfund.app: runtime.cc:714]   | group="" sCount=1 ucsCount=0 flags=1 obj=0x0 self=0xb400007be5627080
03-11 21:50:44.919 26750 26795 F .mahfilfund.app: runtime.cc:714]   | sysTid=26759 nice=4 cgrp=top-app sched=0/0 handle=0x7a4dbf82c0
03-11 21:50:44.919 26750 26795 F .mahfilfund.app: runtime.cc:714]   | state=S schedstat=( 964542 27829375 7 ) utm=0 stm=0 core=0 HZ=100
03-11 21:50:44.919 26750 26795 F .mahfilfund.app: runtime.cc:714]   | stack=0x7a4daf5000-0x7a4daf7000 stackSize=1036KB
03-11 21:50:44.919 26750 26795 F .mahfilfund.app: runtime.cc:714]   | held mutexes=
03-11 21:50:44.919 26750 26795 F .mahfilfund.app: runtime.cc:714]   native: #00 pc 0009bf5c  /apex/com.android.runtime/lib64/bionic/libc.so (syscall+28) (BuildId: f2ee009c5f1631f9819057446c9d2fa3)
03-11 21:50:44.919 26750 26795 F .mahfilfund.app: runtime.cc:714]   native: #01 pc 00201434  /apex/com.android.art/lib64/libart.so (art::ConditionVariable::WaitHoldingLocks+136) (BuildId: 6cac8d43981d3cdaec56bfd359a7c85c)
03-11 21:50:44.919 26750 26795 F .mahfilfund.app: runtime.cc:714]   native: #02 pc 0046d5d4  /apex/com.android.art/lib64/libart.so (art::Monitor::Wait+1324) (BuildId: 6cac8d43981d3cdaec56bfd359a7c85c)
03-11 21:50:44.919 26750 26795 F .mahfilfund.app: runtime.cc:714]   native: #03 pc 002e5100  /apex/com.android.art/lib64/libart.so (art_quick_generic_jni_trampoline+144) (BuildId: 6cac8d43981d3cdaec56bfd359a7c85c)
03-11 21:50:44.919 26750 26795 F .mahfilfund.app: runtime.cc:714]   native: #04 pc 00006e2c  [anon_shmem:dalvik-jit-code-cache] (offset 2000000) (java.lang.Object.wait+124)
03-11 21:50:44.919 26750 26795 F .mahfilfund.app: runtime.cc:714]   native: #05 pc 00006d04  [anon_shmem:dalvik-jit-code-cache] (offset 2000000) (java.lang.Object.wait+116)
