--------- beginning of system
03-13 07:05:56.415   686   787 I ActivityManager: Force stopping com.mahfilfund appid=10223 user=0: from pid 11263
03-13 07:05:56.423   686   787 I AppsFilter: interaction: PackageSetting{e875b08 com.mahfilfund.app/10220} -> PackageSetting{43ead com.mahfilfund/10223} BLOCKED
03-13 07:05:56.424   686   787 I AppsFilter: interaction: PackageSetting{6796487 com.primenow.app/10222} -> PackageSetting{43ead com.mahfilfund/10223} BLOCKED
--------- beginning of main
03-13 07:05:56.437  1255  1255 D CarrierSvcBindHelper: onHandleForceStop: [com.mahfilfund]
03-13 07:05:56.450  1255  1255 D CarrierSvcBindHelper: No carrier app for: 0
03-13 07:05:56.467   686   787 W ActivityTaskManager: callingPackage for (uid=2000, pid=11268) has no WPC
03-13 07:05:56.468   686   787 V WindowManager: DesktopModeLaunchParamsModifier: phase= 0 task=null activity=null display-area-from-current-params=null display-area-from-default-fallback=DefaultTaskDisplayArea@67953473 display-id=0 task-display-area-windowing-mode=1 suggested-display-area=DefaultTaskDisplayArea@67953473 task null, skipping
03-13 07:05:56.468   686   787 V WindowManager: TaskLaunchParamsModifier:phase=0 task=null activity=null display-area-from-current-params=null display-area-from-default-fallback=DefaultTaskDisplayArea@67953473 display-id=0 task-display-area-windowing-mode=1 suggested-display-area=DefaultTaskDisplayArea@67953473
03-13 07:05:56.469   686   787 V GrammaticalInflectionUtils: AttributionSource: android.content.AttributionSource@99ca54d does not have READ_SYSTEM_GRAMMATICAL_GENDER permission.
03-13 07:05:56.470   686   787 V WindowManager: DesktopModeLaunchParamsModifier: phase= 0 task=null activity=ActivityRecord{131666259 u0 com.mahfilfund/.MainActivity display-area-from-current-params=null display-area-from-default-fallback=DefaultTaskDisplayArea@67953473 display-id=0 task-display-area-windowing-mode=1 suggested-display-area=DefaultTaskDisplayArea@67953473 task null, skipping
03-13 07:05:56.470   686   787 V WindowManager: TaskLaunchParamsModifier:phase=0 task=null activity=ActivityRecord{131666259 u0 com.mahfilfund/.MainActivity t-1} display-area-from-current-params=null display-area-from-default-fallback=DefaultTaskDisplayArea@67953473 display-id=0 task-display-area-windowing-mode=1 suggested-display-area=DefaultTaskDisplayArea@67953473
03-13 07:05:56.470   686   787 V WindowManager: DesktopModeLaunchParamsModifier: phase= 3 task=null activity=ActivityRecord{131666259 u0 com.mahfilfund/.MainActivity t-1} display-area-from-current-params=null display-area-from-default-fallback=DefaultTaskDisplayArea@67953473 display-id=0 task-display-area-windowing-mode=1 suggested-display-area=DefaultTaskDisplayArea@67953473 task null, skipping
03-13 07:05:56.470   686   787 V WindowManager: TaskLaunchParamsModifier:phase=3 task=null activity=ActivityRecord{131666259 u0 com.mahfilfund/.MainActivity t-1} display-area-from-current-params=null display-area-from-default-fallback=DefaultTaskDisplayArea@67953473 display-id=0 task-display-area-windowing-mode=1 suggested-display-area=DefaultTaskDisplayArea@67953473 non-freeform-task-display-area display-area=DefaultTaskDisplayArea@67953473 skip-bounds-fullscreen
03-13 07:05:56.486   686   787 V WindowManager: DesktopModeLaunchParamsModifier: phase= 3 task=Task{1bd5b8e #45 type=standard A=10223:com.mahfilfund} activity=ActivityRecord{131666259 u0 com.mahfilfund/.MainActivity t-1} display-from-task=0 display-id=0 task-display-area-windowing-mode=1 suggested-display-area=DefaultTaskDisplayArea@67953473 not entering desktop mode, skipping
03-13 07:05:56.488   686   787 V WindowManager: TaskLaunchParamsModifier:phase=3 task=Task{1bd5b8e #45 type=standard A=10223:com.mahfilfund} activity=ActivityRecord{131666259 u0 com.mahfilfund/.MainActivity t-1} display-from-task=0 display-id=0 task-display-area-windowing-mode=1 suggested-display-area=DefaultTaskDisplayArea@67953473 inherit-from-task=fullscreen non-freeform-task-display-area display-area=DefaultTaskDisplayArea@67953473 skip-bounds-fullscreen
03-13 07:05:56.498   545  1067 I libbinder.BpBinder: onLastStrongRef automatically unlinking death recipients for descriptor: '(not cached)'
03-13 07:05:56.520  1078  1155 V WindowManagerShell: Transition requested (#163): android.os.BinderProxy@73465b9 TransitionRequestInfo { type = OPEN, triggerTask = TaskInfo{userId=0 taskId=45 effectiveUid=10223 displayId=0 isRunning=true baseIntent=Intent { flg=0x10000000 cmp=com.mahfilfund/.MainActivity } baseActivity=ComponentInfo{com.mahfilfund/com.mahfilfund.MainActivity} topActivity=ComponentInfo{com.mahfilfund/com.mahfilfund.MainActivity} origActivity=null realActivity=ComponentInfo{com.mahfilfund/com.mahfilfund.MainActivity} numActivities=1 lastActiveTime=43049919 supportsMultiWindow=true resizeMode=1 isResizeable=true minWidth=-1 minHeight=-1 defaultMinSize=220 token=WCT{android.os.BinderProxy@e63ddfe} topActivityType=1 pictureInPictureParams=null shouldDockBigOverlays=false launchIntoPipHostTaskId=-1 lastParentTaskIdBeforePip=-1 displayCutoutSafeInsets=Rect(0, 0 - 0, 0) topActivityInfo=ActivityInfo{e9d195f com.mahfilfund.MainActivity} launchCookies=[] positionInParent=Point(0, 0) parentTaskId=-1 isFocused=false isVisible=false isVisibleRequested=false isTopActivityNoDisplay=false isSleeping=false locusId=null displayAreaFeatureId=1 isTopActivityTransparent=false isActivityStackTransparent=false lastNonFullscreenBounds=null capturedLink=null capturedLinkTimestamp=0 requestedVisibleTypes=503 topActivityRequestOpenInBrowserEducationTimestamp=0 appCompatTaskInfo=AppCompatTaskInfo { topActivityInSizeCompat=false isLeafTask= true eligibleForLetterboxEducation= false isLetterboxEducationEnabled= true isLetterboxDoubleTapEnabled= false eligibleForUserAspectRatioButton= false topActivityBoundsLetterboxed= false isFromLetterboxDoubleTap= false topActivityLetterboxVerticalPosition= -1 topActivityLetterboxHorizontalPosition= -1 topActivityLetterboxWidth=-1 topActivityLetterboxHeight=-1 topActivityAppBounds=Rect(0, 0 - 1080, 2400) isUserFullscreenOverrideEnabled=false isSystemFullscreenOverrideEnabled=false hasMinAspectRatioOverride=false topActivityLetterboxBounds=null cameraCompatTaskInfo=CameraCompatTaskInfo { cameraCompatMode=inactive0} topNonResizableActivityAspectRatio=-1.0} topActivityMainWindowFrame=null isAppBubble=false}, pipChange = null, remoteTransition = null, displayChange = null, requestedLocation = null, userChange = null, windowingLayerChange = null, flags = 0, debugId = 163 }
03-13 07:05:56.520  1078  1155 D ShellSplitScreen: logExit: no-op, mLoggerSessionId is null
03-13 07:05:56.521   686   787 I ActivityTaskManager: START u0 {flg=0x10000000 xflg=0x5 cmp=com.mahfilfund/.MainActivity} with LAUNCH_SINGLE_TASK from uid 2000 (com.android.shell) (BAL_ALLOW_PERMISSION) result code=0
03-13 07:05:56.526   686   715 V GrammaticalInflectionUtils: AttributionSource: android.content.AttributionSource@99ca54d does not have READ_SYSTEM_GRAMMATICAL_GENDER permission.
03-13 07:05:56.528  1323  1323 D BaseActivity: Launcher flags updated: [state_started|state_resumed|state_deferred_resumed|state_window_focused] -[state_user_active]
03-13 07:05:56.532  1323  1323 D BaseActivity: Launcher flags updated: [state_started|state_window_focused] -[state_resumed|state_deferred_resumed]
03-13 07:05:56.533  1323  1323 W SplitSelectStateCtor: Missing session instanceIds
03-13 07:05:56.534  1323  1323 D StatsLog: LAUNCHER_SPLIT_SELECTION_EXIT_INTERRUPTED
03-13 07:05:56.569   472   472 D Zygote  : Forked child process 11271
03-13 07:05:56.573   686   787 I AppsFilter: interaction: PackageSetting{e875b08 com.mahfilfund.app/10220} -> PackageSetting{488fcf9 com.mahfilfund/10223} BLOCKED
03-13 07:05:56.573   686   787 I AppsFilter: interaction: PackageSetting{6796487 com.primenow.app/10222} -> PackageSetting{488fcf9 com.mahfilfund/10223} BLOCKED
03-13 07:05:56.574   686   723 I ActivityManager: Start proc 11271:com.mahfilfund/u0a223 for next-top-activity {com.mahfilfund/com.mahfilfund.MainActivity}
03-13 07:05:56.580   686   723 W ActivityManager: Slow operation: 53ms so far, now at startProcess: starting to update pids map
03-13 07:05:56.580   686   787 V WindowManager: Defer transition id=163 for TaskFragmentTransaction=android.os.Binder@cfdc43e
03-13 07:05:56.580   686   787 V WindowManager: deferTransitionReady deferReadyDepth=1 stack=com.android.server.wm.TransitionController.deferTransitionReady:1061 com.android.server.wm.TaskFragmentOrganizerController$TaskFragmentOrganizerState.dispatchTransaction:517 com.android.server.wm.TaskFragmentOrganizerController.dispatchPendingEvents:1259 com.android.server.wm.TaskFragmentOrganizerController.dispatchPendingEvents:1228 com.android.server.wm.RootWindowContainer.performSurfacePlacement:777 
03-13 07:05:56.580   686   723 W ActivityManager: Slow operation: 54ms so far, now at startProcess: done updating pids map
03-13 07:05:56.581  1323  1323 D RecentsView: onTaskDisplayChanged: 45, new displayId = 0
03-13 07:05:56.583 11271 11271 I Zygote  : Process 11271 created for com.mahfilfund
03-13 07:05:56.588 11271 11271 I com.mahfilfund: Late-enabling -Xcheck:jni
03-13 07:05:56.610  1078  1155 D WindowManagerShell: setLauncherKeepClearAreaHeight: visible=false, height=495
03-13 07:05:56.616   686  1040 D BackgroundInstallControlService: Package event received: 0
03-13 07:05:56.639  1323  1323 D BaseActivity: Launcher flags updated: [state_started] -[state_window_focused]
03-13 07:05:56.666 11271 11271 I com.mahfilfund: Using CollectorTypeCMC GC.
03-13 07:05:56.669  1428  1437 I adbd    : jdwp connection from 11271
03-13 07:05:56.696  1323  1323 D b/417220811: invalidateLoadedTasks - previous requestLoadId: -1
03-13 07:05:56.696  1323  1323 D b/417220811: invalidateLoadedTasks - previous requestLoadId: -1
03-13 07:05:56.699  1323  1323 D b/417220811: invalidateLoadedTasks - previous requestLoadId: -1
03-13 07:05:56.701   686  2693 V WindowManager: Continue transition id=163 for TaskFragmentTransaction=android.os.Binder@cfdc43e
03-13 07:05:56.701   686  2693 V WindowManager: continueTransitionReady deferReadyDepth=0 stack=com.android.server.wm.TransitionController.continueTransitionReady:1071 com.android.server.wm.TaskFragmentOrganizerController$TaskFragmentOrganizerState.onTransactionFinished:546 com.android.server.wm.TaskFragmentOrganizerController.onTransactionHandled:740 android.window.ITaskFragmentOrganizerController$Stub.onTransact:225 android.os.Binder.execTransactInternal:1473 
03-13 07:05:56.707  1078 22931 V WindowManagerShell: onTransitionReady(transaction=2946347593656)
03-13 07:05:56.707   686   712 V WindowManager: Sent Transition (#163) createdAt=03-13 07:05:56.469 via request=TransitionRequestInfo { type = OPEN, triggerTask = TaskInfo{userId=0 taskId=45 effectiveUid=10223 displayId=0 isRunning=true baseIntent=Intent { flg=0x10000000 cmp=com.mahfilfund/.MainActivity } baseActivity=ComponentInfo{com.mahfilfund/com.mahfilfund.MainActivity} topActivity=ComponentInfo{com.mahfilfund/com.mahfilfund.MainActivity} origActivity=null realActivity=ComponentInfo{com.mahfilfund/com.mahfilfund.MainActivity} numActivities=1 lastActiveTime=43049919 supportsMultiWindow=true resizeMode=1 isResizeable=true minWidth=-1 minHeight=-1 defaultMinSize=220 token=WCT{RemoteToken{bd1b533 Task{1bd5b8e #45 type=standard A=10223:com.mahfilfund}}} topActivityType=1 pictureInPictureParams=null shouldDockBigOverlays=false launchIntoPipHostTaskId=-1 lastParentTaskIdBeforePip=-1 displayCutoutSafeInsets=Rect(0, 0 - 0, 0) topActivityInfo=ActivityInfo{5f1e0f0 com.mahfilfund.MainActivity} launchCookies=[] positionInParent=Point(0, 0) parentTaskId=-1 isFocused=false isVisible=false isVisibleRequested=false isTopActivityNoDisplay=false isSleeping=false locusId=null displayAreaFeatureId=1 isTopActivityTransparent=false isActivityStackTransparent=false lastNonFullscreenBounds=null capturedLink=null capturedLinkTimestamp=0 requestedVisibleTypes=503 topActivityRequestOpenInBrowserEducationTimestamp=0 appCompatTaskInfo=AppCompatTaskInfo { topActivityInSizeCompat=false isLeafTask= true eligibleForLetterboxEducation= false isLetterboxEducationEnabled= true isLetterboxDoubleTapEnabled= false eligibleForUserAspectRatioButton= false topActivityBoundsLetterboxed= false isFromLetterboxDoubleTap= false topActivityLetterboxVerticalPosition= -1 topActivityLetterboxHorizontalPosition= -1 topActivityLetterboxWidth=-1 topActivityLetterboxHeight=-1 topActivityAppBounds=Rect(0, 0 - 1080, 2400) isUserFullscreenOverrideEnabled=false isSystemFullscreenOverrideEnabled=false hasMinAspectRatioOverride=false topActivityLetterboxBounds=null cameraCompatTaskInfo=CameraCompatTaskInfo { cameraCompatMode=inactive0} topNonResizableActivityAspectRatio=-1.0} topActivityMainWindowFrame=null isAppBubble=false}, pipChange = null, remoteTransition = null, displayChange = null, requestedLocation = null, userChange = null, windowingLayerChange = null, flags = 0, debugId = 163 }
03-13 07:05:56.707   686   712 V WindowManager:     startWCT=WindowContainerTransaction { changes= {} hops= [] errorCallbackToken=null taskFragmentOrganizer=null }
03-13 07:05:56.707   686   712 V WindowManager:     info={id=163 t=OPEN f=0x0 trk=0 r=[0@Point(0, 0)] c=[
03-13 07:05:56.707   686   712 V WindowManager:         {WCT{RemoteToken{bd1b533 Task{1bd5b8e #45 type=standard A=10223:com.mahfilfund}}} m=OPEN f=NONE leash=Surface(name=Task=45#2313)/@0x4eee06d sb=Rect(0, 0 - 1080, 2400) eb=Rect(0, 0 - 1080, 2400) epz=Point(1080, 2400) d=0 taskParent=-1 winMode=1 userId=0},
03-13 07:05:56.707   686   712 V WindowManager:         {WCT{RemoteToken{4dba70a Task{73e266c #1 type=home}}} m=TO_BACK f=SHOW_WALLPAPER leash=Surface(name=Task=1#44)/@0xfd2e2cb sb=Rect(0, 0 - 1080, 2400) eb=Rect(0, 0 - 1080, 2400) epz=Point(1080, 2400) d=0 taskParent=-1 winMode=1 userId=0},
03-13 07:05:56.707   686   712 V WindowManager:         {m=TO_BACK f=IS_WALLPAPER leash=Surface(name=WallpaperWindowToken{9563342}#61)/@0x597fe45 sb=Rect(0, 0 - 1080, 2400) eb=Rect(0, 0 - 1080, 2400) epz=Point(1080, 2400) d=0}
03-13 07:05:56.707   686   712 V WindowManager:     ]}
03-13 07:05:56.717 11271 11271 D nativeloader: Load libframework-connectivity-tiramisu-jni.so using APEX ns com_android_tethering for caller /apex/com.android.tethering/javalib/framework-connectivity-t.jar: ok
03-13 07:05:56.717  1078  1155 V ShellTaskOrganizer: Task appeared taskId=45 listener=FullscreenTaskListener
03-13 07:05:56.717  1078  1155 V ShellTaskOrganizer: Fullscreen Task Appeared: #45
03-13 07:05:56.717  1078  1155 V WindowManagerShell: onTransitionReady (#163) android.os.BinderProxy@73465b9: {id=163 t=OPEN f=0x0 trk=0 r=[0@Point(0, 0)] c=[
03-13 07:05:56.717  1078  1155 V WindowManagerShell:         {m=OPEN f=NONE leash=Surface(name=Task=45#2313)/@0x9a1ed2d sb=Rect(0, 0 - 1080, 2400) eb=Rect(0, 0 - 1080, 2400) epz=Point(1080, 2400) d=0 taskParent=-1 winMode=1 userId=0},
03-13 07:05:56.717  1078  1155 V WindowManagerShell:         {m=TO_BACK f=SHOW_WALLPAPER leash=Surface(name=Task=1#44)/@0xe03e262 sb=Rect(0, 0 - 1080, 2400) eb=Rect(0, 0 - 1080, 2400) epz=Point(1080, 2400) d=0 taskParent=-1 winMode=1 userId=0},
03-13 07:05:56.717  1078  1155 V WindowManagerShell:         {m=TO_BACK f=IS_WALLPAPER leash=Surface(name=WallpaperWindowToken{9563342}#61)/@0x6d6ff3 sb=Rect(0, 0 - 1080, 2400) eb=Rect(0, 0 - 1080, 2400) epz=Point(1080, 2400) d=0}
03-13 07:05:56.717  1078  1155 V WindowManagerShell:     ]}
03-13 07:05:56.718  1078  1155 V WindowManagerShell: Playing animation for (#163) android.os.BinderProxy@73465b9@0
03-13 07:05:56.718  1078  1155 V ShellRecents: RecentsTransitionHandler.startAnimation: no controller found
03-13 07:05:56.718  1078  1155 V WindowManagerShell: Transition doesn't have explicit remote, search filters for match for {id=163 t=OPEN f=0x0 trk=0 r=[0@Point(0, 0)] c=[{m=OPEN f=NONE leash=Surface(name=Task=45#2313)/@0x9a1ed2d sb=Rect(0, 0 - 1080, 2400) eb=Rect(0, 0 - 1080, 2400) epz=Point(1080, 2400) d=0 taskParent=-1 winMode=1 userId=0},{m=TO_BACK f=SHOW_WALLPAPER leash=Surface(name=Task=1#44)/@0xe03e262 sb=Rect(0, 0 - 1080, 2400) eb=Rect(0, 0 - 1080, 2400) epz=Point(1080, 2400) d=0 taskParent=-1 winMode=1 userId=0},{m=TO_BACK f=IS_WALLPAPER leash=Surface(name=WallpaperWindowToken{9563342}#61)/@0x6d6ff3 sb=Rect(0, 0 - 1080, 2400) eb=Rect(0, 0 - 1080, 2400) epz=Point(1080, 2400) d=0}]}
03-13 07:05:56.718  1078  1155 V WindowManagerShell:  Checking filter Pair{{types=[] flags=0x0] notFlags=0x0 checks=[{atype=undefined independent=true modes=[CLOSE,TO_BACK] flags=IN_TASK_WITH_EMBEDDED_ACTIVITY mustBeTask=false order=ANY topActivity=null launchCookie=null taskFragmentToken=android.os.BinderProxy@f0eb7a7 windowingMode=undefined isCrossDisplayMove=false}]} RemoteTransition { remoteTransition = android.window.IRemoteTransition$Stub$Proxy@7634454, appThread = android.app.IApplicationThread$Stub$Proxy@10ddffd, debugName = overlayBackTransition }}
03-13 07:05:56.718  1078  1155 V WindowManagerShell:  Checking filter Pair{{types=[] flags=0x0] notFlags=0x0 checks=[{atype=dream independent=true modes=[OPEN,TO_FRONT] flags=NONE mustBeTask=false order=ANY topActivity=null launchCookie=null windowingMode=undefined isCrossDisplayMove=false},{atype=home independent=true modes=[CLOSE,TO_BACK] flags=NONE mustBeTask=false order=ANY topActivity=null launchCookie=null windowingMode=undefined isCrossDisplayMove=false}]} RemoteTransition { remoteTransition = android.window.IRemoteTransition$Stub$Proxy@7d5a4f2, appThread = android.app.IApplicationThread$Stub$Proxy@3652743, debugName = LauncherToDream }}
03-13 07:05:56.718  1078  1155 V WindowManagerShell:  Checking filter Pair{{types=[] flags=0x0] notFlags=0x100 checks=[{atype=home independent=true modes=[OPEN,TO_FRONT] flags=NONE mustBeTask=false order=TOP topActivity=ComponentInfo{com.google.android.apps.nexuslauncher/com.google.android.apps.nexuslauncher.NexusLauncherActivity} launchCookie=null windowingMode=undefined isCrossDisplayMove=false},{atype=standard independent=true modes=[CLOSE,TO_BACK] flags=NONE mustBeTask=false order=ANY topActivity=null launchCookie=null windowingMode=undefined isCrossDisplayMove=false},{NOT atype=undefined independent=true modes=[] flags=NONE mustBeTask=true order=ANY topActivity=null launchCookie=null customAnim=true windowingMode=undefined isCrossDisplayMove=false}]} RemoteTransition { remoteTransition = android.window.IRemoteTransition$Stub$Proxy@4da51c0, appThread = android.app.IApplicationThread$Stub$Proxy@5d7ef9, debugName = QuickstepLaunchHome }}
03-13 07:05:56.718  1078  1155 V WindowManagerShell:  Delegate animation for (#163) to null
03-13 07:05:56.718  1078  1155 V WindowManagerShell: start default transition animation, info = {id=163 t=OPEN f=0x0 trk=0 r=[0@Point(0, 0)] c=[{m=OPEN f=NONE leash=Surface(name=Task=45#2313)/@0x9a1ed2d sb=Rect(0, 0 - 1080, 2400) eb=Rect(0, 0 - 1080, 2400) epz=Point(1080, 2400) d=0 taskParent=-1 winMode=1 userId=0},{m=TO_BACK f=SHOW_WALLPAPER leash=Surface(name=Task=1#44)/@0xe03e262 sb=Rect(0, 0 - 1080, 2400) eb=Rect(0, 0 - 1080, 2400) epz=Point(1080, 2400) d=0 taskParent=-1 winMode=1 userId=0},{m=TO_BACK f=IS_WALLPAPER leash=Surface(name=WallpaperWindowToken{9563342}#61)/@0x6d6ff3 sb=Rect(0, 0 - 1080, 2400) eb=Rect(0, 0 - 1080, 2400) epz=Point(1080, 2400) d=0}]}
03-13 07:05:56.718  1078  1155 V WindowManagerShell: loadAnimation: anim=android.view.animation.AnimationSet@c41c2ae animAttr=0x13 type=OPEN isEntrance=false
03-13 07:05:56.719  1078  1155 V WindowManagerShell: loadAnimation: anim=android.view.animation.AnimationSet@1e5184f animAttr=0x12 type=OPEN isEntrance=true
03-13 07:05:56.720  1078  1155 V WindowManagerShell:  animated by com.android.wm.shell.transition.DefaultTransitionHandler@7f09a46
03-13 07:05:56.729  1323  1323 D b/417220811: invalidateLoadedTasks - previous requestLoadId: -1
03-13 07:05:56.733   686  1040 D BackgroundInstallControlService: Package event received: 0
03-13 07:05:56.951 11271 11271 D nativeloader: Configuring clns-9 for other apk /data/app/~~qZvRQbp3z15tfEHG75vbNg==/com.mahfilfund-PemhBvHWHGGu54n0SekHHw==/base.apk. target_sdk_version=36, uses_libraries=, library_path=/data/app/~~qZvRQbp3z15tfEHG75vbNg==/com.mahfilfund-PemhBvHWHGGu54n0SekHHw==/lib/arm64:/data/app/~~qZvRQbp3z15tfEHG75vbNg==/com.mahfilfund-PemhBvHWHGGu54n0SekHHw==/base.apk!/lib/arm64-v8a, permitted_path=/data:/mnt/expand:/data/user/0/com.mahfilfund
03-13 07:05:56.965 11271 11271 V GraphicsEnvironment: Currently set values for:
03-13 07:05:56.965 11271 11271 V GraphicsEnvironment:   angle_gl_driver_selection_pkgs=[]
03-13 07:05:56.965 11271 11271 V GraphicsEnvironment:   angle_gl_driver_selection_values=[]
03-13 07:05:56.965 11271 11271 V GraphicsEnvironment: com.mahfilfund is not listed in per-application setting
03-13 07:05:56.965 11271 11271 V GraphicsEnvironment: ANGLE allowlist from config: com.dreamgames.royalmatch com.dts.freefiremax com.dxx.firenow com.gramgames.mergedragons com.ludo.king com.mojang.minecraftpe com.my.defense com.nintendo.zaka com.os.airforce com.playrix.fishdomdd.gplay io.teslatech.callbreak jp.konami.prospia net.peakgames.toonblast
03-13 07:05:56.965 11271 11271 V GraphicsEnvironment: No special selections for ANGLE, returning default driver choice
03-13 07:05:56.965 11271 11271 V GraphicsEnvironment: Neither updatable production driver nor prerelease driver is supported.
03-13 07:05:56.978 11271 11271 W SoLoader: Initializing SoLoader: 0
03-13 07:05:56.978 11271 11271 W SoLoader: Recording new base apk path: /data/app/~~qZvRQbp3z15tfEHG75vbNg==/com.mahfilfund-PemhBvHWHGGu54n0SekHHw==/base.apk
03-13 07:05:56.978 11271 11271 W SoLoader: Previously recorded 0 base apk paths.
03-13 07:05:56.979 11271 11271 I SoLoader: Preparing SO source: DirectorySoSource[root = /vendor/lib64 flags = 2]
03-13 07:05:56.979 11271 11271 I SoLoader: Preparing SO source: DirectorySoSource[root = /system/lib64 flags = 2]
03-13 07:05:56.979 11271 11271 I SoLoader: Preparing SO source: DirectApkSoSource[root = [/data/app/~~qZvRQbp3z15tfEHG75vbNg==/com.mahfilfund-PemhBvHWHGGu54n0SekHHw==/base.apk!/lib/arm64-v8a]]
03-13 07:05:57.013 11271 11271 I SoLoader: Preparing SO source: ApplicationSoSource[DirectorySoSource[root = /data/app/~~qZvRQbp3z15tfEHG75vbNg==/com.mahfilfund-PemhBvHWHGGu54n0SekHHw==/lib/arm64 flags = 0]]
03-13 07:05:57.014 11271 11271 I SoLoader: init finish: 4 SO sources prepared
03-13 07:05:57.014 11271 11271 W SoLoader: SoLoader initialized: 8
03-13 07:05:57.029  1078  1155 V WindowManagerShell: Transition animation finished (aborted=false), notifying core (#163) android.os.BinderProxy@73465b9@0
03-13 07:05:57.032   686   712 V WindowManager: Finish Transition (#163): created at 03-13 07:05:56.469 collect-started=0.024ms request-sent=45.91ms started=62.386ms ready=231.568ms sent=236.254ms commit=21.608ms finished=562.764ms
03-13 07:05:57.033  1078  1315 D WallpaperService: onVisibilityChanged(false): com.android.systemui.wallpapers.ImageWallpaper$CanvasEngine@fc995a3
03-13 07:05:57.033  1078  1155 V WindowManagerShell: Track 0 became idle
03-13 07:05:57.033  1078  1155 V WindowManagerShell: All active transition animations finished
03-13 07:05:57.033  1323  1323 D VRI[NexusLauncherActivity]: visibilityChanged oldVisibility=true newVisibility=false
03-13 07:05:57.045  1323  1323 D NexusLauncherModelDelegate: notifySmartspaceEvent: SmartspaceTargetEvent{mSmartspaceTarget=null, mSmartspaceActionId='null', mEventType=7}
03-13 07:05:57.048  1078  1155 D Bubbles : onLocusVisibilityChanged=Overview|DISABLED visible=false taskId=1
03-13 07:05:57.085 11271 11271 D nativeloader: Load /data/app/~~qZvRQbp3z15tfEHG75vbNg==/com.mahfilfund-PemhBvHWHGGu54n0SekHHw==/base.apk!/lib/arm64-v8a/libc++_shared.so using class loader ns clns-9 (caller=/data/app/~~qZvRQbp3z15tfEHG75vbNg==/com.mahfilfund-PemhBvHWHGGu54n0SekHHw==/base.apk): ok
03-13 07:05:57.118 11271 11271 D nativeloader: Load /data/app/~~qZvRQbp3z15tfEHG75vbNg==/com.mahfilfund-PemhBvHWHGGu54n0SekHHw==/base.apk!/lib/arm64-v8a/libjsi.so using class loader ns clns-9 (caller=/data/app/~~qZvRQbp3z15tfEHG75vbNg==/com.mahfilfund-PemhBvHWHGGu54n0SekHHw==/base.apk): ok
03-13 07:05:57.149 11271 11271 D nativeloader: Load /data/app/~~qZvRQbp3z15tfEHG75vbNg==/com.mahfilfund-PemhBvHWHGGu54n0SekHHw==/base.apk!/lib/arm64-v8a/libfbjni.so using class loader ns clns-9 (caller=/data/app/~~qZvRQbp3z15tfEHG75vbNg==/com.mahfilfund-PemhBvHWHGGu54n0SekHHw==/base.apk): ok
03-13 07:05:57.153 11271 11271 D nativeloader: Load /data/app/~~qZvRQbp3z15tfEHG75vbNg==/com.mahfilfund-PemhBvHWHGGu54n0SekHHw==/base.apk!/lib/arm64-v8a/libreactnative.so using class loader ns clns-9 (caller=/data/app/~~qZvRQbp3z15tfEHG75vbNg==/com.mahfilfund-PemhBvHWHGGu54n0SekHHw==/base.apk): ok
03-13 07:05:57.153 11271 11271 D jni_lib_merge: Entering merged library JNI_OnLoad.
03-13 07:05:57.153 11271 11271 D jni_lib_merge: Preparing 12 pre-merged libs (including stub)
03-13 07:05:57.153 11271 11271 D jni_lib_merge: Preparing to register libfabricjni_so.  onload_func: 0x79ecc97948
03-13 07:05:57.153 11271 11271 D jni_lib_merge: Preparing to register libreact_devsupportjni_so.  onload_func: 0x79ecead2a4
03-13 07:05:57.153 11271 11271 D jni_lib_merge: Preparing to register libreact_featureflagsjni_so.  onload_func: 0x79eceb8f10
03-13 07:05:57.153 11271 11271 D jni_lib_merge: Preparing to register libreact_newarchdefaults_so.  onload_func: 0x79ecf21eac
03-13 07:05:57.153 11271 11271 D jni_lib_merge: Preparing to register libreactnativeblob_so.  onload_func: 0x79ed11295c
03-13 07:05:57.153 11271 11271 D jni_lib_merge: Preparing to register libreactnativejni_so.  onload_func: 0x79ed160114
03-13 07:05:57.153 11271 11271 D jni_lib_merge: Preparing to register libreactnativejni_common_so.  onload_func: 0x79ed170a9c
03-13 07:05:57.153 11271 11271 D jni_lib_merge: Preparing to register librninstance_so.  onload_func: 0x79ed1a7250
03-13 07:05:57.153 11271 11271 D jni_lib_merge: Preparing to register libturbomodulejsijni_so.  onload_func: 0x79ed2bea24
03-13 07:05:57.153 11271 11271 D jni_lib_merge: Preparing to register libuimanagerjni_so.  onload_func: 0x79ed2d7a74
03-13 07:05:57.153 11271 11271 D jni_lib_merge: Preparing to register libyoga_so.  onload_func: 0x79ed2e74f8
03-13 07:05:57.153 11271 11271 D jni_lib_merge: About to register 11 actual methods.
03-13 07:05:57.214 11271 11271 D nativeloader: Load /data/app/~~qZvRQbp3z15tfEHG75vbNg==/com.mahfilfund-PemhBvHWHGGu54n0SekHHw==/base.apk!/lib/arm64-v8a/libreact_codegen_rnscreens.so using class loader ns clns-9 (caller=/data/app/~~qZvRQbp3z15tfEHG75vbNg==/com.mahfilfund-PemhBvHWHGGu54n0SekHHw==/base.apk): ok
03-13 07:05:57.214 11271 11271 D jni_lib_merge: Entering merged library JNI_OnLoad.
03-13 07:05:57.214 11271 11271 D jni_lib_merge: Preparing 12 pre-merged libs (including stub)
03-13 07:05:57.215 11271 11271 D jni_lib_merge: Preparing to register libfabricjni_so.  onload_func: 0x79ecc97948
03-13 07:05:57.215 11271 11271 D jni_lib_merge: Preparing to register libreact_devsupportjni_so.  onload_func: 0x79ecead2a4
03-13 07:05:57.215 11271 11271 D jni_lib_merge: Preparing to register libreact_featureflagsjni_so.  onload_func: 0x79eceb8f10
03-13 07:05:57.215 11271 11271 D jni_lib_merge: Preparing to register libreact_newarchdefaults_so.  onload_func: 0x79ecf21eac
03-13 07:05:57.215 11271 11271 D jni_lib_merge: Preparing to register libreactnativeblob_so.  onload_func: 0x79ed11295c
03-13 07:05:57.215 11271 11271 D jni_lib_merge: Preparing to register libreactnativejni_so.  onload_func: 0x79ed160114
03-13 07:05:57.215 11271 11271 D jni_lib_merge: Preparing to register libreactnativejni_common_so.  onload_func: 0x79ed170a9c
03-13 07:05:57.215 11271 11271 D jni_lib_merge: Preparing to register librninstance_so.  onload_func: 0x79ed1a7250
03-13 07:05:57.215 11271 11271 D jni_lib_merge: Preparing to register libturbomodulejsijni_so.  onload_func: 0x79ed2bea24
03-13 07:05:57.215 11271 11271 D jni_lib_merge: Preparing to register libuimanagerjni_so.  onload_func: 0x79ed2d7a74
03-13 07:05:57.215 11271 11271 D jni_lib_merge: Preparing to register libyoga_so.  onload_func: 0x79ed2e74f8
03-13 07:05:57.215 11271 11271 D jni_lib_merge: About to register 11 actual methods.
03-13 07:05:57.235 11271 11271 D nativeloader: Load /data/app/~~qZvRQbp3z15tfEHG75vbNg==/com.mahfilfund-PemhBvHWHGGu54n0SekHHw==/base.apk!/lib/arm64-v8a/libreact_codegen_rnsvg.so using class loader ns clns-9 (caller=/data/app/~~qZvRQbp3z15tfEHG75vbNg==/com.mahfilfund-PemhBvHWHGGu54n0SekHHw==/base.apk): ok
03-13 07:05:57.235 11271 11271 D jni_lib_merge: Entering merged library JNI_OnLoad.
03-13 07:05:57.235 11271 11271 D jni_lib_merge: Preparing 12 pre-merged libs (including stub)
03-13 07:05:57.235 11271 11271 D jni_lib_merge: Preparing to register libfabricjni_so.  onload_func: 0x79ecc97948
03-13 07:05:57.235 11271 11271 D jni_lib_merge: Preparing to register libreact_devsupportjni_so.  onload_func: 0x79ecead2a4
03-13 07:05:57.235 11271 11271 D jni_lib_merge: Preparing to register libreact_featureflagsjni_so.  onload_func: 0x79eceb8f10
03-13 07:05:57.235 11271 11271 D jni_lib_merge: Preparing to register libreact_newarchdefaults_so.  onload_func: 0x79ecf21eac
03-13 07:05:57.235 11271 11271 D jni_lib_merge: Preparing to register libreactnativeblob_so.  onload_func: 0x79ed11295c
03-13 07:05:57.235 11271 11271 D jni_lib_merge: Preparing to register libreactnativejni_so.  onload_func: 0x79ed160114
03-13 07:05:57.235 11271 11271 D jni_lib_merge: Preparing to register libreactnativejni_common_so.  onload_func: 0x79ed170a9c
03-13 07:05:57.235 11271 11271 D jni_lib_merge: Preparing to register librninstance_so.  onload_func: 0x79ed1a7250
03-13 07:05:57.235 11271 11271 D jni_lib_merge: Preparing to register libturbomodulejsijni_so.  onload_func: 0x79ed2bea24
03-13 07:05:57.235 11271 11271 D jni_lib_merge: Preparing to register libuimanagerjni_so.  onload_func: 0x79ed2d7a74
03-13 07:05:57.235 11271 11271 D jni_lib_merge: Preparing to register libyoga_so.  onload_func: 0x79ed2e74f8
03-13 07:05:57.235 11271 11271 D jni_lib_merge: About to register 11 actual methods.
03-13 07:05:57.252 11271 11271 D nativeloader: Load /data/app/~~qZvRQbp3z15tfEHG75vbNg==/com.mahfilfund-PemhBvHWHGGu54n0SekHHw==/base.apk!/lib/arm64-v8a/libreact_codegen_safeareacontext.so using class loader ns clns-9 (caller=/data/app/~~qZvRQbp3z15tfEHG75vbNg==/com.mahfilfund-PemhBvHWHGGu54n0SekHHw==/base.apk): ok
03-13 07:05:57.269 11271 11271 D nativeloader: Load /data/app/~~qZvRQbp3z15tfEHG75vbNg==/com.mahfilfund-PemhBvHWHGGu54n0SekHHw==/base.apk!/lib/arm64-v8a/libreact-native-mmkv.so using class loader ns clns-9 (caller=/data/app/~~qZvRQbp3z15tfEHG75vbNg==/com.mahfilfund-PemhBvHWHGGu54n0SekHHw==/base.apk): ok
03-13 07:05:57.273 11271 11271 D nativeloader: Load /data/app/~~qZvRQbp3z15tfEHG75vbNg==/com.mahfilfund-PemhBvHWHGGu54n0SekHHw==/base.apk!/lib/arm64-v8a/libappmodules.so using class loader ns clns-9 (caller=/data/app/~~qZvRQbp3z15tfEHG75vbNg==/com.mahfilfund-PemhBvHWHGGu54n0SekHHw==/base.apk): ok
03-13 07:05:57.275   686  1040 D BackgroundInstallControlService: Package event received: 0
03-13 07:05:57.275   686  1040 D BackgroundInstallControlService: Package event received: 0
03-13 07:05:57.280 11271 11287 I DisplayManager: Choreographer implicitly registered for the refresh rate.
03-13 07:05:57.283 11271 11271 D DesktopExperienceFlags: Toggle override initialized to: false
03-13 07:05:57.289 11271 11271 D AppCompatDelegate: Checking for metadata for AppLocalesMetadataHolderService : Service not found
03-13 07:05:57.292 11271 11271 E ashmem  : Pinning is deprecated since Android Q. Please use trim or other methods.
03-13 07:05:57.338 11271 11271 D nativeloader: Load /data/app/~~qZvRQbp3z15tfEHG75vbNg==/com.mahfilfund-PemhBvHWHGGu54n0SekHHw==/base.apk!/lib/arm64-v8a/libhermes.so using class loader ns clns-9 (caller=/data/app/~~qZvRQbp3z15tfEHG75vbNg==/com.mahfilfund-PemhBvHWHGGu54n0SekHHw==/base.apk): ok
03-13 07:05:57.339 11271 11271 D nativeloader: Load /data/app/~~qZvRQbp3z15tfEHG75vbNg==/com.mahfilfund-PemhBvHWHGGu54n0SekHHw==/base.apk!/lib/arm64-v8a/libhermestooling.so using class loader ns clns-9 (caller=/data/app/~~qZvRQbp3z15tfEHG75vbNg==/com.mahfilfund-PemhBvHWHGGu54n0SekHHw==/base.apk): ok
03-13 07:05:57.339 11271 11271 D jni_lib_merge: Entering merged library JNI_OnLoad.
03-13 07:05:57.339 11271 11271 D jni_lib_merge: Preparing 4 pre-merged libs (including stub)
03-13 07:05:57.339 11271 11271 D jni_lib_merge: Preparing to register libhermes_executor_so.  onload_func: 0x79e8d789d4
03-13 07:05:57.339 11271 11271 D jni_lib_merge: Preparing to register libhermesinstancejni_so.  onload_func: 0x79e8dad78c
03-13 07:05:57.339 11271 11271 D jni_lib_merge: Preparing to register libjsijniprofiler_so.  onload_func: 0x79e8daf788
03-13 07:05:57.339 11271 11271 D jni_lib_merge: About to register 3 actual methods.
03-13 07:05:57.345 11271 11287 I GFXSTREAM: [eglDisplay.cpp(297)] Opening libGLESv1_CM_emulation.so
03-13 07:05:57.345 11271 11287 I GFXSTREAM: [eglDisplay.cpp(297)] Opening libGLESv2_emulation.so
03-13 07:05:57.359 11271 11287 W HWUI    : Failed to choose config with EGL_SWAP_BEHAVIOR_PRESERVED, retrying without...
03-13 07:05:57.359 11271 11287 W HWUI    : Failed to initialize 101010-2 format, error = EGL_SUCCESS
03-13 07:05:57.368 11271 11271 W unknown:BridgelessReact: ReactHost{0}.startSurface(surfaceId = 0): Schedule
03-13 07:05:57.368 11271 11271 W unknown:BridgelessReact: ReactHost{0}.attachSurface(surfaceId = 0)
03-13 07:05:57.370 11271 11271 D CompatChangeReporter: Compat change id reported: 377864165; UID 10223; state: ENABLED
03-13 07:05:57.370 11271 11271 D DesktopModeFlags: Toggle override initialized to: OVERRIDE_UNSET
03-13 07:05:57.372 11271 11293 W unknown:BridgelessReact: ReactHost{0}.getOrCreateReactInstanceTask()
03-13 07:05:57.372 11271 11293 W unknown:BridgelessReact: ReactHost{0}.getOrCreateReactInstanceTask(): Start
03-13 07:05:57.372 11271 11293 W unknown:BridgelessReact: ReactHost{0}.getJSBundleLoader()
03-13 07:05:57.372 11271 11293 W unknown:BridgelessReact: ReactHost{0}.isMetroRunning()
03-13 07:05:57.376 11271 11271 I com.mahfilfund: hiddenapi: Accessing hidden method Landroid/view/ViewGroup;->makeOptionalFitsSystemWindows()V (runtime_flags=0, domain=platform, api=unsupported) from Landroidx/appcompat/widget/ViewUtils; (domain=app, TargetSdkVersion=36) using reflection: allowed
03-13 07:05:57.381 11271 11271 W unknown:BridgelessReact: ReactHost{0}.onHostResume(activity)
03-13 07:05:57.385 11271 11271 W HWUI    : Unknown dataspace 0
03-13 07:05:57.386 11271 11271 D InsetsController: Setting requestedVisibleTypes to 498 (was 503)
03-13 07:05:57.395 11271 11271 D WindowOnBackDispatcher: setTopOnBackInvokedCallback (unwrapped): android.app.Activity$$ExternalSyntheticLambda0@91dde4a
03-13 07:05:57.395   686   787 D CoreBackPreview: Window{40d50e4 u0 com.mahfilfund/com.mahfilfund.MainActivity}: Setting back callback OnBackInvokedCallbackInfo{mCallback=android.window.IOnBackInvokedCallback$Stub$Proxy@b29c913, mPriority=-1, mIsAnimationCallback=false, mOverrideBehavior=0}
03-13 07:05:57.395 11271 11271 D WindowOnBackDispatcher: setTopOnBackInvokedCallback (unwrapped): androidx.activity.OnBackPressedDispatcher$Api34Impl$createOnBackAnimationCallback$1@2ae61bb
03-13 07:05:57.396   686   787 D CoreBackPreview: Window{40d50e4 u0 com.mahfilfund/com.mahfilfund.MainActivity}: Setting back callback OnBackInvokedCallbackInfo{mCallback=android.window.IOnBackInvokedCallback$Stub$Proxy@3c09750, mPriority=0, mIsAnimationCallback=true, mOverrideBehavior=0}
03-13 07:05:57.397 11271 11271 D VRI[MainActivity]: WindowInsets changed: 1080x2400 statusBars:[0,63,0,0] navigationBars:[0,0,0,63] mandatorySystemGestures:[0,63,0,84] 
03-13 07:05:57.402 11271 11271 D VRI[MainActivity]: WindowInsets changed: statusBars:null 
03-13 07:05:57.430   686   712 I ActivityTaskManager: Displayed com.mahfilfund/.MainActivity for user 0: +958ms
03-13 07:05:57.431  1323  1323 D BaseActivity: Launcher flags updated: [] -[state_started]
03-13 07:05:57.431  1323  1323 D BaseDepthController: setSurface:
03-13 07:05:57.431  1323  1323 D BaseDepthController: 	mWaitingOnSurfaceValidity: false
03-13 07:05:57.431  1323  1323 D BaseDepthController: 	mBaseSurface: null
03-13 07:05:57.431  1323  1323 D BaseDepthController: mSurface is null and mCurrentBlur is: 0
03-13 07:05:57.432  1323  1323 D LauncherStateManager: StateManager.goToState: fromState: Normal, toState: Normal, partial trace:
03-13 07:05:57.432  1323  1323 D LauncherStateManager: 	at com.android.launcher3.statemanager.StateManager.moveToRestState(go/retraceme 7101499b44b219b757f6885b35ae099b24fc769225595efcaaacae5b0f94500b:6)
03-13 07:05:57.432  1323  1323 D LauncherStateManager: 	at com.android.launcher3.statemanager.StateManager.moveToRestState(go/retraceme 7101499b44b219b757f6885b35ae099b24fc769225595efcaaacae5b0f94500b:2)
03-13 07:05:57.432  1323  1323 D LauncherStateManager: 	at com.android.launcher3.statemanager.StatefulActivity.onStop(go/retraceme 7101499b44b219b757f6885b35ae099b24fc769225595efcaaacae5b0f94500b:32)
03-13 07:05:57.432  1323  1323 D LauncherStateManager: StateManager.onRepeatStateSetAborted: state: Normal
03-13 07:05:57.432  1323  1323 D ActivityContext: hideKeyboard
03-13 07:05:57.432  1323  1323 D ActivityContext: isImeShown: false
03-13 07:05:57.432  1323  1323 D StatsLog: LAUNCHER_ONSTOP
03-13 07:05:57.432  1323  1323 D StatsLog: LAUNCHER_GOOGLE_SEARCH_RESTORE_LIST_SIZE_AFTER_ACTIVITY_RESTART
03-13 07:05:57.446 11271 11271 W unknown:BridgelessReact: ReactHost{0}.raiseSoftException(onWindowFocusChange(hasFocus = "true")): Tried to access onWindowFocusChange while context is not ready
03-13 07:05:57.447 11271 11271 E unknown:ReactHost: Unhandled SoftException
03-13 07:05:57.447 11271 11271 E unknown:ReactHost: com.facebook.react.bridge.ReactNoCrashSoftException: raiseSoftException(onWindowFocusChange(hasFocus = "true")): Tried to access onWindowFocusChange while context is not ready
03-13 07:05:57.447 11271 11271 E unknown:ReactHost: 	at com.facebook.react.runtime.ReactHostImpl.raiseSoftException(ReactHostImpl.java:1038)
03-13 07:05:57.447 11271 11271 E unknown:ReactHost: 	at com.facebook.react.runtime.ReactHostImpl.raiseSoftException(ReactHostImpl.java:1031)
03-13 07:05:57.447 11271 11271 E unknown:ReactHost: 	at com.facebook.react.runtime.ReactHostImpl.onWindowFocusChange(ReactHostImpl.java:790)
03-13 07:05:57.447 11271 11271 E unknown:ReactHost: 	at com.facebook.react.ReactDelegate.onWindowFocusChanged(ReactDelegate.java:199)
03-13 07:05:57.447 11271 11271 E unknown:ReactHost: 	at com.facebook.react.ReactActivityDelegate.onWindowFocusChanged(ReactActivityDelegate.java:216)
03-13 07:05:57.447 11271 11271 E unknown:ReactHost: 	at com.facebook.react.ReactActivity.onWindowFocusChanged(ReactActivity.java:158)
03-13 07:05:57.447 11271 11271 E unknown:ReactHost: 	at androidx.appcompat.view.WindowCallbackWrapper.onWindowFocusChanged(WindowCallbackWrapper.java:124)
03-13 07:05:57.447 11271 11271 E unknown:ReactHost: 	at com.android.internal.policy.DecorView.onWindowFocusChanged(DecorView.java:1797)
03-13 07:05:57.447 11271 11271 E unknown:ReactHost: 	at android.view.View.dispatchWindowFocusChanged(View.java:17124)
03-13 07:05:57.447 11271 11271 E unknown:ReactHost: 	at android.view.ViewGroup.dispatchWindowFocusChanged(ViewGroup.java:1529)
03-13 07:05:57.447 11271 11271 E unknown:ReactHost: 	at android.view.ViewRootImpl.dispatchFocusEvent(ViewRootImpl.java:4962)
03-13 07:05:57.447 11271 11271 E unknown:ReactHost: 	at android.view.ViewRootImpl.handleWindowFocusChanged(ViewRootImpl.java:4866)
03-13 07:05:57.447 11271 11271 E unknown:ReactHost: 	at android.view.ViewRootImpl.-$$Nest$mhandleWindowFocusChanged(Unknown Source:0)
03-13 07:05:57.447 11271 11271 E unknown:ReactHost: 	at android.view.ViewRootImpl$ViewRootHandler.handleMessageImpl(ViewRootImpl.java:7118)
03-13 07:05:57.447 11271 11271 E unknown:ReactHost: 	at android.view.ViewRootImpl$ViewRootHandler.handleMessage(ViewRootImpl.java:7026)
03-13 07:05:57.447 11271 11271 E unknown:ReactHost: 	at android.os.Handler.dispatchMessage(Handler.java:132)
03-13 07:05:57.447 11271 11271 E unknown:ReactHost: 	at android.os.Looper.dispatchMessage(Looper.java:333)
03-13 07:05:57.447 11271 11271 E unknown:ReactHost: 	at android.os.Looper.loopOnce(Looper.java:263)
03-13 07:05:57.447 11271 11271 E unknown:ReactHost: 	at android.os.Looper.loop(Looper.java:367)
03-13 07:05:57.447 11271 11271 E unknown:ReactHost: 	at android.app.ActivityThread.main(ActivityThread.java:9282)
03-13 07:05:57.447 11271 11271 E unknown:ReactHost: 	at java.lang.reflect.Method.invoke(Native Method)
03-13 07:05:57.447 11271 11271 E unknown:ReactHost: 	at com.android.internal.os.RuntimeInit$MethodAndArgsCaller.run(RuntimeInit.java:566)
03-13 07:05:57.447 11271 11271 E unknown:ReactHost: 	at com.android.internal.os.ZygoteInit.main(ZygoteInit.java:929)
03-13 07:05:57.447   686   830 I ImeTracker: com.mahfilfund:b7de3869: onRequestHide at ORIGIN_SERVER reason HIDE_UNSPECIFIED_WINDOW fromUser false
03-13 07:05:57.452 11271 11271 D InsetsController: hide(ime())
03-13 07:05:57.452 11271 11271 I ImeTracker: com.mahfilfund:b7de3869: onCancelled at PHASE_CLIENT_ALREADY_HIDDEN
03-13 07:05:57.453   686  1040 D BackgroundInstallControlService: Package event received: 0
03-13 07:05:57.456   686  2693 I ImeTracker: system_server:f2978e09: onRequestHide at ORIGIN_SERVER reason IME_REQUESTED_CHANGED_LISTENER fromUser false
03-13 07:05:57.456  6892  6892 I GoogleInputMethodService: GoogleInputMethodService.onFinishInput():2057 
03-13 07:05:57.457   686   715 I ImeTracker: system_server:f2978e09: onCancelled at PHASE_SERVER_SHOULD_HIDE
03-13 07:05:57.467  6892  6892 I Module  : DeviceLockedStatusModuleProvider$Module.updateDeviceLockedStatus():100 repeatCheckTimes = 0, locked = false
03-13 07:05:57.468  6892  6892 I GoogleInputMethodService: GoogleInputMethodService.onStartInput():1318 onStartInput(EditorInfo{EditorInfo{packageName=com.mahfilfund, inputType=0, inputTypeString=NULL, enableLearning=false, autoCorrection=false, autoComplete=false, imeOptions=0, privateImeOptions=null, actionName=UNSPECIFIED, actionLabel=null, initialSelStart=-1, initialSelEnd=-1, initialCapsMode=0, label=null, fieldId=0, fieldName=null, extras=null, hintText=null, hintLocales=[]}}, false)
03-13 07:05:57.469  6892  6892 I Module  : DeviceLockedStatusModuleProvider$Module.updateDeviceLockedStatus():100 repeatCheckTimes = 1, locked = false
03-13 07:05:57.469   686  2693 W PackageConfigPersister: App-specific configuration not found for packageName: com.mahfilfund and userId: 0
03-13 07:05:57.500 11271 11304 W unknown:BridgelessReact: ReactHost{0}.isMetroRunning(): Async result = true
03-13 07:05:57.500 11271 11293 W unknown:BridgelessReact: ReactHost{0}.loadJSBundleFromMetro()
03-13 07:05:57.514 11271 11271 D WindowOnBackDispatcher: setTopOnBackInvokedCallback (unwrapped): android.widget.PopupWindow$PopupDecorView$$ExternalSyntheticLambda1@5984f50
03-13 07:05:57.514   686   787 D CoreBackPreview: Window{c671d03 u0 PopupWindow:2909138}: Setting back callback OnBackInvokedCallbackInfo{mCallback=android.window.IOnBackInvokedCallback$Stub$Proxy@380cab9, mPriority=0, mIsAnimationCallback=false, mOverrideBehavior=0}
03-13 07:05:57.515 11271 11271 I HWUI    : Using FreeType backend (prop=Auto)
03-13 07:05:57.799   686   787 I ImeTracker: system_server:34cc4c09: onRequestHide at ORIGIN_SERVER reason IME_REQUESTED_CHANGED_LISTENER fromUser false
03-13 07:05:57.800   686   715 I ImeTracker: system_server:34cc4c09: onCancelled at PHASE_SERVER_SHOULD_HIDE
03-13 07:05:57.807 11271 11302 W InteractionJankMonitor: Initializing without READ_DEVICE_CONFIG permission. enabled=false, interval=1, missedFrameThreshold=3, frameTimeThreshold=64, package=com.mahfilfund
03-13 07:05:57.913  6766  6809 I FontLog : (REDACTED) Received query %s, URI %s
03-13 07:05:57.915  6766  6809 I FontLog : (REDACTED) Query [%s] resolved to %s
03-13 07:05:57.921  6766  6809 I FontLog : (REDACTED) Fetch %s end status %s
03-13 07:05:57.956  6766  6809 I FontLog : (REDACTED) Pulling font file for id = %d, cache size = %d
03-13 07:05:57.981  6766  6809 I FontLog : (REDACTED) Pulling font file for id = %d, cache size = %d
03-13 07:05:58.191  1078  1086 W System  : A resource failed to call release. 
03-13 07:05:58.191  1078  1086 W System  : A resource failed to call release. 
03-13 07:05:58.191  1078  1086 W System  : A resource failed to call release. 
03-13 07:05:58.191  1078  1086 W System  : A resource failed to call release. 
03-13 07:05:58.191  1078  1086 W System  : A resource failed to call release. 
03-13 07:05:58.191  1078  1086 W System  : A resource failed to call release. 
03-13 07:05:58.191  1078  1086 W System  : A resource failed to call release. 
03-13 07:05:58.191  1078  1086 W System  : A resource failed to call release. 
03-13 07:05:58.779   686   981 I HalDevMgr: bestIfaceCreationProposal is null, requestIface=STA, existingIface=[name=wlan0 type=STA]
03-13 07:05:59.076 11271 11271 D WindowOnBackDispatcher: setTopOnBackInvokedCallback (unwrapped): null
03-13 07:05:59.076   686   784 D CoreBackPreview: Window{c671d03 u0 PopupWindow:2909138}: Setting back callback null
03-13 07:05:59.079 11271 11306 W unknown:BridgelessReact: ReactHost{0}.loadJSBundleFromMetro(): Creating BundleLoader
03-13 07:05:59.079 11271 11293 W unknown:BridgelessReact: ReactHost{0}.getOrCreateReactContext(): Creating BridgelessReactContext
03-13 07:05:59.080 11271 11293 W unknown:BridgelessReact: ReactHost{0}.getOrCreateReactInstanceTask(): Creating ReactInstance
03-13 07:05:59.100   686  1040 D BackgroundInstallControlService: Package event received: 0
03-13 07:05:59.122   686   784 D ActivityManager: sync unfroze 10877 com.android.vending for 6
03-13 07:05:59.124   686  1040 D BackgroundInstallControlService: Package event received: 0
03-13 07:05:59.132 10877 10910 I Finsky  : [56] Stats for Executor: LightweightExecutor uyy@367cfdd[Running, pool size = 2, active threads = 0, queued tasks = 0, completed tasks = 203]
03-13 07:05:59.137   686   784 D ActivityManager: sync unfroze 10931 com.android.vending:background for 6
03-13 07:05:59.138   686  1040 D BackgroundInstallControlService: Package event received: 0
03-13 07:05:59.156 10877 10910 I Finsky  : [56] Stats for Executor: BlockingExecutor uyy@2a8657f[Running, pool size = 0, active threads = 0, queued tasks = 0, completed tasks = 28]
03-13 07:05:59.157 11271 11293 W unknown:BridgelessReact: ReactHost{0}.getOrCreateReactInstanceTask(): Loading JS Bundle
03-13 07:05:59.164 10877 10910 I Finsky  : [56] Stats for Executor: bgExecutor uyy@32abe26[Running, pool size = 4, active threads = 1, queued tasks = 0, completed tasks = 124]
03-13 07:05:59.164 10931 10961 I Finsky:background: [55] Stats for Executor: bgExecutor uyy@5a1d95[Running, pool size = 4, active threads = 0, queued tasks = 0, completed tasks = 32]
03-13 07:05:59.164 10931 10961 I Finsky:background: [55] Stats for Executor: LightweightExecutor uyy@d275e49[Running, pool size = 2, active threads = 0, queued tasks = 0, completed tasks = 18]
03-13 07:05:59.165 10931 10961 I Finsky:background: [55] Stats for Executor: BlockingExecutor uyy@eefea46[Running, pool size = 1, active threads = 1, queued tasks = 0, completed tasks = 5]
03-13 07:05:59.168 11271 11293 W unknown:BridgelessReact: ReactHost{0}.getOrCreateReactInstanceTask(): Calling DevSupportManagerBase.onNewReactContextCreated(reactContext)
03-13 07:05:59.212 11271 11293 W unknown:BridgelessReact: ReactHost{0}.startSurface(surfaceId = 0): Execute
03-13 07:05:59.214 11271 11271 W unknown:ReactNative: Packager connection already open, nooping.
03-13 07:05:59.214 11271 11271 W unknown:BridgelessReact: ReactContext.onHostResume()
03-13 07:05:59.214 11271 11271 W unknown:BridgelessReact: ReactHost{0}.getOrCreateReactInstanceTask(): Executing ReactInstanceEventListeners
03-13 07:05:59.222   686   784 W ProcessStats: Tracking association SourceState{5d0271c com.android.vending/10145 BTop #26770} whose proc state 2 is better than process ProcessState{8f40efb com.android.vending:background/10145 pkg=com.android.vending} proc state 14 (1 skipped)
03-13 07:05:59.223 11271 11317 D InstallReferrerState: OK
03-13 07:05:59.238 10931 11041 I PlayCommon: [93] Preparing logs for uploading
03-13 07:05:59.244 10877 10877 I Finsky  : [2] Memory trim requested to level 40
03-13 07:05:59.245 10877 10877 I Finsky  : [2] Flushing in-memory image cache
03-13 07:05:59.248 10931 10931 I Finsky:background: [2] Memory trim requested to level 40
03-13 07:05:59.275 10931 11041 I PlayCommon: [93] Connecting to server for timestamp: https://play.googleapis.com/play/log/timestamp
03-13 07:05:59.410 11271 11315 I WebViewFactory: Loading com.google.android.webview version 134.0.6998.135 (code 699813532)
03-13 07:05:59.414 11271 11315 V ResourcesManager: The following library key has been added: ResourcesKey{ mHash=cdb9a217 mResDir=null mSplitDirs=[] mOverlayDirs=[] mLibDirs=[/data/app/~~oPHDSUVLx8Uu4FEW8gfZAg==/com.google.android.webview-2P2lqU3o30Ugc9V1WsdoYA==/WebViewGoogle.apk,/data/app/~~Zmgg2nv_aONKh4nxxbXqNw==/com.google.android.trichromelibrary_699813532-1uXSaqQ09hpRzdo27rzlOw==/TrichromeLibrary.apk,/system_ext/framework/androidx.window.extensions.jar] mDisplayId=0 mOverrideConfig=v36 mCompatInfo={420dpi always-compat} mLoaders=[]}
03-13 07:05:59.420 11271 11315 W com.mahfilfund: Failed to find entry 'classes.dex': Entry not found
