--------- beginning of system
03-13 07:07:11.230   686   784 I ActivityManager: Force stopping com.mahfilfund appid=10223 user=0: from pid 11423
03-13 07:07:11.237   686   784 I AppsFilter: interaction: PackageSetting{e875b08 com.mahfilfund.app/10220} -> PackageSetting{d0efaaf com.mahfilfund/10223} BLOCKED
03-13 07:07:11.237   686   784 I AppsFilter: interaction: PackageSetting{6796487 com.primenow.app/10222} -> PackageSetting{d0efaaf com.mahfilfund/10223} BLOCKED
--------- beginning of main
03-13 07:07:11.253  1255  1255 D CarrierSvcBindHelper: onHandleForceStop: [com.mahfilfund]
03-13 07:07:11.254  1255  1255 D CarrierSvcBindHelper: No carrier app for: 0
03-13 07:07:11.285   686   784 W ActivityTaskManager: callingPackage for (uid=2000, pid=11428) has no WPC
03-13 07:07:11.296   686   784 V WindowManager: DesktopModeLaunchParamsModifier: phase= 0 task=null activity=null display-area-from-current-params=null display-area-from-default-fallback=DefaultTaskDisplayArea@67953473 display-id=0 task-display-area-windowing-mode=1 suggested-display-area=DefaultTaskDisplayArea@67953473 task null, skipping
03-13 07:07:11.296   686   784 V WindowManager: TaskLaunchParamsModifier:phase=0 task=null activity=null display-area-from-current-params=null display-area-from-default-fallback=DefaultTaskDisplayArea@67953473 display-id=0 task-display-area-windowing-mode=1 suggested-display-area=DefaultTaskDisplayArea@67953473
03-13 07:07:11.297   686   784 V GrammaticalInflectionUtils: AttributionSource: android.content.AttributionSource@99ca54d does not have READ_SYSTEM_GRAMMATICAL_GENDER permission.
03-13 07:07:11.302   686   784 V WindowManager: DesktopModeLaunchParamsModifier: phase= 0 task=null activity=ActivityRecord{264269447 u0 com.mahfilfund/.MainActivity display-area-from-current-params=null display-area-from-default-fallback=DefaultTaskDisplayArea@67953473 display-id=0 task-display-area-windowing-mode=1 suggested-display-area=DefaultTaskDisplayArea@67953473 task null, skipping
03-13 07:07:11.302   686   784 V WindowManager: TaskLaunchParamsModifier:phase=0 task=null activity=ActivityRecord{264269447 u0 com.mahfilfund/.MainActivity t-1} display-area-from-current-params=null display-area-from-default-fallback=DefaultTaskDisplayArea@67953473 display-id=0 task-display-area-windowing-mode=1 suggested-display-area=DefaultTaskDisplayArea@67953473
03-13 07:07:11.302   686   784 V WindowManager: DesktopModeLaunchParamsModifier: phase= 3 task=null activity=ActivityRecord{264269447 u0 com.mahfilfund/.MainActivity t-1} display-area-from-current-params=null display-area-from-default-fallback=DefaultTaskDisplayArea@67953473 display-id=0 task-display-area-windowing-mode=1 suggested-display-area=DefaultTaskDisplayArea@67953473 task null, skipping
03-13 07:07:11.302   686   784 V WindowManager: TaskLaunchParamsModifier:phase=3 task=null activity=ActivityRecord{264269447 u0 com.mahfilfund/.MainActivity t-1} display-area-from-current-params=null display-area-from-default-fallback=DefaultTaskDisplayArea@67953473 display-id=0 task-display-area-windowing-mode=1 suggested-display-area=DefaultTaskDisplayArea@67953473 non-freeform-task-display-area display-area=DefaultTaskDisplayArea@67953473 skip-bounds-fullscreen
03-13 07:07:11.345   686   784 V WindowManager: DesktopModeLaunchParamsModifier: phase= 3 task=Task{22b6c23 #46 type=standard A=10223:com.mahfilfund} activity=ActivityRecord{264269447 u0 com.mahfilfund/.MainActivity t-1} display-from-task=0 display-id=0 task-display-area-windowing-mode=1 suggested-display-area=DefaultTaskDisplayArea@67953473 not entering desktop mode, skipping
03-13 07:07:11.346   686   784 V WindowManager: TaskLaunchParamsModifier:phase=3 task=Task{22b6c23 #46 type=standard A=10223:com.mahfilfund} activity=ActivityRecord{264269447 u0 com.mahfilfund/.MainActivity t-1} display-from-task=0 display-id=0 task-display-area-windowing-mode=1 suggested-display-area=DefaultTaskDisplayArea@67953473 inherit-from-task=fullscreen non-freeform-task-display-area display-area=DefaultTaskDisplayArea@67953473 skip-bounds-fullscreen
03-13 07:07:11.354   545  1067 I libbinder.BpBinder: onLastStrongRef automatically unlinking death recipients for descriptor: '(not cached)'
03-13 07:07:11.370   686  1063 D CompatChangeReporter: Compat change id reported: 377864165; UID 10223; state: ENABLED
03-13 07:07:11.399   686   784 I ActivityTaskManager: START u0 {flg=0x10000000 xflg=0x5 cmp=com.mahfilfund/.MainActivity} with LAUNCH_SINGLE_TASK from uid 2000 (com.android.shell) (BAL_ALLOW_PERMISSION) result code=0
03-13 07:07:11.413  1078  1155 V WindowManagerShell: Transition requested (#165): android.os.BinderProxy@811ebfb TransitionRequestInfo { type = OPEN, triggerTask = TaskInfo{userId=0 taskId=46 effectiveUid=10223 displayId=0 isRunning=true baseIntent=Intent { flg=0x10000000 cmp=com.mahfilfund/.MainActivity } baseActivity=ComponentInfo{com.mahfilfund/com.mahfilfund.MainActivity} topActivity=ComponentInfo{com.mahfilfund/com.mahfilfund.MainActivity} origActivity=null realActivity=ComponentInfo{com.mahfilfund/com.mahfilfund.MainActivity} numActivities=1 lastActiveTime=43124798 supportsMultiWindow=true resizeMode=1 isResizeable=true minWidth=-1 minHeight=-1 defaultMinSize=220 token=WCT{android.os.BinderProxy@4aa2418} topActivityType=1 pictureInPictureParams=null shouldDockBigOverlays=false launchIntoPipHostTaskId=-1 lastParentTaskIdBeforePip=-1 displayCutoutSafeInsets=Rect(0, 0 - 0, 0) topActivityInfo=ActivityInfo{600de71 com.mahfilfund.MainActivity} launchCookies=[] positionInParent=Point(0, 0) parentTaskId=-1 isFocused=false isVisible=false isVisibleRequested=false isTopActivityNoDisplay=false isSleeping=false locusId=null displayAreaFeatureId=1 isTopActivityTransparent=false isActivityStackTransparent=false lastNonFullscreenBounds=null capturedLink=null capturedLinkTimestamp=0 requestedVisibleTypes=503 topActivityRequestOpenInBrowserEducationTimestamp=0 appCompatTaskInfo=AppCompatTaskInfo { topActivityInSizeCompat=false isLeafTask= true eligibleForLetterboxEducation= false isLetterboxEducationEnabled= true isLetterboxDoubleTapEnabled= false eligibleForUserAspectRatioButton= false topActivityBoundsLetterboxed= false isFromLetterboxDoubleTap= false topActivityLetterboxVerticalPosition= -1 topActivityLetterboxHorizontalPosition= -1 topActivityLetterboxWidth=-1 topActivityLetterboxHeight=-1 topActivityAppBounds=Rect(0, 0 - 1080, 2400) isUserFullscreenOverrideEnabled=false isSystemFullscreenOverrideEnabled=false hasMinAspectRatioOverride=false topActivityLetterboxBounds=null cameraCompatTaskInfo=CameraCompatTaskInfo { cameraCompatMode=inactive0} topNonResizableActivityAspectRatio=-1.0} topActivityMainWindowFrame=null isAppBubble=false}, pipChange = null, remoteTransition = null, displayChange = null, requestedLocation = null, userChange = null, windowingLayerChange = null, flags = 0, debugId = 165 }
03-13 07:07:11.415  1078  1155 D ShellSplitScreen: logExit: no-op, mLoggerSessionId is null
03-13 07:07:11.417  1323  1323 D BaseActivity: Launcher flags updated: [state_started|state_resumed|state_deferred_resumed|state_window_focused] -[state_user_active]
03-13 07:07:11.419  1323  1323 D BaseActivity: Launcher flags updated: [state_started|state_window_focused] -[state_resumed|state_deferred_resumed]
03-13 07:07:11.424  1323  1323 W SplitSelectStateCtor: Missing session instanceIds
03-13 07:07:11.434  1323  1323 D StatsLog: LAUNCHER_SPLIT_SELECTION_EXIT_INTERRUPTED
03-13 07:07:11.439  1078  1155 D WindowManagerShell: setLauncherKeepClearAreaHeight: visible=false, height=495
03-13 07:07:11.466   686   715 V GrammaticalInflectionUtils: AttributionSource: android.content.AttributionSource@99ca54d does not have READ_SYSTEM_GRAMMATICAL_GENDER permission.
03-13 07:07:11.466   686   715 W ActivityManager: Slow operation: 56ms so far, now at startProcess: done creating new process record
03-13 07:07:11.466   686   715 W ActivityManager: Slow operation: 56ms so far, now at startProcess: stepping in to startProcess
03-13 07:07:11.468   686   784 I AppsFilter: interaction: PackageSetting{e875b08 com.mahfilfund.app/10220} -> PackageSetting{1d4d8aa com.mahfilfund/10223} BLOCKED
03-13 07:07:11.469   686   784 I AppsFilter: interaction: PackageSetting{6796487 com.primenow.app/10222} -> PackageSetting{1d4d8aa com.mahfilfund/10223} BLOCKED
03-13 07:07:11.474   686   784 V WindowManager: Defer transition id=165 for TaskFragmentTransaction=android.os.Binder@f203c9b
03-13 07:07:11.477   686   784 V WindowManager: deferTransitionReady deferReadyDepth=1 stack=com.android.server.wm.TransitionController.deferTransitionReady:1061 com.android.server.wm.TaskFragmentOrganizerController$TaskFragmentOrganizerState.dispatchTransaction:517 com.android.server.wm.TaskFragmentOrganizerController.dispatchPendingEvents:1259 com.android.server.wm.TaskFragmentOrganizerController.dispatchPendingEvents:1228 com.android.server.wm.RootWindowContainer.performSurfacePlacement:777 
03-13 07:07:11.478  1323  1323 D RecentsView: onTaskDisplayChanged: 46, new displayId = 0
03-13 07:07:11.494   686   787 V WindowManager: Continue transition id=165 for TaskFragmentTransaction=android.os.Binder@f203c9b
03-13 07:07:11.494   686   787 V WindowManager: continueTransitionReady deferReadyDepth=0 stack=com.android.server.wm.TransitionController.continueTransitionReady:1071 com.android.server.wm.TaskFragmentOrganizerController$TaskFragmentOrganizerState.onTransactionFinished:546 com.android.server.wm.TaskFragmentOrganizerController.onTransactionHandled:740 android.window.ITaskFragmentOrganizerController$Stub.onTransact:225 android.os.Binder.execTransactInternal:1473 
03-13 07:07:11.502   472   472 D Zygote  : Forked child process 11432
03-13 07:07:11.511   686   715 W ActivityManager: Slow operation: 101ms so far, now at startProcess: done starting proc!
03-13 07:07:11.513  1323  1323 D b/417220811: invalidateLoadedTasks - previous requestLoadId: -1
03-13 07:07:11.513   686   723 I ActivityManager: Start proc 11432:com.mahfilfund/u0a223 for next-top-activity {com.mahfilfund/com.mahfilfund.MainActivity}
03-13 07:07:11.518 11432 11432 I Zygote  : Process 11432 created for com.mahfilfund
03-13 07:07:11.520 11432 11432 I com.mahfilfund: Late-enabling -Xcheck:jni
03-13 07:07:11.537  1323  1323 D BaseActivity: Launcher flags updated: [state_started] -[state_window_focused]
03-13 07:07:11.544   686   723 W ActivityManager: Slow operation: 78ms so far, now at startProcess: done updating pids map
03-13 07:07:11.579 11432 11432 I com.mahfilfund: Using CollectorTypeCMC GC.
03-13 07:07:11.581   686  1040 D BackgroundInstallControlService: Package event received: 0
03-13 07:07:11.595  1428  1437 I adbd    : jdwp connection from 11432
03-13 07:07:11.651   686   712 V WindowManager: Sent Transition (#165) createdAt=03-13 07:07:11.301 via request=TransitionRequestInfo { type = OPEN, triggerTask = TaskInfo{userId=0 taskId=46 effectiveUid=10223 displayId=0 isRunning=true baseIntent=Intent { flg=0x10000000 cmp=com.mahfilfund/.MainActivity } baseActivity=ComponentInfo{com.mahfilfund/com.mahfilfund.MainActivity} topActivity=ComponentInfo{com.mahfilfund/com.mahfilfund.MainActivity} origActivity=null realActivity=ComponentInfo{com.mahfilfund/com.mahfilfund.MainActivity} numActivities=1 lastActiveTime=43124798 supportsMultiWindow=true resizeMode=1 isResizeable=true minWidth=-1 minHeight=-1 defaultMinSize=220 token=WCT{RemoteToken{90d077c Task{22b6c23 #46 type=standard A=10223:com.mahfilfund}}} topActivityType=1 pictureInPictureParams=null shouldDockBigOverlays=false launchIntoPipHostTaskId=-1 lastParentTaskIdBeforePip=-1 displayCutoutSafeInsets=Rect(0, 0 - 0, 0) topActivityInfo=ActivityInfo{8bc2805 com.mahfilfund.MainActivity} launchCookies=[] positionInParent=Point(0, 0) parentTaskId=-1 isFocused=false isVisible=false isVisibleRequested=false isTopActivityNoDisplay=false isSleeping=false locusId=null displayAreaFeatureId=1 isTopActivityTransparent=false isActivityStackTransparent=false lastNonFullscreenBounds=null capturedLink=null capturedLinkTimestamp=0 requestedVisibleTypes=503 topActivityRequestOpenInBrowserEducationTimestamp=0 appCompatTaskInfo=AppCompatTaskInfo { topActivityInSizeCompat=false isLeafTask= true eligibleForLetterboxEducation= false isLetterboxEducationEnabled= true isLetterboxDoubleTapEnabled= false eligibleForUserAspectRatioButton= false topActivityBoundsLetterboxed= false isFromLetterboxDoubleTap= false topActivityLetterboxVerticalPosition= -1 topActivityLetterboxHorizontalPosition= -1 topActivityLetterboxWidth=-1 topActivityLetterboxHeight=-1 topActivityAppBounds=Rect(0, 0 - 1080, 2400) isUserFullscreenOverrideEnabled=false isSystemFullscreenOverrideEnabled=false hasMinAspectRatioOverride=false topActivityLetterboxBounds=null cameraCompatTaskInfo=CameraCompatTaskInfo { cameraCompatMode=inactive0} topNonResizableActivityAspectRatio=-1.0} topActivityMainWindowFrame=null isAppBubble=false}, pipChange = null, remoteTransition = null, displayChange = null, requestedLocation = null, userChange = null, windowingLayerChange = null, flags = 0, debugId = 165 }
03-13 07:07:11.651   686   712 V WindowManager:     startWCT=WindowContainerTransaction { changes= {} hops= [] errorCallbackToken=null taskFragmentOrganizer=null }
03-13 07:07:11.652   686   712 V WindowManager:     info={id=165 t=OPEN f=0x0 trk=0 r=[0@Point(0, 0)] c=[
03-13 07:07:11.652   686   712 V WindowManager:         {WCT{RemoteToken{90d077c Task{22b6c23 #46 type=standard A=10223:com.mahfilfund}}} m=OPEN f=NONE leash=Surface(name=Task=46#2339)/@0x5e81d4e sb=Rect(0, 0 - 1080, 2400) eb=Rect(0, 0 - 1080, 2400) epz=Point(1080, 2400) d=0 taskParent=-1 winMode=1 userId=0},
03-13 07:07:11.652   686   712 V WindowManager:         {WCT{RemoteToken{4dba70a Task{73e266c #1 type=home}}} m=TO_BACK f=SHOW_WALLPAPER leash=Surface(name=Task=1#44)/@0xfd2e2cb sb=Rect(0, 0 - 1080, 2400) eb=Rect(0, 0 - 1080, 2400) epz=Point(1080, 2400) d=0 taskParent=-1 winMode=1 userId=0},
03-13 07:07:11.652   686   712 V WindowManager:         {m=TO_BACK f=IS_WALLPAPER leash=Surface(name=WallpaperWindowToken{9563342}#61)/@0x597fe45 sb=Rect(0, 0 - 1080, 2400) eb=Rect(0, 0 - 1080, 2400) epz=Point(1080, 2400) d=0}
03-13 07:07:11.652   686   712 V WindowManager:     ]}
03-13 07:07:11.671  1323  1323 D b/417220811: invalidateLoadedTasks - previous requestLoadId: -1
03-13 07:07:11.687  1078  2132 V WindowManagerShell: onTransitionReady(transaction=2946347593891)
03-13 07:07:11.691  1078  1155 V ShellTaskOrganizer: Task appeared taskId=46 listener=FullscreenTaskListener
03-13 07:07:11.694  1078  1155 V ShellTaskOrganizer: Fullscreen Task Appeared: #46
03-13 07:07:11.695  1078  1155 V WindowManagerShell: onTransitionReady (#165) android.os.BinderProxy@811ebfb: {id=165 t=OPEN f=0x0 trk=0 r=[0@Point(0, 0)] c=[
03-13 07:07:11.695  1078  1155 V WindowManagerShell:         {m=OPEN f=NONE leash=Surface(name=Task=46#2339)/@0x5ca2d5c sb=Rect(0, 0 - 1080, 2400) eb=Rect(0, 0 - 1080, 2400) epz=Point(1080, 2400) d=0 taskParent=-1 winMode=1 userId=0},
03-13 07:07:11.695  1078  1155 V WindowManagerShell:         {m=TO_BACK f=SHOW_WALLPAPER leash=Surface(name=Task=1#44)/@0x20f8865 sb=Rect(0, 0 - 1080, 2400) eb=Rect(0, 0 - 1080, 2400) epz=Point(1080, 2400) d=0 taskParent=-1 winMode=1 userId=0},
03-13 07:07:11.695  1078  1155 V WindowManagerShell:         {m=TO_BACK f=IS_WALLPAPER leash=Surface(name=WallpaperWindowToken{9563342}#61)/@0xf4a093a sb=Rect(0, 0 - 1080, 2400) eb=Rect(0, 0 - 1080, 2400) epz=Point(1080, 2400) d=0}
03-13 07:07:11.695  1078  1155 V WindowManagerShell:     ]}
03-13 07:07:11.695  1323  1323 D b/417220811: invalidateLoadedTasks - previous requestLoadId: -1
03-13 07:07:11.695  1323  1323 D b/417220811: invalidateLoadedTasks - previous requestLoadId: -1
03-13 07:07:11.697  1078  1155 V WindowManagerShell: Playing animation for (#165) android.os.BinderProxy@811ebfb@0
03-13 07:07:11.697  1078  1155 V ShellRecents: RecentsTransitionHandler.startAnimation: no controller found
03-13 07:07:11.697  1078  1155 V WindowManagerShell: Transition doesn't have explicit remote, search filters for match for {id=165 t=OPEN f=0x0 trk=0 r=[0@Point(0, 0)] c=[{m=OPEN f=NONE leash=Surface(name=Task=46#2339)/@0x5ca2d5c sb=Rect(0, 0 - 1080, 2400) eb=Rect(0, 0 - 1080, 2400) epz=Point(1080, 2400) d=0 taskParent=-1 winMode=1 userId=0},{m=TO_BACK f=SHOW_WALLPAPER leash=Surface(name=Task=1#44)/@0x20f8865 sb=Rect(0, 0 - 1080, 2400) eb=Rect(0, 0 - 1080, 2400) epz=Point(1080, 2400) d=0 taskParent=-1 winMode=1 userId=0},{m=TO_BACK f=IS_WALLPAPER leash=Surface(name=WallpaperWindowToken{9563342}#61)/@0xf4a093a sb=Rect(0, 0 - 1080, 2400) eb=Rect(0, 0 - 1080, 2400) epz=Point(1080, 2400) d=0}]}
03-13 07:07:11.697  1078  1155 V WindowManagerShell:  Checking filter Pair{{types=[] flags=0x0] notFlags=0x0 checks=[{atype=undefined independent=true modes=[CLOSE,TO_BACK] flags=IN_TASK_WITH_EMBEDDED_ACTIVITY mustBeTask=false order=ANY topActivity=null launchCookie=null taskFragmentToken=android.os.BinderProxy@f0eb7a7 windowingMode=undefined isCrossDisplayMove=false}]} RemoteTransition { remoteTransition = android.window.IRemoteTransition$Stub$Proxy@7634454, appThread = android.app.IApplicationThread$Stub$Proxy@10ddffd, debugName = overlayBackTransition }}
03-13 07:07:11.697  1078  1155 V WindowManagerShell:  Checking filter Pair{{types=[] flags=0x0] notFlags=0x0 checks=[{atype=dream independent=true modes=[OPEN,TO_FRONT] flags=NONE mustBeTask=false order=ANY topActivity=null launchCookie=null windowingMode=undefined isCrossDisplayMove=false},{atype=home independent=true modes=[CLOSE,TO_BACK] flags=NONE mustBeTask=false order=ANY topActivity=null launchCookie=null windowingMode=undefined isCrossDisplayMove=false}]} RemoteTransition { remoteTransition = android.window.IRemoteTransition$Stub$Proxy@7d5a4f2, appThread = android.app.IApplicationThread$Stub$Proxy@3652743, debugName = LauncherToDream }}
03-13 07:07:11.697  1078  1155 V WindowManagerShell:  Checking filter Pair{{types=[] flags=0x0] notFlags=0x100 checks=[{atype=home independent=true modes=[OPEN,TO_FRONT] flags=NONE mustBeTask=false order=TOP topActivity=ComponentInfo{com.google.android.apps.nexuslauncher/com.google.android.apps.nexuslauncher.NexusLauncherActivity} launchCookie=null windowingMode=undefined isCrossDisplayMove=false},{atype=standard independent=true modes=[CLOSE,TO_BACK] flags=NONE mustBeTask=false order=ANY topActivity=null launchCookie=null windowingMode=undefined isCrossDisplayMove=false},{NOT atype=undefined independent=true modes=[] flags=NONE mustBeTask=true order=ANY topActivity=null launchCookie=null customAnim=true windowingMode=undefined isCrossDisplayMove=false}]} RemoteTransition { remoteTransition = android.window.IRemoteTransition$Stub$Proxy@4da51c0, appThread = android.app.IApplicationThread$Stub$Proxy@5d7ef9, debugName = QuickstepLaunchHome }}
03-13 07:07:11.697  1078  1155 V WindowManagerShell:  Delegate animation for (#165) to null
03-13 07:07:11.697  1078  1155 V WindowManagerShell: start default transition animation, info = {id=165 t=OPEN f=0x0 trk=0 r=[0@Point(0, 0)] c=[{m=OPEN f=NONE leash=Surface(name=Task=46#2339)/@0x5ca2d5c sb=Rect(0, 0 - 1080, 2400) eb=Rect(0, 0 - 1080, 2400) epz=Point(1080, 2400) d=0 taskParent=-1 winMode=1 userId=0},{m=TO_BACK f=SHOW_WALLPAPER leash=Surface(name=Task=1#44)/@0x20f8865 sb=Rect(0, 0 - 1080, 2400) eb=Rect(0, 0 - 1080, 2400) epz=Point(1080, 2400) d=0 taskParent=-1 winMode=1 userId=0},{m=TO_BACK f=IS_WALLPAPER leash=Surface(name=WallpaperWindowToken{9563342}#61)/@0xf4a093a sb=Rect(0, 0 - 1080, 2400) eb=Rect(0, 0 - 1080, 2400) epz=Point(1080, 2400) d=0}]}
03-13 07:07:11.698  1078  1155 V WindowManagerShell: loadAnimation: anim=android.view.animation.AnimationSet@d7ac348 animAttr=0x13 type=OPEN isEntrance=false
03-13 07:07:11.699  1078  1155 V WindowManagerShell: loadAnimation: anim=android.view.animation.AnimationSet@67545e1 animAttr=0x12 type=OPEN isEntrance=true
03-13 07:07:11.700  1078  1155 V WindowManagerShell:  animated by com.android.wm.shell.transition.DefaultTransitionHandler@7f09a46
03-13 07:07:11.707 11432 11432 D nativeloader: Load libframework-connectivity-tiramisu-jni.so using APEX ns com_android_tethering for caller /apex/com.android.tethering/javalib/framework-connectivity-t.jar: ok
03-13 07:07:11.734   686  1040 D BackgroundInstallControlService: Package event received: 0
03-13 07:07:12.012  1078  1155 V WindowManagerShell: Transition animation finished (aborted=false), notifying core (#165) android.os.BinderProxy@811ebfb@0
03-13 07:07:12.014   686   712 V WindowManager: Finish Transition (#165): created at 03-13 07:07:11.301 collect-started=0.111ms request-sent=93.07ms started=133.874ms ready=192.711ms sent=338.423ms commit=71.6ms finished=712.511ms
03-13 07:07:12.021  1078  1155 V WindowManagerShell: Track 0 became idle
03-13 07:07:12.021  1078  1155 V WindowManagerShell: All active transition animations finished
03-13 07:07:12.022  1323  1323 D VRI[NexusLauncherActivity]: visibilityChanged oldVisibility=true newVisibility=false
03-13 07:07:12.029  1323  1323 D NexusLauncherModelDelegate: notifySmartspaceEvent: SmartspaceTargetEvent{mSmartspaceTarget=null, mSmartspaceActionId='null', mEventType=7}
03-13 07:07:12.033  1078  1155 D Bubbles : onLocusVisibilityChanged=Overview|DISABLED visible=false taskId=1
03-13 07:07:12.102 11444 11444 W libbinder.BackendUnifiedServiceManager: Thread Pool max thread count is 0. Cannot cache binder as linkToDeath cannot be implemented. serviceName: package
03-13 07:07:12.248  1078  1315 D WallpaperService: onVisibilityChanged(false): com.android.systemui.wallpapers.ImageWallpaper$CanvasEngine@fc995a3
03-13 07:07:12.271   847  8050 I artd    : GetBestInfo: odex next to the dex file (/data/app/~~BvPz18wvkCs6mLjE9QceAA==/com.google.android.gms-asv9xVa0mhrusDeL_LWLig==/oat/arm64/base.odex) is kOatUpToDate with filter 'speed-profile' executable 'false'
03-13 07:07:12.277   847  8050 I artd    : GetBestInfo: odex next to the dex file (/data/app/~~BvPz18wvkCs6mLjE9QceAA==/com.google.android.gms-asv9xVa0mhrusDeL_LWLig==/oat/arm64/split_AdsDynamite_installtime.odex) is kOatUpToDate with filter 'speed' executable 'false'
03-13 07:07:12.281   847  8050 I artd    : GetBestInfo: odex next to the dex file (/data/app/~~BvPz18wvkCs6mLjE9QceAA==/com.google.android.gms-asv9xVa0mhrusDeL_LWLig==/oat/arm64/split_CronetDynamite_installtime.odex) is kOatUpToDate with filter 'speed-profile' executable 'false'
03-13 07:07:12.290   847  5278 I artd    : GetBestInfo: odex next to the dex file (/data/app/~~BvPz18wvkCs6mLjE9QceAA==/com.google.android.gms-asv9xVa0mhrusDeL_LWLig==/oat/arm64/split_DynamiteLoader_installtime.odex) is kOatUpToDate with filter 'speed' executable 'false'
03-13 07:07:12.292   847  5278 I artd    : GetBestInfo: odex next to the dex file (/data/app/~~BvPz18wvkCs6mLjE9QceAA==/com.google.android.gms-asv9xVa0mhrusDeL_LWLig==/oat/arm64/split_DynamiteModulesA_installtime.odex) is kOatUpToDate with filter 'speed' executable 'false'
03-13 07:07:12.297   847  5278 I artd    : GetBestInfo: odex next to the dex file (/data/app/~~BvPz18wvkCs6mLjE9QceAA==/com.google.android.gms-asv9xVa0mhrusDeL_LWLig==/oat/arm64/split_DynamiteModulesC_installtime.odex) is kOatUpToDate with filter 'speed' executable 'false'
03-13 07:07:12.299   847  5278 I artd    : GetBestInfo: odex next to the dex file (/data/app/~~BvPz18wvkCs6mLjE9QceAA==/com.google.android.gms-asv9xVa0mhrusDeL_LWLig==/oat/arm64/split_GoogleCertificates_installtime.odex) is kOatUpToDate with filter 'speed' executable 'false'
03-13 07:07:12.301   847  8050 I artd    : GetBestInfo: odex next to the dex file (/data/app/~~BvPz18wvkCs6mLjE9QceAA==/com.google.android.gms-asv9xVa0mhrusDeL_LWLig==/oat/arm64/split_MapsDynamite_installtime.odex) is kOatUpToDate with filter 'speed' executable 'false'
03-13 07:07:12.302   847  8050 I artd    : GetBestInfo: odex next to the dex file (/data/app/~~BvPz18wvkCs6mLjE9QceAA==/com.google.android.gms-asv9xVa0mhrusDeL_LWLig==/oat/arm64/split_MeasurementDynamite_installtime.odex) is kOatUpToDate with filter 'speed' executable 'false'
03-13 07:07:12.305   847  5278 I artd    : GetBestInfo: odex next to the dex file (/data/app/~~BvPz18wvkCs6mLjE9QceAA==/com.google.android.gms-asv9xVa0mhrusDeL_LWLig==/oat/arm64/split_all_locale_splits.odex) is kOatUpToDate with filter 'speed' executable 'false'
03-13 07:07:12.308   847  5278 I artd    : GetBestInfo: /data/user_de/0/com.google.android.gms/app_chimera/m/00000009/dl-VisionOcr.optional_260931100000.apk has no usable artifacts
03-13 07:07:12.312   847  5278 I artd    : GetBestInfo: /data/user_de/0/com.google.android.gms/app_chimera/m/0000000d/dl-MlkitOcrCommon.optional_260931100400.apk has no usable artifacts
03-13 07:07:12.316   847  5278 I artd    : GetBestInfo: /data/user_de/0/com.google.android.gms/app_chimera/m/00000001/CronetDynamite.apk has no usable artifacts
03-13 07:07:12.318   847  5278 I artd    : GetBestInfo: vdex next to the dex file (/data/user/0/com.google.android.gms/app_dg_cache/DE47351470B874CD27E2358FA315B85F3554F2AB/oat/arm64/the.vdex) is kOatUpToDate with filter 'verify' executable 'false'
03-13 07:07:12.320   847  5278 I artd    : GetBestInfo: /data/user_de/0/com.google.android.gms/app_chimera/m/00000002/DynamiteLoader.apk has no usable artifacts
03-13 07:07:12.320   847  8050 I artd    : GetBestInfo: /data/user_de/0/com.google.android.gms/app_chimera/m/00000005/GoogleCertificates.apk has no usable artifacts
03-13 07:07:12.321   847  8050 I artd    : GetBestInfo: /data/user_de/0/com.google.android.gms/app_chimera/m/0000000a/dl-MlkitBarcodeUi.optional_260931100400.apk has no usable artifacts
03-13 07:07:12.322   847  5278 I artd    : GetBestInfo: /data/user_de/0/com.google.android.gms/app_chimera/m/0000000f/dl-Appsearch.optional_260931100400.apk has no usable artifacts
03-13 07:07:12.325   847  8050 I artd    : GetBestInfo: /data/user_de/0/com.google.android.gms/app_chimera/m/0000000b/dl-TfliteDynamiteDynamite.integ_252130102100400.apk has no usable artifacts
03-13 07:07:12.329   847  8050 I artd    : GetBestInfo: /data/user_de/0/com.google.android.gms/app_chimera/m/00000007/MeasurementDynamite.apk has no usable artifacts
03-13 07:07:12.431 11432 11432 D nativeloader: Configuring clns-9 for other apk /data/app/~~qZvRQbp3z15tfEHG75vbNg==/com.mahfilfund-PemhBvHWHGGu54n0SekHHw==/base.apk. target_sdk_version=36, uses_libraries=, library_path=/data/app/~~qZvRQbp3z15tfEHG75vbNg==/com.mahfilfund-PemhBvHWHGGu54n0SekHHw==/lib/arm64:/data/app/~~qZvRQbp3z15tfEHG75vbNg==/com.mahfilfund-PemhBvHWHGGu54n0SekHHw==/base.apk!/lib/arm64-v8a, permitted_path=/data:/mnt/expand:/data/user/0/com.mahfilfund
03-13 07:07:12.442 11432 11432 V GraphicsEnvironment: Currently set values for:
03-13 07:07:12.442 11432 11432 V GraphicsEnvironment:   angle_gl_driver_selection_pkgs=[]
03-13 07:07:12.442 11432 11432 V GraphicsEnvironment:   angle_gl_driver_selection_values=[]
03-13 07:07:12.442 11432 11432 V GraphicsEnvironment: com.mahfilfund is not listed in per-application setting
03-13 07:07:12.442 11432 11432 V GraphicsEnvironment: ANGLE allowlist from config: com.dreamgames.royalmatch com.dts.freefiremax com.dxx.firenow com.gramgames.mergedragons com.ludo.king com.mojang.minecraftpe com.my.defense com.nintendo.zaka com.os.airforce com.playrix.fishdomdd.gplay io.teslatech.callbreak jp.konami.prospia net.peakgames.toonblast
03-13 07:07:12.442 11432 11432 V GraphicsEnvironment: No special selections for ANGLE, returning default driver choice
03-13 07:07:12.442 11432 11432 V GraphicsEnvironment: Neither updatable production driver nor prerelease driver is supported.
03-13 07:07:12.463 11432 11432 W SoLoader: Initializing SoLoader: 0
03-13 07:07:12.464 11432 11432 W SoLoader: Recording new base apk path: /data/app/~~qZvRQbp3z15tfEHG75vbNg==/com.mahfilfund-PemhBvHWHGGu54n0SekHHw==/base.apk
03-13 07:07:12.464 11432 11432 W SoLoader: Previously recorded 0 base apk paths.
03-13 07:07:12.465 11432 11432 I SoLoader: Preparing SO source: DirectorySoSource[root = /vendor/lib64 flags = 2]
03-13 07:07:12.465 11432 11432 I SoLoader: Preparing SO source: DirectorySoSource[root = /system/lib64 flags = 2]
03-13 07:07:12.465 11432 11432 I SoLoader: Preparing SO source: DirectApkSoSource[root = [/data/app/~~qZvRQbp3z15tfEHG75vbNg==/com.mahfilfund-PemhBvHWHGGu54n0SekHHw==/base.apk!/lib/arm64-v8a]]
03-13 07:07:12.525 11432 11432 I SoLoader: Preparing SO source: ApplicationSoSource[DirectorySoSource[root = /data/app/~~qZvRQbp3z15tfEHG75vbNg==/com.mahfilfund-PemhBvHWHGGu54n0SekHHw==/lib/arm64 flags = 0]]
03-13 07:07:12.525 11432 11432 I SoLoader: init finish: 4 SO sources prepared
03-13 07:07:12.525 11432 11432 W SoLoader: SoLoader initialized: 8
03-13 07:07:12.654 11432 11432 D nativeloader: Load /data/app/~~qZvRQbp3z15tfEHG75vbNg==/com.mahfilfund-PemhBvHWHGGu54n0SekHHw==/base.apk!/lib/arm64-v8a/libc++_shared.so using class loader ns clns-9 (caller=/data/app/~~qZvRQbp3z15tfEHG75vbNg==/com.mahfilfund-PemhBvHWHGGu54n0SekHHw==/base.apk): ok
03-13 07:07:12.703 11432 11432 D nativeloader: Load /data/app/~~qZvRQbp3z15tfEHG75vbNg==/com.mahfilfund-PemhBvHWHGGu54n0SekHHw==/base.apk!/lib/arm64-v8a/libjsi.so using class loader ns clns-9 (caller=/data/app/~~qZvRQbp3z15tfEHG75vbNg==/com.mahfilfund-PemhBvHWHGGu54n0SekHHw==/base.apk): ok
03-13 07:07:12.766 11432 11432 D nativeloader: Load /data/app/~~qZvRQbp3z15tfEHG75vbNg==/com.mahfilfund-PemhBvHWHGGu54n0SekHHw==/base.apk!/lib/arm64-v8a/libfbjni.so using class loader ns clns-9 (caller=/data/app/~~qZvRQbp3z15tfEHG75vbNg==/com.mahfilfund-PemhBvHWHGGu54n0SekHHw==/base.apk): ok
03-13 07:07:12.775 11432 11432 D nativeloader: Load /data/app/~~qZvRQbp3z15tfEHG75vbNg==/com.mahfilfund-PemhBvHWHGGu54n0SekHHw==/base.apk!/lib/arm64-v8a/libreactnative.so using class loader ns clns-9 (caller=/data/app/~~qZvRQbp3z15tfEHG75vbNg==/com.mahfilfund-PemhBvHWHGGu54n0SekHHw==/base.apk): ok
03-13 07:07:12.775 11432 11432 D jni_lib_merge: Entering merged library JNI_OnLoad.
03-13 07:07:12.776 11432 11432 D jni_lib_merge: Preparing 12 pre-merged libs (including stub)
03-13 07:07:12.776 11432 11432 D jni_lib_merge: Preparing to register libfabricjni_so.  onload_func: 0x79ee68e948
03-13 07:07:12.776 11432 11432 D jni_lib_merge: Preparing to register libreact_devsupportjni_so.  onload_func: 0x79ee8a42a4
03-13 07:07:12.776 11432 11432 D jni_lib_merge: Preparing to register libreact_featureflagsjni_so.  onload_func: 0x79ee8aff10
03-13 07:07:12.776 11432 11432 D jni_lib_merge: Preparing to register libreact_newarchdefaults_so.  onload_func: 0x79ee918eac
03-13 07:07:12.776 11432 11432 D jni_lib_merge: Preparing to register libreactnativeblob_so.  onload_func: 0x79eeb0995c
03-13 07:07:12.776 11432 11432 D jni_lib_merge: Preparing to register libreactnativejni_so.  onload_func: 0x79eeb57114
03-13 07:07:12.776 11432 11432 D jni_lib_merge: Preparing to register libreactnativejni_common_so.  onload_func: 0x79eeb67a9c
03-13 07:07:12.776 11432 11432 D jni_lib_merge: Preparing to register librninstance_so.  onload_func: 0x79eeb9e250
03-13 07:07:12.776 11432 11432 D jni_lib_merge: Preparing to register libturbomodulejsijni_so.  onload_func: 0x79eecb5a24
03-13 07:07:12.776 11432 11432 D jni_lib_merge: Preparing to register libuimanagerjni_so.  onload_func: 0x79eeccea74
03-13 07:07:12.776 11432 11432 D jni_lib_merge: Preparing to register libyoga_so.  onload_func: 0x79eecde4f8
03-13 07:07:12.776 11432 11432 D jni_lib_merge: About to register 11 actual methods.
03-13 07:07:12.886 11432 11432 D nativeloader: Load /data/app/~~qZvRQbp3z15tfEHG75vbNg==/com.mahfilfund-PemhBvHWHGGu54n0SekHHw==/base.apk!/lib/arm64-v8a/libreact_codegen_rnscreens.so using class loader ns clns-9 (caller=/data/app/~~qZvRQbp3z15tfEHG75vbNg==/com.mahfilfund-PemhBvHWHGGu54n0SekHHw==/base.apk): ok
03-13 07:07:12.886 11432 11432 D jni_lib_merge: Entering merged library JNI_OnLoad.
03-13 07:07:12.886 11432 11432 D jni_lib_merge: Preparing 12 pre-merged libs (including stub)
03-13 07:07:12.886 11432 11432 D jni_lib_merge: Preparing to register libfabricjni_so.  onload_func: 0x79ee68e948
03-13 07:07:12.886 11432 11432 D jni_lib_merge: Preparing to register libreact_devsupportjni_so.  onload_func: 0x79ee8a42a4
03-13 07:07:12.886 11432 11432 D jni_lib_merge: Preparing to register libreact_featureflagsjni_so.  onload_func: 0x79ee8aff10
03-13 07:07:12.886 11432 11432 D jni_lib_merge: Preparing to register libreact_newarchdefaults_so.  onload_func: 0x79ee918eac
03-13 07:07:12.886 11432 11432 D jni_lib_merge: Preparing to register libreactnativeblob_so.  onload_func: 0x79eeb0995c
03-13 07:07:12.886 11432 11432 D jni_lib_merge: Preparing to register libreactnativejni_so.  onload_func: 0x79eeb57114
03-13 07:07:12.886 11432 11432 D jni_lib_merge: Preparing to register libreactnativejni_common_so.  onload_func: 0x79eeb67a9c
03-13 07:07:12.886 11432 11432 D jni_lib_merge: Preparing to register librninstance_so.  onload_func: 0x79eeb9e250
03-13 07:07:12.886 11432 11432 D jni_lib_merge: Preparing to register libturbomodulejsijni_so.  onload_func: 0x79eecb5a24
03-13 07:07:12.886 11432 11432 D jni_lib_merge: Preparing to register libuimanagerjni_so.  onload_func: 0x79eeccea74
03-13 07:07:12.886 11432 11432 D jni_lib_merge: Preparing to register libyoga_so.  onload_func: 0x79eecde4f8
03-13 07:07:12.886 11432 11432 D jni_lib_merge: About to register 11 actual methods.
03-13 07:07:12.947 11432 11432 D nativeloader: Load /data/app/~~qZvRQbp3z15tfEHG75vbNg==/com.mahfilfund-PemhBvHWHGGu54n0SekHHw==/base.apk!/lib/arm64-v8a/libreact_codegen_rnsvg.so using class loader ns clns-9 (caller=/data/app/~~qZvRQbp3z15tfEHG75vbNg==/com.mahfilfund-PemhBvHWHGGu54n0SekHHw==/base.apk): ok
03-13 07:07:12.947 11432 11432 D jni_lib_merge: Entering merged library JNI_OnLoad.
03-13 07:07:12.947 11432 11432 D jni_lib_merge: Preparing 12 pre-merged libs (including stub)
03-13 07:07:12.947 11432 11432 D jni_lib_merge: Preparing to register libfabricjni_so.  onload_func: 0x79ee68e948
03-13 07:07:12.947 11432 11432 D jni_lib_merge: Preparing to register libreact_devsupportjni_so.  onload_func: 0x79ee8a42a4
03-13 07:07:12.947 11432 11432 D jni_lib_merge: Preparing to register libreact_featureflagsjni_so.  onload_func: 0x79ee8aff10
03-13 07:07:12.947 11432 11432 D jni_lib_merge: Preparing to register libreact_newarchdefaults_so.  onload_func: 0x79ee918eac
03-13 07:07:12.947 11432 11432 D jni_lib_merge: Preparing to register libreactnativeblob_so.  onload_func: 0x79eeb0995c
03-13 07:07:12.947 11432 11432 D jni_lib_merge: Preparing to register libreactnativejni_so.  onload_func: 0x79eeb57114
03-13 07:07:12.947 11432 11432 D jni_lib_merge: Preparing to register libreactnativejni_common_so.  onload_func: 0x79eeb67a9c
03-13 07:07:12.947 11432 11432 D jni_lib_merge: Preparing to register librninstance_so.  onload_func: 0x79eeb9e250
03-13 07:07:12.947 11432 11432 D jni_lib_merge: Preparing to register libturbomodulejsijni_so.  onload_func: 0x79eecb5a24
03-13 07:07:12.947 11432 11432 D jni_lib_merge: Preparing to register libuimanagerjni_so.  onload_func: 0x79eeccea74
03-13 07:07:12.947 11432 11432 D jni_lib_merge: Preparing to register libyoga_so.  onload_func: 0x79eecde4f8
03-13 07:07:12.947 11432 11432 D jni_lib_merge: About to register 11 actual methods.
03-13 07:07:12.999 11432 11432 D nativeloader: Load /data/app/~~qZvRQbp3z15tfEHG75vbNg==/com.mahfilfund-PemhBvHWHGGu54n0SekHHw==/base.apk!/lib/arm64-v8a/libreact_codegen_safeareacontext.so using class loader ns clns-9 (caller=/data/app/~~qZvRQbp3z15tfEHG75vbNg==/com.mahfilfund-PemhBvHWHGGu54n0SekHHw==/base.apk): ok
03-13 07:07:13.042 11432 11432 D nativeloader: Load /data/app/~~qZvRQbp3z15tfEHG75vbNg==/com.mahfilfund-PemhBvHWHGGu54n0SekHHw==/base.apk!/lib/arm64-v8a/libreact-native-mmkv.so using class loader ns clns-9 (caller=/data/app/~~qZvRQbp3z15tfEHG75vbNg==/com.mahfilfund-PemhBvHWHGGu54n0SekHHw==/base.apk): ok
03-13 07:07:13.050 11432 11432 D nativeloader: Load /data/app/~~qZvRQbp3z15tfEHG75vbNg==/com.mahfilfund-PemhBvHWHGGu54n0SekHHw==/base.apk!/lib/arm64-v8a/libappmodules.so using class loader ns clns-9 (caller=/data/app/~~qZvRQbp3z15tfEHG75vbNg==/com.mahfilfund-PemhBvHWHGGu54n0SekHHw==/base.apk): ok
03-13 07:07:13.061 11432 11432 I Choreographer: Skipped 35 frames!  The application may be doing too much work on its main thread.
03-13 07:07:13.064   686  1040 D BackgroundInstallControlService: Package event received: 0
03-13 07:07:13.067 11432 11449 I DisplayManager: Choreographer implicitly registered for the refresh rate.
03-13 07:07:13.070   686  1040 D BackgroundInstallControlService: Package event received: 0
03-13 07:07:13.086 11432 11432 D DesktopExperienceFlags: Toggle override initialized to: false
03-13 07:07:13.093 11432 11432 D AppCompatDelegate: Checking for metadata for AppLocalesMetadataHolderService : Service not found
03-13 07:07:13.101 11432 11432 E ashmem  : Pinning is deprecated since Android Q. Please use trim or other methods.
03-13 07:07:13.204 11432 11449 I GFXSTREAM: [eglDisplay.cpp(297)] Opening libGLESv1_CM_emulation.so
03-13 07:07:13.204 11432 11449 I GFXSTREAM: [eglDisplay.cpp(297)] Opening libGLESv2_emulation.so
03-13 07:07:13.214 11432 11432 D nativeloader: Load /data/app/~~qZvRQbp3z15tfEHG75vbNg==/com.mahfilfund-PemhBvHWHGGu54n0SekHHw==/base.apk!/lib/arm64-v8a/libhermes.so using class loader ns clns-9 (caller=/data/app/~~qZvRQbp3z15tfEHG75vbNg==/com.mahfilfund-PemhBvHWHGGu54n0SekHHw==/base.apk): ok
03-13 07:07:13.215 11432 11432 D nativeloader: Load /data/app/~~qZvRQbp3z15tfEHG75vbNg==/com.mahfilfund-PemhBvHWHGGu54n0SekHHw==/base.apk!/lib/arm64-v8a/libhermestooling.so using class loader ns clns-9 (caller=/data/app/~~qZvRQbp3z15tfEHG75vbNg==/com.mahfilfund-PemhBvHWHGGu54n0SekHHw==/base.apk): ok
03-13 07:07:13.215 11432 11432 D jni_lib_merge: Entering merged library JNI_OnLoad.
03-13 07:07:13.215 11432 11432 D jni_lib_merge: Preparing 4 pre-merged libs (including stub)
03-13 07:07:13.215 11432 11432 D jni_lib_merge: Preparing to register libhermes_executor_so.  onload_func: 0x79e74f39d4
03-13 07:07:13.215 11432 11432 D jni_lib_merge: Preparing to register libhermesinstancejni_so.  onload_func: 0x79e752878c
03-13 07:07:13.215 11432 11432 D jni_lib_merge: Preparing to register libjsijniprofiler_so.  onload_func: 0x79e752a788
03-13 07:07:13.215 11432 11432 D jni_lib_merge: About to register 3 actual methods.
03-13 07:07:13.230 11432 11449 W HWUI    : Failed to choose config with EGL_SWAP_BEHAVIOR_PRESERVED, retrying without...
03-13 07:07:13.240 11432 11449 W HWUI    : Failed to initialize 101010-2 format, error = EGL_SUCCESS
03-13 07:07:13.278 11432 11432 W unknown:BridgelessReact: ReactHost{0}.startSurface(surfaceId = 0): Schedule
03-13 07:07:13.279 11432 11432 W unknown:BridgelessReact: ReactHost{0}.attachSurface(surfaceId = 0)
03-13 07:07:13.280 11432 11455 W unknown:BridgelessReact: ReactHost{0}.getOrCreateReactInstanceTask()
03-13 07:07:13.281 11432 11455 W unknown:BridgelessReact: ReactHost{0}.getOrCreateReactInstanceTask(): Start
03-13 07:07:13.282 11432 11455 W unknown:BridgelessReact: ReactHost{0}.getJSBundleLoader()
03-13 07:07:13.282 11432 11455 W unknown:BridgelessReact: ReactHost{0}.isMetroRunning()
03-13 07:07:13.282 11432 11432 D CompatChangeReporter: Compat change id reported: 377864165; UID 10223; state: ENABLED
03-13 07:07:13.283 11432 11432 D DesktopModeFlags: Toggle override initialized to: OVERRIDE_UNSET
03-13 07:07:13.297 11432 11432 I com.mahfilfund: hiddenapi: Accessing hidden method Landroid/view/ViewGroup;->makeOptionalFitsSystemWindows()V (runtime_flags=0, domain=platform, api=unsupported) from Landroidx/appcompat/widget/ViewUtils; (domain=app, TargetSdkVersion=36) using reflection: allowed
03-13 07:07:13.309 11432 11432 W unknown:BridgelessReact: ReactHost{0}.onHostResume(activity)
03-13 07:07:13.321 11432 11432 W HWUI    : Unknown dataspace 0
03-13 07:07:13.328 11432 11432 D InsetsController: Setting requestedVisibleTypes to 498 (was 503)
03-13 07:07:13.349 11432 11432 D WindowOnBackDispatcher: setTopOnBackInvokedCallback (unwrapped): android.app.Activity$$ExternalSyntheticLambda0@282aa31
03-13 07:07:13.349   686   705 D CoreBackPreview: Window{2d600de u0 com.mahfilfund/com.mahfilfund.MainActivity}: Setting back callback OnBackInvokedCallbackInfo{mCallback=android.window.IOnBackInvokedCallback$Stub$Proxy@d5bccd5, mPriority=-1, mIsAnimationCallback=false, mOverrideBehavior=0}
03-13 07:07:13.349 11432 11432 D WindowOnBackDispatcher: setTopOnBackInvokedCallback (unwrapped): androidx.activity.OnBackPressedDispatcher$Api34Impl$createOnBackAnimationCallback$1@4639516
03-13 07:07:13.350   686   705 D CoreBackPreview: Window{2d600de u0 com.mahfilfund/com.mahfilfund.MainActivity}: Setting back callback OnBackInvokedCallbackInfo{mCallback=android.window.IOnBackInvokedCallback$Stub$Proxy@a3d4cea, mPriority=0, mIsAnimationCallback=true, mOverrideBehavior=0}
03-13 07:07:13.351 11432 11432 D VRI[MainActivity]: WindowInsets changed: 1080x2400 statusBars:[0,63,0,0] navigationBars:[0,0,0,63] mandatorySystemGestures:[0,63,0,84] 
03-13 07:07:13.365 11432 11432 D VRI[MainActivity]: WindowInsets changed: statusBars:null 
03-13 07:07:13.424   686   712 I ActivityTaskManager: Displayed com.mahfilfund/.MainActivity for user 0: +2s134ms
03-13 07:07:13.466 11432 11432 W unknown:BridgelessReact: ReactHost{0}.raiseSoftException(onWindowFocusChange(hasFocus = "true")): Tried to access onWindowFocusChange while context is not ready
03-13 07:07:13.468 11432 11432 E unknown:ReactHost: Unhandled SoftException
03-13 07:07:13.468 11432 11432 E unknown:ReactHost: com.facebook.react.bridge.ReactNoCrashSoftException: raiseSoftException(onWindowFocusChange(hasFocus = "true")): Tried to access onWindowFocusChange while context is not ready
03-13 07:07:13.468 11432 11432 E unknown:ReactHost: 	at com.facebook.react.runtime.ReactHostImpl.raiseSoftException(ReactHostImpl.java:1038)
03-13 07:07:13.468 11432 11432 E unknown:ReactHost: 	at com.facebook.react.runtime.ReactHostImpl.raiseSoftException(ReactHostImpl.java:1031)
03-13 07:07:13.468 11432 11432 E unknown:ReactHost: 	at com.facebook.react.runtime.ReactHostImpl.onWindowFocusChange(ReactHostImpl.java:790)
03-13 07:07:13.468 11432 11432 E unknown:ReactHost: 	at com.facebook.react.ReactDelegate.onWindowFocusChanged(ReactDelegate.java:199)
03-13 07:07:13.468 11432 11432 E unknown:ReactHost: 	at com.facebook.react.ReactActivityDelegate.onWindowFocusChanged(ReactActivityDelegate.java:216)
03-13 07:07:13.468 11432 11432 E unknown:ReactHost: 	at com.facebook.react.ReactActivity.onWindowFocusChanged(ReactActivity.java:158)
03-13 07:07:13.468 11432 11432 E unknown:ReactHost: 	at androidx.appcompat.view.WindowCallbackWrapper.onWindowFocusChanged(WindowCallbackWrapper.java:124)
03-13 07:07:13.468 11432 11432 E unknown:ReactHost: 	at com.android.internal.policy.DecorView.onWindowFocusChanged(DecorView.java:1797)
03-13 07:07:13.468 11432 11432 E unknown:ReactHost: 	at android.view.View.dispatchWindowFocusChanged(View.java:17124)
03-13 07:07:13.468 11432 11432 E unknown:ReactHost: 	at android.view.ViewGroup.dispatchWindowFocusChanged(ViewGroup.java:1529)
03-13 07:07:13.468 11432 11432 E unknown:ReactHost: 	at android.view.ViewRootImpl.dispatchFocusEvent(ViewRootImpl.java:4962)
03-13 07:07:13.468 11432 11432 E unknown:ReactHost: 	at android.view.ViewRootImpl.handleWindowFocusChanged(ViewRootImpl.java:4866)
03-13 07:07:13.468 11432 11432 E unknown:ReactHost: 	at android.view.ViewRootImpl.-$$Nest$mhandleWindowFocusChanged(Unknown Source:0)
03-13 07:07:13.468 11432 11432 E unknown:ReactHost: 	at android.view.ViewRootImpl$ViewRootHandler.handleMessageImpl(ViewRootImpl.java:7118)
03-13 07:07:13.468 11432 11432 E unknown:ReactHost: 	at android.view.ViewRootImpl$ViewRootHandler.handleMessage(ViewRootImpl.java:7026)
03-13 07:07:13.468 11432 11432 E unknown:ReactHost: 	at android.os.Handler.dispatchMessage(Handler.java:132)
03-13 07:07:13.468 11432 11432 E unknown:ReactHost: 	at android.os.Looper.dispatchMessage(Looper.java:333)
03-13 07:07:13.468 11432 11432 E unknown:ReactHost: 	at android.os.Looper.loopOnce(Looper.java:263)
03-13 07:07:13.468 11432 11432 E unknown:ReactHost: 	at android.os.Looper.loop(Looper.java:367)
03-13 07:07:13.468 11432 11432 E unknown:ReactHost: 	at android.app.ActivityThread.main(ActivityThread.java:9282)
03-13 07:07:13.468 11432 11432 E unknown:ReactHost: 	at java.lang.reflect.Method.invoke(Native Method)
03-13 07:07:13.468 11432 11432 E unknown:ReactHost: 	at com.android.internal.os.RuntimeInit$MethodAndArgsCaller.run(RuntimeInit.java:566)
03-13 07:07:13.468 11432 11432 E unknown:ReactHost: 	at com.android.internal.os.ZygoteInit.main(ZygoteInit.java:929)
03-13 07:07:13.472   686   830 I ImeTracker: com.mahfilfund:c96cc28a: onRequestHide at ORIGIN_SERVER reason HIDE_UNSPECIFIED_WINDOW fromUser false
03-13 07:07:13.505 11432 11432 D InsetsController: hide(ime())
03-13 07:07:13.506 11432 11432 I ImeTracker: com.mahfilfund:c96cc28a: onCancelled at PHASE_CLIENT_ALREADY_HIDDEN
03-13 07:07:13.516  1323  1323 D BaseActivity: Launcher flags updated: [] -[state_started]
03-13 07:07:13.516  1323  1323 D BaseDepthController: setSurface:
03-13 07:07:13.516  1323  1323 D BaseDepthController: 	mWaitingOnSurfaceValidity: false
03-13 07:07:13.516  1323  1323 D BaseDepthController: 	mBaseSurface: null
03-13 07:07:13.517  1323  1323 D BaseDepthController: mSurface is null and mCurrentBlur is: 0
03-13 07:07:13.520  1323  1323 D LauncherStateManager: StateManager.goToState: fromState: Normal, toState: Normal, partial trace:
03-13 07:07:13.520  1323  1323 D LauncherStateManager: 	at com.android.launcher3.statemanager.StateManager.moveToRestState(go/retraceme 7101499b44b219b757f6885b35ae099b24fc769225595efcaaacae5b0f94500b:6)
03-13 07:07:13.520  1323  1323 D LauncherStateManager: 	at com.android.launcher3.statemanager.StateManager.moveToRestState(go/retraceme 7101499b44b219b757f6885b35ae099b24fc769225595efcaaacae5b0f94500b:2)
03-13 07:07:13.520  1323  1323 D LauncherStateManager: 	at com.android.launcher3.statemanager.StatefulActivity.onStop(go/retraceme 7101499b44b219b757f6885b35ae099b24fc769225595efcaaacae5b0f94500b:32)
03-13 07:07:13.523  1323  1323 D LauncherStateManager: StateManager.onRepeatStateSetAborted: state: Normal
03-13 07:07:13.524  1323  1323 D ActivityContext: hideKeyboard
03-13 07:07:13.529  1323  1323 D ActivityContext: isImeShown: false
03-13 07:07:13.529  1323  1323 D StatsLog: LAUNCHER_ONSTOP
03-13 07:07:13.540  1323  1323 D StatsLog: LAUNCHER_GOOGLE_SEARCH_RESTORE_LIST_SIZE_AFTER_ACTIVITY_RESTART
03-13 07:07:13.540  6892  6892 I GoogleInputMethodService: GoogleInputMethodService.onFinishInput():2057 
03-13 07:07:13.554  6892  6892 I Module  : DeviceLockedStatusModuleProvider$Module.updateDeviceLockedStatus():100 repeatCheckTimes = 0, locked = false
03-13 07:07:13.554   686   784 I ImeTracker: system_server:666ad188: onRequestHide at ORIGIN_SERVER reason IME_REQUESTED_CHANGED_LISTENER fromUser false
03-13 07:07:13.555   686   715 I ImeTracker: system_server:666ad188: onCancelled at PHASE_SERVER_SHOULD_HIDE
03-13 07:07:13.562   686  1040 D BackgroundInstallControlService: Package event received: 0
03-13 07:07:13.570  6892  6892 I GoogleInputMethodService: GoogleInputMethodService.onStartInput():1318 onStartInput(EditorInfo{EditorInfo{packageName=com.mahfilfund, inputType=0, inputTypeString=NULL, enableLearning=false, autoCorrection=false, autoComplete=false, imeOptions=0, privateImeOptions=null, actionName=UNSPECIFIED, actionLabel=null, initialSelStart=-1, initialSelEnd=-1, initialCapsMode=0, label=null, fieldId=0, fieldName=null, extras=null, hintText=null, hintLocales=[]}}, false)
03-13 07:07:13.612  6892  6892 I Module  : DeviceLockedStatusModuleProvider$Module.updateDeviceLockedStatus():100 repeatCheckTimes = 1, locked = false
03-13 07:07:13.620   686   704 W PackageConfigPersister: App-specific configuration not found for packageName: com.mahfilfund and userId: 0
03-13 07:07:13.729  1323  1331 W System  : A resource failed to call release. 
03-13 07:07:13.729  1323  1331 W System  : A resource failed to call release. 
03-13 07:07:13.729  1323  1331 W System  : A resource failed to call release. 
03-13 07:07:13.730  1323  1331 W System  : A resource failed to call release. 
03-13 07:07:13.732  1323  1331 W System  : A resource failed to call release. 
03-13 07:07:13.732  1323  1331 W System  : A resource failed to call release. 
03-13 07:07:13.732 11432 11466 W unknown:BridgelessReact: ReactHost{0}.isMetroRunning(): Async result = true
03-13 07:07:13.736 11432 11455 W unknown:BridgelessReact: ReactHost{0}.loadJSBundleFromMetro()
03-13 07:07:13.780 11432 11432 D WindowOnBackDispatcher: setTopOnBackInvokedCallback (unwrapped): android.widget.PopupWindow$PopupDecorView$$ExternalSyntheticLambda1@faabe4e
03-13 07:07:13.781   686   704 D CoreBackPreview: Window{2ea9545 u0 PopupWindow:a37f477}: Setting back callback OnBackInvokedCallbackInfo{mCallback=android.window.IOnBackInvokedCallback$Stub$Proxy@388d1cb, mPriority=0, mIsAnimationCallback=false, mOverrideBehavior=0}
03-13 07:07:13.782 11432 11432 I HWUI    : Using FreeType backend (prop=Auto)
03-13 07:07:13.886   686   704 I ImeTracker: system_server:3b5b8f73: onRequestHide at ORIGIN_SERVER reason IME_REQUESTED_CHANGED_LISTENER fromUser false
03-13 07:07:13.886   686   715 I ImeTracker: system_server:3b5b8f73: onCancelled at PHASE_SERVER_SHOULD_HIDE
03-13 07:07:13.898  6766  7114 I FontLog : (REDACTED) Received query %s, URI %s
03-13 07:07:13.901 11432 11465 W InteractionJankMonitor: Initializing without READ_DEVICE_CONFIG permission. enabled=false, interval=1, missedFrameThreshold=3, frameTimeThreshold=64, package=com.mahfilfund
03-13 07:07:13.907  6766  7114 I FontLog : (REDACTED) Query [%s] resolved to %s
03-13 07:07:13.923  6766  7114 I FontLog : (REDACTED) Fetch %s end status %s
03-13 07:07:13.936  6766  7114 I FontLog : (REDACTED) Pulling font file for id = %d, cache size = %d
