03-13 07:07:13.948   686   981 I HalDevMgr: bestIfaceCreationProposal is null, requestIface=STA, existingIface=[name=wlan0 type=STA]
03-13 07:07:13.965  6766  7114 I FontLog : (REDACTED) Pulling font file for id = %d, cache size = %d
03-13 07:07:14.892   686  3227 E TaskPersister: File error accessing recents directory (directory doesn't exist?).
03-13 07:07:16.211  1255  1320 D SatelliteController: iisInCarrierRoamingNbIotNtn: satellite is disabled
03-13 07:07:16.224  1255  1320 D SatelliteController: getCarrierRoamingNtnConnectType: Falling back to global carrier config connect type: 0
03-13 07:07:16.955   686   981 I HalDevMgr: bestIfaceCreationProposal is null, requestIface=STA, existingIface=[name=wlan0 type=STA]
03-13 07:07:17.628  1078  1078 I ClipboardListener: Clipboard overlay suppressed.
03-13 07:07:17.644  1677  1899 I AiAiTranslate: C2T - not in a conversation
03-13 07:07:17.947 11432 11432 D WindowOnBackDispatcher: setTopOnBackInvokedCallback (unwrapped): null
03-13 07:07:17.948   686   784 D CoreBackPreview: Window{2ea9545 u0 PopupWindow:a37f477}: Setting back callback null
03-13 07:07:17.951 11432 11466 W unknown:BridgelessReact: ReactHost{0}.loadJSBundleFromMetro(): Creating BundleLoader
03-13 07:07:17.951 11432 11455 W unknown:BridgelessReact: ReactHost{0}.getOrCreateReactContext(): Creating BridgelessReactContext
03-13 07:07:17.952 11432 11455 W unknown:BridgelessReact: ReactHost{0}.getOrCreateReactInstanceTask(): Creating ReactInstance
03-13 07:07:17.967   686  1040 D BackgroundInstallControlService: Package event received: 0
03-13 07:07:18.001   686   784 D ActivityManager: sync unfroze 10877 com.android.vending for 6
03-13 07:07:18.002   686  1040 D BackgroundInstallControlService: Package event received: 0
03-13 07:07:18.044   686   787 W ProcessStats: Tracking association SourceState{5cb92f0 com.mahfilfund/10223 BTop #26810} whose proc state 2 is better than process ProcessState{7323aff com.android.vending/10145 pkg=com.android.vending} proc state 14 (1 skipped)
03-13 07:07:18.047 11432 11482 D InstallReferrerState: OK
03-13 07:07:18.067 10877 10877 I Finsky  : [2] Memory trim requested to level 40
03-13 07:07:18.067 10877 10877 I Finsky  : [2] Flushing in-memory image cache
03-13 07:07:18.084 11432 11455 W unknown:BridgelessReact: ReactHost{0}.getOrCreateReactInstanceTask(): Loading JS Bundle
03-13 07:07:18.087 11432 11455 W unknown:BridgelessReact: ReactHost{0}.getOrCreateReactInstanceTask(): Calling DevSupportManagerBase.onNewReactContextCreated(reactContext)
03-13 07:07:18.113 11432 11455 W unknown:BridgelessReact: ReactHost{0}.startSurface(surfaceId = 0): Execute
03-13 07:07:18.125 11432 11432 W unknown:ReactNative: Packager connection already open, nooping.
03-13 07:07:18.125 11432 11432 W unknown:BridgelessReact: ReactContext.onHostResume()
03-13 07:07:18.125 11432 11432 W unknown:BridgelessReact: ReactHost{0}.getOrCreateReactInstanceTask(): Executing ReactInstanceEventListeners
03-13 07:07:18.129   686  1040 D BackgroundInstallControlService: Package event received: 0
03-13 07:07:18.131   686  2776 D ActivityManager: sync unfroze 19752 com.google.android.gms for 6
03-13 07:07:18.153 19752 19752 D BoundBrokerSvc: onBind: Intent { act=com.google.android.gms.safetynet.service.START xflg=0x4 pkg=com.google.android.gms }
03-13 07:07:18.153 19752 19752 D BoundBrokerSvc: Loading bound service for intent: Intent { act=com.google.android.gms.safetynet.service.START xflg=0x4 pkg=com.google.android.gms }
03-13 07:07:18.160 19752 19752 D BoundBrokerSvc: onUnbind: Intent { act=com.google.android.gms.common.BIND_SHARED_PREFS xflg=0x4 pkg=com.google.android.gms }
03-13 07:07:18.168 10877 10922 E AbstractLogEventBuilder: The provided ProductIdOrigin 3 is not one of the process-level expected values: 1 or 2
03-13 07:07:18.248  6766 23485 W GetConfigSnapshotOp: Succeeded but not registered: com.google.android.gms.clearcut_client#com.android.vending [CONTEXT service_id=51 ]
03-13 07:07:18.348 11432 11480 I WebViewFactory: Loading com.google.android.webview version 134.0.6998.135 (code 699813532)
03-13 07:07:18.352 11432 11480 V ResourcesManager: The following library key has been added: ResourcesKey{ mHash=cdb9a217 mResDir=null mSplitDirs=[] mOverlayDirs=[] mLibDirs=[/data/app/~~oPHDSUVLx8Uu4FEW8gfZAg==/com.google.android.webview-2P2lqU3o30Ugc9V1WsdoYA==/WebViewGoogle.apk,/data/app/~~Zmgg2nv_aONKh4nxxbXqNw==/com.google.android.trichromelibrary_699813532-1uXSaqQ09hpRzdo27rzlOw==/TrichromeLibrary.apk,/system_ext/framework/androidx.window.extensions.jar] mDisplayId=0 mOverrideConfig=v36 mCompatInfo={420dpi always-compat} mLoaders=[]}
03-13 07:07:18.353 11432 11480 W com.mahfilfund: Failed to find entry 'classes.dex': Entry not found
03-13 07:07:18.353 11432 11480 D nativeloader: Configuring clns-10 for other apk /data/app/~~Zmgg2nv_aONKh4nxxbXqNw==/com.google.android.trichromelibrary_699813532-1uXSaqQ09hpRzdo27rzlOw==/TrichromeLibrary.apk. target_sdk_version=35, uses_libraries=ALL, library_path=/data/app/~~oPHDSUVLx8Uu4FEW8gfZAg==/com.google.android.webview-2P2lqU3o30Ugc9V1WsdoYA==/lib/arm64:/data/app/~~oPHDSUVLx8Uu4FEW8gfZAg==/com.google.android.webview-2P2lqU3o30Ugc9V1WsdoYA==/WebViewGoogle.apk!/lib/arm64-v8a:/data/app/~~Zmgg2nv_aONKh4nxxbXqNw==/com.google.android.trichromelibrary_699813532-1uXSaqQ09hpRzdo27rzlOw==/TrichromeLibrary.apk!/lib/arm64-v8a, permitted_path=/data:/mnt/expand
03-13 07:07:18.353 11432 11480 D ApplicationLoaders: Returning zygote-cached class loader: /system_ext/framework/androidx.window.extensions.jar
03-13 07:07:18.356 11432 11480 D nativeloader: Configuring clns-11 for other apk /data/app/~~oPHDSUVLx8Uu4FEW8gfZAg==/com.google.android.webview-2P2lqU3o30Ugc9V1WsdoYA==/WebViewGoogle.apk. target_sdk_version=35, uses_libraries=, library_path=/data/app/~~oPHDSUVLx8Uu4FEW8gfZAg==/com.google.android.webview-2P2lqU3o30Ugc9V1WsdoYA==/lib/arm64:/data/app/~~oPHDSUVLx8Uu4FEW8gfZAg==/com.google.android.webview-2P2lqU3o30Ugc9V1WsdoYA==/WebViewGoogle.apk!/lib/arm64-v8a:/data/app/~~Zmgg2nv_aONKh4nxxbXqNw==/com.google.android.trichromelibrary_699813532-1uXSaqQ09hpRzdo27rzlOw==/TrichromeLibrary.apk!/lib/arm64-v8a, permitted_path=/data:/mnt/expand
03-13 07:07:18.380 11432 11480 I cr_WVCFactoryProvider: version=134.0.6998.135 (699813532) minSdkVersion=29 isBundle=false multiprocess=true packageId=2
03-13 07:07:18.386 11432 11480 D nativeloader: Load /data/app/~~Zmgg2nv_aONKh4nxxbXqNw==/com.google.android.trichromelibrary_699813532-1uXSaqQ09hpRzdo27rzlOw==/TrichromeLibrary.apk!/lib/arm64-v8a/libmonochrome_64.so using class loader ns clns-11 (caller=/data/app/~~oPHDSUVLx8Uu4FEW8gfZAg==/com.google.android.webview-2P2lqU3o30Ugc9V1WsdoYA==/WebViewGoogle.apk): ok
03-13 07:07:18.387 11432 11480 D nativeloader: Load /system/lib64/libwebviewchromium_plat_support.so using class loader ns clns-11 (caller=/data/app/~~oPHDSUVLx8Uu4FEW8gfZAg==/com.google.android.webview-2P2lqU3o30Ugc9V1WsdoYA==/WebViewGoogle.apk): ok
03-13 07:07:18.392 11432 11490 E chromium: [0313/070718.392805:ERROR:variations_seed_loader.cc(39)] Seed missing signature.
03-13 07:07:18.395 11432 11490 I chromium: [INFO:variations_seed_loader.cc(67)] Failed to open file for reading.: No such file or directory (2)
03-13 07:07:18.396 11432 11480 I cr_LibraryLoader: Successfully loaded native library
03-13 07:07:18.396 11432 11480 I cr_CachingUmaRecorder: Flushed 6 samples from 6 histograms, 0 samples were dropped.
03-13 07:07:18.407 11432 11479 W unknown:ViewManagerPropertyUpdater: Could not find generated setter for class com.th3rdwave.safeareacontext.SafeAreaProviderManager
03-13 07:07:18.410 11432 11479 W unknown:ViewManagerPropertyUpdater: Could not find generated setter for class com.facebook.react.uimanager.LayoutShadowNode
03-13 07:07:18.411 11432 11479 W unknown:ViewManagerPropertyUpdater: Could not find generated setter for class com.swmansion.rnscreens.SearchBarManager
03-13 07:07:18.412 11432 11479 W unknown:ViewManagerPropertyUpdater: Could not find generated setter for class com.swmansion.rnscreens.ScreenFooterManager
03-13 07:07:18.413 11432 11479 W unknown:ViewManagerPropertyUpdater: Could not find generated setter for class com.swmansion.rnscreens.ScreenContainerViewManager
03-13 07:07:18.413 11432 11479 W unknown:ViewManagerPropertyUpdater: Could not find generated setter for class com.dylanvann.fastimage.FastImageViewManager
03-13 07:07:18.413 11432 11479 W unknown:ViewManagerPropertyUpdater: Could not find generated setter for class com.reactnativecommunity.webview.RNCWebViewManager
03-13 07:07:18.415 11432 11479 W unknown:ViewManagerPropertyUpdater: Could not find generated setter for class com.swmansion.rnscreens.ModalScreenViewManager
03-13 07:07:18.415 11432 11479 W unknown:ViewManagerPropertyUpdater: Could not find generated setter for class com.swmansion.rnscreens.ScreenStackHeaderConfigViewManager
03-13 07:07:18.416 11432 11479 W unknown:ViewManagerPropertyUpdater: Could not find generated setter for class com.swmansion.rnscreens.ScreenContentWrapperManager
03-13 07:07:18.416 11432 11479 W unknown:ViewManagerPropertyUpdater: Could not find generated setter for class com.swmansion.rnscreens.gamma.tabs.TabsScreenViewManager
03-13 07:07:18.417 11432 11479 W unknown:ViewManagerPropertyUpdater: Could not find generated setter for class com.th3rdwave.safeareacontext.SafeAreaViewManager
03-13 07:07:18.417 11432 11479 W unknown:ViewManagerPropertyUpdater: Could not find generated setter for class com.th3rdwave.safeareacontext.SafeAreaViewShadowNode
03-13 07:07:18.418 11432 11479 W unknown:ViewManagerPropertyUpdater: Could not find generated setter for class com.swmansion.rnscreens.safearea.SafeAreaViewManager
03-13 07:07:18.418 11432 11479 W unknown:ViewManagerPropertyUpdater: Could not find generated setter for class com.swmansion.rnscreens.safearea.paper.SafeAreaViewShadowNode
03-13 07:07:18.418 11432 11479 W unknown:ViewManagerPropertyUpdater: Could not find generated setter for class com.shopify.reactnative.flash_list.AutoLayoutViewManager
03-13 07:07:18.418 11432 11479 W unknown:ViewManagerPropertyUpdater: Could not find generated setter for class com.shopify.reactnative.flash_list.CellContainerManager
03-13 07:07:18.419 11432 11479 W unknown:ViewManagerPropertyUpdater: Could not find generated setter for class com.swmansion.rnscreens.ScreenViewManager
03-13 07:07:18.419 11432 11479 W unknown:ViewManagerPropertyUpdater: Could not find generated setter for class com.reactnativepagerview.PagerViewViewManager
03-13 07:07:18.420 11432 11479 W unknown:ViewManagerPropertyUpdater: Could not find generated setter for class com.swmansion.rnscreens.gamma.stack.host.StackHostViewManager
03-13 07:07:18.420 11432 11479 W unknown:ViewManagerPropertyUpdater: Could not find generated setter for class com.swmansion.rnscreens.ScreenStackHeaderSubviewManager
03-13 07:07:18.420 11432 11479 W unknown:ViewManagerPropertyUpdater: Could not find generated setter for class com.swmansion.rnscreens.gamma.stack.screen.StackScreenViewManager
03-13 07:07:18.420 11432 11479 W unknown:ViewManagerPropertyUpdater: Could not find generated setter for class com.swmansion.rnscreens.ScreenStackViewManager
03-13 07:07:18.420 11432 11479 W unknown:ViewManagerPropertyUpdater: Could not find generated setter for class com.swmansion.rnscreens.gamma.tabs.TabsHostViewManager
03-13 07:07:18.448 11432 11479 W unknown:ViewManagerPropertyUpdater: Could not find generated setter for class com.horcrux.svg.RenderableViewManager$FeMergeManager
03-13 07:07:18.448 11432 11479 W unknown:ViewManagerPropertyUpdater: Could not find generated setter for class com.horcrux.svg.VirtualViewManager$RenderableShadowNode
03-13 07:07:18.450 11432 11479 W unknown:ViewManagerPropertyUpdater: Could not find generated setter for class com.facebook.react.views.safeareaview.ReactSafeAreaViewManager
03-13 07:07:18.450 11432 11479 W unknown:ViewManagerPropertyUpdater: Could not find generated setter for class com.facebook.react.views.safeareaview.ReactSafeAreaViewShadowNode
03-13 07:07:18.451 11432 11479 W unknown:ViewManagerPropertyUpdater: Could not find generated setter for class com.horcrux.svg.RenderableViewManager$LinearGradientManager
03-13 07:07:18.452 11432 11479 W unknown:ViewManagerPropertyUpdater: Could not find generated setter for class com.facebook.react.views.progressbar.ReactProgressBarViewManager
03-13 07:07:18.453 11432 11479 W unknown:ViewManagerPropertyUpdater: Could not find generated setter for class com.facebook.react.views.progressbar.ProgressBarShadowNode
03-13 07:07:18.454 11432 11479 W unknown:ViewManagerPropertyUpdater: Could not find generated setter for class com.horcrux.svg.RenderableViewManager$FeColorMatrixManager
03-13 07:07:18.455 11432 11479 W unknown:ViewManagerPropertyUpdater: Could not find generated setter for class com.horcrux.svg.RenderableViewManager$SymbolManager
03-13 07:07:18.457 11432 11479 W unknown:ViewManagerPropertyUpdater: Could not find generated setter for class com.horcrux.svg.RenderableViewManager$PatternManager
03-13 07:07:18.460 11432 11479 W unknown:ViewManagerPropertyUpdater: Could not find generated setter for class com.horcrux.svg.SvgViewManager
03-13 07:07:18.461 11432 11479 W unknown:ViewManagerPropertyUpdater: Could not find generated setter for class com.facebook.react.views.switchview.ReactSwitchManager
03-13 07:07:18.462 11432 11479 W unknown:ViewManagerPropertyUpdater: Could not find generated setter for class com.facebook.react.views.switchview.ReactSwitchShadowNode
03-13 07:07:18.463 11432 11479 W unknown:ViewManagerPropertyUpdater: Could not find generated setter for class com.horcrux.svg.RenderableViewManager$UseViewManager
03-13 07:07:18.464 11432 11479 W unknown:ViewManagerPropertyUpdater: Could not find generated setter for class com.horcrux.svg.RenderableViewManager$TSpanViewManager
03-13 07:07:18.467 11432 11479 W unknown:ViewManagerPropertyUpdater: Could not find generated setter for class com.horcrux.svg.RenderableViewManager$FilterManager
03-13 07:07:18.468 11432 11479 W unknown:ViewManagerPropertyUpdater: Could not find generated setter for class com.horcrux.svg.RenderableViewManager$MarkerManager
03-13 07:07:18.470 11432 11479 W unknown:ViewManagerPropertyUpdater: Could not find generated setter for class com.swmansion.gesturehandler.react.RNGestureHandlerButtonViewManager
03-13 07:07:18.471 11432 11479 W unknown:ViewManagerPropertyUpdater: Could not find generated setter for class com.horcrux.svg.RenderableViewManager$ForeignObjectManager
03-13 07:07:18.473 11432 11479 W unknown:ViewManagerPropertyUpdater: Could not find generated setter for class com.horcrux.svg.RenderableViewManager$GroupViewManager
03-13 07:07:18.475 11432 11479 W unknown:ViewManagerPropertyUpdater: Could not find generated setter for class com.horcrux.svg.RenderableViewManager$TextViewManager
03-13 07:07:18.477 11432 11479 W unknown:ViewManagerPropertyUpdater: Could not find generated setter for class com.horcrux.svg.RenderableViewManager$ImageViewManager
03-13 07:07:18.478 11432 11479 W unknown:ViewManagerPropertyUpdater: Could not find generated setter for class com.horcrux.svg.RenderableViewManager$FeCompositeManager
03-13 07:07:18.479 11432 11479 W unknown:ViewManagerPropertyUpdater: Could not find generated setter for class com.horcrux.svg.RenderableViewManager$RadialGradientManager
03-13 07:07:18.481 11432 11479 W unknown:ViewManagerPropertyUpdater: Could not find generated setter for class com.facebook.react.views.unimplementedview.ReactUnimplementedViewManager
03-13 07:07:18.483 11432 11479 W unknown:ViewManagerPropertyUpdater: Could not find generated setter for class com.horcrux.svg.RenderableViewManager$FeOffsetManager
03-13 07:07:18.484 11432 11479 W unknown:ViewManagerPropertyUpdater: Could not find generated setter for class com.horcrux.svg.RenderableViewManager$PathViewManager
03-13 07:07:18.486 11432 11479 W unknown:ViewManagerPropertyUpdater: Could not find generated setter for class com.facebook.react.views.drawer.ReactDrawerLayoutManager
03-13 07:07:18.488 11432 11479 W unknown:ViewManagerPropertyUpdater: Could not find generated setter for class com.facebook.react.views.textinput.ReactTextInputManager
03-13 07:07:18.489 11432 11479 W unknown:ViewManagerPropertyUpdater: Could not find generated setter for class com.facebook.react.views.textinput.ReactTextInputShadowNode
03-13 07:07:18.491 11432 11479 W unknown:ViewManagerPropertyUpdater: Could not find generated setter for class com.horcrux.svg.RenderableViewManager$DefsViewManager
03-13 07:07:18.493 11432 11479 W unknown:ViewManagerPropertyUpdater: Could not find generated setter for class com.facebook.react.views.debuggingoverlay.DebuggingOverlayManager
03-13 07:07:18.494 11432 11479 W unknown:ViewManagerPropertyUpdater: Could not find generated setter for class com.horcrux.svg.RenderableViewManager$FeGaussianBlurManager
03-13 07:07:18.495 11432 11479 W unknown:ViewManagerPropertyUpdater: Could not find generated setter for class com.facebook.react.views.scroll.ReactHorizontalScrollViewManager
03-13 07:07:18.497 11432 11479 W unknown:ViewManagerPropertyUpdater: Could not find generated setter for class com.facebook.react.views.text.ReactTextViewManager
03-13 07:07:18.498 11432 11479 W unknown:ViewManagerPropertyUpdater: Could not find generated setter for class com.facebook.react.views.text.ReactTextShadowNode
03-13 07:07:18.499 11432 11479 W unknown:ViewManagerPropertyUpdater: Could not find generated setter for class com.facebook.react.views.scroll.ReactHorizontalScrollContainerViewManager
03-13 07:07:18.501 11432 11479 W unknown:ViewManagerPropertyUpdater: Could not find generated setter for class com.horcrux.svg.RenderableViewManager$ClipPathViewManager
03-13 07:07:18.503 11432 11479 W unknown:ViewManagerPropertyUpdater: Could not find generated setter for class com.horcrux.svg.RenderableViewManager$FeBlendManager
03-13 07:07:18.504 11432 11479 W unknown:ViewManagerPropertyUpdater: Could not find generated setter for class com.facebook.react.views.view.ReactViewManager
03-13 07:07:18.505 11432 11479 W unknown:ViewManagerPropertyUpdater: Could not find generated setter for class com.horcrux.svg.RenderableViewManager$CircleViewManager
03-13 07:07:18.507 11432 11479 W unknown:ViewManagerPropertyUpdater: Could not find generated setter for class com.facebook.react.views.modal.ReactModalHostManager
03-13 07:07:18.509 11432 11479 W unknown:ViewManagerPropertyUpdater: Could not find generated setter for class com.horcrux.svg.RenderableViewManager$EllipseViewManager
03-13 07:07:18.511 11432 11494 D ProfileInstaller: Installing profile for com.mahfilfund
03-13 07:07:18.512 11432 11479 W unknown:ViewManagerPropertyUpdater: Could not find generated setter for class com.horcrux.svg.RenderableViewManager$LineViewManager
03-13 07:07:18.513 11432 11479 W unknown:ViewManagerPropertyUpdater: Could not find generated setter for class com.facebook.react.views.text.frescosupport.FrescoBasedReactTextInlineImageViewManager
03-13 07:07:18.513 11432 11479 W unknown:ViewManagerPropertyUpdater: Could not find generated setter for class com.facebook.react.views.text.frescosupport.FrescoBasedReactTextInlineImageShadowNode
03-13 07:07:18.514 11432 11479 W unknown:ViewManagerPropertyUpdater: Could not find generated setter for class com.horcrux.svg.RenderableViewManager$FeFloodManager
03-13 07:07:18.516 11432 11479 W unknown:ViewManagerPropertyUpdater: Could not find generated setter for class com.facebook.react.views.image.ReactImageManager
03-13 07:07:18.518 11432 11479 W unknown:ViewManagerPropertyUpdater: Could not find generated setter for class com.horcrux.svg.RenderableViewManager$MaskManager
03-13 07:07:18.520 11432 11479 W unknown:ViewManagerPropertyUpdater: Could not find generated setter for class com.horcrux.svg.RenderableViewManager$RectViewManager
03-13 07:07:18.522 11432 11479 W unknown:ViewManagerPropertyUpdater: Could not find generated setter for class com.horcrux.svg.RenderableViewManager$TextPathViewManager
03-13 07:07:18.524 11432 11479 W unknown:ViewManagerPropertyUpdater: Could not find generated setter for class com.facebook.react.views.scroll.ReactScrollViewManager
03-13 07:07:18.526 11432 11479 W unknown:ViewManagerPropertyUpdater: Could not find generated setter for class com.facebook.react.views.text.ReactVirtualTextViewManager
03-13 07:07:18.526 11432 11479 W unknown:ViewManagerPropertyUpdater: Could not find generated setter for class com.facebook.react.views.text.ReactVirtualTextShadowNode
03-13 07:07:18.528 11432 11479 W unknown:ViewManagerPropertyUpdater: Could not find generated setter for class com.facebook.react.views.swiperefresh.SwipeRefreshLayoutManager
03-13 07:07:18.529 11432 11479 W unknown:ViewManagerPropertyUpdater: Could not find generated setter for class com.facebook.react.views.text.ReactRawTextManager
03-13 07:07:18.529 11432 11479 W unknown:ViewManagerPropertyUpdater: Could not find generated setter for class com.facebook.react.views.text.ReactRawTextShadowNode
03-13 07:07:18.529 11432 11479 W unknown:ViewManagerPropertyUpdater: Could not find generated setter for class com.swmansion.gesturehandler.react.RNGestureHandlerRootViewManager
03-13 07:07:18.562 11432 11479 I RNMMKV  : Initializing MMKV at /data/user/0/com.mahfilfund/files/mmkv...
03-13 07:07:18.563 11432 11479 I RNMMKV  : Creating MMKV instance "mmkv.default"... (Path: , Encrypted: false)
03-13 07:07:18.568 11432 11479 I ReactNativeJS: 🌐 i18next is made possible by our own product, Locize — consider powering your project with managed localization (AI, CDN, integrations): https://locize.com 💙
03-13 07:07:18.573 11432 11479 D nativeloader: Load /data/app/~~qZvRQbp3z15tfEHG75vbNg==/com.mahfilfund-PemhBvHWHGGu54n0SekHHw==/base.apk!/lib/arm64-v8a/librnscreens.so using class loader ns clns-9 (caller=/data/app/~~qZvRQbp3z15tfEHG75vbNg==/com.mahfilfund-PemhBvHWHGGu54n0SekHHw==/base.apk!classes14.dex): ok
03-13 07:07:18.580 11432 11479 I ReactNativeJS: Running "MahfilFund" with {"rootTag":11,"initialProps":{},"fabric":true}
03-13 07:07:18.789 11432 11479 D nativeloader: Load /data/app/~~qZvRQbp3z15tfEHG75vbNg==/com.mahfilfund-PemhBvHWHGGu54n0SekHHw==/base.apk!/lib/arm64-v8a/libworklets.so using class loader ns clns-9 (caller=/data/app/~~qZvRQbp3z15tfEHG75vbNg==/com.mahfilfund-PemhBvHWHGGu54n0SekHHw==/base.apk): ok
03-13 07:07:18.806 11432 11479 D nativeloader: Load /data/app/~~qZvRQbp3z15tfEHG75vbNg==/com.mahfilfund-PemhBvHWHGGu54n0SekHHw==/base.apk!/lib/arm64-v8a/libreanimated.so using class loader ns clns-9 (caller=/data/app/~~qZvRQbp3z15tfEHG75vbNg==/com.mahfilfund-PemhBvHWHGGu54n0SekHHw==/base.apk): ok
03-13 07:07:18.809 11432 11479 W com.mahfilfund: CheckJNI: method to register "installJSIBindings" not in the given class. This is slow, consider changing your RegisterNatives calls.
03-13 07:07:19.101   686  1128 D ConnectivityService: requestNetwork for uid/pid:10223/11432 activeRequest: null callbackRequest: 669 [NetworkRequest [ REQUEST id=670, [ Capabilities: INTERNET&NOT_RESTRICTED&TRUSTED&NOT_VCN_MANAGED&NOT_BANDWIDTH_CONSTRAINED Uid: 10223 RequestorUid: 10223 RequestorPkg: com.mahfilfund UnderlyingNetworks: Null] ]] callback flags: 0 order: 2147483647 isUidTracked: false declaredMethods: AVAIL|LOST
03-13 07:07:19.104   686   981 D WifiNetworkFactory: got request NetworkRequest [ REQUEST id=670, [ Capabilities: INTERNET&NOT_RESTRICTED&TRUSTED&NOT_VCN_MANAGED&NOT_BANDWIDTH_CONSTRAINED Uid: 10223 RequestorUid: 10223 RequestorPkg: com.mahfilfund UnderlyingNetworks: Null] ]
03-13 07:07:19.104   686   981 D UntrustedWifiNetworkFactory: got request NetworkRequest [ REQUEST id=670, [ Capabilities: INTERNET&NOT_RESTRICTED&TRUSTED&NOT_VCN_MANAGED&NOT_BANDWIDTH_CONSTRAINED Uid: 10223 RequestorUid: 10223 RequestorPkg: com.mahfilfund UnderlyingNetworks: Null] ]
03-13 07:07:19.104   686   981 D OemPaidWifiNetworkFactory: got request NetworkRequest [ REQUEST id=670, [ Capabilities: INTERNET&NOT_RESTRICTED&TRUSTED&NOT_VCN_MANAGED&NOT_BANDWIDTH_CONSTRAINED Uid: 10223 RequestorUid: 10223 RequestorPkg: com.mahfilfund UnderlyingNetworks: Null] ]
03-13 07:07:19.104   686   981 D MultiInternetWifiNetworkFactory: got request NetworkRequest [ REQUEST id=670, [ Capabilities: INTERNET&NOT_RESTRICTED&TRUSTED&NOT_VCN_MANAGED&NOT_BANDWIDTH_CONSTRAINED Uid: 10223 RequestorUid: 10223 RequestorPkg: com.mahfilfund UnderlyingNetworks: Null] ]
03-13 07:07:19.104   686   991 D ConnectivityService: NetReassign [670 : null → 100] [c 0] [a 0] [i 0]
03-13 07:07:19.113 11432 11479 E ReactNative: /Users/sohantalukder/Development/Practices/MahfilFund/node_modules/react-native-screens/android/src/main/jni/../../../../common/cpp/react/renderer/components/rnscreens/RNSScreenComponentDescriptor.h:54: function adopt: assertion failed (dynamic_cast<const RNSScreenProps *>( screenShadowNode.getProps().get()))
03-13 07:07:19.113 11432 11479 F ReactNative: /Users/sohantalukder/Development/Practices/MahfilFund/node_modules/react-native-screens/android/src/main/jni/../../../../common/cpp/react/renderer/components/rnscreens/RNSScreenComponentDescriptor.h:54: function adopt: assertion failed (dynamic_cast<const RNSScreenProps *>( screenShadowNode.getProps().get()))
03-13 07:07:19.171 11432 11437 W com.mahfilfund: userfaultfd: MOVE ioctl seems unsupported: Connection timed out
03-13 07:07:19.220 11432 11479 F com.mahfilfund: runtime.cc:714] Runtime aborting...
03-13 07:07:19.220 11432 11479 F com.mahfilfund: runtime.cc:714] Dumping all threads without mutator lock held
03-13 07:07:19.220 11432 11479 F com.mahfilfund: runtime.cc:714] All threads:
03-13 07:07:19.220 11432 11479 F com.mahfilfund: runtime.cc:714] DALVIK THREADS (44):
03-13 07:07:19.220 11432 11479 F com.mahfilfund: runtime.cc:714] "main" prio=10 tid=1 Native
03-13 07:07:19.220 11432 11479 F com.mahfilfund: runtime.cc:714]   | group="" sCount=1 ucsCount=0 flags=1 obj=0x0 self=0xb400007be5607be0
03-13 07:07:19.220 11432 11479 F com.mahfilfund: runtime.cc:714]   | sysTid=11432 nice=-10 cgrp=top-app sched=0/0 handle=0x7d5072d060
03-13 07:07:19.220 11432 11479 F com.mahfilfund: runtime.cc:714]   | state=S schedstat=( 1211181629 845606749 989 ) utm=106 stm=14 core=0 HZ=100
03-13 07:07:19.220 11432 11479 F com.mahfilfund: runtime.cc:714]   | stack=0x7fccfc9000-0x7fccfcb000 stackSize=8188KB
03-13 07:07:19.220 11432 11479 F com.mahfilfund: runtime.cc:714]   | held mutexes=
03-13 07:07:19.220 11432 11479 F com.mahfilfund: runtime.cc:714]   native: #00 pc 000d7c88  /apex/com.android.runtime/lib64/bionic/libc.so (__epoll_pwait+8) (BuildId: f2ee009c5f1631f9819057446c9d2fa3)
03-13 07:07:19.220 11432 11479 F com.mahfilfund: runtime.cc:714]   native: #01 pc 0001afd0  /system/lib64/libutils.so (android::Looper::pollOnce+312) (BuildId: 37e757db39656b6e1b2383db61e3d767)
03-13 07:07:19.220 11432 11479 F com.mahfilfund: runtime.cc:714]   native: #02 pc 001d5610  /system/lib64/libandroid_runtime.so (android::android_os_MessageQueue_nativePollOnce+44) (BuildId: 01e2931b3e7e79e8f19cd56ed189bf7f)
03-13 07:07:19.220 11432 11479 F com.mahfilfund: runtime.cc:714]   native: #03 pc 002e5100  /apex/com.android.art/lib64/libart.so (art_quick_generic_jni_trampoline+144) (BuildId: 6cac8d43981d3cdaec56bfd359a7c85c)
03-13 07:07:19.220 11432 11479 F com.mahfilfund: runtime.cc:714]   native: #04 pc 000523e4  [anon_shmem:dalvik-jit-code-cache] (offset 2000000) (android.os.MessageQueue.nextLegacy+356)
03-13 07:07:19.220 11432 11479 F com.mahfilfund: runtime.cc:714]   native: #05 pc 0005212c  [anon_shmem:dalvik-jit-code-cache] (offset 2000000) (android.os.MessageQueue.next+124)
03-13 07:07:19.220 11432 11479 F com.mahfilfund: runtime.cc:714]   native: #06 pc 00051354  [anon_shmem:dalvik-jit-code-cache] (offset 2000000) (android.os.Looper.loopOnce+164)
03-13 07:07:19.220 11432 11479 F com.mahfilfund: runtime.cc:714]   native: #07 pc 002ce060  /apex/com.android.art/lib64/libart.so (art_quick_invoke_static_stub+640) (BuildId: 6cac8d43981d3cdaec56bfd359a7c85c)
03-13 07:07:19.220 11432 11479 F com.mahfilfund: runtime.cc:714]   native: #08 pc 0057f1f4  /apex/com.android.art/lib64/libart.so (bool art::interpreter::DoCall<false>+1984) (BuildId: 6cac8d43981d3cdaec56bfd359a7c85c)
03-13 07:07:19.220 11432 11479 F com.mahfilfund: runtime.cc:714]   native: #09 pc 0048b12c  /apex/com.android.art/lib64/libart.so (void art::interpreter::ExecuteSwitchImplCpp<false>+468) (BuildId: 6cac8d43981d3cdaec56bfd359a7c85c)
03-13 07:07:19.220 11432 11479 F com.mahfilfund: runtime.cc:714]   native: #10 pc 003c49d8  /apex/com.android.art/lib64/libart.so (ExecuteSwitchImplAsm+8) (BuildId: 6cac8d43981d3cdaec56bfd359a7c85c)
03-13 07:07:19.220 11432 11479 F com.mahfilfund: runtime.cc:714]   native: #11 pc 01007498  /system/framework/framework.jar (offset 6000) (android.os.Looper.loop)
03-13 07:07:19.220 11432 11479 F com.mahfilfund: runtime.cc:714]   native: #12 pc 003c55a4  /apex/com.android.art/lib64/libart.so (art::interpreter::ArtInterpreterToInterpreterBridge+448) (BuildId: 6cac8d43981d3cdaec56bfd359a7c85c)
03-13 07:07:19.220 11432 11479 F com.mahfilfund: runtime.cc:714]   native: #13 pc 0057f8a4  /apex/com.android.art/lib64/libart.so (bool art::interpreter::DoCall<false>+3696) (BuildId: 6cac8d43981d3cdaec56bfd359a7c85c)
03-13 07:07:19.220 11432 11479 F com.mahfilfund: runtime.cc:714]   native: #14 pc 0048b12c  /apex/com.android.art/lib64/libart.so (void art::interpreter::ExecuteSwitchImplCpp<false>+468) (BuildId: 6cac8d43981d3cdaec56bfd359a7c85c)
03-13 07:07:19.220 11432 11479 F com.mahfilfund: runtime.cc:714]   native: #15 pc 003c49d8  /apex/com.android.art/lib64/libart.so (ExecuteSwitchImplAsm+8) (BuildId: 6cac8d43981d3cdaec56bfd359a7c85c)
03-13 07:07:19.220 11432 11479 F com.mahfilfund: runtime.cc:714]   native: #16 pc 0019948c  /system/framework/framework.jar (offset 6000) (android.app.ActivityThread.main)
03-13 07:07:19.220 11432 11479 F com.mahfilfund: runtime.cc:714]   native: #17 pc 003c4630  /apex/com.android.art/lib64/libart.so (art::interpreter::Execute +364) (BuildId: 6cac8d43981d3cdaec56bfd359a7c85c)
03-13 07:07:19.220 11432 11479 F com.mahfilfund: runtime.cc:714]   native: #18 pc 003c3d64  /apex/com.android.art/lib64/libart.so (artQuickToInterpreterBridge+1020) (BuildId: 6cac8d43981d3cdaec56bfd359a7c85c)
03-13 07:07:19.220 11432 11479 F com.mahfilfund: runtime.cc:714]   native: #19 pc 002e5238  /apex/com.android.art/lib64/libart.so (art_quick_to_interpreter_bridge+88) (BuildId: 6cac8d43981d3cdaec56bfd359a7c85c)
03-13 07:07:19.220 11432 11479 F com.mahfilfund: runtime.cc:714]   native: #20 pc 002ce060  /apex/com.android.art/lib64/libart.so (art_quick_invoke_static_stub+640) (BuildId: 6cac8d43981d3cdaec56bfd359a7c85c)
03-13 07:07:19.220 11432 11479 F com.mahfilfund: runtime.cc:714]   native: #21 pc 002c400c  /apex/com.android.art/lib64/libart.so (_jobject* art::InvokeMethod<8>+552) (BuildId: 6cac8d43981d3cdaec56bfd359a7c85c)
03-13 07:07:19.220 11432 11479 F com.mahfilfund: runtime.cc:714]   native: #22 pc 005a55a4  /apex/com.android.art/lib64/libart.so (art::Method_invoke +32) (BuildId: 6cac8d43981d3cdaec56bfd359a7c85c)
03-13 07:07:19.220 11432 11479 F com.mahfilfund: runtime.cc:714]   native: #23 pc 002e5100  /apex/com.android.art/lib64/libart.so (art_quick_generic_jni_trampoline+144) (BuildId: 6cac8d43981d3cdaec56bfd359a7c85c)
03-13 07:07:19.220 11432 11479 F com.mahfilfund: runtime.cc:714]   native: #24 pc 002cdd94  /apex/com.android.art/lib64/libart.so (art_quick_invoke_stub+612) (BuildId: 6cac8d43981d3cdaec56bfd359a7c85c)
03-13 07:07:19.220 11432 11479 F com.mahfilfund: runtime.cc:714]   native: #25 pc 0057f4b4  /apex/com.android.art/lib64/libart.so (bool art::interpreter::DoCall<false>+2688) (BuildId: 6cac8d43981d3cdaec56bfd359a7c85c)
03-13 07:07:19.220 11432 11479 F com.mahfilfund: runtime.cc:714]   native: #26 pc 0048b524  /apex/com.android.art/lib64/libart.so (void art::interpreter::ExecuteSwitchImplCpp<false>+1484) (BuildId: 6cac8d43981d3cdaec56bfd359a7c85c)
03-13 07:07:19.220 11432 11479 F com.mahfilfund: runtime.cc:714]   native: #27 pc 003c49d8  /apex/com.android.art/lib64/libart.so (ExecuteSwitchImplAsm+8) (BuildId: 6cac8d43981d3cdaec56bfd359a7c85c)
03-13 07:07:19.220 11432 11479 F com.mahfilfund: runtime.cc:714]   native: #28 pc 01eab950  /system/framework/framework.jar (offset 6000) (com.android.internal.os.RuntimeInit$MethodAndArgsCaller.run)
03-13 07:07:19.220 11432 11479 F com.mahfilfund: runtime.cc:714]   native: #29 pc 003c4630  /apex/com.android.art/lib64/libart.so (art::interpreter::Execute +364) (BuildId: 6cac8d43981d3cdaec56bfd359a7c85c)
03-13 07:07:19.220 11432 11479 F com.mahfilfund: runtime.cc:714]   native: #30 pc 003c3d64  /apex/com.android.art/lib64/libart.so (artQuickToInterpreterBridge+1020) (BuildId: 6cac8d43981d3cdaec56bfd359a7c85c)
03-13 07:07:19.220 11432 11479 F com.mahfilfund: runtime.cc:714]   native: #31 pc 002e5238  /apex/com.android.art/lib64/libart.so (art_quick_to_interpreter_bridge+88) (BuildId: 6cac8d43981d3cdaec56bfd359a7c85c)
03-13 07:07:19.220 11432 11479 F com.mahfilfund: runtime.cc:714]   at android.os.MessageQueue.nativePollOnce(Native method)
03-13 07:07:19.220 11432 11479 F com.mahfilfund: runtime.cc:714]   at android.os.MessageQueue.nextLegacy(MessageQueue.java:983)
03-13 07:07:19.220 11432 11479 F com.mahfilfund: runtime.cc:714]   at android.os.MessageQueue.next(MessageQueue.java:1092)
03-13 07:07:19.220 11432 11479 F com.mahfilfund: runtime.cc:714]   at android.os.Looper.loopOnce(Looper.java:197)
03-13 07:07:19.220 11432 11479 F com.mahfilfund: runtime.cc:714]   at android.os.Looper.loop(Looper.java:367)
03-13 07:07:19.220 11432 11479 F com.mahfilfund: runtime.cc:714]   at android.app.ActivityThread.main(ActivityThread.java:9282)
03-13 07:07:19.220 11432 11479 F com.mahfilfund: runtime.cc:714]   at java.lang.reflect.Method.invoke(Native method)
03-13 07:07:19.220 11432 11479 F com.mahfilfund: runtime.cc:714]   at com.android.internal.os.RuntimeInit$MethodAndArgsCaller.run(RuntimeInit.java:566)
03-13 07:07:19.220 11432 11479 F com.mahfilfund: runtime.cc:714]   at com.android.internal.os.ZygoteInit.main(ZygoteInit.java:929)
03-13 07:07:19.220 11432 11479 F com.mahfilfund: runtime.cc:714] 
03-13 07:07:19.220 11432 11479 F com.mahfilfund: runtime.cc:714] "ReferenceQueueDaemon" prio=5 tid=7 Waiting
03-13 07:07:19.220 11432 11479 F com.mahfilfund: runtime.cc:714]   | group="" sCount=1 ucsCount=0 flags=1 obj=0x0 self=0xb400007be5627080
03-13 07:07:19.220 11432 11479 F com.mahfilfund: runtime.cc:714]   | sysTid=11438 nice=4 cgrp=top-app sched=0/0 handle=0x7a4ebdc2c0
03-13 07:07:19.220 11432 11479 F com.mahfilfund: runtime.cc:714]   | state=S schedstat=( 131125 464875 1 ) utm=0 stm=0 core=0 HZ=100
03-13 07:07:19.220 11432 11479 F com.mahfilfund: runtime.cc:714]   | stack=0x7a4ead9000-0x7a4eadb000 stackSize=1036KB
03-13 07:07:19.220 11432 11479 F com.mahfilfund: runtime.cc:714]   | held mutexes=
03-13 07:07:19.220 11432 11479 F com.mahfilfund: runtime.cc:714]   native: #00 pc 0009bf5c  /apex/com.android.runtime/lib64/bionic/libc.so (syscall+28) (BuildId: f2ee009c5f1631f9819057446c9d2fa3)
03-13 07:07:19.220 11432 11479 F com.mahfilfund: runtime.cc:714]   native: #01 pc 00201434  /apex/com.android.art/lib64/libart.so (art::ConditionVariable::WaitHoldingLocks+136) (BuildId: 6cac8d43981d3cdaec56bfd359a7c85c)
03-13 07:07:19.220 11432 11479 F com.mahfilfund: runtime.cc:714]   native: #02 pc 0046d5d4  /apex/com.android.art/lib64/libart.so (art::Monitor::Wait+1324) (BuildId: 6cac8d43981d3cdaec56bfd359a7c85c)
03-13 07:07:19.220 11432 11479 F com.mahfilfund: runtime.cc:714]   native: #03 pc 002e5100  /apex/com.android.art/lib64/libart.so (art_quick_generic_jni_trampoline+144) (BuildId: 6cac8d43981d3cdaec56bfd359a7c85c)
03-13 07:07:19.220 11432 11479 F com.mahfilfund: runtime.cc:714]   native: #04 pc 002cdd94  /apex/com.android.art/lib64/libart.so (art_quick_invoke_stub+612) (BuildId: 6cac8d43981d3cdaec56bfd359a7c85c)
03-13 07:07:19.220 11432 11479 F com.mahfilfund: runtime.cc:714]   native: #05 pc 0057f4b4  /apex/com.android.art/lib64/libart.so (bool art::interpreter::DoCall<false>+2688) (BuildId: 6cac8d43981d3cdaec56bfd359a7c85c)
03-13 07:07:19.220 11432 11479 F com.mahfilfund: runtime.cc:714]   native: #06 pc 0048b524  /apex/com.android.art/lib64/libart.so (void art::interpreter::ExecuteSwitchImplCpp<false>+1484) (BuildId: 6cac8d43981d3cdaec56bfd359a7c85c)
03-13 07:07:19.220 11432 11479 F com.mahfilfund: runtime.cc:714]   native: #07 pc 003c49d8  /apex/com.android.art/lib64/libart.so (ExecuteSwitchImplAsm+8) (BuildId: 6cac8d43981d3cdaec56bfd359a7c85c)
03-13 07:07:19.220 11432 11479 F com.mahfilfund: runtime.cc:714]   native: #08 pc 00108b44  /apex/com.android.art/javalib/core-oj.jar (java.lang.Object.wait)
03-13 07:07:19.220 11432 11479 F com.mahfilfund: runtime.cc:714]   native: #09 pc 003c55a4  /apex/com.android.art/lib64/libart.so (art::interpreter::ArtInterpreterToInterpreterBridge+448) (BuildId: 6cac8d43981d3cdaec56bfd359a7c85c)
03-13 07:07:19.220 11432 11479 F com.mahfilfund: runtime.cc:714]   native: #10 pc 0057f8a4  /apex/com.android.art/lib64/libart.so (bool art::interpreter::DoCall<false>+3696) (BuildId: 6cac8d43981d3cdaec56bfd359a7c85c)
03-13 07:07:19.220 11432 11479 F com.mahfilfund: runtime.cc:714]   native: #11 pc 0048b524  /apex/com.android.art/lib64/libart.so (void art::interpreter::ExecuteSwitchImplCpp<false>+1484) (BuildId: 6cac8d43981d3cdaec56bfd359a7c85c)
03-13 07:07:19.220 11432 11479 F com.mahfilfund: runtime.cc:714]   native: #12 pc 003c49d8  /apex/com.android.art/lib64/libart.so (ExecuteSwitchImplAsm+8) (BuildId: 6cac8d43981d3cdaec56bfd359a7c85c)
03-13 07:07:19.220 11432 11479 F com.mahfilfund: runtime.cc:714]   native: #13 pc 00108b28  /apex/com.android.art/javalib/core-oj.jar (java.lang.Object.wait)
03-13 07:07:19.220 11432 11479 F com.mahfilfund: runtime.cc:714]   native: #14 pc 003c55a4  /apex/com.android.art/lib64/libart.so (art::interpreter::ArtInterpreterToInterpreterBridge+448) (BuildId: 6cac8d43981d3cdaec56bfd359a7c85c)
03-13 07:07:19.220 11432 11479 F com.mahfilfund: runtime.cc:714]   native: #15 pc 0057f8a4  /apex/com.android.art/lib64/libart.so (bool art::interpreter::DoCall<false>+3696) (BuildId: 6cac8d43981d3cdaec56bfd359a7c85c)
03-13 07:07:19.220 11432 11479 F com.mahfilfund: runtime.cc:714]   native: #16 pc 0048b524  /apex/com.android.art/lib64/libart.so (void art::interpreter::ExecuteSwitchImplCpp<false>+1484) (BuildId: 6cac8d43981d3cdaec56bfd359a7c85c)
03-13 07:07:19.220 11432 11479 F com.mahfilfund: runtime.cc:714]   native: #17 pc 003c49d8  /apex/com.android.art/lib64/libart.so (ExecuteSwitchImplAsm+8) (BuildId: 6cac8d43981d3cdaec56bfd359a7c85c)
03-13 07:07:19.220 11432 11479 F com.mahfilfund: runtime.cc:714]   native: #18 pc 00030ccc  /apex/com.android.art/javalib/core-libart.jar (java.lang.Daemons$ReferenceQueueDaemon.runInternal)
03-13 07:07:19.220 11432 11479 F com.mahfilfund: runtime.cc:714]   native: #19 pc 003c55a4  /apex/com.android.art/lib64/libart.so (art::interpreter::ArtInterpreterToInterpreterBridge+448) (BuildId: 6cac8d43981d3cdaec56bfd359a7c85c)
03-13 07:07:19.220 11432 11479 F com.mahfilfund: runtime.cc:714]   native: #20 pc 0057f8a4  /apex/com.android.art/lib64/libart.so (bool art::interpreter::DoCall<false>+3696) (BuildId: 6cac8d43981d3cdaec56bfd359a7c85c)
03-13 07:07:19.220 11432 11479 F com.mahfilfund: runtime.cc:714]   native: #21 pc 0048b524  /apex/com.android.art/lib64/libart.so (void art::interpreter::ExecuteSwitchImplCpp<false>+1484) (BuildId: 6cac8d43981d3cdaec56bfd359a7c85c)
03-13 07:07:19.220 11432 11479 F com.mahfilfund: runtime.cc:714]   native: #22 pc 003c49d8  /apex/com.android.art/lib64/libart.so (ExecuteSwitchImplAsm+8) (BuildId: 6cac8d43981d3cdaec56bfd359a7c85c)
03-13 07:07:19.220 11432 11479 F com.mahfilfund: runtime.cc:714]   native: #23 pc 0002fdf8  /apex/com.android.art/javalib/core-libart.jar (java.lang.Daemons$Daemon.run)
03-13 07:07:19.220 11432 11479 F com.mahfilfund: runtime.cc:714]   native: #24 pc 003c55a4  /apex/com.android.art/lib64/libart.so (art::interpreter::ArtInterpreterToInterpreterBridge+448) (BuildId: 6cac8d43981d3cdaec56bfd359a7c85c)
03-13 07:07:19.220 11432 11479 F com.mahfilfund: runtime.cc:714]   native: #25 pc 0057f8a4  /apex/com.android.art/lib64/libart.so (bool art::interpreter::DoCall<false>+3696) (BuildId: 6cac8d43981d3cdaec56bfd359a7c85c)
03-13 07:07:19.220 11432 11479 F com.mahfilfund: runtime.cc:714]   native: #26 pc 0048b6ec  /apex/com.android.art/lib64/libart.so (void art::interpreter::ExecuteSwitchImplCpp<false>+1940) (BuildId: 6cac8d43981d3cdaec56bfd359a7c85c)
03-13 07:07:19.220 11432 11479 F com.mahfilfund: runtime.cc:714]   native: #27 pc 003c49d8  /apex/com.android.art/lib64/libart.so (ExecuteSwitchImplAsm+8) (BuildId: 6cac8d43981d3cdaec56bfd359a7c85c)
03-13 07:07:19.220 11432 11479 F com.mahfilfund: runtime.cc:714]   native: #28 pc 0011c100  /apex/com.android.art/javalib/core-oj.jar (java.lang.Thread.run)
03-13 07:07:19.220 11432 11479 F com.mahfilfund: runtime.cc:714]   native: #29 pc 003c4630  /apex/com.android.art/lib64/libart.so (art::interpreter::Execute +364) (BuildId: 6cac8d43981d3cdaec56bfd359a7c85c)
03-13 07:07:19.220 11432 11479 F com.mahfilfund: runtime.cc:714]   native: #30 pc 003c3d64  /apex/com.android.art/lib64/libart.so (artQuickToInterpreterBridge+1020) (BuildId: 6cac8d43981d3cdaec56bfd359a7c85c)
03-13 07:07:19.220 11432 11479 F com.mahfilfund: runtime.cc:714]   native: #31 pc 002e5238  /apex/com.android.art/lib64/libart.so (art_quick_to_interpreter_bridge+88) (BuildId: 6cac8d43981d3cdaec56bfd359a7c85c)
03-13 07:07:19.220 11432 11479 F com.mahfilfund: runtime.cc:714]   native: #32 pc 002cdd94  /apex/com.android.art/lib64/libart.so (art_quick_invoke_stub+612) (BuildId: 6cac8d43981d3cdaec56bfd359a7c85c)
03-13 07:07:19.220 11432 11479 F com.mahfilfund: runtime.cc:714]   native: #33 pc 0026e624  /apex/com.android.art/lib64/libart.so (art::ArtMethod::Invoke+220) (BuildId: 6cac8d43981d3cdaec56bfd359a7c85c)
03-13 07:07:19.220 11432 11479 F com.mahfilfund: runtime.cc:714]   native: #34 pc 004c3e2c  /apex/com.android.art/lib64/libart.so (art::Thread::CreateCallback+1184) (BuildId: 6cac8d43981d3cdaec56bfd359a7c85c)
03-13 07:07:19.220 11432 11479 F com.mahfilfund: runtime.cc:714]   native: #35 pc 004c397c  /apex/com.android.art/lib64/libart.so (art::Thread::CreateCallbackWithUffdGc+8) (BuildId: 6cac8d43981d3cdaec56bfd359a7c85c)
03-13 07:07:19.220 11432 11479 F com.mahfilfund: runtime.cc:714]   native: #36 pc 00086580  /apex/com.android.runtime/lib64/bionic/libc.so (__pthread_start +232) (BuildId: f2ee009c5f1631f9819057446c9d2fa3)
03-13 07:07:19.220 11432 11479 F com.mahfilfund: runtime.cc:714]   native: #37 pc 00078d64  /apex/com.android.runtime/lib64/bionic/libc.so (__start_thread+64) (BuildId: f2ee009c5f1631f9819057446c9d2fa3)
03-13 07:07:19.220 11432 11479 F com.mahfilfund: runtime.cc:714]   at java.lang.Object.wait(Native method)
03-13 07:07:19.220 11432 11479 F com.mahfilfund: runtime.cc:714]   - waiting on <0x0bb7ffba> (a java.lang.Class<java.lang.ref.ReferenceQueue>)
03-13 07:07:19.220 11432 11479 F com.mahfilfund: runtime.cc:714]   at java.lang.Object.wait(Object.java:405)
03-13 07:07:19.220 11432 11479 F com.mahfilfund: runtime.cc:714]   at java.lang.Object.wait(Object.java:543)
03-13 07:07:19.220 11432 11479 F com.mahfilfund: runtime.cc:714]   at java.lang.Daemons$ReferenceQueueDaemon.runInternal(Daemons.java:262)
03-13 07:07:19.220 11432 11479 F com.mahfilfund: runtime.cc:714]   - locked <0x0bb7ffba> (a java.lang.Class<java.lang.ref.ReferenceQueue>)
03-13 07:07:19.220 11432 11479 F com.mahfilfund: runtime.cc:714]   at java.lang.Daemons$Daemon.run(Daemons.java:135)
03-13 07:07:19.220 11432 11479 F com.mahfilfund: runtime.cc:714]   at java.lang.Thread.run(Thread.java:1563)
03-13 07:07:19.220 11432 11479 F com.mahfilfund: runtime.cc:714] 
03-13 07:07:19.220 11432 11479 F com.mahfilfund: runtime.cc:714] "FinalizerDaemon" prio=5 tid=8 Waiting
03-13 07:07:19.220 11432 11479 F com.mahfilfund: runtime.cc:714]   | group="" sCount=1 ucsCount=0 flags=1 obj=0x0 self=0xb400007be562dfc0
03-13 07:07:19.220 11432 11479 F com.mahfilfund: runtime.cc:714]   | sysTid=11439 nice=4 cgrp=top-app sched=0/0 handle=0x7a4d9f82c0
03-13 07:07:19.220 11432 11479 F com.mahfilfund: runtime.cc:714]   | state=S schedstat=( 96208 512667 1 ) utm=0 stm=0 core=0 HZ=100
03-13 07:07:19.220 11432 11479 F com.mahfilfund: runtime.cc:714]   | stack=0x7a4d8f5000-0x7a4d8f7000 stackSize=1036KB
03-13 07:07:19.220 11432 11479 F com.mahfilfund: runtime.cc:714]   | held mutexes=
03-13 07:07:19.220 11432 11479 F com.mahfilfund: runtime.cc:714]   native: #00 pc 0009bf5c  /apex/com.android.runtime/lib64/bionic/libc.so (syscall+28) (BuildId: f2ee009c5f1631f9819057446c9d2fa3)
03-13 07:07:19.220 11432 11479 F com.mahfilfund: runtime.cc:714]   native: #01 pc 00201434  /apex/com.android.art/lib64/libart.so (art::ConditionVariable::WaitHoldingLocks+136) (BuildId: 6cac8d43981d3cdaec56bfd359a7c85c)
03-13 07:07:19.220 11432 11479 F com.mahfilfund: runtime.cc:714]   native: #02 pc 0046d5d4  /apex/com.android.art/lib64/libart.so (art::Monitor::Wait+1324) (BuildId: 6cac8d43981d3cdaec56bfd359a7c85c)
03-13 07:07:19.220 11432 11479 F com.mahfilfund: runtime.cc:714]   native: #03 pc 002e5100  /apex/com.android.art/lib64/libart.so (art_quick_generic_jni_trampoline+144) (BuildId: 6cac8d43981d3cdaec56bfd359a7c85c)
03-13 07:07:19.220 11432 11479 F com.mahfilfund: runtime.cc:714]   native: #04 pc 002cdd94  /apex/com.android.art/lib64/libart.so (art_quick_invoke_stub+612) (BuildId: 6cac8d43981d3cdaec56bfd359a7c85c)
03-13 07:07:19.220 11432 11479 F com.mahfilfund: runtime.cc:714]   native: #05 pc 0057f4b4  /apex/com.android.art/lib64/libart.so (bool art::interpreter::DoCall<false>+2688) (BuildId: 6cac8d43981d3cdaec56bfd359a7c85c)
03-13 07:07:19.220 11432 11479 F com.mahfilfund: runtime.cc:714]   native: #06 pc 0048b524  /apex/com.android.art/lib64/libart.so (void art::interpreter::ExecuteSwitchImplCpp<false>+1484) (BuildId: 6cac8d43981d3cdaec56bfd359a7c85c)
03-13 07:07:19.220 11432 11479 F com.mahfilfund: runtime.cc:714]   native: #07 pc 003c49d8  /apex/com.android.art/lib64/libart.so (ExecuteSwitchImplAsm+8) (BuildId: 6cac8d43981d3cdaec56bfd359a7c85c)
03-13 07:07:19.220 11432 11479 F com.mahfilfund: runtime.cc:714]   native: #08 pc 00108b44  /apex/com.android.art/javalib/core-oj.jar (java.lang.Object.wait)
03-13 07:07:19.220 11432 11479 F com.mahfilfund: runtime.cc:714]   native: #09 pc 003c55a4  /apex/com.android.art/lib64/libart.so (art::interpreter::ArtInterpreterToInterpreterBridge+448) (BuildId: 6cac8d43981d3cdaec56bfd359a7c85c)
03-13 07:07:19.220 11432 11479 F com.mahfilfund: runtime.cc:714]   native: #10 pc 0057f8a4  /apex/com.android.art/lib64/libart.so (bool art::interpreter::DoCall<false>+3696) (BuildId: 6cac8d43981d3cdaec56bfd359a7c85c)
03-13 07:07:19.220 11432 11479 F com.mahfilfund: runtime.cc:714]   native: #11 pc 0048b524  /apex/com.android.art/lib64/libart.so (void art::interpreter::ExecuteSwitchImplCpp<false>+1484) (BuildId: 6cac8d43981d3cdaec56bfd359a7c85c)
03-13 07:07:19.220 11432 11479 F com.mahfilfund: runtime.cc:714]   native: #12 pc 003c49d8  /apex/com.android.art/lib64/libart.so (ExecuteSwitchImplAsm+8) (BuildId: 6cac8d43981d3cdaec56bfd359a7c85c)
03-13 07:07:19.220 11432 11479 F com.mahfilfund: runtime.cc:714]   native: #13 pc 00132a14  /apex/com.android.art/javalib/core-oj.jar (java.lang.ref.ReferenceQueue.remove)
03-13 07:07:19.220 11432 11479 F com.mahfilfund: runtime.cc:714]   native: #14 pc 003c55a4  /apex/com.android.art/lib64/libart.so (art::interpreter::ArtInterpreterToInterpreterBridge+448) (BuildId: 6cac8d43981d3cdaec56bfd359a7c85c)
03-13 07:07:19.220 11432 11479 F com.mahfilfund: runtime.cc:714]   native: #15 pc 0057f8a4  /apex/com.android.art/lib64/libart.so (bool art::interpreter::DoCall<false>+3696) (BuildId: 6cac8d43981d3cdaec56bfd359a7c85c)
03-13 07:07:19.220 11432 11479 F com.mahfilfund: runtime.cc:714]   native: #16 pc 0048b524  /apex/com.android.art/lib64/libart.so (void art::interpreter::ExecuteSwitchImplCpp<false>+1484) (BuildId: 6cac8d43981d3cdaec56bfd359a7c85c)
03-13 07:07:19.220 11432 11479 F com.mahfilfund: runtime.cc:714]   native: #17 pc 003c49d8  /apex/com.android.art/lib64/libart.so (ExecuteSwitchImplAsm+8) (BuildId: 6cac8d43981d3cdaec56bfd359a7c85c)
03-13 07:07:19.220 11432 11479 F com.mahfilfund: runtime.cc:714]   native: #18 pc 001329f4  /apex/com.android.art/javalib/core-oj.jar (java.lang.ref.ReferenceQueue.remove)
03-13 07:07:19.220 11432 11479 F com.mahfilfund: runtime.cc:714]   native: #19 pc 003c55a4  /apex/com.android.art/lib64/libart.so (art::interpreter::ArtInterpreterToInterpreterBridge+448) (BuildId: 6cac8d43981d3cdaec56bfd359a7c85c)
03-13 07:07:19.220 11432 11479 F com.mahfilfund: runtime.cc:714]   native: #20 pc 0057f8a4  /apex/com.android.art/lib64/libart.so (bool art::interpreter::DoCall<false>+3696) (BuildId: 6cac8d43981d3cdaec56bfd359a7c85c)
03-13 07:07:19.220 11432 11479 F com.mahfilfund: runtime.cc:714]   native: #21 pc 0048b524  /apex/com.android.art/lib64/libart.so (void art::interpreter::ExecuteSwitchImplCpp<false>+1484) (BuildId: 6cac8d43981d3cdaec56bfd359a7c85c)
03-13 07:07:19.220 11432 11479 F com.mahfilfund: runtime.cc:714]   native: #22 pc 003c49d8  /apex/com.android.art/lib64/libart.so (ExecuteSwitchImplAsm+8) (BuildId: 6cac8d43981d3cdaec56bfd359a7c85c)
03-13 07:07:19.220 11432 11479 F com.mahfilfund: runtime.cc:714]   native: #23 pc 000301cc  /apex/com.android.art/javalib/core-libart.jar (java.lang.Daemons$FinalizerDaemon.runInternal)
03-13 07:07:19.220 11432 11479 F com.mahfilfund: runtime.cc:714]   native: #24 pc 003c55a4  /apex/com.android.art/lib64/libart.so (art::interpreter::ArtInterpreterToInterpreterBridge+448) (BuildId: 6cac8d43981d3cdaec56bfd359a7c85c)
